******************************************************************************
                  TI ARM Linker PC v20.2.6                     
******************************************************************************
>> Linked Thu Aug 25 18:44:07 2022

OUTPUT FILE NAME:   <PeriodicTimerA0Ints.out>
ENTRY POINT SYMBOL: "_c_int00_noargs"  address: 0000095d


MEMORY CONFIGURATION

         name            origin    length      used     unused   attr    fill
----------------------  --------  ---------  --------  --------  ----  --------
  MAIN                  00000000   00040000  00000a2c  0003f5d4  R  X
  INFO                  00200000   00004000  00000000  00004000  R  X
  SRAM_CODE             01000000   00010000  00000228  0000fdd8  RW X
  SRAM_DATA             20000000   00010000  00000228  0000fdd8  RW  


SEGMENT ALLOCATION MAP

run origin  load origin   length   init length attrs members
----------  ----------- ---------- ----------- ----- -------
00000000    00000000    00000a30   00000a30    r-x
  00000000    00000000    000000e4   000000e4    r-- .intvecs
  000000e4    000000e4    00000910   00000910    r-x .text
  000009f8    000009f8    00000038   00000038    r-- .cinit
20000000    20000000    00000028   00000000    rw-
  20000000    20000000    0000001c   00000000    rw- .data
  2000001c    2000001c    0000000c   00000000    rw- .bss
2000fe00    2000fe00    00000200   00000000    rw-
  2000fe00    2000fe00    00000200   00000000    rw- .stack


SECTION ALLOCATION MAP

 output                                  attributes/
section   page    origin      length       input sections
--------  ----  ----------  ----------   ----------------
.intvecs   0    00000000    000000e4     
                  00000000    000000e4     startup_msp432p401r_ccs.obj (.intvecs:retain)

.text      0    000000e4    00000910     
                  000000e4    00000334     system_msp432p401r.obj (.text)
                  00000418    000001e0     Clock.obj (.text)
                  000005f8    000000f8     LaunchPad.obj (.text)
                  000006f0    000000ac     TimerA0.obj (.text)
                  0000079c    0000009c     rtsv7M4_T_le_v4SPD16_eabi.lib : memcpy_t2.asm.obj (.text)
                  00000838    00000078     PeriodicTimerIntsMain.obj (.text)
                  000008b0    00000068     rtsv7M4_T_le_v4SPD16_eabi.lib : copy_decompress_lzss.c.obj (.text:decompress:lzss:__TI_decompress_lzss)
                  00000918    00000044                                   : autoinit.c.obj (.text:__TI_auto_init_nobinit_nopinit:__TI_auto_init_nobinit_nopinit)
                  0000095c    00000034                                   : boot_cortex_m.c.obj (.text:_c_int00_noargs:_c_int00_noargs)
                  00000990    00000024     CortexM.obj (.text)
                  000009b4    0000001c     rtsv7M4_T_le_v4SPD16_eabi.lib : copy_zero_init.c.obj (.text:decompress:ZI:__TI_zero_init_nomemset:__TI_zero_init_nomemset)
                  000009d0    0000000e                                   : copy_decompress_none.c.obj (.text:decompress:none:__TI_decompress_none)
                  000009de    0000000e     startup_msp432p401r_ccs.obj (.text)
                  000009ec    00000004     rtsv7M4_T_le_v4SPD16_eabi.lib : pre_init.c.obj (.text:_system_pre_init)
                  000009f0    00000004                                   : exit.c.obj (.text:abort:abort)

.cinit     0    000009f8    00000038     
                  000009f8    0000000d     (.cinit..data.load) [load image, compression = lzss]
                  00000a05    00000003     --HOLE-- [fill = 0]
                  00000a08    0000000c     (__TI_handler_table)
                  00000a14    00000004     --HOLE-- [fill = 0]
                  00000a18    00000008     (.cinit..bss.load) [load image, compression = zero_init]
                  00000a20    00000010     (__TI_cinit_table)

.init_array 
*          0    00000000    00000000     UNINITIALIZED

.binit     0    00000000    00000000     

.data      0    20000000    0000001c     UNINITIALIZED
                  20000000    00000018     Clock.obj (.data)
                  20000018    00000004     system_msp432p401r.obj (.data)

.bss       0    2000001c    0000000c     UNINITIALIZED
                  2000001c    00000004     (.common:MainCount)
                  20000020    00000004     (.common:Time)
                  20000024    00000004     (.common:TimerA0Task)

.stack     0    2000fe00    00000200     UNINITIALIZED
                  2000fe00    00000004     rtsv7M4_T_le_v4SPD16_eabi.lib : boot_cortex_m.c.obj (.stack)
                  2000fe04    000001fc     --HOLE--

__llvm_prf_cnts 
*          0    20000000    00000000     UNINITIALIZED

MODULE SUMMARY

       Module                        code   ro data   rw data
       ------                        ----   -------   -------
    .\
       system_msp432p401r.obj        820    0         8      
       Clock.obj                     480    0         48     
       LaunchPad.obj                 248    0         0      
       startup_msp432p401r_ccs.obj   14     228       0      
       TimerA0.obj                   172    0         8      
       PeriodicTimerIntsMain.obj     120    0         16     
       CortexM.obj                   36     0         0      
    +--+-----------------------------+------+---------+---------+
       Total:                        1890   228       80     
                                                             
    C:\ti\ccs1200\ccs\tools\compiler\ti-cgt-arm_20.2.6.LTS\lib\rtsv7M4_T_le_v4SPD16_eabi.lib
       memcpy_t2.asm.obj             156    0         0      
       copy_decompress_lzss.c.obj    104    0         0      
       autoinit.c.obj                68     0         0      
       boot_cortex_m.c.obj           52     0         0      
       copy_zero_init.c.obj          28     0         0      
       copy_decompress_none.c.obj    14     0         0      
       exit.c.obj                    4      0         0      
       pre_init.c.obj                4      0         0      
    +--+-----------------------------+------+---------+---------+
       Total:                        430    0         0      
                                                             
       Stack:                        0      0         1024   
       Linker Generated:             0      49        0      
    +--+-----------------------------+------+---------+---------+
       Grand Total:                  2320   277       1104   


LINKER GENERATED COPY TABLES

__TI_cinit_table @ 00000a20 records: 2, size/record: 8, table size: 16
	.data: load addr=000009f8, load size=0000000d bytes, run addr=20000000, run size=0000001c bytes, compression=lzss
	.bss: load addr=00000a18, load size=00000008 bytes, run addr=2000001c, run size=0000000c bytes, compression=zero_init


LINKER GENERATED HANDLER TABLE

__TI_handler_table @ 00000a08 records: 3, size/record: 4, table size: 12
	index: 0, handler: __TI_decompress_lzss
	index: 1, handler: __TI_decompress_none
	index: 2, handler: __TI_zero_init


GLOBAL SYMBOLS: SORTED ALPHABETICALLY BY Name 

address   name                          
-------   ----                          
000009eb  ADC14_IRQHandler              
000009eb  AES256_IRQHandler             
000009eb  BusFault_Handler              
000009f1  C$$EXIT                       
000009eb  COMP_E0_IRQHandler            
000009eb  COMP_E1_IRQHandler            
20000008  CPMwait                       
000009eb  CS_IRQHandler                 
20000000  ClockFrequency                
0000056d  Clock_Delay1ms                
00000543  Clock_Delay1us                
0000052f  Clock_GetFreq                 
00000419  Clock_Init48MHz               
20000014  Crystalstable                 
000009eb  DMA_ERR_IRQHandler            
000009eb  DMA_INT0_IRQHandler           
000009eb  DMA_INT1_IRQHandler           
000009eb  DMA_INT2_IRQHandler           
000009eb  DMA_INT3_IRQHandler           
000009eb  DebugMon_Handler              
000009eb  Default_Handler               
00000991  DisableInterrupts             
000009eb  EUSCIA0_IRQHandler            
000009eb  EUSCIA1_IRQHandler            
000009eb  EUSCIA2_IRQHandler            
000009eb  EUSCIA3_IRQHandler            
000009eb  EUSCIB0_IRQHandler            
000009eb  EUSCIB1_IRQHandler            
000009eb  EUSCIB2_IRQHandler            
000009eb  EUSCIB3_IRQHandler            
00000997  EnableInterrupts              
000009a7  EndCritical                   
000009eb  FLCTL_IRQHandler              
000009eb  FPU_IRQHandler                
000009eb  HardFault_Handler             
20000010  IFlags                        
000005f9  LaunchPad_Init                
00000669  LaunchPad_Input               
00000687  LaunchPad_LED                 
000006a5  LaunchPad_Output              
2000001c  MainCount                     
000009eb  MemManage_Handler             
000009eb  NMI_Handler                   
000009eb  PCM_IRQHandler                
000009eb  PORT1_IRQHandler              
000009eb  PORT2_IRQHandler              
000009eb  PORT3_IRQHandler              
000009eb  PORT4_IRQHandler              
000009eb  PORT5_IRQHandler              
000009eb  PORT6_IRQHandler              
000009eb  PSS_IRQHandler                
000009eb  PendSV_Handler                
00000839  PeriodicTask                  
2000000c  Postwait                      
20000004  Prewait                       
000009eb  RTC_C_IRQHandler              
000009df  Reset_Handler                 
000009eb  SVC_Handler                   
0000099d  StartCritical                 
000009eb  SysTick_Handler               
20000018  SystemCoreClock               
000000e5  SystemCoreClockUpdate         
0000035d  SystemInit                    
000009eb  T32_INT1_IRQHandler           
000009eb  T32_INT2_IRQHandler           
000009eb  T32_INTC_IRQHandler           
0000076b  TA0_0_IRQHandler              
0000076b  TA0_0_IRQHandler              
000009eb  TA0_N_IRQHandler              
000009eb  TA1_0_IRQHandler              
000009eb  TA1_N_IRQHandler              
000009eb  TA2_0_IRQHandler              
000009eb  TA2_N_IRQHandler              
000009eb  TA3_0_IRQHandler              
000009eb  TA3_N_IRQHandler              
20000020  Time                          
20000024  TimerA0Task                   
000006f1  TimerA0_Init                  
00000755  TimerA0_Stop                  
000009eb  UsageFault_Handler            
4000480c  WDTCTL_SYM                    
000009eb  WDT_A_IRQHandler              
000009af  WaitForInterrupt              
20010000  __STACK_END                   
00000200  __STACK_SIZE                  
00000a20  __TI_CINIT_Base               
00000a30  __TI_CINIT_Limit              
00000a08  __TI_Handler_Table_Base       
00000a14  __TI_Handler_Table_Limit      
00000919  __TI_auto_init_nobinit_nopinit
000008b1  __TI_decompress_lzss          
000009d1  __TI_decompress_none          
ffffffff  __TI_pprof_out_hndl           
ffffffff  __TI_prof_data_size           
ffffffff  __TI_prof_data_start          
00000000  __TI_static_base__            
000009b5  __TI_zero_init_nomemset       
0000079d  __aeabi_memcpy                
0000079d  __aeabi_memcpy4               
0000079d  __aeabi_memcpy8               
ffffffff  __binit__                     
ffffffff  __c_args__                    
UNDEFED   __mpu_init                    
2000fe00  __stack                       
20000000  __start___llvm_prf_cnts       
20000000  __stop___llvm_prf_cnts        
0000095d  _c_int00_noargs               
UNDEFED   _system_post_cinit            
000009ed  _system_pre_init              
000009f1  abort                         
ffffffff  binit                         
00000535  delay                         
00000000  interruptVectors              
00000863  main                          
0000079d  memcpy                        


GLOBAL SYMBOLS: SORTED BY Symbol Address 

address   name                          
-------   ----                          
00000000  __TI_static_base__            
00000000  interruptVectors              
000000e5  SystemCoreClockUpdate         
00000200  __STACK_SIZE                  
0000035d  SystemInit                    
00000419  Clock_Init48MHz               
0000052f  Clock_GetFreq                 
00000535  delay                         
00000543  Clock_Delay1us                
0000056d  Clock_Delay1ms                
000005f9  LaunchPad_Init                
00000669  LaunchPad_Input               
00000687  LaunchPad_LED                 
000006a5  LaunchPad_Output              
000006f1  TimerA0_Init                  
00000755  TimerA0_Stop                  
0000076b  TA0_0_IRQHandler              
0000076b  TA0_0_IRQHandler              
0000079d  __aeabi_memcpy                
0000079d  __aeabi_memcpy4               
0000079d  __aeabi_memcpy8               
0000079d  memcpy                        
00000839  PeriodicTask                  
00000863  main                          
000008b1  __TI_decompress_lzss          
00000919  __TI_auto_init_nobinit_nopinit
0000095d  _c_int00_noargs               
00000991  DisableInterrupts             
00000997  EnableInterrupts              
0000099d  StartCritical                 
000009a7  EndCritical                   
000009af  WaitForInterrupt              
000009b5  __TI_zero_init_nomemset       
000009d1  __TI_decompress_none          
000009df  Reset_Handler                 
000009eb  ADC14_IRQHandler              
000009eb  AES256_IRQHandler             
000009eb  BusFault_Handler              
000009eb  COMP_E0_IRQHandler            
000009eb  COMP_E1_IRQHandler            
000009eb  CS_IRQHandler                 
000009eb  DMA_ERR_IRQHandler            
000009eb  DMA_INT0_IRQHandler           
000009eb  DMA_INT1_IRQHandler           
000009eb  DMA_INT2_IRQHandler           
000009eb  DMA_INT3_IRQHandler           
000009eb  DebugMon_Handler              
000009eb  Default_Handler               
000009eb  EUSCIA0_IRQHandler            
000009eb  EUSCIA1_IRQHandler            
000009eb  EUSCIA2_IRQHandler            
000009eb  EUSCIA3_IRQHandler            
000009eb  EUSCIB0_IRQHandler            
000009eb  EUSCIB1_IRQHandler            
000009eb  EUSCIB2_IRQHandler            
000009eb  EUSCIB3_IRQHandler            
000009eb  FLCTL_IRQHandler              
000009eb  FPU_IRQHandler                
000009eb  HardFault_Handler             
000009eb  MemManage_Handler             
000009eb  NMI_Handler                   
000009eb  PCM_IRQHandler                
000009eb  PORT1_IRQHandler              
000009eb  PORT2_IRQHandler              
000009eb  PORT3_IRQHandler              
000009eb  PORT4_IRQHandler              
000009eb  PORT5_IRQHandler              
000009eb  PORT6_IRQHandler              
000009eb  PSS_IRQHandler                
000009eb  PendSV_Handler                
000009eb  RTC_C_IRQHandler              
000009eb  SVC_Handler                   
000009eb  SysTick_Handler               
000009eb  T32_INT1_IRQHandler           
000009eb  T32_INT2_IRQHandler           
000009eb  T32_INTC_IRQHandler           
000009eb  TA0_N_IRQHandler              
000009eb  TA1_0_IRQHandler              
000009eb  TA1_N_IRQHandler              
000009eb  TA2_0_IRQHandler              
000009eb  TA2_N_IRQHandler              
000009eb  TA3_0_IRQHandler              
000009eb  TA3_N_IRQHandler              
000009eb  UsageFault_Handler            
000009eb  WDT_A_IRQHandler              
000009ed  _system_pre_init              
000009f1  C$$EXIT                       
000009f1  abort                         
00000a08  __TI_Handler_Table_Base       
00000a14  __TI_Handler_Table_Limit      
00000a20  __TI_CINIT_Base               
00000a30  __TI_CINIT_Limit              
20000000  ClockFrequency                
20000000  __start___llvm_prf_cnts       
20000000  __stop___llvm_prf_cnts        
20000004  Prewait                       
20000008  CPMwait                       
2000000c  Postwait                      
20000010  IFlags                        
20000014  Crystalstable                 
20000018  SystemCoreClock               
2000001c  MainCount                     
20000020  Time                          
20000024  TimerA0Task                   
2000fe00  __stack                       
20010000  __STACK_END                   
4000480c  WDTCTL_SYM                    
ffffffff  __TI_pprof_out_hndl           
ffffffff  __TI_prof_data_size           
ffffffff  __TI_prof_data_start          
ffffffff  __binit__                     
ffffffff  __c_args__                    
ffffffff  binit                         
UNDEFED   __mpu_init                    
UNDEFED   _system_post_cinit            

[115 symbols]
