******************************************************************************
                  TI ARM Linker PC v20.2.6                     
******************************************************************************
>> Linked Thu Aug 25 18:44:26 2022

OUTPUT FILE NAME:   <TMP117.out>
ENTRY POINT SYMBOL: "_c_int00_noargs"  address: 000021e1


MEMORY CONFIGURATION

         name            origin    length      used     unused   attr    fill
----------------------  --------  ---------  --------  --------  ----  --------
  MAIN                  00000000   00040000  0000246a  0003db96  R  X
  INFO                  00200000   00004000  00000000  00004000  R  X
  SRAM_CODE             01000000   00010000  000009ee  0000f612  RW X
  SRAM_DATA             20000000   00010000  000009ee  0000f612  RW  


SEGMENT ALLOCATION MAP

run origin  load origin   length   init length attrs members
----------  ----------- ---------- ----------- ----- -------
00000000    00000000    00002470   00002470    r-x
  00000000    00000000    000000e4   000000e4    r-- .intvecs
  000000e4    000000e4    000022ee   000022ee    r-x .text
  000023d8    000023d8    00000098   00000098    r-- .cinit
20000000    20000000    000007ee   00000000    rw-
  20000000    20000000    00000400   00000000    rw- .sysmem
  20000400    20000400    0000020c   00000000    rw- .data
  2000060c    2000060c    000001e2   00000000    rw- .bss
2000fe00    2000fe00    00000200   00000000    rw-
  2000fe00    2000fe00    00000200   00000000    rw- .stack


SECTION ALLOCATION MAP

 output                                  attributes/
section   page    origin      length       input sections
--------  ----  ----------  ----------   ----------------
.intvecs   0    00000000    000000e4     
                  00000000    000000e4     startup_msp432p401r_ccs.obj (.intvecs:retain)

.text      0    000000e4    000022ee     
                  000000e4    000006e0     UART0.obj (.text)
                  000007c4    000003a4     I2CB1.obj (.text)
                  00000b68    00000334     system_msp432p401r.obj (.text)
                  00000e9c    000002e8     TMP117.obj (.text)
                  00001184    000001e0     Clock.obj (.text)
                  00001364    0000017c     TMP117_TestMain.obj (.text)
                  000014e0    00000110     rtsv7M4_T_le_v4SPD16_eabi.lib : fopen.c.obj (.text:_openfile)
                  000015f0    00000100                                   : memory.c.obj (.text:aligned_alloc)
                  000016f0    000000e4                                   : memory.c.obj (.text:free)
                  000017d4    000000dc                                   : setvbuf.c.obj (.text:setvbuf)
                  000018b0    000000bc                                   : open.c.obj (.text:open)
                  0000196c    000000b8                                   : add_device.c.obj (.text:add_device)
                  00001a24    0000009c                                   : fopen.c.obj (.text:fopen)
                  00001ac0    0000009c                                   : memcpy_t2.asm.obj (.text)
                  00001b5c    0000007a                                   : memset_t2.asm.obj (.text)
                  00001bd6    00000002                                   : _lock.c.obj (.text:_nop)
                  00001bd8    00000074                                   : fclose.c.obj (.text:__TI_closefile)
                  00001c4c    00000070                                   : memory.c.obj (.text:split)
                  00001cbc    0000006c                                   : hostrename.c.obj (.text:HOSTrename)
                  00001d28    00000068                                   : hostlseek.c.obj (.text:HOSTlseek)
                  00001d90    00000068                                   : copy_decompress_lzss.c.obj (.text:decompress:lzss:__TI_decompress_lzss)
                  00001df8    00000060                                   : hostopen.c.obj (.text:HOSTopen)
                  00001e58    0000005c                                   : close.c.obj (.text:close)
                  00001eb4    00000058                                   : hostread.c.obj (.text:HOSTread)
                  00001f0c    00000058                                   : hostwrite.c.obj (.text:HOSTwrite)
                  00001f64    0000004c                                   : fflush.c.obj (.text:__TI_doflush)
                  00001fb0    00000048                                   : exit.c.obj (.text:exit)
                  00001ff8    00000044                                   : hostclose.c.obj (.text:HOSTclose)
                  0000203c    00000044                                   : hostunlink.c.obj (.text:HOSTunlink)
                  00002080    00000044                                   : autoinit.c.obj (.text:__TI_auto_init_nobinit_nopinit:__TI_auto_init_nobinit_nopinit)
                  000020c4    00000044                                   : getdevice.c.obj (.text:getdevice)
                  00002108    00000038                                   : trgmsg.c.obj (.text:__TI_writemsg)
                  00002140    00000036                                   : strncpy.c.obj (.text:strncpy)
                  00002176    00000002     --HOLE-- [fill = 0]
                  00002178    00000034                                   : fopen.c.obj (.text:__TI_cleanup)
                  000021ac    00000034                                   : trgmsg.c.obj (.text:__TI_readmsg)
                  000021e0    00000034                                   : boot_cortex_m.c.obj (.text:_c_int00_noargs:_c_int00_noargs)
                  00002214    00000034                                   : fopen.c.obj (.text:freopen)
                  00002248    00000030                                   : getdevice.c.obj (.text:finddevice)
                  00002278    0000002c                                   : unlink.c.obj (.text:unlink)
                  000022a4    00000028                                   : memory.c.obj (.text:free_list_insert)
                  000022cc    00000028                                   : write.c.obj (.text:write)
                  000022f4    00000024     CortexM.obj (.text)
                  00002318    0000001c     rtsv7M4_T_le_v4SPD16_eabi.lib : copy_zero_init.c.obj (.text:decompress:ZI:__TI_zero_init_nomemset:__TI_zero_init_nomemset)
                  00002334    0000001c                                   : memory.c.obj (.text:free_list_remove)
                  00002350    00000018                                   : strcmp.c.obj (.text:strcmp)
                  00002368    00000016                                   : strchr.c.obj (.text:strchr)
                  0000237e    00000014                                   : strcpy.c.obj (.text:strcpy)
                  00002392    00000014                                   : strlen.c.obj (.text:strlen)
                  000023a6    0000000e                                   : copy_decompress_none.c.obj (.text:decompress:none:__TI_decompress_none)
                  000023b4    0000000e     startup_msp432p401r_ccs.obj (.text)
                  000023c2    00000008     rtsv7M4_T_le_v4SPD16_eabi.lib : memory.c.obj (.text:malloc)
                  000023ca    00000004                                   : pre_init.c.obj (.text:_system_pre_init)
                  000023ce    00000004                                   : exit.c.obj (.text:abort:abort)

.cinit     0    000023d8    00000098     
                  000023d8    00000070     (.cinit..data.load) [load image, compression = lzss]
                  00002448    0000000c     (__TI_handler_table)
                  00002454    00000004     --HOLE-- [fill = 0]
                  00002458    00000008     (.cinit..bss.load) [load image, compression = zero_init]
                  00002460    00000010     (__TI_cinit_table)

.init_array 
*          0    00000000    00000000     UNINITIALIZED

.binit     0    00000000    00000000     

.sysmem    0    20000000    00000400     UNINITIALIZED
                  20000000    00000010     rtsv7M4_T_le_v4SPD16_eabi.lib : memory.c.obj (.sysmem)
                  20000010    000003f0     --HOLE--

.data      0    20000400    0000020c     UNINITIALIZED
                  20000400    000000f0     rtsv7M4_T_le_v4SPD16_eabi.lib : defs.c.obj (.data:_ftable)
                  200004f0    00000078                                   : host_device.c.obj (.data:_device)
                  20000568    00000050                                   : host_device.c.obj (.data:_stream)
                  200005b8    00000018     Clock.obj (.data)
                  200005d0    00000010     rtsv7M4_T_le_v4SPD16_eabi.lib : defs.c.obj (.data)
                  200005e0    0000000c                                   : exit.c.obj (.data:$O1$$)
                  200005ec    00000008                                   : _lock.c.obj (.data:$O1$$)
                  200005f4    00000008                                   : memory.c.obj (.data:$O1$$)
                  200005fc    00000004                                   : add_device.c.obj (.data)
                  20000600    00000004                                   : fopen.c.obj (.data)
                  20000604    00000004                                   : open.c.obj (.data)
                  20000608    00000004     system_msp432p401r.obj (.data)

.bss       0    2000060c    000001e2     UNINITIALIZED
                  2000060c    00000120     rtsv7M4_T_le_v4SPD16_eabi.lib : trgmsg.c.obj (.bss:_CIOBUF_)
                  2000072c    000000a0     (.common:__TI_tmpnams)
                  200007cc    00000008     (.common:Messageb)
                  200007d4    00000008     (.common:parmbuf)
                  200007dc    00000004     (.common:Messageindexb)
                  200007e0    00000004     (.common:Ptemperature)
                  200007e4    00000004     (.common:Semaphore)
                  200007e8    00000004     (.common:Temperature)
                  200007ec    00000002     (.common:RawTemperature)

.stack     0    2000fe00    00000200     UNINITIALIZED
                  2000fe00    00000004     rtsv7M4_T_le_v4SPD16_eabi.lib : boot_cortex_m.c.obj (.stack)
                  2000fe04    000001fc     --HOLE--

__llvm_prf_cnts 
*          0    20000000    00000000     UNINITIALIZED

MODULE SUMMARY

       Module                        code   ro data   rw data
       ------                        ----   -------   -------
    .\
       UART0.obj                     1760   0         24     
       I2CB1.obj                     932    0         0      
       system_msp432p401r.obj        820    0         8      
       TMP117.obj                    744    0         8      
       Clock.obj                     480    0         48     
       TMP117_TestMain.obj           380    0         20     
       startup_msp432p401r_ccs.obj   14     228       0      
       CortexM.obj                   36     0         0      
    +--+-----------------------------+------+---------+---------+
       Total:                        5166   228       108    
                                                             
    C:\ti\ccs1200\ccs\tools\compiler\ti-cgt-arm_20.2.6.LTS\lib\rtsv7M4_T_le_v4SPD16_eabi.lib
       defs.c.obj                    0      0         832    
       memory.c.obj                  672    0         16     
       trgmsg.c.obj                  108    0         576    
       fopen.c.obj                   532    0         8      
       host_device.c.obj             0      0         400    
       setvbuf.c.obj                 220    0         0      
       open.c.obj                    188    0         8      
       add_device.c.obj              184    0         8      
       memcpy_t2.asm.obj             156    0         0      
       memset_t2.asm.obj             122    0         0      
       fclose.c.obj                  116    0         0      
       getdevice.c.obj               116    0         0      
       hostopen.c.obj                96     0         16     
       hostrename.c.obj              108    0         0      
       copy_decompress_lzss.c.obj    104    0         0      
       hostlseek.c.obj               104    0         0      
       exit.c.obj                    76     0         24     
       close.c.obj                   92     0         0      
       hostread.c.obj                88     0         0      
       hostwrite.c.obj               88     0         0      
       fflush.c.obj                  76     0         0      
       autoinit.c.obj                68     0         0      
       hostclose.c.obj               68     0         0      
       hostunlink.c.obj              68     0         0      
       strncpy.c.obj                 54     0         0      
       boot_cortex_m.c.obj           52     0         0      
       unlink.c.obj                  44     0         0      
       write.c.obj                   40     0         0      
       copy_zero_init.c.obj          28     0         0      
       strcmp.c.obj                  24     0         0      
       strchr.c.obj                  22     0         0      
       strcpy.c.obj                  20     0         0      
       strlen.c.obj                  20     0         0      
       _lock.c.obj                   2      0         16     
       copy_decompress_none.c.obj    14     0         0      
       pre_init.c.obj                4      0         0      
    +--+-----------------------------+------+---------+---------+
       Total:                        3774   0         1904   
                                                             
       Heap:                         0      0         2048   
       Stack:                        0      0         1024   
       Linker Generated:             0      148       0      
    +--+-----------------------------+------+---------+---------+
       Grand Total:                  8940   376       5084   


LINKER GENERATED COPY TABLES

__TI_cinit_table @ 00002460 records: 2, size/record: 8, table size: 16
	.data: load addr=000023d8, load size=00000070 bytes, run addr=20000400, run size=0000020c bytes, compression=lzss
	.bss: load addr=00002458, load size=00000008 bytes, run addr=2000060c, run size=000001e2 bytes, compression=zero_init


LINKER GENERATED HANDLER TABLE

__TI_handler_table @ 00002448 records: 3, size/record: 4, table size: 12
	index: 0, handler: __TI_decompress_lzss
	index: 1, handler: __TI_decompress_none
	index: 2, handler: __TI_zero_init


GLOBAL SYMBOLS: SORTED ALPHABETICALLY BY Name 

address   name                           
-------   ----                           
000023c1  ADC14_IRQHandler               
000023c1  AES256_IRQHandler              
000013f7  Background                     
000023c1  BusFault_Handler               
000023cf  C$$EXIT                        
00002137  C$$IO$$                        
000023c1  COMP_E0_IRQHandler             
000023c1  COMP_E1_IRQHandler             
200005c0  CPMwait                        
000023c1  CS_IRQHandler                  
200005b8  ClockFrequency                 
000012d9  Clock_Delay1ms                 
000012af  Clock_Delay1us                 
0000129b  Clock_GetFreq                  
00001185  Clock_Init48MHz                
200005cc  Crystalstable                  
000023c1  DMA_ERR_IRQHandler             
000023c1  DMA_INT0_IRQHandler            
000023c1  DMA_INT1_IRQHandler            
000023c1  DMA_INT2_IRQHandler            
000023c1  DMA_INT3_IRQHandler            
000023c1  DebugMon_Handler               
000023c1  Default_Handler                
000022f5  DisableInterrupts              
000023c1  EUSCIA0_IRQHandler             
000023c1  EUSCIA1_IRQHandler             
000023c1  EUSCIA2_IRQHandler             
000023c1  EUSCIA3_IRQHandler             
000023c1  EUSCIB0_IRQHandler             
000023c1  EUSCIB1_IRQHandler             
000023c1  EUSCIB2_IRQHandler             
000023c1  EUSCIB3_IRQHandler             
000022fb  EnableInterrupts               
0000230b  EndCritical                    
000023c1  FLCTL_IRQHandler               
000023c1  FPU_IRQHandler                 
00001ff9  HOSTclose                      
00001d29  HOSTlseek                      
00001df9  HOSTopen                       
00001eb5  HOSTread                       
00001cbd  HOSTrename                     
0000203d  HOSTunlink                     
00001f0d  HOSTwrite                      
000023c1  HardFault_Handler              
000007c5  I2CB1_Init                     
0000088b  I2CB1_Recv                     
00000adf  I2CB1_Recv1                    
00000813  I2CB1_Send                     
00000907  I2CB1_Send1                    
00000963  I2CB1_Send2                    
000009d3  I2CB1_Send3                    
00000a51  I2CB1_Send4                    
200005c8  IFlags                         
000023c1  MemManage_Handler              
200007cc  Messageb                       
200007dc  Messageindexb                  
000023c1  NMI_Handler                    
000023c1  PCM_IRQHandler                 
000023c1  PORT1_IRQHandler               
000023c1  PORT2_IRQHandler               
000023c1  PORT3_IRQHandler               
0000113f  PORT4_IRQHandler               
0000113f  PORT4_IRQHandler               
000023c1  PORT5_IRQHandler               
000023c1  PORT6_IRQHandler               
000023c1  PSS_IRQHandler                 
000023c1  PendSV_Handler                 
200005c4  Postwait                       
200005bc  Prewait                        
200007e0  Ptemperature                   
000023c1  RTC_C_IRQHandler               
200007ec  RawTemperature                 
000023b5  Reset_Handler                  
000023c1  SVC_Handler                    
200007e4  Semaphore                      
00002301  StartCritical                  
000023c1  SysTick_Handler                
20000608  SystemCoreClock                
00000b69  SystemCoreClockUpdate          
00000de1  SystemInit                     
000023c1  T32_INT1_IRQHandler            
000023c1  T32_INT2_IRQHandler            
000023c1  T32_INTC_IRQHandler            
000023c1  TA0_0_IRQHandler               
000023c1  TA0_N_IRQHandler               
000023c1  TA1_0_IRQHandler               
000023c1  TA1_N_IRQHandler               
000023c1  TA2_0_IRQHandler               
000023c1  TA2_N_IRQHandler               
000023c1  TA3_0_IRQHandler               
000023c1  TA3_N_IRQHandler               
000010e1  TMP117_Arm                     
00001073  TMP117_Init                    
0000112d  TMP117_ReadTemperature         
0000111d  TMP117_Reset                   
200007e8  Temperature                    
0000012b  UART0_InChar                   
000005d5  UART0_InString                 
00000175  UART0_InUDec                   
00000489  UART0_InUHex                   
000000e5  UART0_Init                     
00000737  UART0_Initprintf               
0000013b  UART0_OutChar                  
00000229  UART0_OutSDec                  
00000157  UART0_OutString                
000001f9  UART0_OutUDec                  
0000039d  UART0_OutUDec4                 
000003e5  UART0_OutUDec5                 
00000417  UART0_OutUFix1                 
0000043f  UART0_OutUFix2                 
0000054d  UART0_OutUHex                  
000005b9  UART0_OutUHex2                 
00001387  UartClear                      
00001365  UartSetCur                     
000023c1  UsageFault_Handler             
4000480c  WDTCTL_SYM                     
000023c1  WDT_A_IRQHandler               
00002313  WaitForInterrupt               
2000060c  __CIOBUF_                      
20010000  __STACK_END                    
00000200  __STACK_SIZE                   
00000400  __SYSMEM_SIZE                  
00002460  __TI_CINIT_Base                
00002470  __TI_CINIT_Limit               
00002448  __TI_Handler_Table_Base        
00002454  __TI_Handler_Table_Limit       
00002081  __TI_auto_init_nobinit_nopinit 
00002179  __TI_cleanup                   
200005e0  __TI_cleanup_ptr               
00001bd9  __TI_closefile                 
00001d91  __TI_decompress_lzss           
000023a7  __TI_decompress_none           
00001f65  __TI_doflush                   
200005e4  __TI_dtors_ptr                 
200005e8  __TI_enable_exit_profile_output
200005d0  __TI_ft_end                    
ffffffff  __TI_pprof_out_hndl            
ffffffff  __TI_prof_data_size            
ffffffff  __TI_prof_data_start           
000021ad  __TI_readmsg                   
00000000  __TI_static_base__             
2000072c  __TI_tmpnams                   
00002109  __TI_writemsg                  
00002319  __TI_zero_init_nomemset        
00001b5d  __aeabi_memclr                 
00001b5d  __aeabi_memclr4                
00001b5d  __aeabi_memclr8                
00001ac1  __aeabi_memcpy                 
00001ac1  __aeabi_memcpy4                
00001ac1  __aeabi_memcpy8                
00001b5f  __aeabi_memset                 
00001b5f  __aeabi_memset4                
00001b5f  __aeabi_memset8                
200005dc  __aeabi_stderr                 
200005d4  __aeabi_stdin                  
200005d8  __aeabi_stdout                 
ffffffff  __binit__                      
ffffffff  __c_args__                     
UNDEFED   __mpu_init                     
2000fe00  __stack                        
20000000  __start___llvm_prf_cnts        
20000000  __stop___llvm_prf_cnts         
000021e1  _c_int00_noargs                
200004f0  _device                        
20000400  _ftable                        
200005ec  _lock                          
00001bd7  _nop                           
20000568  _stream                        
20000000  _sys_memory                    
UNDEFED   _system_post_cinit             
000023cb  _system_pre_init               
200005f0  _unlock                        
000023cf  abort                          
0000196d  add_device                     
000015f1  aligned_alloc                  
ffffffff  binit                          
00001e59  close                          
000012a1  delay                          
00001fb1  exit                           
00000669  ferror                         
0000064f  fgetc                          
00002249  finddevice                     
00001a25  fopen                          
000016f1  free                           
00002215  freopen                        
000020c5  getdevice                      
00000000  interruptVectors               
0000141f  main                           
00001391  main1                          
000023c3  malloc                         
000015f1  memalign                       
00001ac1  memcpy                         
00001b65  memset                         
000018b1  open                           
00000591  outnibble                      
200007d4  parmbuf                        
00002279  remove                         
000017d5  setvbuf                        
00002369  strchr                         
00002351  strcmp                         
0000237f  strcpy                         
00002393  strlen                         
00002141  strncpy                        
0000068f  uart_close                     
0000070d  uart_lseek                     
0000067f  uart_open                      
0000069b  uart_read                      
00000729  uart_rename                    
0000071d  uart_unlink                    
000006cb  uart_write                     
00002279  unlink                         
000022cd  write                          


GLOBAL SYMBOLS: SORTED BY Symbol Address 

address   name                           
-------   ----                           
00000000  __TI_static_base__             
00000000  interruptVectors               
000000e5  UART0_Init                     
0000012b  UART0_InChar                   
0000013b  UART0_OutChar                  
00000157  UART0_OutString                
00000175  UART0_InUDec                   
000001f9  UART0_OutUDec                  
00000200  __STACK_SIZE                   
00000229  UART0_OutSDec                  
0000039d  UART0_OutUDec4                 
000003e5  UART0_OutUDec5                 
00000400  __SYSMEM_SIZE                  
00000417  UART0_OutUFix1                 
0000043f  UART0_OutUFix2                 
00000489  UART0_InUHex                   
0000054d  UART0_OutUHex                  
00000591  outnibble                      
000005b9  UART0_OutUHex2                 
000005d5  UART0_InString                 
0000064f  fgetc                          
00000669  ferror                         
0000067f  uart_open                      
0000068f  uart_close                     
0000069b  uart_read                      
000006cb  uart_write                     
0000070d  uart_lseek                     
0000071d  uart_unlink                    
00000729  uart_rename                    
00000737  UART0_Initprintf               
000007c5  I2CB1_Init                     
00000813  I2CB1_Send                     
0000088b  I2CB1_Recv                     
00000907  I2CB1_Send1                    
00000963  I2CB1_Send2                    
000009d3  I2CB1_Send3                    
00000a51  I2CB1_Send4                    
00000adf  I2CB1_Recv1                    
00000b69  SystemCoreClockUpdate          
00000de1  SystemInit                     
00001073  TMP117_Init                    
000010e1  TMP117_Arm                     
0000111d  TMP117_Reset                   
0000112d  TMP117_ReadTemperature         
0000113f  PORT4_IRQHandler               
0000113f  PORT4_IRQHandler               
00001185  Clock_Init48MHz                
0000129b  Clock_GetFreq                  
000012a1  delay                          
000012af  Clock_Delay1us                 
000012d9  Clock_Delay1ms                 
00001365  UartSetCur                     
00001387  UartClear                      
00001391  main1                          
000013f7  Background                     
0000141f  main                           
000015f1  aligned_alloc                  
000015f1  memalign                       
000016f1  free                           
000017d5  setvbuf                        
000018b1  open                           
0000196d  add_device                     
00001a25  fopen                          
00001ac1  __aeabi_memcpy                 
00001ac1  __aeabi_memcpy4                
00001ac1  __aeabi_memcpy8                
00001ac1  memcpy                         
00001b5d  __aeabi_memclr                 
00001b5d  __aeabi_memclr4                
00001b5d  __aeabi_memclr8                
00001b5f  __aeabi_memset                 
00001b5f  __aeabi_memset4                
00001b5f  __aeabi_memset8                
00001b65  memset                         
00001bd7  _nop                           
00001bd9  __TI_closefile                 
00001cbd  HOSTrename                     
00001d29  HOSTlseek                      
00001d91  __TI_decompress_lzss           
00001df9  HOSTopen                       
00001e59  close                          
00001eb5  HOSTread                       
00001f0d  HOSTwrite                      
00001f65  __TI_doflush                   
00001fb1  exit                           
00001ff9  HOSTclose                      
0000203d  HOSTunlink                     
00002081  __TI_auto_init_nobinit_nopinit 
000020c5  getdevice                      
00002109  __TI_writemsg                  
00002137  C$$IO$$                        
00002141  strncpy                        
00002179  __TI_cleanup                   
000021ad  __TI_readmsg                   
000021e1  _c_int00_noargs                
00002215  freopen                        
00002249  finddevice                     
00002279  remove                         
00002279  unlink                         
000022cd  write                          
000022f5  DisableInterrupts              
000022fb  EnableInterrupts               
00002301  StartCritical                  
0000230b  EndCritical                    
00002313  WaitForInterrupt               
00002319  __TI_zero_init_nomemset        
00002351  strcmp                         
00002369  strchr                         
0000237f  strcpy                         
00002393  strlen                         
000023a7  __TI_decompress_none           
000023b5  Reset_Handler                  
000023c1  ADC14_IRQHandler               
000023c1  AES256_IRQHandler              
000023c1  BusFault_Handler               
000023c1  COMP_E0_IRQHandler             
000023c1  COMP_E1_IRQHandler             
000023c1  CS_IRQHandler                  
000023c1  DMA_ERR_IRQHandler             
000023c1  DMA_INT0_IRQHandler            
000023c1  DMA_INT1_IRQHandler            
000023c1  DMA_INT2_IRQHandler            
000023c1  DMA_INT3_IRQHandler            
000023c1  DebugMon_Handler               
000023c1  Default_Handler                
000023c1  EUSCIA0_IRQHandler             
000023c1  EUSCIA1_IRQHandler             
000023c1  EUSCIA2_IRQHandler             
000023c1  EUSCIA3_IRQHandler             
000023c1  EUSCIB0_IRQHandler             
000023c1  EUSCIB1_IRQHandler             
000023c1  EUSCIB2_IRQHandler             
000023c1  EUSCIB3_IRQHandler             
000023c1  FLCTL_IRQHandler               
000023c1  FPU_IRQHandler                 
000023c1  HardFault_Handler              
000023c1  MemManage_Handler              
000023c1  NMI_Handler                    
000023c1  PCM_IRQHandler                 
000023c1  PORT1_IRQHandler               
000023c1  PORT2_IRQHandler               
000023c1  PORT3_IRQHandler               
000023c1  PORT5_IRQHandler               
000023c1  PORT6_IRQHandler               
000023c1  PSS_IRQHandler                 
000023c1  PendSV_Handler                 
000023c1  RTC_C_IRQHandler               
000023c1  SVC_Handler                    
000023c1  SysTick_Handler                
000023c1  T32_INT1_IRQHandler            
000023c1  T32_INT2_IRQHandler            
000023c1  T32_INTC_IRQHandler            
000023c1  TA0_0_IRQHandler               
000023c1  TA0_N_IRQHandler               
000023c1  TA1_0_IRQHandler               
000023c1  TA1_N_IRQHandler               
000023c1  TA2_0_IRQHandler               
000023c1  TA2_N_IRQHandler               
000023c1  TA3_0_IRQHandler               
000023c1  TA3_N_IRQHandler               
000023c1  UsageFault_Handler             
000023c1  WDT_A_IRQHandler               
000023c3  malloc                         
000023cb  _system_pre_init               
000023cf  C$$EXIT                        
000023cf  abort                          
00002448  __TI_Handler_Table_Base        
00002454  __TI_Handler_Table_Limit       
00002460  __TI_CINIT_Base                
00002470  __TI_CINIT_Limit               
20000000  __start___llvm_prf_cnts        
20000000  __stop___llvm_prf_cnts         
20000000  _sys_memory                    
20000400  _ftable                        
200004f0  _device                        
20000568  _stream                        
200005b8  ClockFrequency                 
200005bc  Prewait                        
200005c0  CPMwait                        
200005c4  Postwait                       
200005c8  IFlags                         
200005cc  Crystalstable                  
200005d0  __TI_ft_end                    
200005d4  __aeabi_stdin                  
200005d8  __aeabi_stdout                 
200005dc  __aeabi_stderr                 
200005e0  __TI_cleanup_ptr               
200005e4  __TI_dtors_ptr                 
200005e8  __TI_enable_exit_profile_output
200005ec  _lock                          
200005f0  _unlock                        
20000608  SystemCoreClock                
2000060c  __CIOBUF_                      
2000072c  __TI_tmpnams                   
200007cc  Messageb                       
200007d4  parmbuf                        
200007dc  Messageindexb                  
200007e0  Ptemperature                   
200007e4  Semaphore                      
200007e8  Temperature                    
200007ec  RawTemperature                 
2000fe00  __stack                        
20010000  __STACK_END                    
4000480c  WDTCTL_SYM                     
ffffffff  __TI_pprof_out_hndl            
ffffffff  __TI_prof_data_size            
ffffffff  __TI_prof_data_start           
ffffffff  __binit__                      
ffffffff  __c_args__                     
ffffffff  binit                          
UNDEFED   __mpu_init                     
UNDEFED   _system_post_cinit             

[212 symbols]
