<?xml version="1.0" encoding="ISO-8859-1" ?>
<link_info>
   <banner>TI ARM Linker PC v20.2.1.LTS</banner>
   <copyright>Copyright (c) 1996-2018 Texas Instruments Incorporated</copyright>
   <link_time>0x5f3de77b</link_time>
   <link_errors>0x0</link_errors>
   <output_file>Lab19_BLE.out</output_file>
   <entry_point>
      <name>_c_int00_noargs</name>
      <address>0x5259</address>
   </entry_point>
   <input_file_list>
      <input_file id="fl-2">
         <path>.\</path>
         <kind>object</kind>
         <file>ADC14.obj</file>
         <name>ADC14.obj</name>
      </input_file>
      <input_file id="fl-3">
         <path>.\</path>
         <kind>object</kind>
         <file>AP.obj</file>
         <name>AP.obj</name>
      </input_file>
      <input_file id="fl-4">
         <path>.\</path>
         <kind>object</kind>
         <file>Bump.obj</file>
         <name>Bump.obj</name>
      </input_file>
      <input_file id="fl-5">
         <path>.\</path>
         <kind>object</kind>
         <file>Clock.obj</file>
         <name>Clock.obj</name>
      </input_file>
      <input_file id="fl-6">
         <path>.\</path>
         <kind>object</kind>
         <file>CortexM.obj</file>
         <name>CortexM.obj</name>
      </input_file>
      <input_file id="fl-7">
         <path>.\</path>
         <kind>object</kind>
         <file>GPIO.obj</file>
         <name>GPIO.obj</name>
      </input_file>
      <input_file id="fl-8">
         <path>.\</path>
         <kind>object</kind>
         <file>IRDistance.obj</file>
         <name>IRDistance.obj</name>
      </input_file>
      <input_file id="fl-9">
         <path>.\</path>
         <kind>object</kind>
         <file>LPF.obj</file>
         <name>LPF.obj</name>
      </input_file>
      <input_file id="fl-a">
         <path>.\</path>
         <kind>object</kind>
         <file>Lab19_TestMain.obj</file>
         <name>Lab19_TestMain.obj</name>
      </input_file>
      <input_file id="fl-b">
         <path>.\</path>
         <kind>object</kind>
         <file>LaunchPad.obj</file>
         <name>LaunchPad.obj</name>
      </input_file>
      <input_file id="fl-c">
         <path>.\</path>
         <kind>object</kind>
         <file>Motor.obj</file>
         <name>Motor.obj</name>
      </input_file>
      <input_file id="fl-d">
         <path>.\</path>
         <kind>object</kind>
         <file>Nokia5110.obj</file>
         <name>Nokia5110.obj</name>
      </input_file>
      <input_file id="fl-e">
         <path>.\</path>
         <kind>object</kind>
         <file>PWM.obj</file>
         <name>PWM.obj</name>
      </input_file>
      <input_file id="fl-f">
         <path>.\</path>
         <kind>object</kind>
         <file>TimerA1.obj</file>
         <name>TimerA1.obj</name>
      </input_file>
      <input_file id="fl-10">
         <path>..\</path>
         <kind>object</kind>
         <file>UART0.obj</file>
         <name>UART0.obj</name>
      </input_file>
      <input_file id="fl-11">
         <path>.\</path>
         <kind>object</kind>
         <file>UART1.obj</file>
         <name>UART1.obj</name>
      </input_file>
      <input_file id="fl-12">
         <path>.\</path>
         <kind>object</kind>
         <file>startup_msp432p401r_ccs.obj</file>
         <name>startup_msp432p401r_ccs.obj</name>
      </input_file>
      <input_file id="fl-13">
         <path>.\</path>
         <kind>object</kind>
         <file>system_msp432p401r.obj</file>
         <name>system_msp432p401r.obj</name>
      </input_file>
      <input_file id="fl-17">
         <kind>object</kind>
         <file>&lt;internal&gt;</file>
         <name>&lt;internal&gt;</name>
      </input_file>
      <input_file id="fl-cd">
         <path>C:\ti\ccs1010\ccs\tools\compiler\ti-cgt-arm_20.2.1.LTS\lib\</path>
         <kind>archive</kind>
         <file>rtsv7M4_T_le_v4SPD16_eabi.lib</file>
         <name>fopen.c.obj</name>
      </input_file>
      <input_file id="fl-ce">
         <path>C:\ti\ccs1010\ccs\tools\compiler\ti-cgt-arm_20.2.1.LTS\lib\</path>
         <kind>archive</kind>
         <file>rtsv7M4_T_le_v4SPD16_eabi.lib</file>
         <name>setvbuf.c.obj</name>
      </input_file>
      <input_file id="fl-cf">
         <path>C:\ti\ccs1010\ccs\tools\compiler\ti-cgt-arm_20.2.1.LTS\lib\</path>
         <kind>archive</kind>
         <file>rtsv7M4_T_le_v4SPD16_eabi.lib</file>
         <name>memset_t2.asm.obj</name>
      </input_file>
      <input_file id="fl-d0">
         <path>C:\ti\ccs1010\ccs\tools\compiler\ti-cgt-arm_20.2.1.LTS\lib\</path>
         <kind>archive</kind>
         <file>rtsv7M4_T_le_v4SPD16_eabi.lib</file>
         <name>copy_zero_init.c.obj</name>
      </input_file>
      <input_file id="fl-d1">
         <path>C:\ti\ccs1010\ccs\tools\compiler\ti-cgt-arm_20.2.1.LTS\lib\</path>
         <kind>archive</kind>
         <file>rtsv7M4_T_le_v4SPD16_eabi.lib</file>
         <name>copy_decompress_none.c.obj</name>
      </input_file>
      <input_file id="fl-d2">
         <path>C:\ti\ccs1010\ccs\tools\compiler\ti-cgt-arm_20.2.1.LTS\lib\</path>
         <kind>archive</kind>
         <file>rtsv7M4_T_le_v4SPD16_eabi.lib</file>
         <name>copy_decompress_lzss.c.obj</name>
      </input_file>
      <input_file id="fl-d3">
         <path>C:\ti\ccs1010\ccs\tools\compiler\ti-cgt-arm_20.2.1.LTS\lib\</path>
         <kind>archive</kind>
         <file>rtsv7M4_T_le_v4SPD16_eabi.lib</file>
         <name>exit.c.obj</name>
      </input_file>
      <input_file id="fl-d4">
         <path>C:\ti\ccs1010\ccs\tools\compiler\ti-cgt-arm_20.2.1.LTS\lib\</path>
         <kind>archive</kind>
         <file>rtsv7M4_T_le_v4SPD16_eabi.lib</file>
         <name>_lock.c.obj</name>
      </input_file>
      <input_file id="fl-d5">
         <path>C:\ti\ccs1010\ccs\tools\compiler\ti-cgt-arm_20.2.1.LTS\lib\</path>
         <kind>archive</kind>
         <file>rtsv7M4_T_le_v4SPD16_eabi.lib</file>
         <name>defs.c.obj</name>
      </input_file>
      <input_file id="fl-d6">
         <path>C:\ti\ccs1010\ccs\tools\compiler\ti-cgt-arm_20.2.1.LTS\lib\</path>
         <kind>archive</kind>
         <file>rtsv7M4_T_le_v4SPD16_eabi.lib</file>
         <name>memory.c.obj</name>
      </input_file>
      <input_file id="fl-d7">
         <path>C:\ti\ccs1010\ccs\tools\compiler\ti-cgt-arm_20.2.1.LTS\lib\</path>
         <kind>archive</kind>
         <file>rtsv7M4_T_le_v4SPD16_eabi.lib</file>
         <name>open.c.obj</name>
      </input_file>
      <input_file id="fl-d8">
         <path>C:\ti\ccs1010\ccs\tools\compiler\ti-cgt-arm_20.2.1.LTS\lib\</path>
         <kind>archive</kind>
         <file>rtsv7M4_T_le_v4SPD16_eabi.lib</file>
         <name>add_device.c.obj</name>
      </input_file>
      <input_file id="fl-d9">
         <path>C:\ti\ccs1010\ccs\tools\compiler\ti-cgt-arm_20.2.1.LTS\lib\</path>
         <kind>archive</kind>
         <file>rtsv7M4_T_le_v4SPD16_eabi.lib</file>
         <name>boot_cortex_m.c.obj</name>
      </input_file>
      <input_file id="fl-da">
         <path>C:\ti\ccs1010\ccs\tools\compiler\ti-cgt-arm_20.2.1.LTS\lib\</path>
         <kind>archive</kind>
         <file>rtsv7M4_T_le_v4SPD16_eabi.lib</file>
         <name>fclose.c.obj</name>
      </input_file>
      <input_file id="fl-db">
         <path>C:\ti\ccs1010\ccs\tools\compiler\ti-cgt-arm_20.2.1.LTS\lib\</path>
         <kind>archive</kind>
         <file>rtsv7M4_T_le_v4SPD16_eabi.lib</file>
         <name>fflush.c.obj</name>
      </input_file>
      <input_file id="fl-dc">
         <path>C:\ti\ccs1010\ccs\tools\compiler\ti-cgt-arm_20.2.1.LTS\lib\</path>
         <kind>archive</kind>
         <file>rtsv7M4_T_le_v4SPD16_eabi.lib</file>
         <name>getdevice.c.obj</name>
      </input_file>
      <input_file id="fl-dd">
         <path>C:\ti\ccs1010\ccs\tools\compiler\ti-cgt-arm_20.2.1.LTS\lib\</path>
         <kind>archive</kind>
         <file>rtsv7M4_T_le_v4SPD16_eabi.lib</file>
         <name>memcpy_t2.asm.obj</name>
      </input_file>
      <input_file id="fl-de">
         <path>C:\ti\ccs1010\ccs\tools\compiler\ti-cgt-arm_20.2.1.LTS\lib\</path>
         <kind>archive</kind>
         <file>rtsv7M4_T_le_v4SPD16_eabi.lib</file>
         <name>autoinit.c.obj</name>
      </input_file>
      <input_file id="fl-df">
         <path>C:\ti\ccs1010\ccs\tools\compiler\ti-cgt-arm_20.2.1.LTS\lib\</path>
         <kind>archive</kind>
         <file>rtsv7M4_T_le_v4SPD16_eabi.lib</file>
         <name>pre_init.c.obj</name>
      </input_file>
      <input_file id="fl-e0">
         <path>C:\ti\ccs1010\ccs\tools\compiler\ti-cgt-arm_20.2.1.LTS\lib\</path>
         <kind>archive</kind>
         <file>rtsv7M4_T_le_v4SPD16_eabi.lib</file>
         <name>cpy_tbl.c.obj</name>
      </input_file>
      <input_file id="fl-e1">
         <path>C:\ti\ccs1010\ccs\tools\compiler\ti-cgt-arm_20.2.1.LTS\lib\</path>
         <kind>archive</kind>
         <file>rtsv7M4_T_le_v4SPD16_eabi.lib</file>
         <name>args_main.c.obj</name>
      </input_file>
      <input_file id="fl-e2">
         <path>C:\ti\ccs1010\ccs\tools\compiler\ti-cgt-arm_20.2.1.LTS\lib\</path>
         <kind>archive</kind>
         <file>rtsv7M4_T_le_v4SPD16_eabi.lib</file>
         <name>strchr.c.obj</name>
      </input_file>
      <input_file id="fl-e3">
         <path>C:\ti\ccs1010\ccs\tools\compiler\ti-cgt-arm_20.2.1.LTS\lib\</path>
         <kind>archive</kind>
         <file>rtsv7M4_T_le_v4SPD16_eabi.lib</file>
         <name>strcmp.c.obj</name>
      </input_file>
      <input_file id="fl-e4">
         <path>C:\ti\ccs1010\ccs\tools\compiler\ti-cgt-arm_20.2.1.LTS\lib\</path>
         <kind>archive</kind>
         <file>rtsv7M4_T_le_v4SPD16_eabi.lib</file>
         <name>strncpy.c.obj</name>
      </input_file>
      <input_file id="fl-e5">
         <path>C:\ti\ccs1010\ccs\tools\compiler\ti-cgt-arm_20.2.1.LTS\lib\</path>
         <kind>archive</kind>
         <file>rtsv7M4_T_le_v4SPD16_eabi.lib</file>
         <name>write.c.obj</name>
      </input_file>
      <input_file id="fl-e6">
         <path>C:\ti\ccs1010\ccs\tools\compiler\ti-cgt-arm_20.2.1.LTS\lib\</path>
         <kind>archive</kind>
         <file>rtsv7M4_T_le_v4SPD16_eabi.lib</file>
         <name>host_device.c.obj</name>
      </input_file>
      <input_file id="fl-e7">
         <path>C:\ti\ccs1010\ccs\tools\compiler\ti-cgt-arm_20.2.1.LTS\lib\</path>
         <kind>archive</kind>
         <file>rtsv7M4_T_le_v4SPD16_eabi.lib</file>
         <name>remove.c.obj</name>
      </input_file>
      <input_file id="fl-e8">
         <path>C:\ti\ccs1010\ccs\tools\compiler\ti-cgt-arm_20.2.1.LTS\lib\</path>
         <kind>archive</kind>
         <file>rtsv7M4_T_le_v4SPD16_eabi.lib</file>
         <name>close.c.obj</name>
      </input_file>
      <input_file id="fl-e9">
         <path>C:\ti\ccs1010\ccs\tools\compiler\ti-cgt-arm_20.2.1.LTS\lib\</path>
         <kind>archive</kind>
         <file>rtsv7M4_T_le_v4SPD16_eabi.lib</file>
         <name>unlink.c.obj</name>
      </input_file>
      <input_file id="fl-ea">
         <path>C:\ti\ccs1010\ccs\tools\compiler\ti-cgt-arm_20.2.1.LTS\lib\</path>
         <kind>archive</kind>
         <file>rtsv7M4_T_le_v4SPD16_eabi.lib</file>
         <name>hostclose.c.obj</name>
      </input_file>
      <input_file id="fl-eb">
         <path>C:\ti\ccs1010\ccs\tools\compiler\ti-cgt-arm_20.2.1.LTS\lib\</path>
         <kind>archive</kind>
         <file>rtsv7M4_T_le_v4SPD16_eabi.lib</file>
         <name>hostlseek.c.obj</name>
      </input_file>
      <input_file id="fl-ec">
         <path>C:\ti\ccs1010\ccs\tools\compiler\ti-cgt-arm_20.2.1.LTS\lib\</path>
         <kind>archive</kind>
         <file>rtsv7M4_T_le_v4SPD16_eabi.lib</file>
         <name>hostopen.c.obj</name>
      </input_file>
      <input_file id="fl-ed">
         <path>C:\ti\ccs1010\ccs\tools\compiler\ti-cgt-arm_20.2.1.LTS\lib\</path>
         <kind>archive</kind>
         <file>rtsv7M4_T_le_v4SPD16_eabi.lib</file>
         <name>hostread.c.obj</name>
      </input_file>
      <input_file id="fl-ee">
         <path>C:\ti\ccs1010\ccs\tools\compiler\ti-cgt-arm_20.2.1.LTS\lib\</path>
         <kind>archive</kind>
         <file>rtsv7M4_T_le_v4SPD16_eabi.lib</file>
         <name>hostrename.c.obj</name>
      </input_file>
      <input_file id="fl-ef">
         <path>C:\ti\ccs1010\ccs\tools\compiler\ti-cgt-arm_20.2.1.LTS\lib\</path>
         <kind>archive</kind>
         <file>rtsv7M4_T_le_v4SPD16_eabi.lib</file>
         <name>hostunlink.c.obj</name>
      </input_file>
      <input_file id="fl-f0">
         <path>C:\ti\ccs1010\ccs\tools\compiler\ti-cgt-arm_20.2.1.LTS\lib\</path>
         <kind>archive</kind>
         <file>rtsv7M4_T_le_v4SPD16_eabi.lib</file>
         <name>hostwrite.c.obj</name>
      </input_file>
      <input_file id="fl-f1">
         <path>C:\ti\ccs1010\ccs\tools\compiler\ti-cgt-arm_20.2.1.LTS\lib\</path>
         <kind>archive</kind>
         <file>rtsv7M4_T_le_v4SPD16_eabi.lib</file>
         <name>trgmsg.c.obj</name>
      </input_file>
      <input_file id="fl-f2">
         <path>C:\ti\ccs1010\ccs\tools\compiler\ti-cgt-arm_20.2.1.LTS\lib\</path>
         <kind>archive</kind>
         <file>rtsv7M4_T_le_v4SPD16_eabi.lib</file>
         <name>strcpy.c.obj</name>
      </input_file>
      <input_file id="fl-f3">
         <path>C:\ti\ccs1010\ccs\tools\compiler\ti-cgt-arm_20.2.1.LTS\lib\</path>
         <kind>archive</kind>
         <file>rtsv7M4_T_le_v4SPD16_eabi.lib</file>
         <name>strlen.c.obj</name>
      </input_file>
   </input_file_list>
   <object_component_list>
      <object_component id="oc-26">
         <name>.intvecs:retain</name>
         <load_address>0x0</load_address>
         <run_address>0x0</run_address>
         <size>0xe4</size>
         <input_file_ref idref="fl-12"/>
      </object_component>
      <object_component id="oc-10a">
         <name>.text</name>
         <load_address>0xe4</load_address>
         <run_address>0xe4</run_address>
         <size>0x1014</size>
         <input_file_ref idref="fl-3"/>
      </object_component>
      <object_component id="oc-138">
         <name>.text</name>
         <load_address>0x10f8</load_address>
         <run_address>0x10f8</run_address>
         <size>0xb7c</size>
         <input_file_ref idref="fl-d"/>
      </object_component>
      <object_component id="oc-a6">
         <name>.text</name>
         <load_address>0x1c74</load_address>
         <run_address>0x1c74</run_address>
         <size>0x780</size>
         <input_file_ref idref="fl-a"/>
      </object_component>
      <object_component id="oc-fe">
         <name>.text</name>
         <load_address>0x23f4</load_address>
         <run_address>0x23f4</run_address>
         <size>0x6e0</size>
         <input_file_ref idref="fl-10"/>
      </object_component>
      <object_component id="oc-11f">
         <name>.text</name>
         <load_address>0x2ad4</load_address>
         <run_address>0x2ad4</run_address>
         <size>0x5d0</size>
         <input_file_ref idref="fl-9"/>
      </object_component>
      <object_component id="oc-119">
         <name>.text</name>
         <load_address>0x30a4</load_address>
         <run_address>0x30a4</run_address>
         <size>0x490</size>
         <input_file_ref idref="fl-2"/>
      </object_component>
      <object_component id="oc-19a">
         <name>.text</name>
         <load_address>0x3534</load_address>
         <run_address>0x3534</run_address>
         <size>0x420</size>
         <input_file_ref idref="fl-e"/>
      </object_component>
      <object_component id="oc-b8">
         <name>.text</name>
         <load_address>0x3954</load_address>
         <run_address>0x3954</run_address>
         <size>0x32c</size>
         <input_file_ref idref="fl-13"/>
      </object_component>
      <object_component id="oc-76">
         <name>.text</name>
         <load_address>0x3c80</load_address>
         <run_address>0x3c80</run_address>
         <size>0x218</size>
         <input_file_ref idref="fl-11"/>
      </object_component>
      <object_component id="oc-132">
         <name>.text</name>
         <load_address>0x3e98</load_address>
         <run_address>0x3e98</run_address>
         <size>0x1e0</size>
         <input_file_ref idref="fl-5"/>
      </object_component>
      <object_component id="oc-f8">
         <name>.text</name>
         <load_address>0x4078</load_address>
         <run_address>0x4078</run_address>
         <size>0x18c</size>
         <input_file_ref idref="fl-c"/>
      </object_component>
      <object_component id="oc-284">
         <name>.text:_openfile</name>
         <load_address>0x4204</load_address>
         <run_address>0x4204</run_address>
         <size>0x10c</size>
         <input_file_ref idref="fl-cd"/>
      </object_component>
      <object_component id="oc-385">
         <name>.text:aligned_alloc</name>
         <load_address>0x4310</load_address>
         <run_address>0x4310</run_address>
         <size>0x108</size>
         <input_file_ref idref="fl-d6"/>
      </object_component>
      <object_component id="oc-f2">
         <name>.text</name>
         <load_address>0x4418</load_address>
         <run_address>0x4418</run_address>
         <size>0xf4</size>
         <input_file_ref idref="fl-b"/>
      </object_component>
      <object_component id="oc-297">
         <name>.text:free</name>
         <load_address>0x450c</load_address>
         <run_address>0x450c</run_address>
         <size>0xe4</size>
         <input_file_ref idref="fl-d6"/>
      </object_component>
      <object_component id="oc-1b7">
         <name>.text:setvbuf</name>
         <load_address>0x45f0</load_address>
         <run_address>0x45f0</run_address>
         <size>0xdc</size>
         <input_file_ref idref="fl-ce"/>
      </object_component>
      <object_component id="oc-1cc">
         <name>.text</name>
         <load_address>0x46cc</load_address>
         <run_address>0x46cc</run_address>
         <size>0xc0</size>
         <input_file_ref idref="fl-7"/>
      </object_component>
      <object_component id="oc-353">
         <name>.text:open</name>
         <load_address>0x478c</load_address>
         <run_address>0x478c</run_address>
         <size>0xbc</size>
         <input_file_ref idref="fl-d7"/>
      </object_component>
      <object_component id="oc-1a5">
         <name>.text:add_device</name>
         <load_address>0x4848</load_address>
         <run_address>0x4848</run_address>
         <size>0xb8</size>
         <input_file_ref idref="fl-d8"/>
      </object_component>
      <object_component id="oc-70">
         <name>.text</name>
         <load_address>0x4900</load_address>
         <run_address>0x4900</run_address>
         <size>0xa8</size>
         <input_file_ref idref="fl-f"/>
      </object_component>
      <object_component id="oc-1ab">
         <name>.text:fopen</name>
         <load_address>0x49a8</load_address>
         <run_address>0x49a8</run_address>
         <size>0x9c</size>
         <input_file_ref idref="fl-cd"/>
      </object_component>
      <object_component id="oc-3a">
         <name>.text</name>
         <load_address>0x4a44</load_address>
         <run_address>0x4a44</run_address>
         <size>0x9c</size>
         <input_file_ref idref="fl-dd"/>
      </object_component>
      <object_component id="oc-125">
         <name>.text</name>
         <load_address>0x4ae0</load_address>
         <run_address>0x4ae0</run_address>
         <size>0x7c</size>
         <input_file_ref idref="fl-8"/>
      </object_component>
      <object_component id="oc-9a">
         <name>.text</name>
         <load_address>0x4b5c</load_address>
         <run_address>0x4b5c</run_address>
         <size>0x7a</size>
         <input_file_ref idref="fl-cf"/>
      </object_component>
      <object_component id="oc-2f1">
         <name>.text:_nop</name>
         <load_address>0x4bd6</load_address>
         <run_address>0x4bd6</run_address>
         <size>0x2</size>
         <input_file_ref idref="fl-d4"/>
      </object_component>
      <object_component id="oc-104">
         <name>.text</name>
         <load_address>0x4bd8</load_address>
         <run_address>0x4bd8</run_address>
         <size>0x78</size>
         <input_file_ref idref="fl-4"/>
      </object_component>
      <object_component id="oc-290">
         <name>.text:__TI_closefile</name>
         <load_address>0x4c50</load_address>
         <run_address>0x4c50</run_address>
         <size>0x74</size>
         <input_file_ref idref="fl-da"/>
      </object_component>
      <object_component id="oc-3f4">
         <name>.text:split</name>
         <load_address>0x4cc4</load_address>
         <run_address>0x4cc4</run_address>
         <size>0x70</size>
         <input_file_ref idref="fl-d6"/>
      </object_component>
      <object_component id="oc-33e">
         <name>.text:HOSTrename</name>
         <load_address>0x4d34</load_address>
         <run_address>0x4d34</run_address>
         <size>0x6c</size>
         <input_file_ref idref="fl-ee"/>
      </object_component>
      <object_component id="oc-332">
         <name>.text:HOSTlseek</name>
         <load_address>0x4da0</load_address>
         <run_address>0x4da0</run_address>
         <size>0x68</size>
         <input_file_ref idref="fl-eb"/>
      </object_component>
      <object_component id="oc-17">
         <name>.text:decompress:lzss:__TI_decompress_lzss</name>
         <load_address>0x4e08</load_address>
         <run_address>0x4e08</run_address>
         <size>0x68</size>
         <input_file_ref idref="fl-d2"/>
      </object_component>
      <object_component id="oc-31a">
         <name>.text:HOSTopen</name>
         <load_address>0x4e70</load_address>
         <run_address>0x4e70</run_address>
         <size>0x60</size>
         <input_file_ref idref="fl-ec"/>
      </object_component>
      <object_component id="oc-369">
         <name>.text:close</name>
         <load_address>0x4ed0</load_address>
         <run_address>0x4ed0</run_address>
         <size>0x5c</size>
         <input_file_ref idref="fl-e8"/>
      </object_component>
      <object_component id="oc-326">
         <name>.text:HOSTread</name>
         <load_address>0x4f2c</load_address>
         <run_address>0x4f2c</run_address>
         <size>0x58</size>
         <input_file_ref idref="fl-ed"/>
      </object_component>
      <object_component id="oc-32c">
         <name>.text:HOSTwrite</name>
         <load_address>0x4f84</load_address>
         <run_address>0x4f84</run_address>
         <size>0x58</size>
         <input_file_ref idref="fl-f0"/>
      </object_component>
      <object_component id="oc-363">
         <name>.text:__TI_doflush</name>
         <load_address>0x4fdc</load_address>
         <run_address>0x4fdc</run_address>
         <size>0x4c</size>
         <input_file_ref idref="fl-db"/>
      </object_component>
      <object_component id="oc-149">
         <name>.text:exit</name>
         <load_address>0x5028</load_address>
         <run_address>0x5028</run_address>
         <size>0x48</size>
         <input_file_ref idref="fl-d3"/>
      </object_component>
      <object_component id="oc-320">
         <name>.text:HOSTclose</name>
         <load_address>0x5070</load_address>
         <run_address>0x5070</run_address>
         <size>0x44</size>
         <input_file_ref idref="fl-ea"/>
      </object_component>
      <object_component id="oc-338">
         <name>.text:HOSTunlink</name>
         <load_address>0x50b4</load_address>
         <run_address>0x50b4</run_address>
         <size>0x44</size>
         <input_file_ref idref="fl-ef"/>
      </object_component>
      <object_component id="oc-14f">
         <name>.text:__TI_auto_init_nobinit_nopinit:__TI_auto_init_nobinit_nopinit</name>
         <load_address>0x50f8</load_address>
         <run_address>0x50f8</run_address>
         <size>0x44</size>
         <input_file_ref idref="fl-de"/>
      </object_component>
      <object_component id="oc-3d5">
         <name>.text:getdevice</name>
         <load_address>0x513c</load_address>
         <run_address>0x513c</run_address>
         <size>0x44</size>
         <input_file_ref idref="fl-dc"/>
      </object_component>
      <object_component id="oc-3ac">
         <name>.text:__TI_writemsg</name>
         <load_address>0x5180</load_address>
         <run_address>0x5180</run_address>
         <size>0x38</size>
         <input_file_ref idref="fl-f1"/>
      </object_component>
      <object_component id="oc-278">
         <name>.text:strncpy</name>
         <load_address>0x51b8</load_address>
         <run_address>0x51b8</run_address>
         <size>0x36</size>
         <input_file_ref idref="fl-e4"/>
      </object_component>
      <object_component id="oc-2a3">
         <name>.text:__TI_cleanup</name>
         <load_address>0x51f0</load_address>
         <run_address>0x51f0</run_address>
         <size>0x34</size>
         <input_file_ref idref="fl-cd"/>
      </object_component>
      <object_component id="oc-3b2">
         <name>.text:__TI_readmsg</name>
         <load_address>0x5224</load_address>
         <run_address>0x5224</run_address>
         <size>0x34</size>
         <input_file_ref idref="fl-f1"/>
      </object_component>
      <object_component id="oc-58">
         <name>.text:_c_int00_noargs:_c_int00_noargs</name>
         <load_address>0x5258</load_address>
         <run_address>0x5258</run_address>
         <size>0x34</size>
         <input_file_ref idref="fl-d9"/>
      </object_component>
      <object_component id="oc-1b1">
         <name>.text:freopen</name>
         <load_address>0x528c</load_address>
         <run_address>0x528c</run_address>
         <size>0x34</size>
         <input_file_ref idref="fl-cd"/>
      </object_component>
      <object_component id="oc-272">
         <name>.text:finddevice</name>
         <load_address>0x52c0</load_address>
         <run_address>0x52c0</run_address>
         <size>0x30</size>
         <input_file_ref idref="fl-dc"/>
      </object_component>
      <object_component id="oc-36f">
         <name>.text:unlink</name>
         <load_address>0x52f0</load_address>
         <run_address>0x52f0</run_address>
         <size>0x2c</size>
         <input_file_ref idref="fl-e9"/>
      </object_component>
      <object_component id="oc-37e">
         <name>.text:free_list_insert</name>
         <load_address>0x531c</load_address>
         <run_address>0x531c</run_address>
         <size>0x28</size>
         <input_file_ref idref="fl-d6"/>
      </object_component>
      <object_component id="oc-3e1">
         <name>.text:write</name>
         <load_address>0x5344</load_address>
         <run_address>0x5344</run_address>
         <size>0x28</size>
         <input_file_ref idref="fl-e5"/>
      </object_component>
      <object_component id="oc-110">
         <name>.text</name>
         <load_address>0x536c</load_address>
         <run_address>0x536c</run_address>
         <size>0x24</size>
         <input_file_ref idref="fl-6"/>
      </object_component>
      <object_component id="oc-378">
         <name>.text:free_list_remove</name>
         <load_address>0x5390</load_address>
         <run_address>0x5390</run_address>
         <size>0x1c</size>
         <input_file_ref idref="fl-d6"/>
      </object_component>
      <object_component id="oc-310">
         <name>.text:strcmp</name>
         <load_address>0x53ac</load_address>
         <run_address>0x53ac</run_address>
         <size>0x18</size>
         <input_file_ref idref="fl-e3"/>
      </object_component>
      <object_component id="oc-415">
         <name>.text:strchr</name>
         <load_address>0x53c4</load_address>
         <run_address>0x53c4</run_address>
         <size>0x16</size>
         <input_file_ref idref="fl-e2"/>
      </object_component>
      <object_component id="oc-3c6">
         <name>.text:strcpy</name>
         <load_address>0x53da</load_address>
         <run_address>0x53da</run_address>
         <size>0x14</size>
         <input_file_ref idref="fl-f2"/>
      </object_component>
      <object_component id="oc-3a6">
         <name>.text:strlen</name>
         <load_address>0x53ee</load_address>
         <run_address>0x53ee</run_address>
         <size>0x14</size>
         <input_file_ref idref="fl-f3"/>
      </object_component>
      <object_component id="oc-1d">
         <name>.text:decompress:none:__TI_decompress_none</name>
         <load_address>0x5402</load_address>
         <run_address>0x5402</run_address>
         <size>0xe</size>
         <input_file_ref idref="fl-d1"/>
      </object_component>
      <object_component id="oc-6a">
         <name>.text</name>
         <load_address>0x5410</load_address>
         <run_address>0x5410</run_address>
         <size>0xe</size>
         <input_file_ref idref="fl-12"/>
      </object_component>
      <object_component id="oc-4c">
         <name>.text:decompress:ZI:__TI_zero_init</name>
         <load_address>0x541e</load_address>
         <run_address>0x541e</run_address>
         <size>0xc</size>
         <input_file_ref idref="fl-d0"/>
      </object_component>
      <object_component id="oc-29d">
         <name>.text:malloc</name>
         <load_address>0x542a</load_address>
         <run_address>0x542a</run_address>
         <size>0x8</size>
         <input_file_ref idref="fl-d6"/>
      </object_component>
      <object_component id="oc-a0">
         <name>.text:_system_pre_init</name>
         <load_address>0x5432</load_address>
         <run_address>0x5432</run_address>
         <size>0x4</size>
         <input_file_ref idref="fl-df"/>
      </object_component>
      <object_component id="oc-143">
         <name>.text:abort:abort</name>
         <load_address>0x5436</load_address>
         <run_address>0x5436</run_address>
         <size>0x4</size>
         <input_file_ref idref="fl-d3"/>
      </object_component>
      <object_component id="oc-22d">
         <name>.const:ASCII</name>
         <load_address>0x543a</load_address>
         <run_address>0x543a</run_address>
         <size>0x1e0</size>
         <input_file_ref idref="fl-d"/>
      </object_component>
      <object_component id="oc-1f8">
         <name>.const:.string:NPI_StartAdvertisement</name>
         <load_address>0x561a</load_address>
         <run_address>0x561a</run_address>
         <size>0x14</size>
         <input_file_ref idref="fl-3"/>
      </object_component>
      <object_component id="oc-1f2">
         <name>.const:.string:NPI_SetAdvertisement1</name>
         <load_address>0x562e</load_address>
         <run_address>0x562e</run_address>
         <size>0x11</size>
         <input_file_ref idref="fl-3"/>
      </object_component>
      <object_component id="oc-1d7">
         <name>.const:.string:HCI_EXT_ResetSystemCmd</name>
         <load_address>0x563f</load_address>
         <run_address>0x563f</run_address>
         <size>0x9</size>
         <input_file_ref idref="fl-3"/>
      </object_component>
      <object_component id="oc-233">
         <name>.const:.string:Masks</name>
         <load_address>0x5648</load_address>
         <run_address>0x5648</run_address>
         <size>0x8</size>
         <input_file_ref idref="fl-d"/>
      </object_component>
      <object_component id="oc-201">
         <name>.const:.string:NPI_GetStatus</name>
         <load_address>0x5650</load_address>
         <run_address>0x5650</run_address>
         <size>0x6</size>
         <input_file_ref idref="fl-3"/>
      </object_component>
      <object_component id="oc-204">
         <name>.const:.string:NPI_GetVersion</name>
         <load_address>0x5656</load_address>
         <run_address>0x5656</run_address>
         <size>0x6</size>
         <input_file_ref idref="fl-3"/>
      </object_component>
      <object_component id="oc-1df">
         <name>.const:.string:NPI_Register</name>
         <load_address>0x565c</load_address>
         <run_address>0x565c</run_address>
         <size>0x6</size>
         <input_file_ref idref="fl-3"/>
      </object_component>
      <object_component id="oc-46a">
         <name>.cinit..data.load</name>
         <load_address>0x5668</load_address>
         <run_address>0x5668</run_address>
         <size>0x121</size>
      </object_component>
      <object_component id="oc-468">
         <name>__TI_handler_table</name>
         <load_address>0x578c</load_address>
         <run_address>0x578c</run_address>
         <size>0xc</size>
      </object_component>
      <object_component id="oc-46b">
         <name>.cinit..bss.load</name>
         <load_address>0x5798</load_address>
         <run_address>0x5798</run_address>
         <size>0x8</size>
      </object_component>
      <object_component id="oc-469">
         <name>__TI_cinit_table</name>
         <load_address>0x57a0</load_address>
         <run_address>0x57a0</run_address>
         <size>0x10</size>
      </object_component>
      <object_component id="oc-43c">
         <name>.binit</name>
         <load_address>0x0</load_address>
         <run_address>0x0</run_address>
         <size>0x0</size>
      </object_component>
      <object_component id="oc-1dc">
         <name>.data:NPI_AddService</name>
         <load_address>0x20003d64</load_address>
         <run_address>0x20003d64</run_address>
         <size>0x9</size>
         <input_file_ref idref="fl-3"/>
      </object_component>
      <object_component id="oc-1ef">
         <name>.data:NPI_GATTSetDeviceName</name>
         <load_address>0x20003cc3</load_address>
         <run_address>0x20003cc3</run_address>
         <size>0x1c</size>
         <input_file_ref idref="fl-3"/>
      </object_component>
      <object_component id="oc-1fb">
         <name>.data:NPI_GATTSetDeviceNameJacki</name>
         <load_address>0x20003cf8</load_address>
         <run_address>0x20003cf8</run_address>
         <size>0x15</size>
         <input_file_ref idref="fl-3"/>
      </object_component>
      <object_component id="oc-1f5">
         <name>.data:NPI_SetAdvertisementData</name>
         <load_address>0x20003c60</load_address>
         <run_address>0x20003c60</run_address>
         <size>0x25</size>
         <input_file_ref idref="fl-3"/>
      </object_component>
      <object_component id="oc-1fe">
         <name>.data:NPI_SetAdvertisementDataJacki</name>
         <load_address>0x20003ca5</load_address>
         <run_address>0x20003ca5</run_address>
         <size>0x1e</size>
         <input_file_ref idref="fl-3"/>
      </object_component>
      <object_component id="oc-20a">
         <name>.data:NPI_ReadConfirmation</name>
         <load_address>0x20003d0d</load_address>
         <run_address>0x20003d0d</run_address>
         <size>0x15</size>
         <input_file_ref idref="fl-3"/>
      </object_component>
      <object_component id="oc-207">
         <name>.data:NPI_WriteConfirmation</name>
         <load_address>0x20003d76</load_address>
         <run_address>0x20003d76</run_address>
         <size>0x9</size>
         <input_file_ref idref="fl-3"/>
      </object_component>
      <object_component id="oc-20d">
         <name>.data:NPI_CCCDUpdatedConfirmation</name>
         <load_address>0x20003d6d</load_address>
         <run_address>0x20003d6d</run_address>
         <size>0x9</size>
         <input_file_ref idref="fl-3"/>
      </object_component>
      <object_component id="oc-1ec">
         <name>.data:NPI_SendNotificationIndication</name>
         <load_address>0x20003d22</load_address>
         <run_address>0x20003d22</run_address>
         <size>0x14</size>
         <input_file_ref idref="fl-3"/>
      </object_component>
      <object_component id="oc-1e5">
         <name>.data:NPI_AddCharValue</name>
         <load_address>0x20003d48</load_address>
         <run_address>0x20003d48</run_address>
         <size>0xe</size>
         <input_file_ref idref="fl-3"/>
      </object_component>
      <object_component id="oc-1e8">
         <name>.data:NPI_AddCharDescriptor</name>
         <load_address>0x20003c85</load_address>
         <run_address>0x20003c85</run_address>
         <size>0x20</size>
         <input_file_ref idref="fl-3"/>
      </object_component>
      <object_component id="oc-1e2">
         <name>.data</name>
         <load_address>0x20003d90</load_address>
         <run_address>0x20003d90</run_address>
         <size>0x8</size>
         <input_file_ref idref="fl-3"/>
      </object_component>
      <object_component id="oc-229">
         <name>.data</name>
         <load_address>0x20003ce0</load_address>
         <run_address>0x20003ce0</run_address>
         <size>0x18</size>
         <input_file_ref idref="fl-5"/>
      </object_component>
      <object_component id="oc-116">
         <name>.data</name>
         <load_address>0x20003d98</load_address>
         <run_address>0x20003d98</run_address>
         <size>0x8</size>
         <input_file_ref idref="fl-a"/>
      </object_component>
      <object_component id="oc-181">
         <name>.data</name>
         <load_address>0x20003dac</load_address>
         <run_address>0x20003dac</run_address>
         <size>0x4</size>
         <input_file_ref idref="fl-13"/>
      </object_component>
      <object_component id="oc-28a">
         <name>.data</name>
         <load_address>0x20003da4</load_address>
         <run_address>0x20003da4</run_address>
         <size>0x4</size>
         <input_file_ref idref="fl-cd"/>
      </object_component>
      <object_component id="oc-238">
         <name>.data:$O1$$</name>
         <load_address>0x20003d58</load_address>
         <run_address>0x20003d58</run_address>
         <size>0xc</size>
         <input_file_ref idref="fl-d3"/>
      </object_component>
      <object_component id="oc-23b">
         <name>.data:$O1$$</name>
         <load_address>0x20003d80</load_address>
         <run_address>0x20003d80</run_address>
         <size>0x8</size>
         <input_file_ref idref="fl-d4"/>
      </object_component>
      <object_component id="oc-1bd">
         <name>.data:_ftable</name>
         <load_address>0x20003aa8</load_address>
         <run_address>0x20003aa8</run_address>
         <size>0xf0</size>
         <input_file_ref idref="fl-d5"/>
      </object_component>
      <object_component id="oc-28b">
         <name>.data</name>
         <load_address>0x20003d38</load_address>
         <run_address>0x20003d38</run_address>
         <size>0x10</size>
         <input_file_ref idref="fl-d5"/>
      </object_component>
      <object_component id="oc-3ef">
         <name>.data:$O1$$</name>
         <load_address>0x20003d88</load_address>
         <run_address>0x20003d88</run_address>
         <size>0x8</size>
         <input_file_ref idref="fl-d6"/>
      </object_component>
      <object_component id="oc-3db">
         <name>.data</name>
         <load_address>0x20003da8</load_address>
         <run_address>0x20003da8</run_address>
         <size>0x4</size>
         <input_file_ref idref="fl-d7"/>
      </object_component>
      <object_component id="oc-27e">
         <name>.data</name>
         <load_address>0x20003da0</load_address>
         <run_address>0x20003da0</run_address>
         <size>0x4</size>
         <input_file_ref idref="fl-d8"/>
      </object_component>
      <object_component id="oc-27f">
         <name>.data:_device</name>
         <load_address>0x20003b98</load_address>
         <run_address>0x20003b98</run_address>
         <size>0x78</size>
         <input_file_ref idref="fl-e6"/>
      </object_component>
      <object_component id="oc-3dc">
         <name>.data:_stream</name>
         <load_address>0x20003c10</load_address>
         <run_address>0x20003c10</run_address>
         <size>0x50</size>
         <input_file_ref idref="fl-e6"/>
      </object_component>
      <object_component id="oc-3ff">
         <name>.bss:_CIOBUF_</name>
         <uninitialized>true</uninitialized>
         <run_address>0x200031f8</run_address>
         <size>0x120</size>
         <input_file_ref idref="fl-f1"/>
      </object_component>
      <object_component id="oc-1d6">
         <name>.common:RecvBuf</name>
         <uninitialized>true</uninitialized>
         <run_address>0x20003558</run_address>
         <size>0x80</size>
      </object_component>
      <object_component id="oc-1d2">
         <name>.common:fcserr</name>
         <uninitialized>true</uninitialized>
         <run_address>0x20003688</run_address>
         <size>0x4</size>
      </object_component>
      <object_component id="oc-1da">
         <name>.common:TimeOutErr</name>
         <uninitialized>true</uninitialized>
         <run_address>0x20003680</run_address>
         <size>0x4</size>
      </object_component>
      <object_component id="oc-1d5">
         <name>.common:NoSOFErr</name>
         <uninitialized>true</uninitialized>
         <run_address>0x20003658</run_address>
         <size>0x4</size>
      </object_component>
      <object_component id="oc-1eb">
         <name>.common:CharacteristicList</name>
         <uninitialized>true</uninitialized>
         <run_address>0x20003418</run_address>
         <size>0xa0</size>
      </object_component>
      <object_component id="oc-1db">
         <name>.common:NotifyCharacteristicList</name>
         <uninitialized>true</uninitialized>
         <run_address>0x200035d8</run_address>
         <size>0x50</size>
      </object_component>
      <object_component id="oc-219">
         <name>.common:Size</name>
         <uninitialized>true</uninitialized>
         <run_address>0x20003678</run_address>
         <size>0x4</size>
      </object_component>
      <object_component id="oc-218">
         <name>.common:x</name>
         <uninitialized>true</uninitialized>
         <run_address>0x20000000</run_address>
         <size>0x1000</size>
      </object_component>
      <object_component id="oc-215">
         <name>.common:Pt</name>
         <uninitialized>true</uninitialized>
         <run_address>0x2000365c</run_address>
         <size>0x4</size>
      </object_component>
      <object_component id="oc-21b">
         <name>.common:I1</name>
         <uninitialized>true</uninitialized>
         <run_address>0x20003640</run_address>
         <size>0x4</size>
      </object_component>
      <object_component id="oc-21a">
         <name>.common:LPFSum</name>
         <uninitialized>true</uninitialized>
         <run_address>0x20003644</run_address>
         <size>0x4</size>
      </object_component>
      <object_component id="oc-21d">
         <name>.common:x2</name>
         <uninitialized>true</uninitialized>
         <run_address>0x20001000</run_address>
         <size>0x1000</size>
      </object_component>
      <object_component id="oc-21c">
         <name>.common:Pt2</name>
         <uninitialized>true</uninitialized>
         <run_address>0x20003660</run_address>
         <size>0x4</size>
      </object_component>
      <object_component id="oc-21e">
         <name>.common:LPFSum2</name>
         <uninitialized>true</uninitialized>
         <run_address>0x20003648</run_address>
         <size>0x4</size>
      </object_component>
      <object_component id="oc-220">
         <name>.common:x3</name>
         <uninitialized>true</uninitialized>
         <run_address>0x20002000</run_address>
         <size>0x1000</size>
      </object_component>
      <object_component id="oc-21f">
         <name>.common:Pt3</name>
         <uninitialized>true</uninitialized>
         <run_address>0x20003664</run_address>
         <size>0x4</size>
      </object_component>
      <object_component id="oc-221">
         <name>.common:LPFSum3</name>
         <uninitialized>true</uninitialized>
         <run_address>0x2000364c</run_address>
         <size>0x4</size>
      </object_component>
      <object_component id="oc-224">
         <name>.common:u1</name>
         <uninitialized>true</uninitialized>
         <run_address>0x20003698</run_address>
         <size>0x4</size>
      </object_component>
      <object_component id="oc-223">
         <name>.common:u2</name>
         <uninitialized>true</uninitialized>
         <run_address>0x2000369c</run_address>
         <size>0x4</size>
      </object_component>
      <object_component id="oc-222">
         <name>.common:u3</name>
         <uninitialized>true</uninitialized>
         <run_address>0x200036a0</run_address>
         <size>0x4</size>
      </object_component>
      <object_component id="oc-140">
         <name>.common:Switch1</name>
         <uninitialized>true</uninitialized>
         <run_address>0x200036a4</run_address>
         <size>0x2</size>
      </object_component>
      <object_component id="oc-141">
         <name>.common:Switch2</name>
         <uninitialized>true</uninitialized>
         <run_address>0x2000367c</run_address>
         <size>0x4</size>
      </object_component>
      <object_component id="oc-13f">
         <name>.common:Left</name>
         <uninitialized>true</uninitialized>
         <run_address>0x20003650</run_address>
         <size>0x4</size>
      </object_component>
      <object_component id="oc-130">
         <name>.common:Center</name>
         <uninitialized>true</uninitialized>
         <run_address>0x2000363c</run_address>
         <size>0x4</size>
      </object_component>
      <object_component id="oc-13e">
         <name>.common:Right</name>
         <uninitialized>true</uninitialized>
         <run_address>0x20003668</run_address>
         <size>0x4</size>
      </object_component>
      <object_component id="oc-12b">
         <name>.common:nr</name>
         <uninitialized>true</uninitialized>
         <run_address>0x20003694</run_address>
         <size>0x4</size>
      </object_component>
      <object_component id="oc-12e">
         <name>.common:nc</name>
         <uninitialized>true</uninitialized>
         <run_address>0x2000368c</run_address>
         <size>0x4</size>
      </object_component>
      <object_component id="oc-12f">
         <name>.common:nl</name>
         <uninitialized>true</uninitialized>
         <run_address>0x20003690</run_address>
         <size>0x4</size>
      </object_component>
      <object_component id="oc-131">
         <name>.common:ADCflag</name>
         <uninitialized>true</uninitialized>
         <run_address>0x20003638</run_address>
         <size>0x4</size>
      </object_component>
      <object_component id="oc-230">
         <name>.common:Screen</name>
         <uninitialized>true</uninitialized>
         <run_address>0x20003000</run_address>
         <size>0x1f8</size>
      </object_component>
      <object_component id="oc-bf">
         <name>.common:TimerA1Task</name>
         <uninitialized>true</uninitialized>
         <run_address>0x20003684</run_address>
         <size>0x4</size>
      </object_component>
      <object_component id="oc-1a4">
         <name>.common:Messageindexb</name>
         <uninitialized>true</uninitialized>
         <run_address>0x20003654</run_address>
         <size>0x4</size>
      </object_component>
      <object_component id="oc-1a1">
         <name>.common:Messageb</name>
         <uninitialized>true</uninitialized>
         <run_address>0x20003628</run_address>
         <size>0x8</size>
      </object_component>
      <object_component id="oc-c8">
         <name>.common:RxPutI</name>
         <uninitialized>true</uninitialized>
         <run_address>0x20003674</run_address>
         <size>0x4</size>
      </object_component>
      <object_component id="oc-cb">
         <name>.common:RxGetI</name>
         <uninitialized>true</uninitialized>
         <run_address>0x20003670</run_address>
         <size>0x4</size>
      </object_component>
      <object_component id="oc-cc">
         <name>.common:RxFifoLost</name>
         <uninitialized>true</uninitialized>
         <run_address>0x2000366c</run_address>
         <size>0x4</size>
      </object_component>
      <object_component id="oc-cd">
         <name>.common:RxFIFO</name>
         <uninitialized>true</uninitialized>
         <run_address>0x20003318</run_address>
         <size>0x100</size>
      </object_component>
      <object_component id="oc-375">
         <name>.common:__TI_tmpnams</name>
         <uninitialized>true</uninitialized>
         <run_address>0x200034b8</run_address>
         <size>0xa0</size>
      </object_component>
      <object_component id="oc-3b8">
         <name>.common:parmbuf</name>
         <uninitialized>true</uninitialized>
         <run_address>0x20003630</run_address>
         <size>0x8</size>
      </object_component>
      <object_component id="oc-29">
         <name>.sysmem</name>
         <uninitialized>true</uninitialized>
         <run_address>0x200036a8</run_address>
         <size>0x10</size>
         <input_file_ref idref="fl-d6"/>
      </object_component>
      <object_component id="oc-46e">
         <name>.sysmem</name>
         <uninitialized>true</uninitialized>
         <run_address>0x200036a8</run_address>
         <size>0x0</size>
      </object_component>
      <object_component id="oc-2c">
         <name>.stack</name>
         <uninitialized>true</uninitialized>
         <run_address>0x2000fe00</run_address>
         <size>0x4</size>
         <input_file_ref idref="fl-d9"/>
      </object_component>
      <object_component id="oc-46d">
         <name>.stack</name>
         <uninitialized>true</uninitialized>
         <run_address>0x2000fe00</run_address>
         <size>0x0</size>
      </object_component>
      <object_component id="oc-198">
         <name>.debug_info</name>
         <load_address>0x0</load_address>
         <run_address>0x0</run_address>
         <size>0x54a</size>
         <input_file_ref idref="fl-2"/>
      </object_component>
      <object_component id="oc-11a">
         <name>.debug_info</name>
         <load_address>0x54a</load_address>
         <run_address>0x54a</run_address>
         <size>0xb50</size>
         <input_file_ref idref="fl-2"/>
      </object_component>
      <object_component id="oc-187">
         <name>.debug_info</name>
         <load_address>0x109a</load_address>
         <run_address>0x109a</run_address>
         <size>0x37e2</size>
         <input_file_ref idref="fl-2"/>
      </object_component>
      <object_component id="oc-d1">
         <name>.debug_info</name>
         <load_address>0x487c</load_address>
         <run_address>0x487c</run_address>
         <size>0x26b</size>
         <input_file_ref idref="fl-2"/>
      </object_component>
      <object_component id="oc-18c">
         <name>.debug_info</name>
         <load_address>0x4ae7</load_address>
         <run_address>0x4ae7</run_address>
         <size>0x1055</size>
         <input_file_ref idref="fl-2"/>
      </object_component>
      <object_component id="oc-35">
         <name>.debug_info</name>
         <load_address>0x5b3c</load_address>
         <run_address>0x5b3c</run_address>
         <size>0x84</size>
         <input_file_ref idref="fl-2"/>
      </object_component>
      <object_component id="oc-191">
         <name>.debug_info</name>
         <load_address>0x5bc0</load_address>
         <run_address>0x5bc0</run_address>
         <size>0x2a4</size>
         <input_file_ref idref="fl-2"/>
      </object_component>
      <object_component id="oc-c3">
         <name>.debug_info</name>
         <load_address>0x5e64</load_address>
         <run_address>0x5e64</run_address>
         <size>0xbb</size>
         <input_file_ref idref="fl-2"/>
      </object_component>
      <object_component id="oc-1d3">
         <name>.debug_info</name>
         <load_address>0x5f1f</load_address>
         <run_address>0x5f1f</run_address>
         <size>0x8dd</size>
         <input_file_ref idref="fl-3"/>
      </object_component>
      <object_component id="oc-1d8">
         <name>.debug_info</name>
         <load_address>0x67fc</load_address>
         <run_address>0x67fc</run_address>
         <size>0x106</size>
         <input_file_ref idref="fl-3"/>
      </object_component>
      <object_component id="oc-202">
         <name>.debug_info</name>
         <load_address>0x6902</load_address>
         <run_address>0x6902</run_address>
         <size>0xf4</size>
         <input_file_ref idref="fl-3"/>
      </object_component>
      <object_component id="oc-205">
         <name>.debug_info</name>
         <load_address>0x69f6</load_address>
         <run_address>0x69f6</run_address>
         <size>0xf6</size>
         <input_file_ref idref="fl-3"/>
      </object_component>
      <object_component id="oc-1dd">
         <name>.debug_info</name>
         <load_address>0x6aec</load_address>
         <run_address>0x6aec</run_address>
         <size>0xf6</size>
         <input_file_ref idref="fl-3"/>
      </object_component>
      <object_component id="oc-1e0">
         <name>.debug_info</name>
         <load_address>0x6be2</load_address>
         <run_address>0x6be2</run_address>
         <size>0xf2</size>
         <input_file_ref idref="fl-3"/>
      </object_component>
      <object_component id="oc-1f3">
         <name>.debug_info</name>
         <load_address>0x6cd4</load_address>
         <run_address>0x6cd4</run_address>
         <size>0x104</size>
         <input_file_ref idref="fl-3"/>
      </object_component>
      <object_component id="oc-1f0">
         <name>.debug_info</name>
         <load_address>0x6dd8</load_address>
         <run_address>0x6dd8</run_address>
         <size>0x104</size>
         <input_file_ref idref="fl-3"/>
      </object_component>
      <object_component id="oc-1fc">
         <name>.debug_info</name>
         <load_address>0x6edc</load_address>
         <run_address>0x6edc</run_address>
         <size>0x10e</size>
         <input_file_ref idref="fl-3"/>
      </object_component>
      <object_component id="oc-1f6">
         <name>.debug_info</name>
         <load_address>0x6fea</load_address>
         <run_address>0x6fea</run_address>
         <size>0x10a</size>
         <input_file_ref idref="fl-3"/>
      </object_component>
      <object_component id="oc-1ff">
         <name>.debug_info</name>
         <load_address>0x70f4</load_address>
         <run_address>0x70f4</run_address>
         <size>0x114</size>
         <input_file_ref idref="fl-3"/>
      </object_component>
      <object_component id="oc-1f9">
         <name>.debug_info</name>
         <load_address>0x7208</load_address>
         <run_address>0x7208</run_address>
         <size>0x106</size>
         <input_file_ref idref="fl-3"/>
      </object_component>
      <object_component id="oc-20b">
         <name>.debug_info</name>
         <load_address>0x730e</load_address>
         <run_address>0x730e</run_address>
         <size>0x102</size>
         <input_file_ref idref="fl-3"/>
      </object_component>
      <object_component id="oc-208">
         <name>.debug_info</name>
         <load_address>0x7410</load_address>
         <run_address>0x7410</run_address>
         <size>0x104</size>
         <input_file_ref idref="fl-3"/>
      </object_component>
      <object_component id="oc-20e">
         <name>.debug_info</name>
         <load_address>0x7514</load_address>
         <run_address>0x7514</run_address>
         <size>0x110</size>
         <input_file_ref idref="fl-3"/>
      </object_component>
      <object_component id="oc-1ed">
         <name>.debug_info</name>
         <load_address>0x7624</load_address>
         <run_address>0x7624</run_address>
         <size>0x116</size>
         <input_file_ref idref="fl-3"/>
      </object_component>
      <object_component id="oc-1e6">
         <name>.debug_info</name>
         <load_address>0x773a</load_address>
         <run_address>0x773a</run_address>
         <size>0xfa</size>
         <input_file_ref idref="fl-3"/>
      </object_component>
      <object_component id="oc-1e9">
         <name>.debug_info</name>
         <load_address>0x7834</load_address>
         <run_address>0x7834</run_address>
         <size>0x105</size>
         <input_file_ref idref="fl-3"/>
      </object_component>
      <object_component id="oc-1e3">
         <name>.debug_info</name>
         <load_address>0x7939</load_address>
         <run_address>0x7939</run_address>
         <size>0x145</size>
         <input_file_ref idref="fl-3"/>
      </object_component>
      <object_component id="oc-10b">
         <name>.debug_info</name>
         <load_address>0x7a7e</load_address>
         <run_address>0x7a7e</run_address>
         <size>0x1afa</size>
         <input_file_ref idref="fl-3"/>
      </object_component>
      <object_component id="oc-2bc">
         <name>.debug_info</name>
         <load_address>0x9578</load_address>
         <run_address>0x9578</run_address>
         <size>0x155</size>
         <input_file_ref idref="fl-3"/>
      </object_component>
      <object_component id="oc-105">
         <name>.debug_info</name>
         <load_address>0x96cd</load_address>
         <run_address>0x96cd</run_address>
         <size>0x1eb</size>
         <input_file_ref idref="fl-4"/>
      </object_component>
      <object_component id="oc-22a">
         <name>.debug_info</name>
         <load_address>0x98b8</load_address>
         <run_address>0x98b8</run_address>
         <size>0x1a0</size>
         <input_file_ref idref="fl-5"/>
      </object_component>
      <object_component id="oc-133">
         <name>.debug_info</name>
         <load_address>0x9a58</load_address>
         <run_address>0x9a58</run_address>
         <size>0x3fa</size>
         <input_file_ref idref="fl-5"/>
      </object_component>
      <object_component id="oc-111">
         <name>.debug_info</name>
         <load_address>0x9e52</load_address>
         <run_address>0x9e52</run_address>
         <size>0x3bb</size>
         <input_file_ref idref="fl-6"/>
      </object_component>
      <object_component id="oc-1cd">
         <name>.debug_info</name>
         <load_address>0xa20d</load_address>
         <run_address>0xa20d</run_address>
         <size>0x156</size>
         <input_file_ref idref="fl-7"/>
      </object_component>
      <object_component id="oc-126">
         <name>.debug_info</name>
         <load_address>0xa363</load_address>
         <run_address>0xa363</run_address>
         <size>0x2f5</size>
         <input_file_ref idref="fl-8"/>
      </object_component>
      <object_component id="oc-216">
         <name>.debug_info</name>
         <load_address>0xa658</load_address>
         <run_address>0xa658</run_address>
         <size>0x6a0</size>
         <input_file_ref idref="fl-9"/>
      </object_component>
      <object_component id="oc-120">
         <name>.debug_info</name>
         <load_address>0xacf8</load_address>
         <run_address>0xacf8</run_address>
         <size>0xb77</size>
         <input_file_ref idref="fl-9"/>
      </object_component>
      <object_component id="oc-12c">
         <name>.debug_info</name>
         <load_address>0xb86f</load_address>
         <run_address>0xb86f</run_address>
         <size>0xe70</size>
         <input_file_ref idref="fl-a"/>
      </object_component>
      <object_component id="oc-117">
         <name>.debug_info</name>
         <load_address>0xc6df</load_address>
         <run_address>0xc6df</run_address>
         <size>0x14c</size>
         <input_file_ref idref="fl-a"/>
      </object_component>
      <object_component id="oc-a7">
         <name>.debug_info</name>
         <load_address>0xc82b</load_address>
         <run_address>0xc82b</run_address>
         <size>0xfd4</size>
         <input_file_ref idref="fl-a"/>
      </object_component>
      <object_component id="oc-f3">
         <name>.debug_info</name>
         <load_address>0xd7ff</load_address>
         <run_address>0xd7ff</run_address>
         <size>0x382</size>
         <input_file_ref idref="fl-b"/>
      </object_component>
      <object_component id="oc-f9">
         <name>.debug_info</name>
         <load_address>0xdb81</load_address>
         <run_address>0xdb81</run_address>
         <size>0x6ec</size>
         <input_file_ref idref="fl-c"/>
      </object_component>
      <object_component id="oc-231">
         <name>.debug_info</name>
         <load_address>0xe26d</load_address>
         <run_address>0xe26d</run_address>
         <size>0x5db</size>
         <input_file_ref idref="fl-d"/>
      </object_component>
      <object_component id="oc-22e">
         <name>.debug_info</name>
         <load_address>0xe848</load_address>
         <run_address>0xe848</run_address>
         <size>0xea</size>
         <input_file_ref idref="fl-d"/>
      </object_component>
      <object_component id="oc-234">
         <name>.debug_info</name>
         <load_address>0xe932</load_address>
         <run_address>0xe932</run_address>
         <size>0xec</size>
         <input_file_ref idref="fl-d"/>
      </object_component>
      <object_component id="oc-139">
         <name>.debug_info</name>
         <load_address>0xea1e</load_address>
         <run_address>0xea1e</run_address>
         <size>0x19d6</size>
         <input_file_ref idref="fl-d"/>
      </object_component>
      <object_component id="oc-26d">
         <name>.debug_info</name>
         <load_address>0x103f4</load_address>
         <run_address>0x103f4</run_address>
         <size>0xcc</size>
         <input_file_ref idref="fl-d"/>
      </object_component>
      <object_component id="oc-19b">
         <name>.debug_info</name>
         <load_address>0x104c0</load_address>
         <run_address>0x104c0</run_address>
         <size>0xb74</size>
         <input_file_ref idref="fl-e"/>
      </object_component>
      <object_component id="oc-c0">
         <name>.debug_info</name>
         <load_address>0x11034</load_address>
         <run_address>0x11034</run_address>
         <size>0x575</size>
         <input_file_ref idref="fl-f"/>
      </object_component>
      <object_component id="oc-71">
         <name>.debug_info</name>
         <load_address>0x115a9</load_address>
         <run_address>0x115a9</run_address>
         <size>0x2e0</size>
         <input_file_ref idref="fl-f"/>
      </object_component>
      <object_component id="oc-1a2">
         <name>.debug_info</name>
         <load_address>0x11889</load_address>
         <run_address>0x11889</run_address>
         <size>0x79d</size>
         <input_file_ref idref="fl-10"/>
      </object_component>
      <object_component id="oc-ff">
         <name>.debug_info</name>
         <load_address>0x12026</load_address>
         <run_address>0x12026</run_address>
         <size>0x1c84</size>
         <input_file_ref idref="fl-10"/>
      </object_component>
      <object_component id="oc-25e">
         <name>.debug_info</name>
         <load_address>0x13caa</load_address>
         <run_address>0x13caa</run_address>
         <size>0x37e2</size>
         <input_file_ref idref="fl-10"/>
      </object_component>
      <object_component id="oc-268">
         <name>.debug_info</name>
         <load_address>0x1748c</load_address>
         <run_address>0x1748c</run_address>
         <size>0x26b</size>
         <input_file_ref idref="fl-10"/>
      </object_component>
      <object_component id="oc-263">
         <name>.debug_info</name>
         <load_address>0x176f7</load_address>
         <run_address>0x176f7</run_address>
         <size>0x1055</size>
         <input_file_ref idref="fl-10"/>
      </object_component>
      <object_component id="oc-2b4">
         <name>.debug_info</name>
         <load_address>0x1874c</load_address>
         <run_address>0x1874c</run_address>
         <size>0x297</size>
         <input_file_ref idref="fl-10"/>
      </object_component>
      <object_component id="oc-1c1">
         <name>.debug_info</name>
         <load_address>0x189e3</load_address>
         <run_address>0x189e3</run_address>
         <size>0xbb</size>
         <input_file_ref idref="fl-10"/>
      </object_component>
      <object_component id="oc-1c6">
         <name>.debug_info</name>
         <load_address>0x18a9e</load_address>
         <run_address>0x18a9e</run_address>
         <size>0x2c</size>
         <input_file_ref idref="fl-10"/>
      </object_component>
      <object_component id="oc-c9">
         <name>.debug_info</name>
         <load_address>0x18aca</load_address>
         <run_address>0x18aca</run_address>
         <size>0x5d5</size>
         <input_file_ref idref="fl-11"/>
      </object_component>
      <object_component id="oc-77">
         <name>.debug_info</name>
         <load_address>0x1909f</load_address>
         <run_address>0x1909f</run_address>
         <size>0x8ca</size>
         <input_file_ref idref="fl-11"/>
      </object_component>
      <object_component id="oc-7e">
         <name>.debug_info</name>
         <load_address>0x19969</load_address>
         <run_address>0x19969</run_address>
         <size>0x2c4</size>
         <input_file_ref idref="fl-12"/>
      </object_component>
      <object_component id="oc-27">
         <name>.debug_info</name>
         <load_address>0x19c2d</load_address>
         <run_address>0x19c2d</run_address>
         <size>0xf0</size>
         <input_file_ref idref="fl-12"/>
      </object_component>
      <object_component id="oc-6b">
         <name>.debug_info</name>
         <load_address>0x19d1d</load_address>
         <run_address>0x19d1d</run_address>
         <size>0x1b7</size>
         <input_file_ref idref="fl-12"/>
      </object_component>
      <object_component id="oc-182">
         <name>.debug_info</name>
         <load_address>0x19ed4</load_address>
         <run_address>0x19ed4</run_address>
         <size>0xe9</size>
         <input_file_ref idref="fl-13"/>
      </object_component>
      <object_component id="oc-b9">
         <name>.debug_info</name>
         <load_address>0x19fbd</load_address>
         <run_address>0x19fbd</run_address>
         <size>0x25b</size>
         <input_file_ref idref="fl-13"/>
      </object_component>
      <object_component id="oc-28f">
         <name>.debug_info</name>
         <load_address>0x1a218</load_address>
         <run_address>0x1a218</run_address>
         <size>0x3f5</size>
         <input_file_ref idref="fl-cd"/>
      </object_component>
      <object_component id="oc-288">
         <name>.debug_info</name>
         <load_address>0x1a60d</load_address>
         <run_address>0x1a60d</run_address>
         <size>0x20e</size>
         <input_file_ref idref="fl-cd"/>
      </object_component>
      <object_component id="oc-2a7">
         <name>.debug_info</name>
         <load_address>0x1a81b</load_address>
         <run_address>0x1a81b</run_address>
         <size>0x176</size>
         <input_file_ref idref="fl-cd"/>
      </object_component>
      <object_component id="oc-1b5">
         <name>.debug_info</name>
         <load_address>0x1a991</load_address>
         <run_address>0x1a991</run_address>
         <size>0x1e4</size>
         <input_file_ref idref="fl-cd"/>
      </object_component>
      <object_component id="oc-1af">
         <name>.debug_info</name>
         <load_address>0x1ab75</load_address>
         <run_address>0x1ab75</run_address>
         <size>0x1cd</size>
         <input_file_ref idref="fl-cd"/>
      </object_component>
      <object_component id="oc-d8">
         <name>.debug_info</name>
         <load_address>0x1ad42</load_address>
         <run_address>0x1ad42</run_address>
         <size>0x2c</size>
         <input_file_ref idref="fl-cd"/>
      </object_component>
      <object_component id="oc-35e">
         <name>.debug_info</name>
         <load_address>0x1ad6e</load_address>
         <run_address>0x1ad6e</run_address>
         <size>0xb2</size>
         <input_file_ref idref="fl-cd"/>
      </object_component>
      <object_component id="oc-2aa">
         <name>.debug_info</name>
         <load_address>0x1ae20</load_address>
         <run_address>0x1ae20</run_address>
         <size>0x374</size>
         <input_file_ref idref="fl-ce"/>
      </object_component>
      <object_component id="oc-1b9">
         <name>.debug_info</name>
         <load_address>0x1b194</load_address>
         <run_address>0x1b194</run_address>
         <size>0x20b</size>
         <input_file_ref idref="fl-ce"/>
      </object_component>
      <object_component id="oc-2ab">
         <name>.debug_info</name>
         <load_address>0x1b39f</load_address>
         <run_address>0x1b39f</run_address>
         <size>0xbf</size>
         <input_file_ref idref="fl-ce"/>
      </object_component>
      <object_component id="oc-9c">
         <name>.debug_info</name>
         <load_address>0x1b45e</load_address>
         <run_address>0x1b45e</run_address>
         <size>0x147</size>
         <input_file_ref idref="fl-cf"/>
      </object_component>
      <object_component id="oc-99">
         <name>.debug_info</name>
         <load_address>0x1b5a5</load_address>
         <run_address>0x1b5a5</run_address>
         <size>0x2d4</size>
         <input_file_ref idref="fl-d0"/>
      </object_component>
      <object_component id="oc-4d">
         <name>.debug_info</name>
         <load_address>0x1b879</load_address>
         <run_address>0x1b879</run_address>
         <size>0x1b5</size>
         <input_file_ref idref="fl-d0"/>
      </object_component>
      <object_component id="oc-94">
         <name>.debug_info</name>
         <load_address>0x1ba2e</load_address>
         <run_address>0x1ba2e</run_address>
         <size>0x46</size>
         <input_file_ref idref="fl-d0"/>
      </object_component>
      <object_component id="oc-e9">
         <name>.debug_info</name>
         <load_address>0x1ba74</load_address>
         <run_address>0x1ba74</run_address>
         <size>0x2c</size>
         <input_file_ref idref="fl-d0"/>
      </object_component>
      <object_component id="oc-45">
         <name>.debug_info</name>
         <load_address>0x1baa0</load_address>
         <run_address>0x1baa0</run_address>
         <size>0x2a8</size>
         <input_file_ref idref="fl-d1"/>
      </object_component>
      <object_component id="oc-1e">
         <name>.debug_info</name>
         <load_address>0x1bd48</load_address>
         <run_address>0x1bd48</run_address>
         <size>0x1ea</size>
         <input_file_ref idref="fl-d1"/>
      </object_component>
      <object_component id="oc-40">
         <name>.debug_info</name>
         <load_address>0x1bf32</load_address>
         <run_address>0x1bf32</run_address>
         <size>0x46</size>
         <input_file_ref idref="fl-d1"/>
      </object_component>
      <object_component id="oc-8c">
         <name>.debug_info</name>
         <load_address>0x1bf78</load_address>
         <run_address>0x1bf78</run_address>
         <size>0x2c</size>
         <input_file_ref idref="fl-d1"/>
      </object_component>
      <object_component id="oc-8a">
         <name>.debug_info</name>
         <load_address>0x1bfa4</load_address>
         <run_address>0x1bfa4</run_address>
         <size>0x29e</size>
         <input_file_ref idref="fl-d2"/>
      </object_component>
      <object_component id="oc-1b">
         <name>.debug_info</name>
         <load_address>0x1c242</load_address>
         <run_address>0x1c242</run_address>
         <size>0x250</size>
         <input_file_ref idref="fl-d2"/>
      </object_component>
      <object_component id="oc-30">
         <name>.debug_info</name>
         <load_address>0x1c492</load_address>
         <run_address>0x1c492</run_address>
         <size>0x60</size>
         <input_file_ref idref="fl-d2"/>
      </object_component>
      <object_component id="oc-e2">
         <name>.debug_info</name>
         <load_address>0x1c4f2</load_address>
         <run_address>0x1c4f2</run_address>
         <size>0x46</size>
         <input_file_ref idref="fl-d2"/>
      </object_component>
      <object_component id="oc-85">
         <name>.debug_info</name>
         <load_address>0x1c538</load_address>
         <run_address>0x1c538</run_address>
         <size>0x39</size>
         <input_file_ref idref="fl-d2"/>
      </object_component>
      <object_component id="oc-23f">
         <name>.debug_info</name>
         <load_address>0x1c571</load_address>
         <run_address>0x1c571</run_address>
         <size>0x3ad</size>
         <input_file_ref idref="fl-d3"/>
      </object_component>
      <object_component id="oc-239">
         <name>.debug_info</name>
         <load_address>0x1c91e</load_address>
         <run_address>0x1c91e</run_address>
         <size>0x190</size>
         <input_file_ref idref="fl-d3"/>
      </object_component>
      <object_component id="oc-147">
         <name>.debug_info</name>
         <load_address>0x1caae</load_address>
         <run_address>0x1caae</run_address>
         <size>0x122</size>
         <input_file_ref idref="fl-d3"/>
      </object_component>
      <object_component id="oc-14d">
         <name>.debug_info</name>
         <load_address>0x1cbd0</load_address>
         <run_address>0x1cbd0</run_address>
         <size>0x184</size>
         <input_file_ref idref="fl-d3"/>
      </object_component>
      <object_component id="oc-2f9">
         <name>.debug_info</name>
         <load_address>0x1cd54</load_address>
         <run_address>0x1cd54</run_address>
         <size>0x2c9</size>
         <input_file_ref idref="fl-d4"/>
      </object_component>
      <object_component id="oc-23c">
         <name>.debug_info</name>
         <load_address>0x1d01d</load_address>
         <run_address>0x1d01d</run_address>
         <size>0x11e</size>
         <input_file_ref idref="fl-d4"/>
      </object_component>
      <object_component id="oc-2f2">
         <name>.debug_info</name>
         <load_address>0x1d13b</load_address>
         <run_address>0x1d13b</run_address>
         <size>0x12e</size>
         <input_file_ref idref="fl-d4"/>
      </object_component>
      <object_component id="oc-2b2">
         <name>.debug_info</name>
         <load_address>0x1d269</load_address>
         <run_address>0x1d269</run_address>
         <size>0x144</size>
         <input_file_ref idref="fl-d5"/>
      </object_component>
      <object_component id="oc-1be">
         <name>.debug_info</name>
         <load_address>0x1d3ad</load_address>
         <run_address>0x1d3ad</run_address>
         <size>0x102</size>
         <input_file_ref idref="fl-d5"/>
      </object_component>
      <object_component id="oc-28c">
         <name>.debug_info</name>
         <load_address>0x1d4af</load_address>
         <run_address>0x1d4af</run_address>
         <size>0x18f</size>
         <input_file_ref idref="fl-d5"/>
      </object_component>
      <object_component id="oc-81">
         <name>.debug_info</name>
         <load_address>0x1d63e</load_address>
         <run_address>0x1d63e</run_address>
         <size>0x3b2</size>
         <input_file_ref idref="fl-d6"/>
      </object_component>
      <object_component id="oc-2a">
         <name>.debug_info</name>
         <load_address>0x1d9f0</load_address>
         <run_address>0x1d9f0</run_address>
         <size>0x10c</size>
         <input_file_ref idref="fl-d6"/>
      </object_component>
      <object_component id="oc-3f0">
         <name>.debug_info</name>
         <load_address>0x1dafc</load_address>
         <run_address>0x1dafc</run_address>
         <size>0x13f</size>
         <input_file_ref idref="fl-d6"/>
      </object_component>
      <object_component id="oc-2a1">
         <name>.debug_info</name>
         <load_address>0x1dc3b</load_address>
         <run_address>0x1dc3b</run_address>
         <size>0x168</size>
         <input_file_ref idref="fl-d6"/>
      </object_component>
      <object_component id="oc-37b">
         <name>.debug_info</name>
         <load_address>0x1dda3</load_address>
         <run_address>0x1dda3</run_address>
         <size>0x18e</size>
         <input_file_ref idref="fl-d6"/>
      </object_component>
      <object_component id="oc-381">
         <name>.debug_info</name>
         <load_address>0x1df31</load_address>
         <run_address>0x1df31</run_address>
         <size>0x19f</size>
         <input_file_ref idref="fl-d6"/>
      </object_component>
      <object_component id="oc-29b">
         <name>.debug_info</name>
         <load_address>0x1e0d0</load_address>
         <run_address>0x1e0d0</run_address>
         <size>0x203</size>
         <input_file_ref idref="fl-d6"/>
      </object_component>
      <object_component id="oc-3f7">
         <name>.debug_info</name>
         <load_address>0x1e2d3</load_address>
         <run_address>0x1e2d3</run_address>
         <size>0x1db</size>
         <input_file_ref idref="fl-d6"/>
      </object_component>
      <object_component id="oc-389">
         <name>.debug_info</name>
         <load_address>0x1e4ae</load_address>
         <run_address>0x1e4ae</run_address>
         <size>0x299</size>
         <input_file_ref idref="fl-d6"/>
      </object_component>
      <object_component id="oc-dd">
         <name>.debug_info</name>
         <load_address>0x1e747</load_address>
         <run_address>0x1e747</run_address>
         <size>0xb2</size>
         <input_file_ref idref="fl-d6"/>
      </object_component>
      <object_component id="oc-3e0">
         <name>.debug_info</name>
         <load_address>0x1e7f9</load_address>
         <run_address>0x1e7f9</run_address>
         <size>0x402</size>
         <input_file_ref idref="fl-d7"/>
      </object_component>
      <object_component id="oc-357">
         <name>.debug_info</name>
         <load_address>0x1ebfb</load_address>
         <run_address>0x1ebfb</run_address>
         <size>0x245</size>
         <input_file_ref idref="fl-d7"/>
      </object_component>
      <object_component id="oc-3d0">
         <name>.debug_info</name>
         <load_address>0x1ee40</load_address>
         <run_address>0x1ee40</run_address>
         <size>0x120</size>
[...]
         <name>UART1_InitB</name>
         <value>0x3d7b</value>
         <object_component_ref idref="oc-76"/>
      </symbol>
      <symbol id="sm-656">
         <name>UART1_InChar</name>
         <value>0x3ddb</value>
         <object_component_ref idref="oc-76"/>
      </symbol>
      <symbol id="sm-657">
         <name>UART1_InStatus</name>
         <value>0x3d0f</value>
         <object_component_ref idref="oc-76"/>
      </symbol>
      <symbol id="sm-658">
         <name>EUSCIA2_IRQHandler</name>
         <value>0x3e1d</value>
         <object_component_ref idref="oc-76"/>
      </symbol>
      <symbol id="sm-659">
         <name>UART1_OutString</name>
         <value>0x3e33</value>
         <object_component_ref idref="oc-76"/>
      </symbol>
      <symbol id="sm-65a">
         <name>RxFifo_Put</name>
         <value>0x3c93</value>
         <object_component_ref idref="oc-76"/>
      </symbol>
      <symbol id="sm-65b">
         <name>UART1_Init</name>
         <value>0x3d1f</value>
         <object_component_ref idref="oc-76"/>
      </symbol>
      <symbol id="sm-65c">
         <name>UART1_FinishOutput</name>
         <value>0x3e51</value>
         <object_component_ref idref="oc-76"/>
      </symbol>
      <symbol id="sm-65d">
         <name>RxFifo_Init</name>
         <value>0x3c81</value>
         <object_component_ref idref="oc-76"/>
      </symbol>
      <symbol id="sm-672">
         <name>Reset_Handler</name>
         <value>0x5411</value>
         <object_component_ref idref="oc-6a"/>
      </symbol>
      <symbol id="sm-673">
         <name>Default_Handler</name>
         <value>0x541d</value>
         <object_component_ref idref="oc-6a"/>
      </symbol>
      <symbol id="sm-674">
         <name>interruptVectors</name>
         <value>0x0</value>
         <object_component_ref idref="oc-26"/>
      </symbol>
      <symbol id="sm-6ba">
         <name>SystemInit</name>
         <value>0x3bc9</value>
         <object_component_ref idref="oc-b8"/>
      </symbol>
      <symbol id="sm-6bb">
         <name>SystemCoreClockUpdate</name>
         <value>0x3955</value>
         <object_component_ref idref="oc-b8"/>
      </symbol>
      <symbol id="sm-6bc">
         <name>SystemCoreClock</name>
         <value>0x20003dac</value>
         <object_component_ref idref="oc-181"/>
      </symbol>
      <symbol id="sm-719">
         <name>__TI_cleanup</name>
         <value>0x51f1</value>
         <object_component_ref idref="oc-2a3"/>
      </symbol>
      <symbol id="sm-71a">
         <name>freopen</name>
         <value>0x528d</value>
         <object_component_ref idref="oc-1b1"/>
      </symbol>
      <symbol id="sm-71b">
         <name>fopen</name>
         <value>0x49a9</value>
         <object_component_ref idref="oc-1ab"/>
      </symbol>
      <symbol id="sm-73c">
         <name>setvbuf</name>
         <value>0x45f1</value>
         <object_component_ref idref="oc-1b7"/>
      </symbol>
      <symbol id="sm-74b">
         <name>__aeabi_memset</name>
         <value>0x4b5f</value>
         <object_component_ref idref="oc-9a"/>
      </symbol>
      <symbol id="sm-74c">
         <name>memset</name>
         <value>0x4b65</value>
         <object_component_ref idref="oc-9a"/>
      </symbol>
      <symbol id="sm-74d">
         <name>__aeabi_memset8</name>
         <value>0x4b5f</value>
         <object_component_ref idref="oc-9a"/>
      </symbol>
      <symbol id="sm-74e">
         <name>__aeabi_memset4</name>
         <value>0x4b5f</value>
         <object_component_ref idref="oc-9a"/>
      </symbol>
      <symbol id="sm-74f">
         <name>__aeabi_memclr8</name>
         <value>0x4b5d</value>
         <object_component_ref idref="oc-9a"/>
      </symbol>
      <symbol id="sm-750">
         <name>__aeabi_memclr4</name>
         <value>0x4b5d</value>
         <object_component_ref idref="oc-9a"/>
      </symbol>
      <symbol id="sm-751">
         <name>__aeabi_memclr</name>
         <value>0x4b5d</value>
         <object_component_ref idref="oc-9a"/>
      </symbol>
      <symbol id="sm-768">
         <name>__TI_zero_init</name>
         <value>0x541f</value>
         <object_component_ref idref="oc-4c"/>
      </symbol>
      <symbol id="sm-77f">
         <name>__TI_decompress_none</name>
         <value>0x5403</value>
         <object_component_ref idref="oc-1d"/>
      </symbol>
      <symbol id="sm-7a2">
         <name>__TI_decompress_lzss</name>
         <value>0x4e09</value>
         <object_component_ref idref="oc-17"/>
      </symbol>
      <symbol id="sm-7c8">
         <name>C$$EXIT</name>
         <value>0x5437</value>
         <object_component_ref idref="oc-143"/>
      </symbol>
      <symbol id="sm-7c9">
         <name>abort</name>
         <value>0x5437</value>
         <object_component_ref idref="oc-143"/>
      </symbol>
      <symbol id="sm-7ca">
         <name>__TI_dtors_ptr</name>
         <value>0x20003d5c</value>
         <object_component_ref idref="oc-238"/>
      </symbol>
      <symbol id="sm-7cb">
         <name>__TI_cleanup_ptr</name>
         <value>0x20003d58</value>
         <object_component_ref idref="oc-238"/>
      </symbol>
      <symbol id="sm-7cc">
         <name>__TI_enable_exit_profile_output</name>
         <value>0x20003d60</value>
         <object_component_ref idref="oc-238"/>
      </symbol>
      <symbol id="sm-7cd">
         <name>exit</name>
         <value>0x5029</value>
         <object_component_ref idref="oc-149"/>
      </symbol>
      <symbol id="sm-7e2">
         <name>_nop</name>
         <value>0x4bd7</value>
         <object_component_ref idref="oc-2f1"/>
      </symbol>
      <symbol id="sm-7e3">
         <name>_lock</name>
         <value>0x20003d80</value>
         <object_component_ref idref="oc-23b"/>
      </symbol>
      <symbol id="sm-7e4">
         <name>_unlock</name>
         <value>0x20003d84</value>
         <object_component_ref idref="oc-23b"/>
      </symbol>
      <symbol id="sm-7f9">
         <name>__TI_tmpnams</name>
         <value>0x200034b8</value>
      </symbol>
      <symbol id="sm-7fa">
         <name>__aeabi_stdout</name>
         <value>0x20003d40</value>
         <object_component_ref idref="oc-28b"/>
      </symbol>
      <symbol id="sm-7fb">
         <name>__aeabi_stderr</name>
         <value>0x20003d44</value>
         <object_component_ref idref="oc-28b"/>
      </symbol>
      <symbol id="sm-7fc">
         <name>__aeabi_stdin</name>
         <value>0x20003d3c</value>
         <object_component_ref idref="oc-28b"/>
      </symbol>
      <symbol id="sm-7fd">
         <name>_ftable</name>
         <value>0x20003aa8</value>
         <object_component_ref idref="oc-1bd"/>
      </symbol>
      <symbol id="sm-7fe">
         <name>__TI_ft_end</name>
         <value>0x20003d38</value>
         <object_component_ref idref="oc-28b"/>
      </symbol>
      <symbol id="sm-882">
         <name>_sys_memory</name>
         <value>0x200036a8</value>
         <object_component_ref idref="oc-29"/>
      </symbol>
      <symbol id="sm-883">
         <name>free</name>
         <value>0x450d</value>
         <object_component_ref idref="oc-297"/>
      </symbol>
      <symbol id="sm-884">
         <name>memalign</name>
         <value>0x4311</value>
         <object_component_ref idref="oc-385"/>
      </symbol>
      <symbol id="sm-885">
         <name>malloc</name>
         <value>0x542b</value>
         <object_component_ref idref="oc-29d"/>
      </symbol>
      <symbol id="sm-886">
         <name>aligned_alloc</name>
         <value>0x4311</value>
         <object_component_ref idref="oc-385"/>
      </symbol>
      <symbol id="sm-8a8">
         <name>open</name>
         <value>0x478d</value>
         <object_component_ref idref="oc-353"/>
      </symbol>
      <symbol id="sm-8cd">
         <name>add_device</name>
         <value>0x4849</value>
         <object_component_ref idref="oc-1a5"/>
      </symbol>
      <symbol id="sm-8e0">
         <name>__stack</name>
         <value>0x2000fe00</value>
         <object_component_ref idref="oc-2c"/>
      </symbol>
      <symbol id="sm-8e1">
         <name>_c_int00_noargs</name>
         <value>0x5259</value>
         <object_component_ref idref="oc-58"/>
      </symbol>
      <symbol id="sm-8f6">
         <name>__TI_closefile</name>
         <value>0x4c51</value>
         <object_component_ref idref="oc-290"/>
      </symbol>
      <symbol id="sm-906">
         <name>__TI_doflush</name>
         <value>0x4fdd</value>
         <object_component_ref idref="oc-363"/>
      </symbol>
      <symbol id="sm-924">
         <name>finddevice</name>
         <value>0x52c1</value>
         <object_component_ref idref="oc-272"/>
      </symbol>
      <symbol id="sm-925">
         <name>getdevice</name>
         <value>0x513d</value>
         <object_component_ref idref="oc-3d5"/>
      </symbol>
      <symbol id="sm-940">
         <name>memcpy</name>
         <value>0x4a45</value>
         <object_component_ref idref="oc-3a"/>
      </symbol>
      <symbol id="sm-941">
         <name>__aeabi_memcpy</name>
         <value>0x4a45</value>
         <object_component_ref idref="oc-3a"/>
      </symbol>
      <symbol id="sm-942">
         <name>__aeabi_memcpy8</name>
         <value>0x4a45</value>
         <object_component_ref idref="oc-3a"/>
      </symbol>
      <symbol id="sm-943">
         <name>__aeabi_memcpy4</name>
         <value>0x4a45</value>
         <object_component_ref idref="oc-3a"/>
      </symbol>
      <symbol id="sm-96b">
         <name>__TI_auto_init_nobinit_nopinit</name>
         <value>0x50f9</value>
         <object_component_ref idref="oc-14f"/>
      </symbol>
      <symbol id="sm-975">
         <name>_system_pre_init</name>
         <value>0x5433</value>
         <object_component_ref idref="oc-a0"/>
      </symbol>
      <symbol id="sm-987">
         <name>strchr</name>
         <value>0x53c5</value>
         <object_component_ref idref="oc-415"/>
      </symbol>
      <symbol id="sm-996">
         <name>strcmp</name>
         <value>0x53ad</value>
         <object_component_ref idref="oc-310"/>
      </symbol>
      <symbol id="sm-9a6">
         <name>strncpy</name>
         <value>0x51b9</value>
         <object_component_ref idref="oc-278"/>
      </symbol>
      <symbol id="sm-9b6">
         <name>write</name>
         <value>0x5345</value>
         <object_component_ref idref="oc-3e1"/>
      </symbol>
      <symbol id="sm-9c7">
         <name>_stream</name>
         <value>0x20003c10</value>
         <object_component_ref idref="oc-3dc"/>
      </symbol>
      <symbol id="sm-9c8">
         <name>_device</name>
         <value>0x20003b98</value>
         <object_component_ref idref="oc-27f"/>
      </symbol>
      <symbol id="sm-9dd">
         <name>close</name>
         <value>0x4ed1</value>
         <object_component_ref idref="oc-369"/>
      </symbol>
      <symbol id="sm-9ed">
         <name>unlink</name>
         <value>0x52f1</value>
         <object_component_ref idref="oc-36f"/>
      </symbol>
      <symbol id="sm-9fe">
         <name>HOSTclose</name>
         <value>0x5071</value>
         <object_component_ref idref="oc-320"/>
      </symbol>
      <symbol id="sm-a0f">
         <name>HOSTlseek</name>
         <value>0x4da1</value>
         <object_component_ref idref="oc-332"/>
      </symbol>
      <symbol id="sm-a21">
         <name>parmbuf</name>
         <value>0x20003630</value>
      </symbol>
      <symbol id="sm-a22">
         <name>HOSTopen</name>
         <value>0x4e71</value>
         <object_component_ref idref="oc-31a"/>
      </symbol>
      <symbol id="sm-a33">
         <name>HOSTread</name>
         <value>0x4f2d</value>
         <object_component_ref idref="oc-326"/>
      </symbol>
      <symbol id="sm-a44">
         <name>HOSTrename</name>
         <value>0x4d35</value>
         <object_component_ref idref="oc-33e"/>
      </symbol>
      <symbol id="sm-a55">
         <name>HOSTunlink</name>
         <value>0x50b5</value>
         <object_component_ref idref="oc-338"/>
      </symbol>
      <symbol id="sm-a66">
         <name>HOSTwrite</name>
         <value>0x4f85</value>
         <object_component_ref idref="oc-32c"/>
      </symbol>
      <symbol id="sm-a8a">
         <name>__TI_readmsg</name>
         <value>0x5225</value>
         <object_component_ref idref="oc-3b2"/>
      </symbol>
      <symbol id="sm-a8b">
         <name>C$$IO$$</name>
         <value>0x51af</value>
         <object_component_ref idref="oc-3ac"/>
      </symbol>
      <symbol id="sm-a8c">
         <name>__CIOBUF_</name>
         <value>0x200031f8</value>
         <object_component_ref idref="oc-3ff"/>
      </symbol>
      <symbol id="sm-a8d">
         <name>__TI_writemsg</name>
         <value>0x5181</value>
         <object_component_ref idref="oc-3ac"/>
      </symbol>
      <symbol id="sm-a9b">
         <name>strcpy</name>
         <value>0x53db</value>
         <object_component_ref idref="oc-3c6"/>
      </symbol>
      <symbol id="sm-aa9">
         <name>strlen</name>
         <value>0x53ef</value>
         <object_component_ref idref="oc-3a6"/>
      </symbol>
      <symbol id="sm-aaa">
         <name>__TI_static_base__</name>
         <value>0x0</value>
      </symbol>
      <symbol id="sm-aad">
         <name>__mpu_init</name>
         <value>0x0</value>
      </symbol>
      <symbol id="sm-aae">
         <name>_system_post_cinit</name>
         <value>0x0</value>
      </symbol>
      <symbol id="sm-aaf">
         <name>NMI_Handler</name>
         <value>0x541d</value>
      </symbol>
      <symbol id="sm-ab0">
         <name>HardFault_Handler</name>
         <value>0x541d</value>
      </symbol>
      <symbol id="sm-ab1">
         <name>MemManage_Handler</name>
         <value>0x541d</value>
      </symbol>
      <symbol id="sm-ab2">
         <name>BusFault_Handler</name>
         <value>0x541d</value>
      </symbol>
      <symbol id="sm-ab3">
         <name>UsageFault_Handler</name>
         <value>0x541d</value>
      </symbol>
      <symbol id="sm-ab4">
         <name>SVC_Handler</name>
         <value>0x541d</value>
      </symbol>
      <symbol id="sm-ab5">
         <name>DebugMon_Handler</name>
         <value>0x541d</value>
      </symbol>
      <symbol id="sm-ab6">
         <name>PendSV_Handler</name>
         <value>0x541d</value>
      </symbol>
      <symbol id="sm-ab7">
         <name>SysTick_Handler</name>
         <value>0x541d</value>
      </symbol>
      <symbol id="sm-ab8">
         <name>PSS_IRQHandler</name>
         <value>0x541d</value>
      </symbol>
      <symbol id="sm-ab9">
         <name>CS_IRQHandler</name>
         <value>0x541d</value>
      </symbol>
      <symbol id="sm-aba">
         <name>PCM_IRQHandler</name>
         <value>0x541d</value>
      </symbol>
      <symbol id="sm-abb">
         <name>WDT_A_IRQHandler</name>
         <value>0x541d</value>
      </symbol>
      <symbol id="sm-abc">
         <name>FPU_IRQHandler</name>
         <value>0x541d</value>
      </symbol>
      <symbol id="sm-abd">
         <name>FLCTL_IRQHandler</name>
         <value>0x541d</value>
      </symbol>
      <symbol id="sm-abe">
         <name>COMP_E0_IRQHandler</name>
         <value>0x541d</value>
      </symbol>
      <symbol id="sm-abf">
         <name>COMP_E1_IRQHandler</name>
         <value>0x541d</value>
      </symbol>
      <symbol id="sm-ac0">
         <name>TA0_0_IRQHandler</name>
         <value>0x541d</value>
      </symbol>
      <symbol id="sm-ac1">
         <name>TA0_N_IRQHandler</name>
         <value>0x541d</value>
      </symbol>
      <symbol id="sm-ac2">
         <name>TA1_0_IRQHandler</name>
         <value>0x4973</value>
      </symbol>
      <symbol id="sm-ac3">
         <name>TA1_N_IRQHandler</name>
         <value>0x541d</value>
      </symbol>
      <symbol id="sm-ac4">
         <name>TA2_0_IRQHandler</name>
         <value>0x541d</value>
      </symbol>
      <symbol id="sm-ac5">
         <name>TA2_N_IRQHandler</name>
         <value>0x541d</value>
      </symbol>
      <symbol id="sm-ac6">
         <name>TA3_0_IRQHandler</name>
         <value>0x541d</value>
      </symbol>
      <symbol id="sm-ac7">
         <name>TA3_N_IRQHandler</name>
         <value>0x541d</value>
      </symbol>
      <symbol id="sm-ac8">
         <name>EUSCIA0_IRQHandler</name>
         <value>0x541d</value>
      </symbol>
      <symbol id="sm-ac9">
         <name>EUSCIA1_IRQHandler</name>
         <value>0x541d</value>
      </symbol>
      <symbol id="sm-aca">
         <name>EUSCIA2_IRQHandler</name>
         <value>0x3e1d</value>
      </symbol>
      <symbol id="sm-acb">
         <name>EUSCIA3_IRQHandler</name>
         <value>0x541d</value>
      </symbol>
      <symbol id="sm-acc">
         <name>EUSCIB0_IRQHandler</name>
         <value>0x541d</value>
      </symbol>
      <symbol id="sm-acd">
         <name>EUSCIB1_IRQHandler</name>
         <value>0x541d</value>
      </symbol>
      <symbol id="sm-ace">
         <name>EUSCIB2_IRQHandler</name>
         <value>0x541d</value>
      </symbol>
      <symbol id="sm-acf">
         <name>EUSCIB3_IRQHandler</name>
         <value>0x541d</value>
      </symbol>
      <symbol id="sm-ad0">
         <name>ADC14_IRQHandler</name>
         <value>0x541d</value>
      </symbol>
      <symbol id="sm-ad1">
         <name>T32_INT1_IRQHandler</name>
         <value>0x541d</value>
      </symbol>
      <symbol id="sm-ad2">
         <name>T32_INT2_IRQHandler</name>
         <value>0x541d</value>
      </symbol>
      <symbol id="sm-ad3">
         <name>T32_INTC_IRQHandler</name>
         <value>0x541d</value>
      </symbol>
      <symbol id="sm-ad4">
         <name>AES256_IRQHandler</name>
         <value>0x541d</value>
      </symbol>
      <symbol id="sm-ad5">
         <name>RTC_C_IRQHandler</name>
         <value>0x541d</value>
      </symbol>
      <symbol id="sm-ad6">
         <name>DMA_ERR_IRQHandler</name>
         <value>0x541d</value>
      </symbol>
      <symbol id="sm-ad7">
         <name>DMA_INT3_IRQHandler</name>
         <value>0x541d</value>
      </symbol>
      <symbol id="sm-ad8">
         <name>DMA_INT2_IRQHandler</name>
         <value>0x541d</value>
      </symbol>
      <symbol id="sm-ad9">
         <name>DMA_INT1_IRQHandler</name>
         <value>0x541d</value>
      </symbol>
      <symbol id="sm-ada">
         <name>DMA_INT0_IRQHandler</name>
         <value>0x541d</value>
      </symbol>
      <symbol id="sm-adb">
         <name>PORT1_IRQHandler</name>
         <value>0x541d</value>
      </symbol>
      <symbol id="sm-adc">
         <name>PORT2_IRQHandler</name>
         <value>0x541d</value>
      </symbol>
      <symbol id="sm-add">
         <name>PORT3_IRQHandler</name>
         <value>0x541d</value>
      </symbol>
      <symbol id="sm-ade">
         <name>PORT4_IRQHandler</name>
         <value>0x541d</value>
      </symbol>
      <symbol id="sm-adf">
         <name>PORT5_IRQHandler</name>
         <value>0x541d</value>
      </symbol>
      <symbol id="sm-ae0">
         <name>PORT6_IRQHandler</name>
         <value>0x541d</value>
      </symbol>
      <symbol id="sm-ae1">
         <name>remove</name>
         <value>0x52f1</value>
      </symbol>
   </symbol_table>
   <title>Link successful</title>
</link_info>
