******************************************************************************
                  TI ARM Linker PC v20.2.1                     
******************************************************************************
>> Linked Wed Aug 19 22:01:15 2020

OUTPUT FILE NAME:   <Lab19_BLE.out>
ENTRY POINT SYMBOL: "_c_int00_noargs"  address: 00005259


MEMORY CONFIGURATION

         name            origin    length      used     unused   attr    fill
----------------------  --------  ---------  --------  --------  ----  --------
  MAIN                  00000000   00040000  000057aa  0003a856  R  X
  INFO                  00200000   00004000  00000000  00004000  R  X
  SRAM_CODE             01000000   00010000  00003fae  0000c052  RW X
  SRAM_DATA             20000000   00010000  00003fae  0000c052  RW  


SEGMENT ALLOCATION MAP

run origin  load origin   length   init length attrs members
----------  ----------- ---------- ----------- ----- -------
00000000    00000000    000057b0   000057b0    r-x
  00000000    00000000    000000e4   000000e4    r-- .intvecs
  000000e4    000000e4    00005356   00005356    r-x .text
  0000543a    0000543a    00000228   00000228    r-- .const
  00005668    00005668    00000148   00000148    r-- .cinit
20000000    20000000    00003db0   00000000    rw-
  20000000    20000000    000036a6   00000000    rw- .bss
  200036a8    200036a8    00000400   00000000    rw- .sysmem
  20003aa8    20003aa8    00000308   00000000    rw- .data
2000fe00    2000fe00    00000200   00000000    rw-
  2000fe00    2000fe00    00000200   00000000    rw- .stack


SECTION ALLOCATION MAP

 output                                  attributes/
section   page    origin      length       input sections
--------  ----  ----------  ----------   ----------------
.intvecs   0    00000000    000000e4     
                  00000000    000000e4     startup_msp432p401r_ccs.obj (.intvecs:retain)

.text      0    000000e4    00005356     
                  000000e4    00001014     AP.obj (.text)
                  000010f8    00000b7c     Nokia5110.obj (.text)
                  00001c74    00000780     Lab19_TestMain.obj (.text)
                  000023f4    000006e0     UART0.obj (.text)
                  00002ad4    000005d0     LPF.obj (.text)
                  000030a4    00000490     ADC14.obj (.text)
                  00003534    00000420     PWM.obj (.text)
                  00003954    0000032c     system_msp432p401r.obj (.text)
                  00003c80    00000218     UART1.obj (.text)
                  00003e98    000001e0     Clock.obj (.text)
                  00004078    0000018c     Motor.obj (.text)
                  00004204    0000010c     rtsv7M4_T_le_v4SPD16_eabi.lib : fopen.c.obj (.text:_openfile)
                  00004310    00000108                                   : memory.c.obj (.text:aligned_alloc)
                  00004418    000000f4     LaunchPad.obj (.text)
                  0000450c    000000e4     rtsv7M4_T_le_v4SPD16_eabi.lib : memory.c.obj (.text:free)
                  000045f0    000000dc                                   : setvbuf.c.obj (.text:setvbuf)
                  000046cc    000000c0     GPIO.obj (.text)
                  0000478c    000000bc     rtsv7M4_T_le_v4SPD16_eabi.lib : open.c.obj (.text:open)
                  00004848    000000b8                                   : add_device.c.obj (.text:add_device)
                  00004900    000000a8     TimerA1.obj (.text)
                  000049a8    0000009c     rtsv7M4_T_le_v4SPD16_eabi.lib : fopen.c.obj (.text:fopen)
                  00004a44    0000009c                                   : memcpy_t2.asm.obj (.text)
                  00004ae0    0000007c     IRDistance.obj (.text)
                  00004b5c    0000007a     rtsv7M4_T_le_v4SPD16_eabi.lib : memset_t2.asm.obj (.text)
                  00004bd6    00000002                                   : _lock.c.obj (.text:_nop)
                  00004bd8    00000078     Bump.obj (.text)
                  00004c50    00000074     rtsv7M4_T_le_v4SPD16_eabi.lib : fclose.c.obj (.text:__TI_closefile)
                  00004cc4    00000070                                   : memory.c.obj (.text:split)
                  00004d34    0000006c                                   : hostrename.c.obj (.text:HOSTrename)
                  00004da0    00000068                                   : hostlseek.c.obj (.text:HOSTlseek)
                  00004e08    00000068                                   : copy_decompress_lzss.c.obj (.text:decompress:lzss:__TI_decompress_lzss)
                  00004e70    00000060                                   : hostopen.c.obj (.text:HOSTopen)
                  00004ed0    0000005c                                   : close.c.obj (.text:close)
                  00004f2c    00000058                                   : hostread.c.obj (.text:HOSTread)
                  00004f84    00000058                                   : hostwrite.c.obj (.text:HOSTwrite)
                  00004fdc    0000004c                                   : fflush.c.obj (.text:__TI_doflush)
                  00005028    00000048                                   : exit.c.obj (.text:exit)
                  00005070    00000044                                   : hostclose.c.obj (.text:HOSTclose)
                  000050b4    00000044                                   : hostunlink.c.obj (.text:HOSTunlink)
                  000050f8    00000044                                   : autoinit.c.obj (.text:__TI_auto_init_nobinit_nopinit:__TI_auto_init_nobinit_nopinit)
                  0000513c    00000044                                   : getdevice.c.obj (.text:getdevice)
                  00005180    00000038                                   : trgmsg.c.obj (.text:__TI_writemsg)
                  000051b8    00000036                                   : strncpy.c.obj (.text:strncpy)
                  000051ee    00000002     --HOLE-- [fill = 0]
                  000051f0    00000034                                   : fopen.c.obj (.text:__TI_cleanup)
                  00005224    00000034                                   : trgmsg.c.obj (.text:__TI_readmsg)
                  00005258    00000034                                   : boot_cortex_m.c.obj (.text:_c_int00_noargs:_c_int00_noargs)
                  0000528c    00000034                                   : fopen.c.obj (.text:freopen)
                  000052c0    00000030                                   : getdevice.c.obj (.text:finddevice)
                  000052f0    0000002c                                   : unlink.c.obj (.text:unlink)
                  0000531c    00000028                                   : memory.c.obj (.text:free_list_insert)
                  00005344    00000028                                   : write.c.obj (.text:write)
                  0000536c    00000024     CortexM.obj (.text)
                  00005390    0000001c     rtsv7M4_T_le_v4SPD16_eabi.lib : memory.c.obj (.text:free_list_remove)
                  000053ac    00000018                                   : strcmp.c.obj (.text:strcmp)
                  000053c4    00000016                                   : strchr.c.obj (.text:strchr)
                  000053da    00000014                                   : strcpy.c.obj (.text:strcpy)
                  000053ee    00000014                                   : strlen.c.obj (.text:strlen)
                  00005402    0000000e                                   : copy_decompress_none.c.obj (.text:decompress:none:__TI_decompress_none)
                  00005410    0000000e     startup_msp432p401r_ccs.obj (.text)
                  0000541e    0000000c     rtsv7M4_T_le_v4SPD16_eabi.lib : copy_zero_init.c.obj (.text:decompress:ZI:__TI_zero_init)
                  0000542a    00000008                                   : memory.c.obj (.text:malloc)
                  00005432    00000004                                   : pre_init.c.obj (.text:_system_pre_init)
                  00005436    00000004                                   : exit.c.obj (.text:abort:abort)

.const     0    0000543a    00000228     
                  0000543a    000001e0     Nokia5110.obj (.const:ASCII)
                  0000561a    00000014     AP.obj (.const:.string:NPI_StartAdvertisement)
                  0000562e    00000011     AP.obj (.const:.string:NPI_SetAdvertisement1)
                  0000563f    00000009     AP.obj (.const:.string:HCI_EXT_ResetSystemCmd)
                  00005648    00000008     Nokia5110.obj (.const:.string:Masks)
                  00005650    00000006     AP.obj (.const:.string:NPI_GetStatus)
                  00005656    00000006     AP.obj (.const:.string:NPI_GetVersion)
                  0000565c    00000006     AP.obj (.const:.string:NPI_Register)

.cinit     0    00005668    00000148     
                  00005668    00000121     (.cinit..data.load) [load image, compression = lzss]
                  00005789    00000003     --HOLE-- [fill = 0]
                  0000578c    0000000c     (__TI_handler_table)
                  00005798    00000008     (.cinit..bss.load) [load image, compression = zero_init]
                  000057a0    00000010     (__TI_cinit_table)

.init_array 
*          0    00000000    00000000     UNINITIALIZED

.binit     0    00000000    00000000     

.bss       0    20000000    000036a6     UNINITIALIZED
                  20000000    00001000     (.common:x)
                  20001000    00001000     (.common:x2)
                  20002000    00001000     (.common:x3)
                  20003000    000001f8     (.common:Screen)
                  200031f8    00000120     rtsv7M4_T_le_v4SPD16_eabi.lib : trgmsg.c.obj (.bss:_CIOBUF_)
                  20003318    00000100     (.common:RxFIFO)
                  20003418    000000a0     (.common:CharacteristicList)
                  200034b8    000000a0     (.common:__TI_tmpnams)
                  20003558    00000080     (.common:RecvBuf)
                  200035d8    00000050     (.common:NotifyCharacteristicList)
                  20003628    00000008     (.common:Messageb)
                  20003630    00000008     (.common:parmbuf)
                  20003638    00000004     (.common:ADCflag)
                  2000363c    00000004     (.common:Center)
                  20003640    00000004     (.common:I1)
                  20003644    00000004     (.common:LPFSum)
                  20003648    00000004     (.common:LPFSum2)
                  2000364c    00000004     (.common:LPFSum3)
                  20003650    00000004     (.common:Left)
                  20003654    00000004     (.common:Messageindexb)
                  20003658    00000004     (.common:NoSOFErr)
                  2000365c    00000004     (.common:Pt)
                  20003660    00000004     (.common:Pt2)
                  20003664    00000004     (.common:Pt3)
                  20003668    00000004     (.common:Right)
                  2000366c    00000004     (.common:RxFifoLost)
                  20003670    00000004     (.common:RxGetI)
                  20003674    00000004     (.common:RxPutI)
                  20003678    00000004     (.common:Size)
                  2000367c    00000004     (.common:Switch2)
                  20003680    00000004     (.common:TimeOutErr)
                  20003684    00000004     (.common:TimerA1Task)
                  20003688    00000004     (.common:fcserr)
                  2000368c    00000004     (.common:nc)
                  20003690    00000004     (.common:nl)
                  20003694    00000004     (.common:nr)
                  20003698    00000004     (.common:u1)
                  2000369c    00000004     (.common:u2)
                  200036a0    00000004     (.common:u3)
                  200036a4    00000002     (.common:Switch1)

.sysmem    0    200036a8    00000400     UNINITIALIZED
                  200036a8    00000010     rtsv7M4_T_le_v4SPD16_eabi.lib : memory.c.obj (.sysmem)
                  200036b8    000003f0     --HOLE--

.data      0    20003aa8    00000308     UNINITIALIZED
                  20003aa8    000000f0     rtsv7M4_T_le_v4SPD16_eabi.lib : defs.c.obj (.data:_ftable)
                  20003b98    00000078                                   : host_device.c.obj (.data:_device)
                  20003c10    00000050                                   : host_device.c.obj (.data:_stream)
                  20003c60    00000025     AP.obj (.data:NPI_SetAdvertisementData)
                  20003c85    00000020     AP.obj (.data:NPI_AddCharDescriptor)
                  20003ca5    0000001e     AP.obj (.data:NPI_SetAdvertisementDataJacki)
                  20003cc3    0000001c     AP.obj (.data:NPI_GATTSetDeviceName)
                  20003cdf    00000001     --HOLE--
                  20003ce0    00000018     Clock.obj (.data)
                  20003cf8    00000015     AP.obj (.data:NPI_GATTSetDeviceNameJacki)
                  20003d0d    00000015     AP.obj (.data:NPI_ReadConfirmation)
                  20003d22    00000014     AP.obj (.data:NPI_SendNotificationIndication)
                  20003d36    00000002     --HOLE--
                  20003d38    00000010     rtsv7M4_T_le_v4SPD16_eabi.lib : defs.c.obj (.data)
                  20003d48    0000000e     AP.obj (.data:NPI_AddCharValue)
                  20003d56    00000002     --HOLE--
                  20003d58    0000000c     rtsv7M4_T_le_v4SPD16_eabi.lib : exit.c.obj (.data:$O1$$)
                  20003d64    00000009     AP.obj (.data:NPI_AddService)
                  20003d6d    00000009     AP.obj (.data:NPI_CCCDUpdatedConfirmation)
                  20003d76    00000009     AP.obj (.data:NPI_WriteConfirmation)
                  20003d7f    00000001     --HOLE--
                  20003d80    00000008     rtsv7M4_T_le_v4SPD16_eabi.lib : _lock.c.obj (.data:$O1$$)
                  20003d88    00000008                                   : memory.c.obj (.data:$O1$$)
                  20003d90    00000008     AP.obj (.data)
                  20003d98    00000008     Lab19_TestMain.obj (.data)
                  20003da0    00000004     rtsv7M4_T_le_v4SPD16_eabi.lib : add_device.c.obj (.data)
                  20003da4    00000004                                   : fopen.c.obj (.data)
                  20003da8    00000004                                   : open.c.obj (.data)
                  20003dac    00000004     system_msp432p401r.obj (.data)

.stack     0    2000fe00    00000200     UNINITIALIZED
                  2000fe00    00000004     rtsv7M4_T_le_v4SPD16_eabi.lib : boot_cortex_m.c.obj (.stack)
                  2000fe04    000001fc     --HOLE--

__llvm_prf_cnts 
*          0    20000000    00000000     UNINITIALIZED

MODULE SUMMARY

       Module                        code    ro data   rw data
       ------                        ----    -------   -------
    ..\
       UART0.obj                     1760    0         24     
    +--+-----------------------------+-------+---------+---------+
       Total:                        1760    0         24     
                                                              
    .\
       LPF.obj                       1488    0         24664  
       AP.obj                        4116    64        1236   
       Nokia5110.obj                 2940    488       1008   
       Lab19_TestMain.obj            1920    0         84     
       ADC14.obj                     1168    0         0      
       UART1.obj                     536     0         536    
       PWM.obj                       1056    0         0      
       system_msp432p401r.obj        812     0         8      
       Clock.obj                     480     0         48     
       Motor.obj                     396     0         0      
       LaunchPad.obj                 244     0         0      
       startup_msp432p401r_ccs.obj   14      228       0      
       GPIO.obj                      192     0         0      
       TimerA1.obj                   168     0         8      
       IRDistance.obj                124     0         0      
       Bump.obj                      120     0         0      
       CortexM.obj                   36      0         0      
    +--+-----------------------------+-------+---------+---------+
       Total:                        15810   780       27592  
                                                              
    C:\ti\ccs1010\ccs\tools\compiler\ti-cgt-arm_20.2.1.LTS\lib\rtsv7M4_T_le_v4SPD16_eabi.lib
       defs.c.obj                    0       0         832    
       memory.c.obj                  680     0         16     
       trgmsg.c.obj                  108     0         576    
       fopen.c.obj                   528     0         8      
       host_device.c.obj             0       0         400    
       setvbuf.c.obj                 220     0         0      
       open.c.obj                    188     0         8      
       add_device.c.obj              184     0         8      
       memcpy_t2.asm.obj             156     0         0      
       memset_t2.asm.obj             122     0         0      
       fclose.c.obj                  116     0         0      
       getdevice.c.obj               116     0         0      
       hostopen.c.obj                96      0         16     
       hostrename.c.obj              108     0         0      
       copy_decompress_lzss.c.obj    104     0         0      
       hostlseek.c.obj               104     0         0      
       exit.c.obj                    76      0         24     
       close.c.obj                   92      0         0      
       hostread.c.obj                88      0         0      
       hostwrite.c.obj               88      0         0      
       fflush.c.obj                  76      0         0      
       autoinit.c.obj                68      0         0      
       hostclose.c.obj               68      0         0      
       hostunlink.c.obj              68      0         0      
       strncpy.c.obj                 54      0         0      
       boot_cortex_m.c.obj           52      0         0      
       unlink.c.obj                  44      0         0      
       write.c.obj                   40      0         0      
       strcmp.c.obj                  24      0         0      
       strchr.c.obj                  22      0         0      
       strcpy.c.obj                  20      0         0      
       strlen.c.obj                  20      0         0      
       _lock.c.obj                   2       0         16     
       copy_decompress_none.c.obj    14      0         0      
       copy_zero_init.c.obj          12      0         0      
       pre_init.c.obj                4       0         0      
    +--+-----------------------------+-------+---------+---------+
       Total:                        3762    0         1904   
                                                              
       Heap:                         0       0         2048   
       Stack:                        0       0         1024   
       Linker Generated:             0       325       0      
    +--+-----------------------------+-------+---------+---------+
       Grand Total:                  21332   1105      32592  


LINKER GENERATED COPY TABLES

__TI_cinit_table @ 000057a0 records: 2, size/record: 8, table size: 16
	.data: load addr=00005668, load size=00000121 bytes, run addr=20003aa8, run size=00000308 bytes, compression=lzss
	.bss: load addr=00005798, load size=00000008 bytes, run addr=20000000, run size=000036a6 bytes, compression=zero_init


LINKER GENERATED HANDLER TABLE

__TI_handler_table @ 0000578c records: 3, size/record: 4, table size: 12
	index: 0, handler: __TI_decompress_lzss
	index: 1, handler: __TI_decompress_none
	index: 2, handler: __TI_zero_init


GLOBAL SYMBOLS: SORTED ALPHABETICALLY BY Name 

address   name                           
-------   ----                           
0000335d  ADC0_InitSWTriggerCh12         
000031a1  ADC0_InitSWTriggerCh14         
00003211  ADC0_InitSWTriggerCh17_14_16   
000033cd  ADC0_InitSWTriggerCh19         
000032c1  ADC0_InitSWTriggerCh21_22_23   
0000345d  ADC0_InitSWTriggerCh23         
000030a5  ADC0_InitSWTriggerCh6          
00003115  ADC0_InitSWTriggerCh67         
0000541d  ADC14_IRQHandler               
000033ad  ADC_In12                       
000031f1  ADC_In14                       
00003281  ADC_In17_14_16                 
0000341d  ADC_In19                       
0000331d  ADC_In21_22_23                 
000034b9  ADC_In23                       
000030f5  ADC_In6                        
0000316b  ADC_In67                       
20003638  ADCflag                        
0000541d  AES256_IRQHandler              
00000745  AP_AddCharacteristic           
00000901  AP_AddNotifyCharacteristic     
000006ed  AP_AddService                  
00000e15  AP_BackgroundProcess           
00000289  AP_EchoReceived                
0000021d  AP_EchoSendMessage             
000006d7  AP_GetNotifyCCCD               
000001f3  AP_GetSize                     
00000ce9  AP_GetStatus                   
00000d21  AP_GetVersion                  
0000010d  AP_Init                        
000004ad  AP_RecvMessage                 
00000689  AP_RecvStatus                  
00000725  AP_RegisterService             
000000e5  AP_Reset                       
00000311  AP_SendMessage                 
00000697  AP_SendMessageResponse         
00000b2d  AP_SendNotification            
00000c2d  AP_StartAdvertisement          
00000c81  AP_StartAdvertisementJacki     
00001e15  BLE_Init                       
00004bd9  Bump_Init                      
00004c0d  Bump_Read                      
0000541d  BusFault_Handler               
00001df1  Button1                        
00001e03  Button2                        
00005437  C$$EXIT                        
000051af  C$$IO$$                        
0000541d  COMP_E0_IRQHandler             
0000541d  COMP_E1_IRQHandler             
20003ce8  CPMwait                        
0000541d  CS_IRQHandler                  
2000363c  Center                         
00004b09  CenterConvert                  
20003d90  CharacteristicCount            
20003418  CharacteristicList             
20003ce0  ClockFrequency                 
00003fed  Clock_Delay1ms                 
00003fc3  Clock_Delay1us                 
00003faf  Clock_GetFreq                  
00003e99  Clock_Init48MHz                
20003cf4  Crystalstable                  
0000541d  DMA_ERR_IRQHandler             
0000541d  DMA_INT0_IRQHandler            
0000541d  DMA_INT1_IRQHandler            
0000541d  DMA_INT2_IRQHandler            
0000541d  DMA_INT3_IRQHandler            
0000541d  DebugMon_Handler               
0000541d  Default_Handler                
0000536d  DisableInterrupts              
0000541d  EUSCIA0_IRQHandler             
0000541d  EUSCIA1_IRQHandler             
00003e1d  EUSCIA2_IRQHandler             
00003e1d  EUSCIA2_IRQHandler             
0000541d  EUSCIA3_IRQHandler             
0000541d  EUSCIB0_IRQHandler             
0000541d  EUSCIB1_IRQHandler             
0000541d  EUSCIB2_IRQHandler             
0000541d  EUSCIB3_IRQHandler             
00005373  EnableInterrupts               
00005383  EndCritical                    
0000541d  FLCTL_IRQHandler               
0000541d  FPU_IRQHandler                 
000046cd  GPIO_Init                      
0000563f  HCI_EXT_ResetSystemCmd         
00005071  HOSTclose                      
00004da1  HOSTlseek                      
00004e71  HOSTopen                       
00004f2d  HOSTread                       
00004d35  HOSTrename                     
000050b5  HOSTunlink                     
00004f85  HOSTwrite                      
0000541d  HardFault_Handler              
20003640  I1                             
20003cf0  IFlags                         
00001eed  IRsampling                     
20003d99  JackiBumpSensor                
20003d98  JackiCommand                   
20003d9a  JackiSpeed                     
20003644  LPFSum                         
20003648  LPFSum2                        
2000364c  LPFSum3                        
00002c29  LPF_Calc                       
00002d7d  LPF_Calc2                      
00002ee9  LPF_Calc3                      
00002b69  LPF_Calc_old                   
00002bcb  LPF_Init                       
00002d21  LPF_Init2                      
00002e95  LPF_Init3                      
00002b15  LPF_Init_old                   
00004419  LaunchPad_Init                 
00004489  LaunchPad_Input                
000044a3  LaunchPad_LED                  
000044c1  LaunchPad_Output               
20003650  Left                           
00004ae1  LeftConvert                    
00005648  Masks                          
00003001  Median                         
0000541d  MemManage_Handler              
20003628  Messageb                       
20003654  Messageindexb                  
000041a7  Motor_Backward                 
000040df  Motor_Forward                  
00004079  Motor_Init                     
00004161  Motor_Left                     
0000411b  Motor_Right                    
000040cb  Motor_Stop                     
0000541d  NMI_Handler                    
20003c85  NPI_AddCharDescriptor          
20003d48  NPI_AddCharValue               
20003d64  NPI_AddService                 
20003d6d  NPI_CCCDUpdatedConfirmation    
20003cc3  NPI_GATTSetDeviceName          
20003cf8  NPI_GATTSetDeviceNameJacki     
00005650  NPI_GetStatus                  
00005656  NPI_GetVersion                 
20003d0d  NPI_ReadConfirmation           
0000565c  NPI_Register                   
20003d22  NPI_SendNotificationIndication 
0000562e  NPI_SetAdvertisement1          
20003c60  NPI_SetAdvertisementData       
20003ca5  NPI_SetAdvertisementDataJacki  
0000561a  NPI_StartAdvertisement         
20003d76  NPI_WriteConfirmation          
20003658  NoSOFErr                       
00002c7d  Noise                          
00002df1  Noise2                         
00002f55  Noise3                         
000019a3  Nokia5110_Clear                
00001bed  Nokia5110_ClearBuffer          
00001c21  Nokia5110_ClrPxl               
00001c17  Nokia5110_DisplayBuffer        
000019cf  Nokia5110_DrawFullImage        
0000114f  Nokia5110_Init                 
000011f9  Nokia5110_OutChar              
0000181b  Nokia5110_OutHex7              
00001469  Nokia5110_OutSDec              
0000172d  Nokia5110_OutSFix1             
00001239  Nokia5110_OutString            
00001257  Nokia5110_OutUDec              
00001879  Nokia5110_OutUDec16            
00001911  Nokia5110_OutUDec2             
0000169f  Nokia5110_OutUFix1             
00001851  Nokia5110_OutUHex7             
00001a09  Nokia5110_PrintBMP             
00001967  Nokia5110_SetCursor            
00001c47  Nokia5110_SetPxl               
20003d94  NotifyCharacteristicCount      
200035d8  NotifyCharacteristicList       
00001ca1  OutValue                       
0000541d  PCM_IRQHandler                 
0000541d  PORT1_IRQHandler               
0000541d  PORT2_IRQHandler               
0000541d  PORT3_IRQHandler               
0000541d  PORT4_IRQHandler               
0000541d  PORT5_IRQHandler               
0000541d  PORT6_IRQHandler               
0000541d  PSS_IRQHandler                 
0000361f  PWM_Duty1                      
0000363f  PWM_Duty2                      
000036e3  PWM_Duty3                      
00003703  PWM_Duty4                      
00003535  PWM_Init1                      
0000359b  PWM_Init12                     
0000365f  PWM_Init34                     
0000384b  PWM_RobotArmDuty0              
00003871  PWM_RobotArmDuty1              
00003897  PWM_RobotArmDuty2              
0000386b  PWM_RobotArmGetDuty0           
00003891  PWM_RobotArmGetDuty1           
000038b7  PWM_RobotArmGetDuty2           
00003723  PWM_RobotArmInit               
0000541d  PendSV_Handler                 
20003cec  Postwait                       
20003ce4  Prewait                        
2000365c  Pt                             
20003660  Pt2                            
20003664  Pt3                            
0000541d  RTC_C_IRQHandler               
00001cb5  ReadCommand                    
00001cc3  ReadJackiBumpSensor            
00001dd1  ReadJackiSpeed                 
20003558  RecvBuf                        
00005411  Reset_Handler                  
20003668  Right                          
00004b31  RightConvert                   
00001cd9  RunJacki                       
20003318  RxFIFO                         
2000366c  RxFifoLost                     
00003cd9  RxFifo_Get                     
00003c81  RxFifo_Init                    
00003c93  RxFifo_Put                     
20003670  RxGetI                         
20003674  RxPutI                         
0000541d  SVC_Handler                    
20003000  Screen                         
20003678  Size                           
00005379  StartCritical                  
200036a4  Switch1                        
2000367c  Switch2                        
0000541d  SysTick_Handler                
20003dac  SystemCoreClock                
00003955  SystemCoreClockUpdate          
00003bc9  SystemInit                     
0000541d  T32_INT1_IRQHandler            
0000541d  T32_INT2_IRQHandler            
0000541d  T32_INTC_IRQHandler            
0000541d  TA0_0_IRQHandler               
0000541d  TA0_N_IRQHandler               
00004973  TA1_0_IRQHandler               
00004973  TA1_0_IRQHandler               
0000541d  TA1_N_IRQHandler               
0000541d  TA2_0_IRQHandler               
0000541d  TA2_N_IRQHandler               
0000541d  TA3_0_IRQHandler               
0000541d  TA3_N_IRQHandler               
00001c75  TestMotor                      
00001123  Testcommandwrite               
20003680  TimeOutErr                     
20003684  TimerA1Task                    
00004901  TimerA1_Init                   
0000495f  TimerA1_Stop                   
0000243b  UART0_InChar                   
000028e5  UART0_InString                 
00002485  UART0_InUDec                   
00002799  UART0_InUHex                   
000023f5  UART0_Init                     
00002a47  UART0_Initprintf               
0000244b  UART0_OutChar                  
00002539  UART0_OutSDec                  
00002467  UART0_OutString                
00002509  UART0_OutUDec                  
000026ad  UART0_OutUDec4                 
000026f5  UART0_OutUDec5                 
00002727  UART0_OutUFix1                 
0000274f  UART0_OutUFix2                 
0000285d  UART0_OutUHex                  
000028c9  UART0_OutUHex2                 
00003e51  UART1_FinishOutput             
00003ddb  UART1_InChar                   
00003ded  UART1_InCharNonBlock           
00003d0f  UART1_InStatus                 
00003d1f  UART1_Init                     
00003d7b  UART1_InitB                    
00003e01  UART1_OutChar                  
00003e33  UART1_OutString                
0000541d  UsageFault_Handler             
4000480c  WDTCTL_SYM                     
0000541d  WDT_A_IRQHandler               
0000538b  WaitForInterrupt               
00001dbf  WriteCommand                   
00001ddf  WriteJackiSpeed                
200031f8  __CIOBUF_                      
20010000  __STACK_END                    
00000200  __STACK_SIZE                   
00000400  __SYSMEM_SIZE                  
000057a0  __TI_CINIT_Base                
000057b0  __TI_CINIT_Limit               
0000578c  __TI_Handler_Table_Base        
00005798  __TI_Handler_Table_Limit       
000050f9  __TI_auto_init_nobinit_nopinit 
000051f1  __TI_cleanup                   
20003d58  __TI_cleanup_ptr               
00004c51  __TI_closefile                 
00004e09  __TI_decompress_lzss           
00005403  __TI_decompress_none           
00004fdd  __TI_doflush                   
20003d5c  __TI_dtors_ptr                 
20003d60  __TI_enable_exit_profile_output
20003d38  __TI_ft_end                    
ffffffff  __TI_pprof_out_hndl            
ffffffff  __TI_prof_data_size            
ffffffff  __TI_prof_data_start           
00005225  __TI_readmsg                   
00000000  __TI_static_base__             
200034b8  __TI_tmpnams                   
00005181  __TI_writemsg                  
0000541f  __TI_zero_init                 
00004b5d  __aeabi_memclr                 
00004b5d  __aeabi_memclr4                
00004b5d  __aeabi_memclr8                
00004a45  __aeabi_memcpy                 
00004a45  __aeabi_memcpy4                
00004a45  __aeabi_memcpy8                
00004b5f  __aeabi_memset                 
00004b5f  __aeabi_memset4                
00004b5f  __aeabi_memset8                
20003d44  __aeabi_stderr                 
20003d3c  __aeabi_stdin                  
20003d40  __aeabi_stdout                 
ffffffff  __binit__                      
ffffffff  __c_args__                     
UNDEFED   __mpu_init                     
2000fe00  __stack                        
20000000  __start___llvm_prf_cnts        
20000000  __stop___llvm_prf_cnts         
00005259  _c_int00_noargs                
20003b98  _device                        
20003aa8  _ftable                        
20003d80  _lock                          
00004bd7  _nop                           
20003c10  _stream                        
200036a8  _sys_memory                    
UNDEFED   _system_post_cinit             
00005433  _system_pre_init               
20003d84  _unlock                        
00005437  abort                          
00004849  add_device                     
00004311  aligned_alloc                  
ffffffff  binit                          
00004ed1  close                          
00003fb5  delay                          
00005029  exit                           
20003688  fcserr                         
00002979  ferror                         
0000295f  fgetc                          
000052c1  finddevice                     
000049a9  fopen                          
0000450d  free                           
0000528d  freopen                        
0000513d  getdevice                      
00000000  interruptVectors               
00002ad5  isqrt                          
00002095  main                           
0000542b  malloc                         
00004311  memalign                       
00004a45  memcpy                         
00004b65  memset                         
2000368c  nc                             
20003690  nl                             
20003694  nr                             
0000478d  open                           
000028a1  outnibble                      
20003630  parmbuf                        
000052f1  remove                         
000045f1  setvbuf                        
000053c5  strchr                         
000053ad  strcmp                         
000053db  strcpy                         
000053ef  strlen                         
000051b9  strncpy                        
20003d9c  time                           
20003698  u1                             
2000369c  u2                             
200036a0  u3                             
0000299f  uart_close                     
00002a1d  uart_lseek                     
0000298f  uart_open                      
000029ab  uart_read                      
00002a39  uart_rename                    
00002a2d  uart_unlink                    
000029db  uart_write                     
000052f1  unlink                         
00005345  write                          
20000000  x                              
20001000  x2                             
20002000  x3                             


GLOBAL SYMBOLS: SORTED BY Symbol Address 

address   name                           
-------   ----                           
00000000  __TI_static_base__             
00000000  interruptVectors               
000000e5  AP_Reset                       
0000010d  AP_Init                        
000001f3  AP_GetSize                     
00000200  __STACK_SIZE                   
0000021d  AP_EchoSendMessage             
00000289  AP_EchoReceived                
00000311  AP_SendMessage                 
00000400  __SYSMEM_SIZE                  
000004ad  AP_RecvMessage                 
00000689  AP_RecvStatus                  
00000697  AP_SendMessageResponse         
000006d7  AP_GetNotifyCCCD               
000006ed  AP_AddService                  
00000725  AP_RegisterService             
00000745  AP_AddCharacteristic           
00000901  AP_AddNotifyCharacteristic     
00000b2d  AP_SendNotification            
00000c2d  AP_StartAdvertisement          
00000c81  AP_StartAdvertisementJacki     
00000ce9  AP_GetStatus                   
00000d21  AP_GetVersion                  
00000e15  AP_BackgroundProcess           
00001123  Testcommandwrite               
0000114f  Nokia5110_Init                 
000011f9  Nokia5110_OutChar              
00001239  Nokia5110_OutString            
00001257  Nokia5110_OutUDec              
00001469  Nokia5110_OutSDec              
0000169f  Nokia5110_OutUFix1             
0000172d  Nokia5110_OutSFix1             
0000181b  Nokia5110_OutHex7              
00001851  Nokia5110_OutUHex7             
00001879  Nokia5110_OutUDec16            
00001911  Nokia5110_OutUDec2             
00001967  Nokia5110_SetCursor            
000019a3  Nokia5110_Clear                
000019cf  Nokia5110_DrawFullImage        
00001a09  Nokia5110_PrintBMP             
00001bed  Nokia5110_ClearBuffer          
00001c17  Nokia5110_DisplayBuffer        
00001c21  Nokia5110_ClrPxl               
00001c47  Nokia5110_SetPxl               
00001c75  TestMotor                      
00001ca1  OutValue                       
00001cb5  ReadCommand                    
00001cc3  ReadJackiBumpSensor            
00001cd9  RunJacki                       
00001dbf  WriteCommand                   
00001dd1  ReadJackiSpeed                 
00001ddf  WriteJackiSpeed                
00001df1  Button1                        
00001e03  Button2                        
00001e15  BLE_Init                       
00001eed  IRsampling                     
00002095  main                           
000023f5  UART0_Init                     
0000243b  UART0_InChar                   
0000244b  UART0_OutChar                  
00002467  UART0_OutString                
00002485  UART0_InUDec                   
00002509  UART0_OutUDec                  
00002539  UART0_OutSDec                  
000026ad  UART0_OutUDec4                 
000026f5  UART0_OutUDec5                 
00002727  UART0_OutUFix1                 
0000274f  UART0_OutUFix2                 
00002799  UART0_InUHex                   
0000285d  UART0_OutUHex                  
000028a1  outnibble                      
000028c9  UART0_OutUHex2                 
000028e5  UART0_InString                 
0000295f  fgetc                          
00002979  ferror                         
0000298f  uart_open                      
0000299f  uart_close                     
000029ab  uart_read                      
000029db  uart_write                     
00002a1d  uart_lseek                     
00002a2d  uart_unlink                    
00002a39  uart_rename                    
00002a47  UART0_Initprintf               
00002ad5  isqrt                          
00002b15  LPF_Init_old                   
00002b69  LPF_Calc_old                   
00002bcb  LPF_Init                       
00002c29  LPF_Calc                       
00002c7d  Noise                          
00002d21  LPF_Init2                      
00002d7d  LPF_Calc2                      
00002df1  Noise2                         
00002e95  LPF_Init3                      
00002ee9  LPF_Calc3                      
00002f55  Noise3                         
00003001  Median                         
000030a5  ADC0_InitSWTriggerCh6          
000030f5  ADC_In6                        
00003115  ADC0_InitSWTriggerCh67         
0000316b  ADC_In67                       
000031a1  ADC0_InitSWTriggerCh14         
000031f1  ADC_In14                       
00003211  ADC0_InitSWTriggerCh17_14_16   
00003281  ADC_In17_14_16                 
000032c1  ADC0_InitSWTriggerCh21_22_23   
0000331d  ADC_In21_22_23                 
0000335d  ADC0_InitSWTriggerCh12         
000033ad  ADC_In12                       
000033cd  ADC0_InitSWTriggerCh19         
0000341d  ADC_In19                       
0000345d  ADC0_InitSWTriggerCh23         
000034b9  ADC_In23                       
00003535  PWM_Init1                      
0000359b  PWM_Init12                     
0000361f  PWM_Duty1                      
0000363f  PWM_Duty2                      
0000365f  PWM_Init34                     
000036e3  PWM_Duty3                      
00003703  PWM_Duty4                      
00003723  PWM_RobotArmInit               
0000384b  PWM_RobotArmDuty0              
0000386b  PWM_RobotArmGetDuty0           
00003871  PWM_RobotArmDuty1              
00003891  PWM_RobotArmGetDuty1           
00003897  PWM_RobotArmDuty2              
000038b7  PWM_RobotArmGetDuty2           
00003955  SystemCoreClockUpdate          
00003bc9  SystemInit                     
00003c81  RxFifo_Init                    
00003c93  RxFifo_Put                     
00003cd9  RxFifo_Get                     
00003d0f  UART1_InStatus                 
00003d1f  UART1_Init                     
00003d7b  UART1_InitB                    
00003ddb  UART1_InChar                   
00003ded  UART1_InCharNonBlock           
00003e01  UART1_OutChar                  
00003e1d  EUSCIA2_IRQHandler             
00003e1d  EUSCIA2_IRQHandler             
00003e33  UART1_OutString                
00003e51  UART1_FinishOutput             
00003e99  Clock_Init48MHz                
00003faf  Clock_GetFreq                  
00003fb5  delay                          
00003fc3  Clock_Delay1us                 
00003fed  Clock_Delay1ms                 
00004079  Motor_Init                     
000040cb  Motor_Stop                     
000040df  Motor_Forward                  
0000411b  Motor_Right                    
00004161  Motor_Left                     
000041a7  Motor_Backward                 
00004311  aligned_alloc                  
00004311  memalign                       
00004419  LaunchPad_Init                 
00004489  LaunchPad_Input                
000044a3  LaunchPad_LED                  
000044c1  LaunchPad_Output               
0000450d  free                           
000045f1  setvbuf                        
000046cd  GPIO_Init                      
0000478d  open                           
00004849  add_device                     
00004901  TimerA1_Init                   
0000495f  TimerA1_Stop                   
00004973  TA1_0_IRQHandler               
00004973  TA1_0_IRQHandler               
000049a9  fopen                          
00004a45  __aeabi_memcpy                 
00004a45  __aeabi_memcpy4                
00004a45  __aeabi_memcpy8                
00004a45  memcpy                         
00004ae1  LeftConvert                    
00004b09  CenterConvert                  
00004b31  RightConvert                   
00004b5d  __aeabi_memclr                 
00004b5d  __aeabi_memclr4                
00004b5d  __aeabi_memclr8                
00004b5f  __aeabi_memset                 
00004b5f  __aeabi_memset4                
00004b5f  __aeabi_memset8                
00004b65  memset                         
00004bd7  _nop                           
00004bd9  Bump_Init                      
00004c0d  Bump_Read                      
00004c51  __TI_closefile                 
00004d35  HOSTrename                     
00004da1  HOSTlseek                      
00004e09  __TI_decompress_lzss           
00004e71  HOSTopen                       
00004ed1  close                          
00004f2d  HOSTread                       
00004f85  HOSTwrite                      
00004fdd  __TI_doflush                   
00005029  exit                           
00005071  HOSTclose                      
000050b5  HOSTunlink                     
000050f9  __TI_auto_init_nobinit_nopinit 
0000513d  getdevice                      
00005181  __TI_writemsg                  
000051af  C$$IO$$                        
000051b9  strncpy                        
000051f1  __TI_cleanup                   
00005225  __TI_readmsg                   
00005259  _c_int00_noargs                
0000528d  freopen                        
000052c1  finddevice                     
000052f1  remove                         
000052f1  unlink                         
00005345  write                          
0000536d  DisableInterrupts              
00005373  EnableInterrupts               
00005379  StartCritical                  
00005383  EndCritical                    
0000538b  WaitForInterrupt               
000053ad  strcmp                         
000053c5  strchr                         
000053db  strcpy                         
000053ef  strlen                         
00005403  __TI_decompress_none           
00005411  Reset_Handler                  
0000541d  ADC14_IRQHandler               
0000541d  AES256_IRQHandler              
0000541d  BusFault_Handler               
0000541d  COMP_E0_IRQHandler             
0000541d  COMP_E1_IRQHandler             
0000541d  CS_IRQHandler                  
0000541d  DMA_ERR_IRQHandler             
0000541d  DMA_INT0_IRQHandler            
0000541d  DMA_INT1_IRQHandler            
0000541d  DMA_INT2_IRQHandler            
0000541d  DMA_INT3_IRQHandler            
0000541d  DebugMon_Handler               
0000541d  Default_Handler                
0000541d  EUSCIA0_IRQHandler             
0000541d  EUSCIA1_IRQHandler             
0000541d  EUSCIA3_IRQHandler             
0000541d  EUSCIB0_IRQHandler             
0000541d  EUSCIB1_IRQHandler             
0000541d  EUSCIB2_IRQHandler             
0000541d  EUSCIB3_IRQHandler             
0000541d  FLCTL_IRQHandler               
0000541d  FPU_IRQHandler                 
0000541d  HardFault_Handler              
0000541d  MemManage_Handler              
0000541d  NMI_Handler                    
0000541d  PCM_IRQHandler                 
0000541d  PORT1_IRQHandler               
0000541d  PORT2_IRQHandler               
0000541d  PORT3_IRQHandler               
0000541d  PORT4_IRQHandler               
0000541d  PORT5_IRQHandler               
0000541d  PORT6_IRQHandler               
0000541d  PSS_IRQHandler                 
0000541d  PendSV_Handler                 
0000541d  RTC_C_IRQHandler               
0000541d  SVC_Handler                    
0000541d  SysTick_Handler                
0000541d  T32_INT1_IRQHandler            
0000541d  T32_INT2_IRQHandler            
0000541d  T32_INTC_IRQHandler            
0000541d  TA0_0_IRQHandler               
0000541d  TA0_N_IRQHandler               
0000541d  TA1_N_IRQHandler               
0000541d  TA2_0_IRQHandler               
0000541d  TA2_N_IRQHandler               
0000541d  TA3_0_IRQHandler               
0000541d  TA3_N_IRQHandler               
0000541d  UsageFault_Handler             
0000541d  WDT_A_IRQHandler               
0000541f  __TI_zero_init                 
0000542b  malloc                         
00005433  _system_pre_init               
00005437  C$$EXIT                        
00005437  abort                          
0000561a  NPI_StartAdvertisement         
0000562e  NPI_SetAdvertisement1          
0000563f  HCI_EXT_ResetSystemCmd         
00005648  Masks                          
00005650  NPI_GetStatus                  
00005656  NPI_GetVersion                 
0000565c  NPI_Register                   
0000578c  __TI_Handler_Table_Base        
00005798  __TI_Handler_Table_Limit       
000057a0  __TI_CINIT_Base                
000057b0  __TI_CINIT_Limit               
20000000  __start___llvm_prf_cnts        
20000000  __stop___llvm_prf_cnts         
20000000  x                              
20001000  x2                             
20002000  x3                             
20003000  Screen                         
200031f8  __CIOBUF_                      
20003318  RxFIFO                         
20003418  CharacteristicList             
200034b8  __TI_tmpnams                   
20003558  RecvBuf                        
200035d8  NotifyCharacteristicList       
20003628  Messageb                       
20003630  parmbuf                        
20003638  ADCflag                        
2000363c  Center                         
20003640  I1                             
20003644  LPFSum                         
20003648  LPFSum2                        
2000364c  LPFSum3                        
20003650  Left                           
20003654  Messageindexb                  
20003658  NoSOFErr                       
2000365c  Pt                             
20003660  Pt2                            
20003664  Pt3                            
20003668  Right                          
2000366c  RxFifoLost                     
20003670  RxGetI                         
20003674  RxPutI                         
20003678  Size                           
2000367c  Switch2                        
20003680  TimeOutErr                     
20003684  TimerA1Task                    
20003688  fcserr                         
2000368c  nc                             
20003690  nl                             
20003694  nr                             
20003698  u1                             
2000369c  u2                             
200036a0  u3                             
200036a4  Switch1                        
200036a8  _sys_memory                    
20003aa8  _ftable                        
20003b98  _device                        
20003c10  _stream                        
20003c60  NPI_SetAdvertisementData       
20003c85  NPI_AddCharDescriptor          
20003ca5  NPI_SetAdvertisementDataJacki  
20003cc3  NPI_GATTSetDeviceName          
20003ce0  ClockFrequency                 
20003ce4  Prewait                        
20003ce8  CPMwait                        
20003cec  Postwait                       
20003cf0  IFlags                         
20003cf4  Crystalstable                  
20003cf8  NPI_GATTSetDeviceNameJacki     
20003d0d  NPI_ReadConfirmation           
20003d22  NPI_SendNotificationIndication 
20003d38  __TI_ft_end                    
20003d3c  __aeabi_stdin                  
20003d40  __aeabi_stdout                 
20003d44  __aeabi_stderr                 
20003d48  NPI_AddCharValue               
20003d58  __TI_cleanup_ptr               
20003d5c  __TI_dtors_ptr                 
20003d60  __TI_enable_exit_profile_output
20003d64  NPI_AddService                 
20003d6d  NPI_CCCDUpdatedConfirmation    
20003d76  NPI_WriteConfirmation          
20003d80  _lock                          
20003d84  _unlock                        
20003d90  CharacteristicCount            
20003d94  NotifyCharacteristicCount      
20003d98  JackiCommand                   
20003d99  JackiBumpSensor                
20003d9a  JackiSpeed                     
20003d9c  time                           
20003dac  SystemCoreClock                
2000fe00  __stack                        
20010000  __STACK_END                    
4000480c  WDTCTL_SYM                     
ffffffff  __TI_pprof_out_hndl            
ffffffff  __TI_prof_data_size            
ffffffff  __TI_prof_data_start           
ffffffff  __binit__                      
ffffffff  __c_args__                     
ffffffff  binit                          
UNDEFED   __mpu_init                     
UNDEFED   _system_post_cinit             

[376 symbols]
