******************************************************************************
                  TI ARM Linker PC v20.2.6                     
******************************************************************************
>> Linked Thu Aug 25 18:44:11 2022

OUTPUT FILE NAME:   <RSLK_BLE.out>
ENTRY POINT SYMBOL: "_c_int00_noargs"  address: 0000668d


MEMORY CONFIGURATION

         name            origin    length      used     unused   attr    fill
----------------------  --------  ---------  --------  --------  ----  --------
  MAIN                  00000000   00040000  00006c26  000393da  R  X
  INFO                  00200000   00004000  00000000  00004000  R  X
  SRAM_CODE             01000000   00010000  00004250  0000bdb0  RW X
  SRAM_DATA             20000000   00010000  00004250  0000bdb0  RW  


SEGMENT ALLOCATION MAP

run origin  load origin   length   init length attrs members
----------  ----------- ---------- ----------- ----- -------
00000000    00000000    00006c28   00006c28    r-x
  00000000    00000000    000000e4   000000e4    r-- .intvecs
  000000e4    000000e4    0000678a   0000678a    r-x .text
  0000686e    0000686e    00000260   00000260    r-- .const
  00006ad0    00006ad0    00000158   00000158    r-- .cinit
20000000    20000000    00004050   00000000    rw-
  20000000    20000000    00003910   00000000    rw- .bss
  20003910    20003910    00000400   00000000    rw- .sysmem
  20003d10    20003d10    00000340   00000000    rw- .data
2000fe00    2000fe00    00000200   00000000    rw-
  2000fe00    2000fe00    00000200   00000000    rw- .stack


SECTION ALLOCATION MAP

 output                                  attributes/
section   page    origin      length       input sections
--------  ----  ----------  ----------   ----------------
.intvecs   0    00000000    000000e4     
                  00000000    000000e4     startup_msp432p401r_ccs.obj (.intvecs:retain)

.text      0    000000e4    0000678a     
                  000000e4    000017a0     SSD1306.obj (.text)
                  00001884    00001018     AP.obj (.text)
                  0000289c    00000be0     RSLK_BLEmain.obj (.text)
                  0000347c    000006e0     UART0.obj (.text)
                  00003b5c    000005d0     LPF.obj (.text)
                  0000412c    0000051c     opt3101.obj (.text)
                  00004648    00000420     PWM.obj (.text)
                  00004a68    000003a4     I2CB1.obj (.text)
                  00004e0c    0000032c     system_msp432p401r.obj (.text)
                  00005138    000001e0     Clock.obj (.text)
                  00005318    000001a4     UART1.obj (.text)
                  000054bc    0000018c     Motor.obj (.text)
                  00005648    00000110     rtsv7M4_T_le_v4SPD16_eabi.lib : fopen.c.obj (.text:_openfile)
                  00005758    00000100                                   : memory.c.obj (.text:aligned_alloc)
                  00005858    000000f8     LaunchPad.obj (.text)
                  00005950    000000e4     rtsv7M4_T_le_v4SPD16_eabi.lib : memory.c.obj (.text:free)
                  00005a34    000000dc                                   : setvbuf.c.obj (.text:setvbuf)
                  00005b10    000000d4     GPIO.obj (.text)
                  00005be4    000000bc     rtsv7M4_T_le_v4SPD16_eabi.lib : open.c.obj (.text:open)
                  00005ca0    000000b8                                   : add_device.c.obj (.text:add_device)
                  00005d58    000000a8     TimerA1.obj (.text)
                  00005e00    0000009c     rtsv7M4_T_le_v4SPD16_eabi.lib : fopen.c.obj (.text:fopen)
                  00005e9c    0000009c                                   : memcpy_t2.asm.obj (.text)
                  00005f38    0000007a                                   : memset_t2.asm.obj (.text)
                  00005fb2    00000002                                   : _lock.c.obj (.text:_nop)
                  00005fb4    00000078     Bump.obj (.text)
                  0000602c    00000074     rtsv7M4_T_le_v4SPD16_eabi.lib : fclose.c.obj (.text:__TI_closefile)
                  000060a0    00000070                                   : memory.c.obj (.text:split)
                  00006110    0000006c                                   : hostrename.c.obj (.text:HOSTrename)
                  0000617c    00000068                                   : hostlseek.c.obj (.text:HOSTlseek)
                  000061e4    00000068                                   : copy_decompress_lzss.c.obj (.text:decompress:lzss:__TI_decompress_lzss)
                  0000624c    00000060                                   : hostopen.c.obj (.text:HOSTopen)
                  000062ac    0000005c                                   : close.c.obj (.text:close)
                  00006308    00000058                                   : hostread.c.obj (.text:HOSTread)
                  00006360    00000058                                   : hostwrite.c.obj (.text:HOSTwrite)
                  000063b8    00000058     blinker.obj (.text)
                  00006410    0000004c     rtsv7M4_T_le_v4SPD16_eabi.lib : fflush.c.obj (.text:__TI_doflush)
                  0000645c    00000048                                   : exit.c.obj (.text:exit)
                  000064a4    00000044                                   : hostclose.c.obj (.text:HOSTclose)
                  000064e8    00000044                                   : hostunlink.c.obj (.text:HOSTunlink)
                  0000652c    00000044                                   : autoinit.c.obj (.text:__TI_auto_init_nobinit_nopinit:__TI_auto_init_nobinit_nopinit)
                  00006570    00000044                                   : getdevice.c.obj (.text:getdevice)
                  000065b4    00000038                                   : trgmsg.c.obj (.text:__TI_writemsg)
                  000065ec    00000036                                   : strncpy.c.obj (.text:strncpy)
                  00006622    00000002     --HOLE-- [fill = 0]
                  00006624    00000034                                   : fopen.c.obj (.text:__TI_cleanup)
                  00006658    00000034                                   : trgmsg.c.obj (.text:__TI_readmsg)
                  0000668c    00000034                                   : boot_cortex_m.c.obj (.text:_c_int00_noargs:_c_int00_noargs)
                  000066c0    00000034                                   : fopen.c.obj (.text:freopen)
                  000066f4    00000030                                   : getdevice.c.obj (.text:finddevice)
                  00006724    0000002c                                   : unlink.c.obj (.text:unlink)
                  00006750    00000028                                   : memory.c.obj (.text:free_list_insert)
                  00006778    00000028                                   : write.c.obj (.text:write)
                  000067a0    00000024     CortexM.obj (.text)
                  000067c4    0000001c     rtsv7M4_T_le_v4SPD16_eabi.lib : memory.c.obj (.text:free_list_remove)
                  000067e0    00000018                                   : strcmp.c.obj (.text:strcmp)
                  000067f8    00000016                                   : strchr.c.obj (.text:strchr)
                  0000680e    00000014                                   : strcpy.c.obj (.text:strcpy)
                  00006822    00000014                                   : strlen.c.obj (.text:strlen)
                  00006836    0000000e                                   : copy_decompress_none.c.obj (.text:decompress:none:__TI_decompress_none)
                  00006844    0000000e     startup_msp432p401r_ccs.obj (.text)
                  00006852    0000000c     rtsv7M4_T_le_v4SPD16_eabi.lib : copy_zero_init.c.obj (.text:decompress:ZI:__TI_zero_init)
                  0000685e    00000008                                   : memory.c.obj (.text:malloc)
                  00006866    00000004                                   : pre_init.c.obj (.text:_system_pre_init)
                  0000686a    00000004                                   : exit.c.obj (.text:abort:abort)

.const     0    0000686e    00000260     
                  0000686e    000001e0     SSD1306.obj (.const:ASCII)
                  00006a4e    00000014     AP.obj (.const:.string:NPI_StartAdvertisement)
                  00006a62    00000011     AP.obj (.const:.string:NPI_SetAdvertisement1)
                  00006a73    00000009     AP.obj (.const:.string:HCI_EXT_ResetSystemCmd)
                  00006a7c    00000008     SSD1306.obj (.const:.string:postmask)
                  00006a84    00000008     SSD1306.obj (.const:.string:premask)
                  00006a8c    00000006     AP.obj (.const:.string:NPI_GetStatus)
                  00006a92    00000006     AP.obj (.const:.string:NPI_GetVersion)
                  00006a98    00000006     AP.obj (.const:.string:NPI_Register)
                  00006a9e    00000006     SSD1306.obj (.const:.string:init5)
                  00006aa4    00000005     SSD1306.obj (.const:.string:dlist1)
                  00006aa9    00000004     SSD1306.obj (.const:.string:init1)
                  00006aad    00000004     SSD1306.obj (.const:.string:init2)
                  00006ab1    00000004     SSD1306.obj (.const:.string:init3)
                  00006ab5    00000003     SSD1306.obj (.const:.string:init4b)
                  00006ab8    00000003     SSD1306.obj (.const:.string:scrollList1b)
                  00006abb    00000003     SSD1306.obj (.const:.string:scrollList2b)
                  00006abe    00000002     SSD1306.obj (.const:.string:scrollList1a)
                  00006ac0    00000002     SSD1306.obj (.const:.string:scrollList2a)
                  00006ac2    00000002     SSD1306.obj (.const:.string:scrollList3a)
                  00006ac4    00000002     SSD1306.obj (.const:.string:scrollList3b)
                  00006ac6    00000002     SSD1306.obj (.const:.string:scrollList3c)
                  00006ac8    00000002     SSD1306.obj (.const:.string:scrollList4a)
                  00006aca    00000002     SSD1306.obj (.const:.string:scrollList4b)
                  00006acc    00000002     SSD1306.obj (.const:.string:scrollList4c)

.cinit     0    00006ad0    00000158     
                  00006ad0    0000012f     (.cinit..data.load) [load image, compression = lzss]
                  00006bff    00000001     --HOLE-- [fill = 0]
                  00006c00    0000000c     (__TI_handler_table)
                  00006c0c    00000004     --HOLE-- [fill = 0]
                  00006c10    00000008     (.cinit..bss.load) [load image, compression = zero_init]
                  00006c18    00000010     (__TI_cinit_table)

.init_array 
*          0    00000000    00000000     UNINITIALIZED

.binit     0    00000000    00000000     

.bss       0    20000000    00003910     UNINITIALIZED
                  20000000    00001000     (.common:x)
                  20001000    00001000     (.common:x2)
                  20002000    00001000     (.common:x3)
                  20003000    00000400     (.common:buffer)
                  20003400    00000120     rtsv7M4_T_le_v4SPD16_eabi.lib : trgmsg.c.obj (.bss:_CIOBUF_)
                  20003520    00000100     (.common:RxFIFO)
                  20003620    000000a0     (.common:CharacteristicList)
                  200036c0    000000a0     (.common:__TI_tmpnams)
                  20003760    00000080     (.common:RecvBuf)
                  200037e0    00000050     (.common:NotifyCharacteristicList)
                  20003830    0000000c     (.common:Amplitudes)
                  2000383c    0000000c     (.common:ChannelCount)
                  20003848    0000000c     (.common:Distances)
                  20003854    0000000c     (.common:FilteredDistances)
                  20003860    00000008     opt3101.obj (.bss)
                  20003868    00000008     (.common:Messageb)
                  20003870    00000008     (.common:SensorData19)
                  20003878    00000008     (.common:parmbuf)
                  20003880    00000004     (.common:CenterDistance)
                  20003884    00000004     (.common:I1)
                  20003888    00000004     (.common:ISRLast)
                  2000388c    00000004     (.common:ISRPeriod)
                  20003890    00000004     (.common:ISRTime)
                  20003894    00000004     (.common:LPFSum)
                  20003898    00000004     (.common:LPFSum2)
                  2000389c    00000004     (.common:LPFSum3)
                  200038a0    00000004     (.common:Left)
                  200038a4    00000004     (.common:LeftDistance)
                  200038a8    00000004     (.common:Messageindexb)
                  200038ac    00000004     (.common:NoSOFErr)
                  200038b0    00000004     (.common:PTxChan)
                  200038b4    00000004     (.common:Pamplitudes)
                  200038b8    00000004     (.common:Pdistances)
                  200038bc    00000004     (.common:Pt)
                  200038c0    00000004     (.common:Pt2)
                  200038c4    00000004     (.common:Pt3)
                  200038c8    00000004     (.common:Right)
                  200038cc    00000004     (.common:RightDistance)
                  200038d0    00000004     (.common:RxFifoLost)
                  200038d4    00000004     (.common:RxGetI)
                  200038d8    00000004     (.common:RxPutI)
                  200038dc    00000004     (.common:Size)
                  200038e0    00000004     (.common:StartChannel)
                  200038e4    00000004     (.common:TimeOutErr)
                  200038e8    00000004     (.common:TimerA1Task)
                  200038ec    00000004     (.common:TxChannel)
                  200038f0    00000004     (.common:fcserr)
                  200038f4    00000004     (.common:rotation)
                  200038f8    00000004     (.common:u1)
                  200038fc    00000004     (.common:u2)
                  20003900    00000004     (.common:u3)
                  20003904    00000004     (.common:vccstate)
                  20003908    00000002     (.common:JackiDirection)
                  2000390a    00000002     (.common:JackiPower)
                  2000390c    00000002     (.common:StartX)
                  2000390e    00000002     (.common:StartY)

.sysmem    0    20003910    00000400     UNINITIALIZED
                  20003910    00000010     rtsv7M4_T_le_v4SPD16_eabi.lib : memory.c.obj (.sysmem)
                  20003920    000003f0     --HOLE--

.data      0    20003d10    00000340     UNINITIALIZED
                  20003d10    000000f0     rtsv7M4_T_le_v4SPD16_eabi.lib : defs.c.obj (.data:_ftable)
                  20003e00    00000078                                   : host_device.c.obj (.data:_device)
                  20003e78    00000050                                   : host_device.c.obj (.data:_stream)
                  20003ec8    00000025     AP.obj (.data:NPI_SetAdvertisementData)
                  20003eed    00000020     AP.obj (.data:NPI_AddCharDescriptor)
                  20003f0d    0000001e     RSLK_BLEmain.obj (.data:NPI_SetAdvertisementDataJacki19)
                  20003f2b    0000001e     AP.obj (.data:NPI_SetAdvertisementDataJacki)
                  20003f49    0000001c     AP.obj (.data:NPI_GATTSetDeviceName)
                  20003f65    00000003     --HOLE--
                  20003f68    00000018     Clock.obj (.data)
                  20003f80    00000015     RSLK_BLEmain.obj (.data:NPI_GATTSetDeviceNameJacki19)
                  20003f95    00000015     AP.obj (.data:NPI_GATTSetDeviceNameJacki)
                  20003faa    00000015     AP.obj (.data:NPI_ReadConfirmation)
                  20003fbf    00000014     AP.obj (.data:NPI_SendNotificationIndication)
                  20003fd3    00000001     --HOLE--
                  20003fd4    00000010     rtsv7M4_T_le_v4SPD16_eabi.lib : defs.c.obj (.data)
                  20003fe4    0000000e     AP.obj (.data:NPI_AddCharValue)
                  20003ff2    00000002     --HOLE--
                  20003ff4    0000000c     rtsv7M4_T_le_v4SPD16_eabi.lib : exit.c.obj (.data:$O1$$)
                  20004000    00000009     AP.obj (.data:NPI_AddService)
                  20004009    00000009     AP.obj (.data:NPI_CCCDUpdatedConfirmation)
                  20004012    00000009     AP.obj (.data:NPI_WriteConfirmation)
                  2000401b    00000001     --HOLE--
                  2000401c    00000008     rtsv7M4_T_le_v4SPD16_eabi.lib : _lock.c.obj (.data:$O1$$)
                  20004024    00000008                                   : memory.c.obj (.data:$O1$$)
                  2000402c    00000008     AP.obj (.data)
                  20004034    00000008     RSLK_BLEmain.obj (.data)
                  2000403c    00000004     SSD1306.obj (.data)
                  20004040    00000004     rtsv7M4_T_le_v4SPD16_eabi.lib : add_device.c.obj (.data)
                  20004044    00000004                                   : fopen.c.obj (.data)
                  20004048    00000004                                   : open.c.obj (.data)
                  2000404c    00000004     system_msp432p401r.obj (.data)

.stack     0    2000fe00    00000200     UNINITIALIZED
                  2000fe00    00000004     rtsv7M4_T_le_v4SPD16_eabi.lib : boot_cortex_m.c.obj (.stack)
                  2000fe04    000001fc     --HOLE--

__llvm_prf_cnts 
*          0    20000000    00000000     UNINITIALIZED

MODULE SUMMARY

       Module                        code    ro data   rw data
       ------                        ----    -------   -------
    .\
       LPF.obj                       1488    0         24664  
       SSD1306.obj                   6048    544       2080   
       AP.obj                        4120    64        1236   
       RSLK_BLEmain.obj              3040    0         270    
       UART0.obj                     1760    0         24     
       opt3101.obj                   1308    0         88     
       PWM.obj                       1056    0         0      
       UART1.obj                     420     0         536    
       I2CB1.obj                     932     0         0      
       system_msp432p401r.obj        812     0         8      
       Clock.obj                     480     0         48     
       Motor.obj                     396     0         0      
       LaunchPad.obj                 248     0         0      
       startup_msp432p401r_ccs.obj   14      228       0      
       GPIO.obj                      212     0         0      
       TimerA1.obj                   168     0         8      
       Bump.obj                      120     0         0      
       blinker.obj                   88      0         0      
       CortexM.obj                   36      0         0      
    +--+-----------------------------+-------+---------+---------+
       Total:                        22746   836       28962  
                                                              
    C:\ti\ccs1200\ccs\tools\compiler\ti-cgt-arm_20.2.6.LTS\lib\rtsv7M4_T_le_v4SPD16_eabi.lib
       defs.c.obj                    0       0         832    
       memory.c.obj                  672     0         16     
       trgmsg.c.obj                  108     0         576    
       fopen.c.obj                   532     0         8      
       host_device.c.obj             0       0         400    
       setvbuf.c.obj                 220     0         0      
       open.c.obj                    188     0         8      
       add_device.c.obj              184     0         8      
       memcpy_t2.asm.obj             156     0         0      
       memset_t2.asm.obj             122     0         0      
       fclose.c.obj                  116     0         0      
       getdevice.c.obj               116     0         0      
       hostopen.c.obj                96      0         16     
       hostrename.c.obj              108     0         0      
       copy_decompress_lzss.c.obj    104     0         0      
       hostlseek.c.obj               104     0         0      
       exit.c.obj                    76      0         24     
       close.c.obj                   92      0         0      
       hostread.c.obj                88      0         0      
       hostwrite.c.obj               88      0         0      
       fflush.c.obj                  76      0         0      
       autoinit.c.obj                68      0         0      
       hostclose.c.obj               68      0         0      
       hostunlink.c.obj              68      0         0      
       strncpy.c.obj                 54      0         0      
       boot_cortex_m.c.obj           52      0         0      
       unlink.c.obj                  44      0         0      
       write.c.obj                   40      0         0      
       strcmp.c.obj                  24      0         0      
       strchr.c.obj                  22      0         0      
       strcpy.c.obj                  20      0         0      
       strlen.c.obj                  20      0         0      
       _lock.c.obj                   2       0         16     
       copy_decompress_none.c.obj    14      0         0      
       copy_zero_init.c.obj          12      0         0      
       pre_init.c.obj                4       0         0      
    +--+-----------------------------+-------+---------+---------+
       Total:                        3758    0         1904   
                                                              
       Heap:                         0       0         2048   
       Stack:                        0       0         1024   
       Linker Generated:             0       339       0      
    +--+-----------------------------+-------+---------+---------+
       Grand Total:                  26504   1175      33938  


LINKER GENERATED COPY TABLES

__TI_cinit_table @ 00006c18 records: 2, size/record: 8, table size: 16
	.data: load addr=00006ad0, load size=0000012f bytes, run addr=20003d10, run size=00000340 bytes, compression=lzss
	.bss: load addr=00006c10, load size=00000008 bytes, run addr=20000000, run size=00003910 bytes, compression=zero_init


LINKER GENERATED HANDLER TABLE

__TI_handler_table @ 00006c00 records: 3, size/record: 4, table size: 12
	index: 0, handler: __TI_decompress_lzss
	index: 1, handler: __TI_decompress_none
	index: 2, handler: __TI_zero_init


GLOBAL SYMBOLS: SORTED ALPHABETICALLY BY Name 

address   name                              
-------   ----                              
00006851  ADC14_IRQHandler                  
00006851  AES256_IRQHandler                 
00001ee9  AP_AddCharacteristic              
000020a5  AP_AddNotifyCharacteristic        
00001e91  AP_AddService                     
000025b9  AP_BackgroundProcess              
00001a29  AP_EchoReceived                   
000019bd  AP_EchoSendMessage                
00001e7b  AP_GetNotifyCCCD                  
00001993  AP_GetSize                        
0000248d  AP_GetStatus                      
000024c5  AP_GetVersion                     
000018ad  AP_Init                           
00001c51  AP_RecvMessage                    
00001e2d  AP_RecvStatus                     
00001ec9  AP_RegisterService                
00001885  AP_Reset                          
00001ab5  AP_SendMessage                    
00001e3b  AP_SendMessageResponse            
000022d1  AP_SendNotification               
000023d1  AP_StartAdvertisement             
00002425  AP_StartAdvertisementJacki        
000029c7  AP_StartAdvertisementJacki19      
20003830  Amplitudes                        
00002de9  BLE_Init                          
000063b9  Blinker_Init                      
000063e3  Blinker_Output                    
00005fb5  Bump_Init                         
00005fe9  Bump_Read                         
00002d85  Bumper                            
00006851  BusFault_Handler                  
0000686b  C$$EXIT                           
000065e3  C$$IO$$                           
00006851  COMP_E0_IRQHandler                
00006851  COMP_E1_IRQHandler                
20003f70  CPMwait                           
00006851  CS_IRQHandler                     
20003880  CenterDistance                    
2000383c  ChannelCount                      
2000402c  CharacteristicCount               
20003620  CharacteristicList                
20003f68  ClockFrequency                    
0000528d  Clock_Delay1ms                    
00005263  Clock_Delay1us                    
0000524f  Clock_GetFreq                     
00005139  Clock_Init48MHz                   
20003f7c  Crystalstable                     
2000403c  CurrentX                          
2000403e  CurrentY                          
00006851  DMA_ERR_IRQHandler                
00006851  DMA_INT0_IRQHandler               
00006851  DMA_INT1_IRQHandler               
00006851  DMA_INT2_IRQHandler               
00006851  DMA_INT3_IRQHandler               
00006851  DebugMon_Handler                  
00006851  Default_Handler                   
000067a1  DisableInterrupts                 
20003848  Distances                         
00006851  EUSCIA0_IRQHandler                
00006851  EUSCIA1_IRQHandler                
00005441  EUSCIA2_IRQHandler                
00005441  EUSCIA2_IRQHandler                
00006851  EUSCIA3_IRQHandler                
00006851  EUSCIB0_IRQHandler                
00006851  EUSCIB1_IRQHandler                
00006851  EUSCIB2_IRQHandler                
00006851  EUSCIB3_IRQHandler                
000067a7  EnableInterrupts                  
000067b7  EndCritical                       
00006851  FLCTL_IRQHandler                  
00006851  FPU_IRQHandler                    
20003854  FilteredDistances                 
00005b11  GPIO_Init                         
00006a73  HCI_EXT_ResetSystemCmd            
000064a5  HOSTclose                         
0000617d  HOSTlseek                         
0000624d  HOSTopen                          
00006309  HOSTread                          
00006111  HOSTrename                        
000064e9  HOSTunlink                        
00006361  HOSTwrite                         
00006851  HardFault_Handler                 
20003884  I1                                
00004a69  I2CB1_Init                        
00004b2f  I2CB1_Recv                        
00004d83  I2CB1_Recv1                       
00004ab7  I2CB1_Send                        
00004bab  I2CB1_Send1                       
00004c07  I2CB1_Send2                       
00004c77  I2CB1_Send3                       
00004cf5  I2CB1_Send4                       
20003f78  IFlags                            
20003888  ISRLast                           
2000388c  ISRPeriod                         
20003890  ISRTime                           
20004036  JackiBumpSensor                   
20004034  JackiCommand                      
20003908  JackiDirection                    
2000390a  JackiPower                        
20003894  LPFSum                            
20003898  LPFSum2                           
2000389c  LPFSum3                           
00003cb1  LPF_Calc                          
00003e05  LPF_Calc2                         
00003f71  LPF_Calc3                         
00003bf1  LPF_Calc_old                      
00003c53  LPF_Init                          
00003da9  LPF_Init2                         
00003f1d  LPF_Init3                         
00003b9d  LPF_Init_old                      
00005859  LaunchPad_Init                    
000058c9  LaunchPad_Input                   
000058e7  LaunchPad_LED                     
00005905  LaunchPad_Output                  
200038a0  Left                              
200038a4  LeftDistance                      
00004089  Median                            
00006851  MemManage_Handler                 
20003868  Messageb                          
200038a8  Messageindexb                     
000055eb  Motor_Backward                    
00005523  Motor_Forward                     
000054bd  Motor_Init                        
000055a5  Motor_Left                        
0000555f  Motor_Right                       
0000550f  Motor_Stop                        
00006851  NMI_Handler                       
20003eed  NPI_AddCharDescriptor             
20003fe4  NPI_AddCharValue                  
20004000  NPI_AddService                    
20004009  NPI_CCCDUpdatedConfirmation       
20003f49  NPI_GATTSetDeviceName             
20003f95  NPI_GATTSetDeviceNameJacki        
20003f80  NPI_GATTSetDeviceNameJacki19      
00006a8c  NPI_GetStatus                     
00006a92  NPI_GetVersion                    
20003faa  NPI_ReadConfirmation              
00006a98  NPI_Register                      
20003fbf  NPI_SendNotificationIndication    
00006a62  NPI_SetAdvertisement1             
20003ec8  NPI_SetAdvertisementData          
20003f2b  NPI_SetAdvertisementDataJacki     
20003f0d  NPI_SetAdvertisementDataJacki19   
00006a4e  NPI_StartAdvertisement            
20004012  NPI_WriteConfirmation             
200038ac  NoSOFErr                          
00003d05  Noise                             
00003e79  Noise2                            
00003fdd  Noise3                            
20004030  NotifyCharacteristicCount         
200037e0  NotifyCharacteristicList          
0000455f  OPT3101_ArmInterrupts             
0000431f  OPT3101_CalibrateInternalCrosstalk
000044c5  OPT3101_CheckDistanceSensor       
00004491  OPT3101_GetAmplitude              
000044af  OPT3101_GetDistanceMillimeters    
000044dd  OPT3101_GetMeasurement            
000044a5  OPT3101_GetPhase                  
00004487  OPT3101_GetTxChannel              
00004197  OPT3101_Init                      
0000290b  OPT3101_LeftDistance              
00004467  OPT3101_MeasurementError          
00002927  OPT3101_Process                   
0000444f  OPT3101_ReadMeasurement           
0000412d  OPT3101_ReadRegister              
000028e9  OPT3101_RightDistance             
000041f5  OPT3101_Setup                     
0000289d  OPT3101_Start                     
00004401  OPT3101_StartMeasurement          
0000440f  OPT3101_StartMeasurementChannel   
0000415d  OPT3101_WriteRegister             
00002a99  OutValue                          
00006851  PCM_IRQHandler                    
00006851  PORT1_IRQHandler                  
00006851  PORT2_IRQHandler                  
00006851  PORT3_IRQHandler                  
00006851  PORT4_IRQHandler                  
00006851  PORT5_IRQHandler                  
000045b5  PORT6_IRQHandler                  
000045b5  PORT6_IRQHandler                  
00006851  PSS_IRQHandler                    
200038b0  PTxChan                           
00004733  PWM_Duty1                         
00004753  PWM_Duty2                         
000047f7  PWM_Duty3                         
00004817  PWM_Duty4                         
00004649  PWM_Init1                         
000046af  PWM_Init12                        
00004773  PWM_Init34                        
0000495f  PWM_RobotArmDuty0                 
00004985  PWM_RobotArmDuty1                 
000049ab  PWM_RobotArmDuty2                 
0000497f  PWM_RobotArmGetDuty0              
000049a5  PWM_RobotArmGetDuty1              
000049cb  PWM_RobotArmGetDuty2              
00004837  PWM_RobotArmInit                  
200038b4  Pamplitudes                       
200038b8  Pdistances                        
00006851  PendSV_Handler                    
20003f74  Postwait                          
20003f6c  Prewait                           
200038bc  Pt                                
200038c0  Pt2                               
200038c4  Pt3                               
00006851  RTC_C_IRQHandler                  
00002aad  ReadCommand                       
00002d55  ReadDistance                      
00002abb  ReadJackiBumpSensor               
00002d2d  ReadJackiDirection                
00002d01  ReadJackiPower                    
20003760  RecvBuf                           
00006845  Reset_Handler                     
200038c8  Right                             
200038cc  RightDistance                     
00002b25  RunJacki                          
20003520  RxFIFO                            
200038d0  RxFifoLost                        
00005371  RxFifo_Get                        
00005319  RxFifo_Init                       
0000532b  RxFifo_Put                        
200038d4  RxGetI                            
200038d8  RxPutI                            
00000551  SSD1306_Clear                     
00000511  SSD1306_ClearBuffer               
00000f6d  SSD1306_Dim                       
00000e27  SSD1306_DisplayBuffer             
00000411  SSD1306_DrawChar                  
000007e9  SSD1306_DrawFastHLine             
00000a0d  SSD1306_DrawFastVLine             
000005a5  SSD1306_DrawFullImage             
00000291  SSD1306_DrawPixel                 
000004c5  SSD1306_DrawString                
00000e23  SSD1306_GetBuffer                 
00000d25  SSD1306_GetPixel                  
00000183  SSD1306_Init                      
00000f57  SSD1306_InvertDisplay             
00001019  SSD1306_OutChar                   
0000172f  SSD1306_OutHex7                   
0000137d  SSD1306_OutSDec                   
00001641  SSD1306_OutSFix1                  
0000113f  SSD1306_OutString                 
00001199  SSD1306_OutUDec                   
0000178d  SSD1306_OutUDec16                 
00001825  SSD1306_OutUDec2                  
000015b3  SSD1306_OutUFix1                  
00001765  SSD1306_OutUHex7                  
00000609  SSD1306_PrintBMP                  
00000f9f  SSD1306_SetCursor                 
000008fb  SSD1306_drawFastHLineInternal     
00000b25  SSD1306_drawFastVLineInternal     
00000f0d  SSD1306_startscrolldiagleft       
00000ec9  SSD1306_startscrolldiagright      
00000e93  SSD1306_startscrollleft           
00000e61  SSD1306_startscrollright          
00000f4d  SSD1306_stopscroll                
00006851  SVC_Handler                       
20003870  SensorData19                      
200038dc  Size                              
200038e0  StartChannel                      
000067ad  StartCritical                     
2000390c  StartX                            
2000390e  StartY                            
00006851  SysTick_Handler                   
2000404c  SystemCoreClock                   
00004e0d  SystemCoreClockUpdate             
00005081  SystemInit                        
00006851  T32_INT1_IRQHandler               
00006851  T32_INT2_IRQHandler               
00006851  T32_INTC_IRQHandler               
00006851  TA0_0_IRQHandler                  
00006851  TA0_N_IRQHandler                  
00005dcb  TA1_0_IRQHandler                  
00005dcb  TA1_0_IRQHandler                  
00006851  TA1_N_IRQHandler                  
00006851  TA2_0_IRQHandler                  
00006851  TA2_N_IRQHandler                  
00006851  TA3_0_IRQHandler                  
00006851  TA3_N_IRQHandler                  
200038e4  TimeOutErr                        
200038e8  TimerA1Task                       
00005d59  TimerA1_Init                      
00005db7  TimerA1_Stop                      
200038ec  TxChannel                         
000034c3  UART0_InChar                      
0000396d  UART0_InString                    
0000350d  UART0_InUDec                      
00003821  UART0_InUHex                      
0000347d  UART0_Init                        
00003acf  UART0_Initprintf                  
000034d3  UART0_OutChar                     
000035c1  UART0_OutSDec                     
000034ef  UART0_OutString                   
00003591  UART0_OutUDec                     
00003735  UART0_OutUDec4                    
0000377d  UART0_OutUDec5                    
000037af  UART0_OutUFix1                    
000037d7  UART0_OutUFix2                    
000038e5  UART0_OutUHex                     
00003951  UART0_OutUHex2                    
00005475  UART1_FinishOutput                
00005413  UART1_InChar                      
000053a7  UART1_InStatus                    
000053b7  UART1_Init                        
00005425  UART1_OutChar                     
00005457  UART1_OutString                   
00006851  UsageFault_Handler                
4000480c  WDTCTL_SYM                        
00006851  WDT_A_IRQHandler                  
000067bf  WaitForInterrupt                  
00002cdd  WriteCommand                      
00002d3b  WriteJackiDirection               
00002d15  WriteJackiPower                   
20003400  __CIOBUF_                         
20010000  __STACK_END                       
00000200  __STACK_SIZE                      
00000400  __SYSMEM_SIZE                     
00006c18  __TI_CINIT_Base                   
00006c28  __TI_CINIT_Limit                  
00006c00  __TI_Handler_Table_Base           
00006c0c  __TI_Handler_Table_Limit          
0000652d  __TI_auto_init_nobinit_nopinit    
00006625  __TI_cleanup                      
20003ff4  __TI_cleanup_ptr                  
0000602d  __TI_closefile                    
000061e5  __TI_decompress_lzss              
00006837  __TI_decompress_none              
00006411  __TI_doflush                      
20003ff8  __TI_dtors_ptr                    
20003ffc  __TI_enable_exit_profile_output   
20003fd4  __TI_ft_end                       
ffffffff  __TI_pprof_out_hndl               
ffffffff  __TI_prof_data_size               
ffffffff  __TI_prof_data_start              
00006659  __TI_readmsg                      
00000000  __TI_static_base__                
200036c0  __TI_tmpnams                      
000065b5  __TI_writemsg                     
00006853  __TI_zero_init                    
00005f39  __aeabi_memclr                    
00005f39  __aeabi_memclr4                   
00005f39  __aeabi_memclr8                   
00005e9d  __aeabi_memcpy                    
00005e9d  __aeabi_memcpy4                   
00005e9d  __aeabi_memcpy8                   
00005f3b  __aeabi_memset                    
00005f3b  __aeabi_memset4                   
00005f3b  __aeabi_memset8                   
20003fe0  __aeabi_stderr                    
20003fd8  __aeabi_stdin                     
20003fdc  __aeabi_stdout                    
ffffffff  __binit__                         
ffffffff  __c_args__                        
UNDEFED   __mpu_init                        
2000fe00  __stack                           
20000000  __start___llvm_prf_cnts           
20000000  __stop___llvm_prf_cnts            
0000668d  _c_int00_noargs                   
20003e00  _device                           
20003d10  _ftable                           
2000401c  _lock                             
00005fb3  _nop                              
20003e78  _stream                           
20003910  _sys_memory                       
UNDEFED   _system_post_cinit                
00006867  _system_pre_init                  
20004020  _unlock                           
0000686b  abort                             
00005ca1  add_device                        
00005759  aligned_alloc                     
ffffffff  binit                             
20003000  buffer                            
000062ad  close                             
00005255  delay                             
0000645d  exit                              
200038f0  fcserr                            
00003a01  ferror                            
000039e7  fgetc                             
000066f5  finddevice                        
00005e01  fopen                             
00005951  free                              
000066c1  freopen                           
00006571  getdevice                         
00000000  interruptVectors                  
00003b5d  isqrt                             
000030b5  main                              
0000685f  malloc                            
00005759  memalign                          
00005e9d  memcpy                            
00005f41  memset                            
00005be5  open                              
00003929  outnibble                         
20003878  parmbuf                           
00006725  remove                            
200038f4  rotation                          
00005a35  setvbuf                           
0000010f  ssd1306_Testcommandwrite          
0000013b  ssd1306_command                   
0000014b  ssd1306_command1                  
0000015b  ssd1306_commandList               
000067f9  strchr                            
000067e1  strcmp                            
0000680f  strcpy                            
00006823  strlen                            
000065ed  strncpy                           
20004038  time                              
200038f8  u1                                
200038fc  u2                                
20003900  u3                                
00003a27  uart_close                        
00003aa5  uart_lseek                        
00003a17  uart_open                         
00003a33  uart_read                         
00003ac1  uart_rename                       
00003ab5  uart_unlink                       
00003a63  uart_write                        
00006725  unlink                            
20003904  vccstate                          
00006779  write                             
20000000  x                                 
20001000  x2                                
20002000  x3                                


GLOBAL SYMBOLS: SORTED BY Symbol Address 

address   name                              
-------   ----                              
00000000  __TI_static_base__                
00000000  interruptVectors                  
0000010f  ssd1306_Testcommandwrite          
0000013b  ssd1306_command                   
0000014b  ssd1306_command1                  
0000015b  ssd1306_commandList               
00000183  SSD1306_Init                      
00000200  __STACK_SIZE                      
00000291  SSD1306_DrawPixel                 
00000400  __SYSMEM_SIZE                     
00000411  SSD1306_DrawChar                  
000004c5  SSD1306_DrawString                
00000511  SSD1306_ClearBuffer               
00000551  SSD1306_Clear                     
000005a5  SSD1306_DrawFullImage             
00000609  SSD1306_PrintBMP                  
000007e9  SSD1306_DrawFastHLine             
000008fb  SSD1306_drawFastHLineInternal     
00000a0d  SSD1306_DrawFastVLine             
00000b25  SSD1306_drawFastVLineInternal     
00000d25  SSD1306_GetPixel                  
00000e23  SSD1306_GetBuffer                 
00000e27  SSD1306_DisplayBuffer             
00000e61  SSD1306_startscrollright          
00000e93  SSD1306_startscrollleft           
00000ec9  SSD1306_startscrolldiagright      
00000f0d  SSD1306_startscrolldiagleft       
00000f4d  SSD1306_stopscroll                
00000f57  SSD1306_InvertDisplay             
00000f6d  SSD1306_Dim                       
00000f9f  SSD1306_SetCursor                 
00001019  SSD1306_OutChar                   
0000113f  SSD1306_OutString                 
00001199  SSD1306_OutUDec                   
0000137d  SSD1306_OutSDec                   
000015b3  SSD1306_OutUFix1                  
00001641  SSD1306_OutSFix1                  
0000172f  SSD1306_OutHex7                   
00001765  SSD1306_OutUHex7                  
0000178d  SSD1306_OutUDec16                 
00001825  SSD1306_OutUDec2                  
00001885  AP_Reset                          
000018ad  AP_Init                           
00001993  AP_GetSize                        
000019bd  AP_EchoSendMessage                
00001a29  AP_EchoReceived                   
00001ab5  AP_SendMessage                    
00001c51  AP_RecvMessage                    
00001e2d  AP_RecvStatus                     
00001e3b  AP_SendMessageResponse            
00001e7b  AP_GetNotifyCCCD                  
00001e91  AP_AddService                     
00001ec9  AP_RegisterService                
00001ee9  AP_AddCharacteristic              
000020a5  AP_AddNotifyCharacteristic        
000022d1  AP_SendNotification               
000023d1  AP_StartAdvertisement             
00002425  AP_StartAdvertisementJacki        
0000248d  AP_GetStatus                      
000024c5  AP_GetVersion                     
000025b9  AP_BackgroundProcess              
0000289d  OPT3101_Start                     
000028e9  OPT3101_RightDistance             
0000290b  OPT3101_LeftDistance              
00002927  OPT3101_Process                   
000029c7  AP_StartAdvertisementJacki19      
00002a99  OutValue                          
00002aad  ReadCommand                       
00002abb  ReadJackiBumpSensor               
00002b25  RunJacki                          
00002cdd  WriteCommand                      
00002d01  ReadJackiPower                    
00002d15  WriteJackiPower                   
00002d2d  ReadJackiDirection                
00002d3b  WriteJackiDirection               
00002d55  ReadDistance                      
00002d85  Bumper                            
00002de9  BLE_Init                          
000030b5  main                              
0000347d  UART0_Init                        
000034c3  UART0_InChar                      
000034d3  UART0_OutChar                     
000034ef  UART0_OutString                   
0000350d  UART0_InUDec                      
00003591  UART0_OutUDec                     
000035c1  UART0_OutSDec                     
00003735  UART0_OutUDec4                    
0000377d  UART0_OutUDec5                    
000037af  UART0_OutUFix1                    
000037d7  UART0_OutUFix2                    
00003821  UART0_InUHex                      
000038e5  UART0_OutUHex                     
00003929  outnibble                         
00003951  UART0_OutUHex2                    
0000396d  UART0_InString                    
000039e7  fgetc                             
00003a01  ferror                            
00003a17  uart_open                         
00003a27  uart_close                        
00003a33  uart_read                         
00003a63  uart_write                        
00003aa5  uart_lseek                        
00003ab5  uart_unlink                       
00003ac1  uart_rename                       
00003acf  UART0_Initprintf                  
00003b5d  isqrt                             
00003b9d  LPF_Init_old                      
00003bf1  LPF_Calc_old                      
00003c53  LPF_Init                          
00003cb1  LPF_Calc                          
00003d05  Noise                             
00003da9  LPF_Init2                         
00003e05  LPF_Calc2                         
00003e79  Noise2                            
00003f1d  LPF_Init3                         
00003f71  LPF_Calc3                         
00003fdd  Noise3                            
00004089  Median                            
0000412d  OPT3101_ReadRegister              
0000415d  OPT3101_WriteRegister             
00004197  OPT3101_Init                      
000041f5  OPT3101_Setup                     
0000431f  OPT3101_CalibrateInternalCrosstalk
00004401  OPT3101_StartMeasurement          
0000440f  OPT3101_StartMeasurementChannel   
0000444f  OPT3101_ReadMeasurement           
00004467  OPT3101_MeasurementError          
00004487  OPT3101_GetTxChannel              
00004491  OPT3101_GetAmplitude              
000044a5  OPT3101_GetPhase                  
000044af  OPT3101_GetDistanceMillimeters    
000044c5  OPT3101_CheckDistanceSensor       
000044dd  OPT3101_GetMeasurement            
0000455f  OPT3101_ArmInterrupts             
000045b5  PORT6_IRQHandler                  
000045b5  PORT6_IRQHandler                  
00004649  PWM_Init1                         
000046af  PWM_Init12                        
00004733  PWM_Duty1                         
00004753  PWM_Duty2                         
00004773  PWM_Init34                        
000047f7  PWM_Duty3                         
00004817  PWM_Duty4                         
00004837  PWM_RobotArmInit                  
0000495f  PWM_RobotArmDuty0                 
0000497f  PWM_RobotArmGetDuty0              
00004985  PWM_RobotArmDuty1                 
000049a5  PWM_RobotArmGetDuty1              
000049ab  PWM_RobotArmDuty2                 
000049cb  PWM_RobotArmGetDuty2              
00004a69  I2CB1_Init                        
00004ab7  I2CB1_Send                        
00004b2f  I2CB1_Recv                        
00004bab  I2CB1_Send1                       
00004c07  I2CB1_Send2                       
00004c77  I2CB1_Send3                       
00004cf5  I2CB1_Send4                       
00004d83  I2CB1_Recv1                       
00004e0d  SystemCoreClockUpdate             
00005081  SystemInit                        
00005139  Clock_Init48MHz                   
0000524f  Clock_GetFreq                     
00005255  delay                             
00005263  Clock_Delay1us                    
0000528d  Clock_Delay1ms                    
00005319  RxFifo_Init                       
0000532b  RxFifo_Put                        
00005371  RxFifo_Get                        
000053a7  UART1_InStatus                    
000053b7  UART1_Init                        
00005413  UART1_InChar                      
00005425  UART1_OutChar                     
00005441  EUSCIA2_IRQHandler                
00005441  EUSCIA2_IRQHandler                
00005457  UART1_OutString                   
00005475  UART1_FinishOutput                
000054bd  Motor_Init                        
0000550f  Motor_Stop                        
00005523  Motor_Forward                     
0000555f  Motor_Right                       
000055a5  Motor_Left                        
000055eb  Motor_Backward                    
00005759  aligned_alloc                     
00005759  memalign                          
00005859  LaunchPad_Init                    
000058c9  LaunchPad_Input                   
000058e7  LaunchPad_LED                     
00005905  LaunchPad_Output                  
00005951  free                              
00005a35  setvbuf                           
00005b11  GPIO_Init                         
00005be5  open                              
00005ca1  add_device                        
00005d59  TimerA1_Init                      
00005db7  TimerA1_Stop                      
00005dcb  TA1_0_IRQHandler                  
00005dcb  TA1_0_IRQHandler                  
00005e01  fopen                             
00005e9d  __aeabi_memcpy                    
00005e9d  __aeabi_memcpy4                   
00005e9d  __aeabi_memcpy8                   
00005e9d  memcpy                            
00005f39  __aeabi_memclr                    
00005f39  __aeabi_memclr4                   
00005f39  __aeabi_memclr8                   
00005f3b  __aeabi_memset                    
00005f3b  __aeabi_memset4                   
00005f3b  __aeabi_memset8                   
00005f41  memset                            
00005fb3  _nop                              
00005fb5  Bump_Init                         
00005fe9  Bump_Read                         
0000602d  __TI_closefile                    
00006111  HOSTrename                        
0000617d  HOSTlseek                         
000061e5  __TI_decompress_lzss              
0000624d  HOSTopen                          
000062ad  close                             
00006309  HOSTread                          
00006361  HOSTwrite                         
000063b9  Blinker_Init                      
000063e3  Blinker_Output                    
00006411  __TI_doflush                      
0000645d  exit                              
000064a5  HOSTclose                         
000064e9  HOSTunlink                        
0000652d  __TI_auto_init_nobinit_nopinit    
00006571  getdevice                         
000065b5  __TI_writemsg                     
000065e3  C$$IO$$                           
000065ed  strncpy                           
00006625  __TI_cleanup                      
00006659  __TI_readmsg                      
0000668d  _c_int00_noargs                   
000066c1  freopen                           
000066f5  finddevice                        
00006725  remove                            
00006725  unlink                            
00006779  write                             
000067a1  DisableInterrupts                 
000067a7  EnableInterrupts                  
000067ad  StartCritical                     
000067b7  EndCritical                       
000067bf  WaitForInterrupt                  
000067e1  strcmp                            
000067f9  strchr                            
0000680f  strcpy                            
00006823  strlen                            
00006837  __TI_decompress_none              
00006845  Reset_Handler                     
00006851  ADC14_IRQHandler                  
00006851  AES256_IRQHandler                 
00006851  BusFault_Handler                  
00006851  COMP_E0_IRQHandler                
00006851  COMP_E1_IRQHandler                
00006851  CS_IRQHandler                     
00006851  DMA_ERR_IRQHandler                
00006851  DMA_INT0_IRQHandler               
00006851  DMA_INT1_IRQHandler               
00006851  DMA_INT2_IRQHandler               
00006851  DMA_INT3_IRQHandler               
00006851  DebugMon_Handler                  
00006851  Default_Handler                   
00006851  EUSCIA0_IRQHandler                
00006851  EUSCIA1_IRQHandler                
00006851  EUSCIA3_IRQHandler                
00006851  EUSCIB0_IRQHandler                
00006851  EUSCIB1_IRQHandler                
00006851  EUSCIB2_IRQHandler                
00006851  EUSCIB3_IRQHandler                
00006851  FLCTL_IRQHandler                  
00006851  FPU_IRQHandler                    
00006851  HardFault_Handler                 
00006851  MemManage_Handler                 
00006851  NMI_Handler                       
00006851  PCM_IRQHandler                    
00006851  PORT1_IRQHandler                  
00006851  PORT2_IRQHandler                  
00006851  PORT3_IRQHandler                  
00006851  PORT4_IRQHandler                  
00006851  PORT5_IRQHandler                  
00006851  PSS_IRQHandler                    
00006851  PendSV_Handler                    
00006851  RTC_C_IRQHandler                  
00006851  SVC_Handler                       
00006851  SysTick_Handler                   
00006851  T32_INT1_IRQHandler               
00006851  T32_INT2_IRQHandler               
00006851  T32_INTC_IRQHandler               
00006851  TA0_0_IRQHandler                  
00006851  TA0_N_IRQHandler                  
00006851  TA1_N_IRQHandler                  
00006851  TA2_0_IRQHandler                  
00006851  TA2_N_IRQHandler                  
00006851  TA3_0_IRQHandler                  
00006851  TA3_N_IRQHandler                  
00006851  UsageFault_Handler                
00006851  WDT_A_IRQHandler                  
00006853  __TI_zero_init                    
0000685f  malloc                            
00006867  _system_pre_init                  
0000686b  C$$EXIT                           
0000686b  abort                             
00006a4e  NPI_StartAdvertisement            
00006a62  NPI_SetAdvertisement1             
00006a73  HCI_EXT_ResetSystemCmd            
00006a8c  NPI_GetStatus                     
00006a92  NPI_GetVersion                    
00006a98  NPI_Register                      
00006c00  __TI_Handler_Table_Base           
00006c0c  __TI_Handler_Table_Limit          
00006c18  __TI_CINIT_Base                   
00006c28  __TI_CINIT_Limit                  
20000000  __start___llvm_prf_cnts           
20000000  __stop___llvm_prf_cnts            
20000000  x                                 
20001000  x2                                
20002000  x3                                
20003000  buffer                            
20003400  __CIOBUF_                         
20003520  RxFIFO                            
20003620  CharacteristicList                
200036c0  __TI_tmpnams                      
20003760  RecvBuf                           
200037e0  NotifyCharacteristicList          
20003830  Amplitudes                        
2000383c  ChannelCount                      
20003848  Distances                         
20003854  FilteredDistances                 
20003868  Messageb                          
20003870  SensorData19                      
20003878  parmbuf                           
20003880  CenterDistance                    
20003884  I1                                
20003888  ISRLast                           
2000388c  ISRPeriod                         
20003890  ISRTime                           
20003894  LPFSum                            
20003898  LPFSum2                           
2000389c  LPFSum3                           
200038a0  Left                              
200038a4  LeftDistance                      
200038a8  Messageindexb                     
200038ac  NoSOFErr                          
200038b0  PTxChan                           
200038b4  Pamplitudes                       
200038b8  Pdistances                        
200038bc  Pt                                
200038c0  Pt2                               
200038c4  Pt3                               
200038c8  Right                             
200038cc  RightDistance                     
200038d0  RxFifoLost                        
200038d4  RxGetI                            
200038d8  RxPutI                            
200038dc  Size                              
200038e0  StartChannel                      
200038e4  TimeOutErr                        
200038e8  TimerA1Task                       
200038ec  TxChannel                         
200038f0  fcserr                            
200038f4  rotation                          
200038f8  u1                                
200038fc  u2                                
20003900  u3                                
20003904  vccstate                          
20003908  JackiDirection                    
2000390a  JackiPower                        
2000390c  StartX                            
2000390e  StartY                            
20003910  _sys_memory                       
20003d10  _ftable                           
20003e00  _device                           
20003e78  _stream                           
20003ec8  NPI_SetAdvertisementData          
20003eed  NPI_AddCharDescriptor             
20003f0d  NPI_SetAdvertisementDataJacki19   
20003f2b  NPI_SetAdvertisementDataJacki     
20003f49  NPI_GATTSetDeviceName             
20003f68  ClockFrequency                    
20003f6c  Prewait                           
20003f70  CPMwait                           
20003f74  Postwait                          
20003f78  IFlags                            
20003f7c  Crystalstable                     
20003f80  NPI_GATTSetDeviceNameJacki19      
20003f95  NPI_GATTSetDeviceNameJacki        
20003faa  NPI_ReadConfirmation              
20003fbf  NPI_SendNotificationIndication    
20003fd4  __TI_ft_end                       
20003fd8  __aeabi_stdin                     
20003fdc  __aeabi_stdout                    
20003fe0  __aeabi_stderr                    
20003fe4  NPI_AddCharValue                  
20003ff4  __TI_cleanup_ptr                  
20003ff8  __TI_dtors_ptr                    
20003ffc  __TI_enable_exit_profile_output   
20004000  NPI_AddService                    
20004009  NPI_CCCDUpdatedConfirmation       
20004012  NPI_WriteConfirmation             
2000401c  _lock                             
20004020  _unlock                           
2000402c  CharacteristicCount               
20004030  NotifyCharacteristicCount         
20004034  JackiCommand                      
20004036  JackiBumpSensor                   
20004038  time                              
2000403c  CurrentX                          
2000403e  CurrentY                          
2000404c  SystemCoreClock                   
2000fe00  __stack                           
20010000  __STACK_END                       
4000480c  WDTCTL_SYM                        
ffffffff  __TI_pprof_out_hndl               
ffffffff  __TI_prof_data_size               
ffffffff  __TI_prof_data_start              
ffffffff  __binit__                         
ffffffff  __c_args__                        
ffffffff  binit                             
UNDEFED   __mpu_init                        
UNDEFED   _system_post_cinit                

[421 symbols]
