******************************************************************************
                  TI ARM Linker PC v20.2.6                     
******************************************************************************
>> Linked Thu Aug 25 18:44:00 2022

OUTPUT FILE NAME:   <OPT3101.out>
ENTRY POINT SYMBOL: "_c_int00_noargs"  address: 00004c59


MEMORY CONFIGURATION

         name            origin    length      used     unused   attr    fill
----------------------  --------  ---------  --------  --------  ----  --------
  MAIN                  00000000   00040000  000050f2  0003af0e  R  X
  INFO                  00200000   00004000  00000000  00004000  R  X
  SRAM_CODE             01000000   00010000  0000568c  0000a974  RW X
  SRAM_DATA             20000000   00010000  0000568c  0000a974  RW  


SEGMENT ALLOCATION MAP

run origin  load origin   length   init length attrs members
----------  ----------- ---------- ----------- ----- -------
00000000    00000000    000050f8   000050f8    r-x
  00000000    00000000    000000e4   000000e4    r-- .intvecs
  000000e4    000000e4    00004d56   00004d56    r-x .text
  00004e3a    00004e3a    00000220   00000220    r-- .const
  00005060    00005060    00000098   00000098    r-- .cinit
20000000    20000000    00005490   00000000    rw-
  20000000    20000000    00004e7c   00000000    rw- .bss
  20004e80    20004e80    00000400   00000000    rw- .sysmem
  20005280    20005280    00000210   00000000    rw- .data
2000fe00    2000fe00    00000200   00000000    rw-
  2000fe00    2000fe00    00000200   00000000    rw- .stack


SECTION ALLOCATION MAP

 output                                  attributes/
section   page    origin      length       input sections
--------  ----  ----------  ----------   ----------------
.intvecs   0    00000000    000000e4     
                  00000000    000000e4     startup_msp432p401r_ccs.obj (.intvecs:retain)

.text      0    000000e4    00004d56     
                  000000e4    000017a0     SSD1306.obj (.text)
                  00001884    00000b58     OPT3101_main.obj (.text)
                  000023dc    000006e0     UART0.obj (.text)
                  00002abc    000005d0     LPF.obj (.text)
                  0000308c    0000051c     opt3101.obj (.text)
                  000035a8    000003a4     I2CB1.obj (.text)
                  0000394c    00000334     system_msp432p401r.obj (.text)
                  00003c80    000001e0     Clock.obj (.text)
                  00003e60    00000110     rtsv7M4_T_le_v4SPD16_eabi.lib : fopen.c.obj (.text:_openfile)
                  00003f70    00000100                                   : memory.c.obj (.text:aligned_alloc)
                  00004070    000000f8     LaunchPad.obj (.text)
                  00004168    000000e4     rtsv7M4_T_le_v4SPD16_eabi.lib : memory.c.obj (.text:free)
                  0000424c    000000dc                                   : setvbuf.c.obj (.text:setvbuf)
                  00004328    000000bc                                   : open.c.obj (.text:open)
                  000043e4    000000b8                                   : add_device.c.obj (.text:add_device)
                  0000449c    0000009c                                   : fopen.c.obj (.text:fopen)
                  00004538    0000009c                                   : memcpy_t2.asm.obj (.text)
                  000045d4    0000007a                                   : memset_t2.asm.obj (.text)
                  0000464e    00000002                                   : _lock.c.obj (.text:_nop)
                  00004650    00000074                                   : fclose.c.obj (.text:__TI_closefile)
                  000046c4    00000070                                   : memory.c.obj (.text:split)
                  00004734    0000006c                                   : hostrename.c.obj (.text:HOSTrename)
                  000047a0    00000068                                   : hostlseek.c.obj (.text:HOSTlseek)
                  00004808    00000068                                   : copy_decompress_lzss.c.obj (.text:decompress:lzss:__TI_decompress_lzss)
                  00004870    00000060                                   : hostopen.c.obj (.text:HOSTopen)
                  000048d0    0000005c                                   : close.c.obj (.text:close)
                  0000492c    00000058                                   : hostread.c.obj (.text:HOSTread)
                  00004984    00000058                                   : hostwrite.c.obj (.text:HOSTwrite)
                  000049dc    0000004c                                   : fflush.c.obj (.text:__TI_doflush)
                  00004a28    00000048                                   : exit.c.obj (.text:exit)
                  00004a70    00000044                                   : hostclose.c.obj (.text:HOSTclose)
                  00004ab4    00000044                                   : hostunlink.c.obj (.text:HOSTunlink)
                  00004af8    00000044                                   : autoinit.c.obj (.text:__TI_auto_init_nobinit_nopinit:__TI_auto_init_nobinit_nopinit)
                  00004b3c    00000044                                   : getdevice.c.obj (.text:getdevice)
                  00004b80    00000038                                   : trgmsg.c.obj (.text:__TI_writemsg)
                  00004bb8    00000036                                   : strncpy.c.obj (.text:strncpy)
                  00004bee    00000002     --HOLE-- [fill = 0]
                  00004bf0    00000034                                   : fopen.c.obj (.text:__TI_cleanup)
                  00004c24    00000034                                   : trgmsg.c.obj (.text:__TI_readmsg)
                  00004c58    00000034                                   : boot_cortex_m.c.obj (.text:_c_int00_noargs:_c_int00_noargs)
                  00004c8c    00000034                                   : fopen.c.obj (.text:freopen)
                  00004cc0    00000030                                   : getdevice.c.obj (.text:finddevice)
                  00004cf0    0000002c                                   : unlink.c.obj (.text:unlink)
                  00004d1c    00000028                                   : memory.c.obj (.text:free_list_insert)
                  00004d44    00000028                                   : write.c.obj (.text:write)
                  00004d6c    00000024     CortexM.obj (.text)
                  00004d90    0000001c     rtsv7M4_T_le_v4SPD16_eabi.lib : memory.c.obj (.text:free_list_remove)
                  00004dac    00000018                                   : strcmp.c.obj (.text:strcmp)
                  00004dc4    00000016                                   : strchr.c.obj (.text:strchr)
                  00004dda    00000014                                   : strcpy.c.obj (.text:strcpy)
                  00004dee    00000014                                   : strlen.c.obj (.text:strlen)
                  00004e02    0000000e                                   : copy_decompress_none.c.obj (.text:decompress:none:__TI_decompress_none)
                  00004e10    0000000e     startup_msp432p401r_ccs.obj (.text)
                  00004e1e    0000000c     rtsv7M4_T_le_v4SPD16_eabi.lib : copy_zero_init.c.obj (.text:decompress:ZI:__TI_zero_init)
                  00004e2a    00000008                                   : memory.c.obj (.text:malloc)
                  00004e32    00000004                                   : pre_init.c.obj (.text:_system_pre_init)
                  00004e36    00000004                                   : exit.c.obj (.text:abort:abort)

.const     0    00004e3a    00000220     
                  00004e3a    000001e0     SSD1306.obj (.const:ASCII)
                  0000501a    00000008     SSD1306.obj (.const:.string:postmask)
                  00005022    00000008     SSD1306.obj (.const:.string:premask)
                  0000502a    00000006     SSD1306.obj (.const:.string:init5)
                  00005030    00000005     SSD1306.obj (.const:.string:dlist1)
                  00005035    00000004     SSD1306.obj (.const:.string:init1)
                  00005039    00000004     SSD1306.obj (.const:.string:init2)
                  0000503d    00000004     SSD1306.obj (.const:.string:init3)
                  00005041    00000003     SSD1306.obj (.const:.string:init4b)
                  00005044    00000003     SSD1306.obj (.const:.string:scrollList1b)
                  00005047    00000003     SSD1306.obj (.const:.string:scrollList2b)
                  0000504a    00000002     SSD1306.obj (.const:.string:scrollList1a)
                  0000504c    00000002     SSD1306.obj (.const:.string:scrollList2a)
                  0000504e    00000002     SSD1306.obj (.const:.string:scrollList3a)
                  00005050    00000002     SSD1306.obj (.const:.string:scrollList3b)
                  00005052    00000002     SSD1306.obj (.const:.string:scrollList3c)
                  00005054    00000002     SSD1306.obj (.const:.string:scrollList4a)
                  00005056    00000002     SSD1306.obj (.const:.string:scrollList4b)
                  00005058    00000002     SSD1306.obj (.const:.string:scrollList4c)

.cinit     0    00005060    00000098     
                  00005060    00000072     (.cinit..data.load) [load image, compression = lzss]
                  000050d2    00000002     --HOLE-- [fill = 0]
                  000050d4    0000000c     (__TI_handler_table)
                  000050e0    00000008     (.cinit..bss.load) [load image, compression = zero_init]
                  000050e8    00000010     (__TI_cinit_table)

.init_array 
*          0    00000000    00000000     UNINITIALIZED

.binit     0    00000000    00000000     

.bss       0    20000000    00004e7c     UNINITIALIZED
                  20000000    00001000     (.common:Data)
                  20001000    00001000     (.common:x)
                  20002000    00001000     (.common:x2)
                  20003000    00001000     (.common:x3)
                  20004000    00000800     (.common:Histogram)
                  20004800    00000400     (.common:buffer)
                  20004c00    00000120     rtsv7M4_T_le_v4SPD16_eabi.lib : trgmsg.c.obj (.bss:_CIOBUF_)
                  20004d20    000000a0     (.common:__TI_tmpnams)
                  20004dc0    0000000c     (.common:Amplitudes)
                  20004dcc    0000000c     (.common:ChannelCount)
                  20004dd8    0000000c     (.common:Distances)
                  20004de4    0000000c     (.common:FilteredDistances)
                  20004df0    00000008     opt3101.obj (.bss)
                  20004df8    00000008     (.common:Messageb)
                  20004e00    00000008     (.common:parmbuf)
                  20004e08    00000004     (.common:Average)
                  20004e0c    00000004     (.common:I1)
                  20004e10    00000004     (.common:ISRLast)
                  20004e14    00000004     (.common:ISRPeriod)
                  20004e18    00000004     (.common:ISRTime)
                  20004e1c    00000004     (.common:LPFSum)
                  20004e20    00000004     (.common:LPFSum2)
                  20004e24    00000004     (.common:LPFSum3)
                  20004e28    00000004     (.common:Messageindexb)
                  20004e2c    00000004     (.common:PTxChan)
                  20004e30    00000004     (.common:Pamplitudes)
                  20004e34    00000004     (.common:Pdistances)
                  20004e38    00000004     (.common:Pt)
                  20004e3c    00000004     (.common:Pt2)
                  20004e40    00000004     (.common:Pt3)
                  20004e44    00000004     (.common:Sigma)
                  20004e48    00000004     (.common:Size)
                  20004e4c    00000004     (.common:StartTime)
                  20004e50    00000004     (.common:Sum)
                  20004e54    00000004     (.common:Sum2)
                  20004e58    00000004     (.common:TimeToConvert)
                  20004e5c    00000004     (.common:TxChannel)
                  20004e60    00000004     (.common:Variance)
                  20004e64    00000004     (.common:rotation)
                  20004e68    00000004     (.common:u1)
                  20004e6c    00000004     (.common:u2)
                  20004e70    00000004     (.common:u3)
                  20004e74    00000004     (.common:vccstate)
                  20004e78    00000002     (.common:StartX)
                  20004e7a    00000002     (.common:StartY)

.sysmem    0    20004e80    00000400     UNINITIALIZED
                  20004e80    00000010     rtsv7M4_T_le_v4SPD16_eabi.lib : memory.c.obj (.sysmem)
                  20004e90    000003f0     --HOLE--

.data      0    20005280    00000210     UNINITIALIZED
                  20005280    000000f0     rtsv7M4_T_le_v4SPD16_eabi.lib : defs.c.obj (.data:_ftable)
                  20005370    00000078                                   : host_device.c.obj (.data:_device)
                  200053e8    00000050                                   : host_device.c.obj (.data:_stream)
                  20005438    00000018     Clock.obj (.data)
                  20005450    00000010     rtsv7M4_T_le_v4SPD16_eabi.lib : defs.c.obj (.data)
                  20005460    0000000c                                   : exit.c.obj (.data:$O1$$)
                  2000546c    00000008                                   : _lock.c.obj (.data:$O1$$)
                  20005474    00000008                                   : memory.c.obj (.data:$O1$$)
                  2000547c    00000004     SSD1306.obj (.data)
                  20005480    00000004     rtsv7M4_T_le_v4SPD16_eabi.lib : add_device.c.obj (.data)
                  20005484    00000004                                   : fopen.c.obj (.data)
                  20005488    00000004                                   : open.c.obj (.data)
                  2000548c    00000004     system_msp432p401r.obj (.data)

.stack     0    2000fe00    00000200     UNINITIALIZED
                  2000fe00    00000004     rtsv7M4_T_le_v4SPD16_eabi.lib : boot_cortex_m.c.obj (.stack)
                  2000fe04    000001fc     --HOLE--

__llvm_prf_cnts 
*          0    20000000    00000000     UNINITIALIZED

MODULE SUMMARY

       Module                        code    ro data   rw data
       ------                        ----    -------   -------
    ..\
       I2CB1.obj                     932     0         0      
    +--+-----------------------------+-------+---------+---------+
       Total:                        932     0         0      
                                                              
    .\
       LPF.obj                       1488    0         24664  
       OPT3101_main.obj              2904    0         12424  
       SSD1306.obj                   6048    544       2080   
       UART0.obj                     1760    0         24     
       opt3101.obj                   1308    0         88     
       system_msp432p401r.obj        820     0         8      
       Clock.obj                     480     0         48     
       LaunchPad.obj                 248     0         0      
       startup_msp432p401r_ccs.obj   14      228       0      
       CortexM.obj                   36      0         0      
    +--+-----------------------------+-------+---------+---------+
       Total:                        15106   772       39336  
                                                              
    C:\ti\ccs1200\ccs\tools\compiler\ti-cgt-arm_20.2.6.LTS\lib\rtsv7M4_T_le_v4SPD16_eabi.lib
       defs.c.obj                    0       0         832    
       memory.c.obj                  672     0         16     
       trgmsg.c.obj                  108     0         576    
       fopen.c.obj                   532     0         8      
       host_device.c.obj             0       0         400    
       setvbuf.c.obj                 220     0         0      
       open.c.obj                    188     0         8      
       add_device.c.obj              184     0         8      
       memcpy_t2.asm.obj             156     0         0      
       memset_t2.asm.obj             122     0         0      
       fclose.c.obj                  116     0         0      
       getdevice.c.obj               116     0         0      
       hostopen.c.obj                96      0         16     
       hostrename.c.obj              108     0         0      
       copy_decompress_lzss.c.obj    104     0         0      
       hostlseek.c.obj               104     0         0      
       exit.c.obj                    76      0         24     
       close.c.obj                   92      0         0      
       hostread.c.obj                88      0         0      
       hostwrite.c.obj               88      0         0      
       fflush.c.obj                  76      0         0      
       autoinit.c.obj                68      0         0      
       hostclose.c.obj               68      0         0      
       hostunlink.c.obj              68      0         0      
       strncpy.c.obj                 54      0         0      
       boot_cortex_m.c.obj           52      0         0      
       unlink.c.obj                  44      0         0      
       write.c.obj                   40      0         0      
       strcmp.c.obj                  24      0         0      
       strchr.c.obj                  22      0         0      
       strcpy.c.obj                  20      0         0      
       strlen.c.obj                  20      0         0      
       _lock.c.obj                   2       0         16     
       copy_decompress_none.c.obj    14      0         0      
       copy_zero_init.c.obj          12      0         0      
       pre_init.c.obj                4       0         0      
    +--+-----------------------------+-------+---------+---------+
       Total:                        3758    0         1904   
                                                              
       Heap:                         0       0         2048   
       Stack:                        0       0         1024   
       Linker Generated:             0       150       0      
    +--+-----------------------------+-------+---------+---------+
       Grand Total:                  19796   922       44312  


LINKER GENERATED COPY TABLES

__TI_cinit_table @ 000050e8 records: 2, size/record: 8, table size: 16
	.data: load addr=00005060, load size=00000072 bytes, run addr=20005280, run size=00000210 bytes, compression=lzss
	.bss: load addr=000050e0, load size=00000008 bytes, run addr=20000000, run size=00004e7c bytes, compression=zero_init


LINKER GENERATED HANDLER TABLE

__TI_handler_table @ 000050d4 records: 3, size/record: 4, table size: 12
	index: 0, handler: __TI_decompress_lzss
	index: 1, handler: __TI_decompress_none
	index: 2, handler: __TI_zero_init


GLOBAL SYMBOLS: SORTED ALPHABETICALLY BY Name 

address   name                              
-------   ----                              
00004e1d  ADC14_IRQHandler                  
00004e1d  AES256_IRQHandler                 
20004dc0  Amplitudes                        
20004e08  Average                           
00004e1d  BusFault_Handler                  
00004e37  C$$EXIT                           
00004baf  C$$IO$$                           
00004e1d  COMP_E0_IRQHandler                
00004e1d  COMP_E1_IRQHandler                
20005440  CPMwait                           
00004e1d  CS_IRQHandler                     
20004dcc  ChannelCount                      
20005438  ClockFrequency                    
00003dd5  Clock_Delay1ms                    
00003dab  Clock_Delay1us                    
00003d97  Clock_GetFreq                     
00003c81  Clock_Init48MHz                   
2000544c  Crystalstable                     
2000547c  CurrentX                          
2000547e  CurrentY                          
00004e1d  DMA_ERR_IRQHandler                
00004e1d  DMA_INT0_IRQHandler               
00004e1d  DMA_INT1_IRQHandler               
00004e1d  DMA_INT2_IRQHandler               
00004e1d  DMA_INT3_IRQHandler               
20000000  Data                              
00004e1d  DebugMon_Handler                  
00004e1d  Default_Handler                   
00004d6d  DisableInterrupts                 
20004dd8  Distances                         
00004e1d  EUSCIA0_IRQHandler                
00004e1d  EUSCIA1_IRQHandler                
00004e1d  EUSCIA2_IRQHandler                
00004e1d  EUSCIA3_IRQHandler                
00004e1d  EUSCIB0_IRQHandler                
00004e1d  EUSCIB1_IRQHandler                
00004e1d  EUSCIB2_IRQHandler                
00004e1d  EUSCIB3_IRQHandler                
00004d73  EnableInterrupts                  
00004d83  EndCritical                       
00004e1d  FLCTL_IRQHandler                  
00004e1d  FPU_IRQHandler                    
20004de4  FilteredDistances                 
00004a71  HOSTclose                         
000047a1  HOSTlseek                         
00004871  HOSTopen                          
0000492d  HOSTread                          
00004735  HOSTrename                        
00004ab5  HOSTunlink                        
00004985  HOSTwrite                         
00004e1d  HardFault_Handler                 
20004000  Histogram                         
20004e0c  I1                                
000035a9  I2CB1_Init                        
0000366f  I2CB1_Recv                        
000038c3  I2CB1_Recv1                       
000035f7  I2CB1_Send                        
000036eb  I2CB1_Send1                       
00003747  I2CB1_Send2                       
000037b7  I2CB1_Send3                       
00003835  I2CB1_Send4                       
20005448  IFlags                            
20004e10  ISRLast                           
20004e14  ISRPeriod                         
20004e18  ISRTime                           
20004e1c  LPFSum                            
20004e20  LPFSum2                           
20004e24  LPFSum3                           
00002c11  LPF_Calc                          
00002d65  LPF_Calc2                         
00002ed1  LPF_Calc3                         
00002b51  LPF_Calc_old                      
00002bb3  LPF_Init                          
00002d09  LPF_Init2                         
00002e7d  LPF_Init3                         
00002afd  LPF_Init_old                      
00004071  LaunchPad_Init                    
000040e1  LaunchPad_Input                   
000040ff  LaunchPad_LED                     
0000411d  LaunchPad_Output                  
00001bb5  Left                              
00002fe9  Median                            
00004e1d  MemManage_Handler                 
20004df8  Messageb                          
20004e28  Messageindexb                     
00004e1d  NMI_Handler                       
00002c65  Noise                             
00002dd9  Noise2                            
00002f3d  Noise3                            
00001885  OLEDinit                          
000034bf  OPT3101_ArmInterrupts             
0000327f  OPT3101_CalibrateInternalCrosstalk
00003425  OPT3101_CheckDistanceSensor       
000033f1  OPT3101_GetAmplitude              
0000340f  OPT3101_GetDistanceMillimeters    
0000343d  OPT3101_GetMeasurement            
00003405  OPT3101_GetPhase                  
000033e7  OPT3101_GetTxChannel              
000030f7  OPT3101_Init                      
000033c7  OPT3101_MeasurementError          
000033af  OPT3101_ReadMeasurement           
0000308d  OPT3101_ReadRegister              
00003155  OPT3101_Setup                     
00003361  OPT3101_StartMeasurement          
0000336f  OPT3101_StartMeasurementChannel   
000030bd  OPT3101_WriteRegister             
00004e1d  PCM_IRQHandler                    
00004e1d  PORT1_IRQHandler                  
00004e1d  PORT2_IRQHandler                  
00004e1d  PORT3_IRQHandler                  
00004e1d  PORT4_IRQHandler                  
00004e1d  PORT5_IRQHandler                  
00003515  PORT6_IRQHandler                  
00003515  PORT6_IRQHandler                  
00004e1d  PSS_IRQHandler                    
20004e2c  PTxChan                           
20004e30  Pamplitudes                       
20004e34  Pdistances                        
00004e1d  PendSV_Handler                    
20005444  Postwait                          
2000543c  Prewait                           
00001e2d  Program21_1                       
20004e38  Pt                                
20004e3c  Pt2                               
20004e40  Pt3                               
00004e1d  RTC_C_IRQHandler                  
00004e11  Reset_Handler                     
00001b89  Right                             
00000551  SSD1306_Clear                     
00000511  SSD1306_ClearBuffer               
00000f6d  SSD1306_Dim                       
00000e27  SSD1306_DisplayBuffer             
00000411  SSD1306_DrawChar                  
000007e9  SSD1306_DrawFastHLine             
00000a0d  SSD1306_DrawFastVLine             
000005a5  SSD1306_DrawFullImage             
00000291  SSD1306_DrawPixel                 
000004c5  SSD1306_DrawString                
00000e23  SSD1306_GetBuffer                 
00000d25  SSD1306_GetPixel                  
00000183  SSD1306_Init                      
00000f57  SSD1306_InvertDisplay             
00001019  SSD1306_OutChar                   
0000172f  SSD1306_OutHex7                   
0000137d  SSD1306_OutSDec                   
00001641  SSD1306_OutSFix1                  
0000113f  SSD1306_OutString                 
00001199  SSD1306_OutUDec                   
0000178d  SSD1306_OutUDec16                 
00001825  SSD1306_OutUDec2                  
000015b3  SSD1306_OutUFix1                  
00001765  SSD1306_OutUHex7                  
00000609  SSD1306_PrintBMP                  
00000f9f  SSD1306_SetCursor                 
000008fb  SSD1306_drawFastHLineInternal     
00000b25  SSD1306_drawFastVLineInternal     
00000f0d  SSD1306_startscrolldiagleft       
00000ec9  SSD1306_startscrolldiagright      
00000e93  SSD1306_startscrollleft           
00000e61  SSD1306_startscrollright          
00000f4d  SSD1306_stopscroll                
00004e1d  SVC_Handler                       
20004e44  Sigma                             
20004e48  Size                              
00004d79  StartCritical                     
20004e4c  StartTime                         
20004e78  StartX                            
20004e7a  StartY                            
20004e50  Sum                               
20004e54  Sum2                              
00004e1d  SysTick_Handler                   
2000548c  SystemCoreClock                   
0000394d  SystemCoreClockUpdate             
00003bc5  SystemInit                        
00004e1d  T32_INT1_IRQHandler               
00004e1d  T32_INT2_IRQHandler               
00004e1d  T32_INTC_IRQHandler               
00004e1d  TA0_0_IRQHandler                  
00004e1d  TA0_N_IRQHandler                  
00004e1d  TA1_0_IRQHandler                  
00004e1d  TA1_N_IRQHandler                  
00004e1d  TA2_0_IRQHandler                  
00004e1d  TA2_N_IRQHandler                  
00004e1d  TA3_0_IRQHandler                  
00004e1d  TA3_N_IRQHandler                  
20004e58  TimeToConvert                     
20004e5c  TxChannel                         
00002423  UART0_InChar                      
000028cd  UART0_InString                    
0000246d  UART0_InUDec                      
00002781  UART0_InUHex                      
000023dd  UART0_Init                        
00002a2f  UART0_Initprintf                  
00002433  UART0_OutChar                     
00002521  UART0_OutSDec                     
0000244f  UART0_OutString                   
000024f1  UART0_OutUDec                     
00002695  UART0_OutUDec4                    
000026dd  UART0_OutUDec5                    
0000270f  UART0_OutUFix1                    
00002737  UART0_OutUFix2                    
00002845  UART0_OutUHex                     
000028b1  UART0_OutUHex2                    
00004e1d  UsageFault_Handler                
20004e60  Variance                          
4000480c  WDTCTL_SYM                        
00004e1d  WDT_A_IRQHandler                  
00004d8b  WaitForInterrupt                  
20004c00  __CIOBUF_                         
20010000  __STACK_END                       
00000200  __STACK_SIZE                      
00000400  __SYSMEM_SIZE                     
000050e8  __TI_CINIT_Base                   
000050f8  __TI_CINIT_Limit                  
000050d4  __TI_Handler_Table_Base           
000050e0  __TI_Handler_Table_Limit          
00004af9  __TI_auto_init_nobinit_nopinit    
00004bf1  __TI_cleanup                      
20005460  __TI_cleanup_ptr                  
00004651  __TI_closefile                    
00004809  __TI_decompress_lzss              
00004e03  __TI_decompress_none              
000049dd  __TI_doflush                      
20005464  __TI_dtors_ptr                    
20005468  __TI_enable_exit_profile_output   
20005450  __TI_ft_end                       
ffffffff  __TI_pprof_out_hndl               
ffffffff  __TI_prof_data_size               
ffffffff  __TI_prof_data_start              
00004c25  __TI_readmsg                      
00000000  __TI_static_base__                
20004d20  __TI_tmpnams                      
00004b81  __TI_writemsg                     
00004e1f  __TI_zero_init                    
000045d5  __aeabi_memclr                    
000045d5  __aeabi_memclr4                   
000045d5  __aeabi_memclr8                   
00004539  __aeabi_memcpy                    
00004539  __aeabi_memcpy4                   
00004539  __aeabi_memcpy8                   
000045d7  __aeabi_memset                    
000045d7  __aeabi_memset4                   
000045d7  __aeabi_memset8                   
2000545c  __aeabi_stderr                    
20005454  __aeabi_stdin                     
20005458  __aeabi_stdout                    
ffffffff  __binit__                         
ffffffff  __c_args__                        
UNDEFED   __mpu_init                        
2000fe00  __stack                           
20000000  __start___llvm_prf_cnts           
20000000  __stop___llvm_prf_cnts            
00004c59  _c_int00_noargs                   
20005370  _device                           
20005280  _ftable                           
2000546c  _lock                             
0000464f  _nop                              
200053e8  _stream                           
20004e80  _sys_memory                       
UNDEFED   _system_post_cinit                
00004e33  _system_pre_init                  
20005470  _unlock                           
00004e37  abort                             
000043e5  add_device                        
00003f71  aligned_alloc                     
ffffffff  binit                             
20004800  buffer                            
000048d1  close                             
00003d9d  delay                             
00004a29  exit                              
00002961  ferror                            
00002947  fgetc                             
00004cc1  finddevice                        
0000449d  fopen                             
00004169  free                              
00004c8d  freopen                           
00004b3d  getdevice                         
00000000  interruptVectors                  
00002abd  isqrt                             
00001c31  main                              
000018ab  main1                             
00001a97  main2                             
00004e2b  malloc                            
00003f71  memalign                          
00004539  memcpy                            
000045dd  memset                            
00004329  open                              
00002889  outnibble                         
20004e00  parmbuf                           
0000188f  pollDistanceSensor                
00004cf1  remove                            
20004e64  rotation                          
0000424d  setvbuf                           
0000010f  ssd1306_Testcommandwrite          
0000013b  ssd1306_command                   
0000014b  ssd1306_command1                  
0000015b  ssd1306_commandList               
00004dc5  strchr                            
00004dad  strcmp                            
00004ddb  strcpy                            
00004def  strlen                            
00004bb9  strncpy                           
20004e68  u1                                
20004e6c  u2                                
20004e70  u3                                
00002987  uart_close                        
00002a05  uart_lseek                        
00002977  uart_open                         
00002993  uart_read                         
00002a21  uart_rename                       
00002a15  uart_unlink                       
000029c3  uart_write                        
00004cf1  unlink                            
20004e74  vccstate                          
00004d45  write                             
20001000  x                                 
20002000  x2                                
20003000  x3                                


GLOBAL SYMBOLS: SORTED BY Symbol Address 

address   name                              
-------   ----                              
00000000  __TI_static_base__                
00000000  interruptVectors                  
0000010f  ssd1306_Testcommandwrite          
0000013b  ssd1306_command                   
0000014b  ssd1306_command1                  
0000015b  ssd1306_commandList               
00000183  SSD1306_Init                      
00000200  __STACK_SIZE                      
00000291  SSD1306_DrawPixel                 
00000400  __SYSMEM_SIZE                     
00000411  SSD1306_DrawChar                  
000004c5  SSD1306_DrawString                
00000511  SSD1306_ClearBuffer               
00000551  SSD1306_Clear                     
000005a5  SSD1306_DrawFullImage             
00000609  SSD1306_PrintBMP                  
000007e9  SSD1306_DrawFastHLine             
000008fb  SSD1306_drawFastHLineInternal     
00000a0d  SSD1306_DrawFastVLine             
00000b25  SSD1306_drawFastVLineInternal     
00000d25  SSD1306_GetPixel                  
00000e23  SSD1306_GetBuffer                 
00000e27  SSD1306_DisplayBuffer             
00000e61  SSD1306_startscrollright          
00000e93  SSD1306_startscrollleft           
00000ec9  SSD1306_startscrolldiagright      
00000f0d  SSD1306_startscrolldiagleft       
00000f4d  SSD1306_stopscroll                
00000f57  SSD1306_InvertDisplay             
00000f6d  SSD1306_Dim                       
00000f9f  SSD1306_SetCursor                 
00001019  SSD1306_OutChar                   
0000113f  SSD1306_OutString                 
00001199  SSD1306_OutUDec                   
0000137d  SSD1306_OutSDec                   
000015b3  SSD1306_OutUFix1                  
00001641  SSD1306_OutSFix1                  
0000172f  SSD1306_OutHex7                   
00001765  SSD1306_OutUHex7                  
0000178d  SSD1306_OutUDec16                 
00001825  SSD1306_OutUDec2                  
00001885  OLEDinit                          
0000188f  pollDistanceSensor                
000018ab  main1                             
00001a97  main2                             
00001b89  Right                             
00001bb5  Left                              
00001c31  main                              
00001e2d  Program21_1                       
000023dd  UART0_Init                        
00002423  UART0_InChar                      
00002433  UART0_OutChar                     
0000244f  UART0_OutString                   
0000246d  UART0_InUDec                      
000024f1  UART0_OutUDec                     
00002521  UART0_OutSDec                     
00002695  UART0_OutUDec4                    
000026dd  UART0_OutUDec5                    
0000270f  UART0_OutUFix1                    
00002737  UART0_OutUFix2                    
00002781  UART0_InUHex                      
00002845  UART0_OutUHex                     
00002889  outnibble                         
000028b1  UART0_OutUHex2                    
000028cd  UART0_InString                    
00002947  fgetc                             
00002961  ferror                            
00002977  uart_open                         
00002987  uart_close                        
00002993  uart_read                         
000029c3  uart_write                        
00002a05  uart_lseek                        
00002a15  uart_unlink                       
00002a21  uart_rename                       
00002a2f  UART0_Initprintf                  
00002abd  isqrt                             
00002afd  LPF_Init_old                      
00002b51  LPF_Calc_old                      
00002bb3  LPF_Init                          
00002c11  LPF_Calc                          
00002c65  Noise                             
00002d09  LPF_Init2                         
00002d65  LPF_Calc2                         
00002dd9  Noise2                            
00002e7d  LPF_Init3                         
00002ed1  LPF_Calc3                         
00002f3d  Noise3                            
00002fe9  Median                            
0000308d  OPT3101_ReadRegister              
000030bd  OPT3101_WriteRegister             
000030f7  OPT3101_Init                      
00003155  OPT3101_Setup                     
0000327f  OPT3101_CalibrateInternalCrosstalk
00003361  OPT3101_StartMeasurement          
0000336f  OPT3101_StartMeasurementChannel   
000033af  OPT3101_ReadMeasurement           
000033c7  OPT3101_MeasurementError          
000033e7  OPT3101_GetTxChannel              
000033f1  OPT3101_GetAmplitude              
00003405  OPT3101_GetPhase                  
0000340f  OPT3101_GetDistanceMillimeters    
00003425  OPT3101_CheckDistanceSensor       
0000343d  OPT3101_GetMeasurement            
000034bf  OPT3101_ArmInterrupts             
00003515  PORT6_IRQHandler                  
00003515  PORT6_IRQHandler                  
000035a9  I2CB1_Init                        
000035f7  I2CB1_Send                        
0000366f  I2CB1_Recv                        
000036eb  I2CB1_Send1                       
00003747  I2CB1_Send2                       
000037b7  I2CB1_Send3                       
00003835  I2CB1_Send4                       
000038c3  I2CB1_Recv1                       
0000394d  SystemCoreClockUpdate             
00003bc5  SystemInit                        
00003c81  Clock_Init48MHz                   
00003d97  Clock_GetFreq                     
00003d9d  delay                             
00003dab  Clock_Delay1us                    
00003dd5  Clock_Delay1ms                    
00003f71  aligned_alloc                     
00003f71  memalign                          
00004071  LaunchPad_Init                    
000040e1  LaunchPad_Input                   
000040ff  LaunchPad_LED                     
0000411d  LaunchPad_Output                  
00004169  free                              
0000424d  setvbuf                           
00004329  open                              
000043e5  add_device                        
0000449d  fopen                             
00004539  __aeabi_memcpy                    
00004539  __aeabi_memcpy4                   
00004539  __aeabi_memcpy8                   
00004539  memcpy                            
000045d5  __aeabi_memclr                    
000045d5  __aeabi_memclr4                   
000045d5  __aeabi_memclr8                   
000045d7  __aeabi_memset                    
000045d7  __aeabi_memset4                   
000045d7  __aeabi_memset8                   
000045dd  memset                            
0000464f  _nop                              
00004651  __TI_closefile                    
00004735  HOSTrename                        
000047a1  HOSTlseek                         
00004809  __TI_decompress_lzss              
00004871  HOSTopen                          
000048d1  close                             
0000492d  HOSTread                          
00004985  HOSTwrite                         
000049dd  __TI_doflush                      
00004a29  exit                              
00004a71  HOSTclose                         
00004ab5  HOSTunlink                        
00004af9  __TI_auto_init_nobinit_nopinit    
00004b3d  getdevice                         
00004b81  __TI_writemsg                     
00004baf  C$$IO$$                           
00004bb9  strncpy                           
00004bf1  __TI_cleanup                      
00004c25  __TI_readmsg                      
00004c59  _c_int00_noargs                   
00004c8d  freopen                           
00004cc1  finddevice                        
00004cf1  remove                            
00004cf1  unlink                            
00004d45  write                             
00004d6d  DisableInterrupts                 
00004d73  EnableInterrupts                  
00004d79  StartCritical                     
00004d83  EndCritical                       
00004d8b  WaitForInterrupt                  
00004dad  strcmp                            
00004dc5  strchr                            
00004ddb  strcpy                            
00004def  strlen                            
00004e03  __TI_decompress_none              
00004e11  Reset_Handler                     
00004e1d  ADC14_IRQHandler                  
00004e1d  AES256_IRQHandler                 
00004e1d  BusFault_Handler                  
00004e1d  COMP_E0_IRQHandler                
00004e1d  COMP_E1_IRQHandler                
00004e1d  CS_IRQHandler                     
00004e1d  DMA_ERR_IRQHandler                
00004e1d  DMA_INT0_IRQHandler               
00004e1d  DMA_INT1_IRQHandler               
00004e1d  DMA_INT2_IRQHandler               
00004e1d  DMA_INT3_IRQHandler               
00004e1d  DebugMon_Handler                  
00004e1d  Default_Handler                   
00004e1d  EUSCIA0_IRQHandler                
00004e1d  EUSCIA1_IRQHandler                
00004e1d  EUSCIA2_IRQHandler                
00004e1d  EUSCIA3_IRQHandler                
00004e1d  EUSCIB0_IRQHandler                
00004e1d  EUSCIB1_IRQHandler                
00004e1d  EUSCIB2_IRQHandler                
00004e1d  EUSCIB3_IRQHandler                
00004e1d  FLCTL_IRQHandler                  
00004e1d  FPU_IRQHandler                    
00004e1d  HardFault_Handler                 
00004e1d  MemManage_Handler                 
00004e1d  NMI_Handler                       
00004e1d  PCM_IRQHandler                    
00004e1d  PORT1_IRQHandler                  
00004e1d  PORT2_IRQHandler                  
00004e1d  PORT3_IRQHandler                  
00004e1d  PORT4_IRQHandler                  
00004e1d  PORT5_IRQHandler                  
00004e1d  PSS_IRQHandler                    
00004e1d  PendSV_Handler                    
00004e1d  RTC_C_IRQHandler                  
00004e1d  SVC_Handler                       
00004e1d  SysTick_Handler                   
00004e1d  T32_INT1_IRQHandler               
00004e1d  T32_INT2_IRQHandler               
00004e1d  T32_INTC_IRQHandler               
00004e1d  TA0_0_IRQHandler                  
00004e1d  TA0_N_IRQHandler                  
00004e1d  TA1_0_IRQHandler                  
00004e1d  TA1_N_IRQHandler                  
00004e1d  TA2_0_IRQHandler                  
00004e1d  TA2_N_IRQHandler                  
00004e1d  TA3_0_IRQHandler                  
00004e1d  TA3_N_IRQHandler                  
00004e1d  UsageFault_Handler                
00004e1d  WDT_A_IRQHandler                  
00004e1f  __TI_zero_init                    
00004e2b  malloc                            
00004e33  _system_pre_init                  
00004e37  C$$EXIT                           
00004e37  abort                             
000050d4  __TI_Handler_Table_Base           
000050e0  __TI_Handler_Table_Limit          
000050e8  __TI_CINIT_Base                   
000050f8  __TI_CINIT_Limit                  
20000000  Data                              
20000000  __start___llvm_prf_cnts           
20000000  __stop___llvm_prf_cnts            
20001000  x                                 
20002000  x2                                
20003000  x3                                
20004000  Histogram                         
20004800  buffer                            
20004c00  __CIOBUF_                         
20004d20  __TI_tmpnams                      
20004dc0  Amplitudes                        
20004dcc  ChannelCount                      
20004dd8  Distances                         
20004de4  FilteredDistances                 
20004df8  Messageb                          
20004e00  parmbuf                           
20004e08  Average                           
20004e0c  I1                                
20004e10  ISRLast                           
20004e14  ISRPeriod                         
20004e18  ISRTime                           
20004e1c  LPFSum                            
20004e20  LPFSum2                           
20004e24  LPFSum3                           
20004e28  Messageindexb                     
20004e2c  PTxChan                           
20004e30  Pamplitudes                       
20004e34  Pdistances                        
20004e38  Pt                                
20004e3c  Pt2                               
20004e40  Pt3                               
20004e44  Sigma                             
20004e48  Size                              
20004e4c  StartTime                         
20004e50  Sum                               
20004e54  Sum2                              
20004e58  TimeToConvert                     
20004e5c  TxChannel                         
20004e60  Variance                          
20004e64  rotation                          
20004e68  u1                                
20004e6c  u2                                
20004e70  u3                                
20004e74  vccstate                          
20004e78  StartX                            
20004e7a  StartY                            
20004e80  _sys_memory                       
20005280  _ftable                           
20005370  _device                           
200053e8  _stream                           
20005438  ClockFrequency                    
2000543c  Prewait                           
20005440  CPMwait                           
20005444  Postwait                          
20005448  IFlags                            
2000544c  Crystalstable                     
20005450  __TI_ft_end                       
20005454  __aeabi_stdin                     
20005458  __aeabi_stdout                    
2000545c  __aeabi_stderr                    
20005460  __TI_cleanup_ptr                  
20005464  __TI_dtors_ptr                    
20005468  __TI_enable_exit_profile_output   
2000546c  _lock                             
20005470  _unlock                           
2000547c  CurrentX                          
2000547e  CurrentY                          
2000548c  SystemCoreClock                   
2000fe00  __stack                           
20010000  __STACK_END                       
4000480c  WDTCTL_SYM                        
ffffffff  __TI_pprof_out_hndl               
ffffffff  __TI_prof_data_size               
ffffffff  __TI_prof_data_start              
ffffffff  __binit__                         
ffffffff  __c_args__                        
ffffffff  binit                             
UNDEFED   __mpu_init                        
UNDEFED   _system_post_cinit                

[318 symbols]
