******************************************************************************
                  TI ARM Linker PC v20.2.6                     
******************************************************************************
>> Linked Thu Aug 25 18:44:13 2022

OUTPUT FILE NAME:   <RobotArm.out>
ENTRY POINT SYMBOL: "_c_int00_noargs"  address: 000040f1


MEMORY CONFIGURATION

         name            origin    length      used     unused   attr    fill
----------------------  --------  ---------  --------  --------  ----  --------
  MAIN                  00000000   00040000  000044a4  0003bb5c  R  X
  INFO                  00200000   00004000  00000000  00004000  R  X
  SRAM_CODE             01000000   00010000  000006aa  0000f956  RW X
  SRAM_DATA             20000000   00010000  000006aa  0000f956  RW  


SEGMENT ALLOCATION MAP

run origin  load origin   length   init length attrs members
----------  ----------- ---------- ----------- ----- -------
00000000    00000000    000044a8   000044a8    r-x
  00000000    00000000    000000e4   000000e4    r-- .intvecs
  000000e4    000000e4    00004094   00004094    r-x .text
  00004178    00004178    000002d4   000002d4    r-- .const
  00004450    00004450    00000058   00000058    r-- .cinit
20000000    20000000    000004ac   00000000    rw-
  20000000    20000000    00000456   00000000    rw- .bss
  20000458    20000458    00000054   00000000    rw- .data
2000fe00    2000fe00    00000200   00000000    rw-
  2000fe00    2000fe00    00000200   00000000    rw- .stack


SECTION ALLOCATION MAP

 output                                  attributes/
section   page    origin      length       input sections
--------  ----  ----------  ----------   ----------------
.intvecs   0    00000000    000000e4     
                  00000000    000000e4     startup_msp432p401r_ccs.obj (.intvecs:retain)

.text      0    000000e4    00004094     
                  000000e4    000017a0     SSD1306.obj (.text)
                  00001884    000012a0     RobotArmmain.obj (.text)
                  00002b24    00000490     ADC14.obj (.text)
                  00002fb4    00000420     PWM.obj (.text)
                  000033d4    0000032c     system_msp432p401r.obj (.text)
                  00003700    000001e0     Clock.obj (.text)
                  000038e0    000001d4     TA3InputCapture.obj (.text)
                  00003ab4    0000018c     Motor.obj (.text)
                  00003c40    0000013c     Tachometer.obj (.text)
                  00003d7c    000000f8     LaunchPad.obj (.text)
                  00003e74    0000009c     rtsv7M4_T_le_v4SPD16_eabi.lib : memcpy_t2.asm.obj (.text)
                  00003f10    0000007a                                   : memset_t2.asm.obj (.text)
                  00003f8a    00000002     --HOLE-- [fill = 0]
                  00003f8c    00000078     Bump.obj (.text)
                  00004004    00000068     rtsv7M4_T_le_v4SPD16_eabi.lib : copy_decompress_lzss.c.obj (.text:decompress:lzss:__TI_decompress_lzss)
                  0000406c    00000044                                   : autoinit.c.obj (.text:__TI_auto_init_nobinit_nopinit:__TI_auto_init_nobinit_nopinit)
                  000040b0    00000040     SysTickInts.obj (.text)
                  000040f0    00000034     rtsv7M4_T_le_v4SPD16_eabi.lib : boot_cortex_m.c.obj (.text:_c_int00_noargs:_c_int00_noargs)
                  00004124    00000024     CortexM.obj (.text)
                  00004148    0000000e     rtsv7M4_T_le_v4SPD16_eabi.lib : copy_decompress_none.c.obj (.text:decompress:none:__TI_decompress_none)
                  00004156    0000000e     startup_msp432p401r_ccs.obj (.text)
                  00004164    0000000c     rtsv7M4_T_le_v4SPD16_eabi.lib : copy_zero_init.c.obj (.text:decompress:ZI:__TI_zero_init)
                  00004170    00000004                                   : pre_init.c.obj (.text:_system_pre_init)
                  00004174    00000004                                   : exit.c.obj (.text:abort:abort)

.const     0    00004178    000002d4     
                  00004178    000001e0     SSD1306.obj (.const:ASCII)
                  00004358    0000003c     RobotArmmain.obj (.const:GRIPDUTY)
                  00004394    0000003c     RobotArmmain.obj (.const:HEIGHTDUTY)
                  000043d0    0000003c     RobotArmmain.obj (.const:TILTDUTY)
                  0000440c    00000008     SSD1306.obj (.const:.string:postmask)
                  00004414    00000008     SSD1306.obj (.const:.string:premask)
                  0000441c    00000006     SSD1306.obj (.const:.string:init5)
                  00004422    00000005     SSD1306.obj (.const:.string:dlist1)
                  00004427    00000004     SSD1306.obj (.const:.string:init1)
                  0000442b    00000004     SSD1306.obj (.const:.string:init2)
                  0000442f    00000004     SSD1306.obj (.const:.string:init3)
                  00004433    00000003     SSD1306.obj (.const:.string:init4b)
                  00004436    00000003     SSD1306.obj (.const:.string:scrollList1b)
                  00004439    00000003     SSD1306.obj (.const:.string:scrollList2b)
                  0000443c    00000002     SSD1306.obj (.const:.string:scrollList1a)
                  0000443e    00000002     SSD1306.obj (.const:.string:scrollList2a)
                  00004440    00000002     SSD1306.obj (.const:.string:scrollList3a)
                  00004442    00000002     SSD1306.obj (.const:.string:scrollList3b)
                  00004444    00000002     SSD1306.obj (.const:.string:scrollList3c)
                  00004446    00000002     SSD1306.obj (.const:.string:scrollList4a)
                  00004448    00000002     SSD1306.obj (.const:.string:scrollList4b)
                  0000444a    00000002     SSD1306.obj (.const:.string:scrollList4c)

.cinit     0    00004450    00000058     
                  00004450    00000030     (.cinit..data.load) [load image, compression = lzss]
                  00004480    0000000c     (__TI_handler_table)
                  0000448c    00000004     --HOLE-- [fill = 0]
                  00004490    00000008     (.cinit..bss.load) [load image, compression = zero_init]
                  00004498    00000010     (__TI_cinit_table)

.init_array 
*          0    00000000    00000000     UNINITIALIZED

.binit     0    00000000    00000000     

.bss       0    20000000    00000456     UNINITIALIZED
                  20000000    00000400     (.common:buffer)
                  20000400    00000014     (.common:LeftTach)
                  20000414    00000014     (.common:RightTach)
                  20000428    00000004     (.common:GripADC)
                  2000042c    00000004     (.common:HeightADC)
                  20000430    00000004     (.common:LeftSteps)
                  20000434    00000004     (.common:RightSteps)
                  20000438    00000004     (.common:TiltADC)
                  2000043c    00000004     (.common:rotation)
                  20000440    00000004     (.common:vccstate)
                  20000444    00000002     (.common:ActualL)
                  20000446    00000002     (.common:ActualR)
                  20000448    00000002     (.common:StartX)
                  2000044a    00000002     (.common:StartY)
                  2000044c    00000002     (.common:Tachometer_FirstLeftTime)
                  2000044e    00000002     (.common:Tachometer_FirstRightTime)
                  20000450    00000002     (.common:Tachometer_SecondLeftTime)
                  20000452    00000002     (.common:Tachometer_SecondRightTime)
                  20000454    00000001     (.common:LeftDir)
                  20000455    00000001     (.common:RightDir)

.data      0    20000458    00000054     UNINITIALIZED
                  20000458    0000001b     RobotArmmain.obj (.data)
                  20000473    00000001     --HOLE--
                  20000474    00000018     Clock.obj (.data)
                  2000048c    0000000c     TA3InputCapture.obj (.data)
                  20000498    0000000a     Tachometer.obj (.data)
                  200004a2    00000004     SSD1306.obj (.data)
                  200004a6    00000002     --HOLE--
                  200004a8    00000004     system_msp432p401r.obj (.data)

.stack     0    2000fe00    00000200     UNINITIALIZED
                  2000fe00    00000004     rtsv7M4_T_le_v4SPD16_eabi.lib : boot_cortex_m.c.obj (.stack)
                  2000fe04    000001fc     --HOLE--

__llvm_prf_cnts 
*          0    20000000    00000000     UNINITIALIZED

MODULE SUMMARY

       Module                        code    ro data   rw data
       ------                        ----    -------   -------
    .\
       SSD1306.obj                   6048    544       2080   
       RobotArmmain.obj              4768    180       186    
       ADC14.obj                     1168    0         0      
       PWM.obj                       1056    0         0      
       system_msp432p401r.obj        812     0         8      
       Clock.obj                     480     0         48     
       TA3InputCapture.obj           468     0         24     
       Motor.obj                     396     0         0      
       Tachometer.obj                316     0         36     
       LaunchPad.obj                 248     0         0      
       startup_msp432p401r_ccs.obj   14      228       0      
       Bump.obj                      120     0         0      
       SysTickInts.obj               64      0         0      
       CortexM.obj                   36      0         0      
    +--+-----------------------------+-------+---------+---------+
       Total:                        15994   952       2382   
                                                              
    C:\ti\ccs1200\ccs\tools\compiler\ti-cgt-arm_20.2.6.LTS\lib\rtsv7M4_T_le_v4SPD16_eabi.lib
       memcpy_t2.asm.obj             156     0         0      
       memset_t2.asm.obj             122     0         0      
       copy_decompress_lzss.c.obj    104     0         0      
       autoinit.c.obj                68      0         0      
       boot_cortex_m.c.obj           52      0         0      
       copy_decompress_none.c.obj    14      0         0      
       copy_zero_init.c.obj          12      0         0      
       exit.c.obj                    4       0         0      
       pre_init.c.obj                4       0         0      
    +--+-----------------------------+-------+---------+---------+
       Total:                        536     0         0      
                                                              
       Stack:                        0       0         1024   
       Linker Generated:             0       84        0      
    +--+-----------------------------+-------+---------+---------+
       Grand Total:                  16530   1036      3406   


LINKER GENERATED COPY TABLES

__TI_cinit_table @ 00004498 records: 2, size/record: 8, table size: 16
	.data: load addr=00004450, load size=00000030 bytes, run addr=20000458, run size=00000054 bytes, compression=lzss
	.bss: load addr=00004490, load size=00000008 bytes, run addr=20000000, run size=00000456 bytes, compression=zero_init


LINKER GENERATED HANDLER TABLE

__TI_handler_table @ 00004480 records: 3, size/record: 4, table size: 12
	index: 0, handler: __TI_decompress_lzss
	index: 1, handler: __TI_decompress_none
	index: 2, handler: __TI_zero_init


GLOBAL SYMBOLS: SORTED ALPHABETICALLY BY Name 

address   name                          
-------   ----                          
00002ddd  ADC0_InitSWTriggerCh12        
00002c21  ADC0_InitSWTriggerCh14        
00002c91  ADC0_InitSWTriggerCh17_14_16  
00002e4d  ADC0_InitSWTriggerCh19        
00002d41  ADC0_InitSWTriggerCh21_22_23  
00002edd  ADC0_InitSWTriggerCh23        
00002b25  ADC0_InitSWTriggerCh6         
00002b95  ADC0_InitSWTriggerCh67        
00004163  ADC14_IRQHandler              
00002e2d  ADC_In12                      
00002c71  ADC_In14                      
00002d01  ADC_In17_14_16                
00002e9d  ADC_In19                      
00002d9d  ADC_In21_22_23                
00002f39  ADC_In23                      
00002b75  ADC_In6                       
00002beb  ADC_In67                      
00004163  AES256_IRQHandler             
20000444  ActualL                       
20000446  ActualR                       
00003f8d  Bump_Init                     
00003fc1  Bump_Read                     
00004163  BusFault_Handler              
00004175  C$$EXIT                       
00004163  COMP_E0_IRQHandler            
00004163  COMP_E1_IRQHandler            
2000047c  CPMwait                       
00004163  CS_IRQHandler                 
2000048c  CaptureTask0                  
20000490  CaptureTask1                  
20000494  CaptureTask2                  
20000474  ClockFrequency                
00003855  Clock_Delay1ms                
0000382b  Clock_Delay1us                
00003817  Clock_GetFreq                 
00003701  Clock_Init48MHz               
20000488  Crystalstable                 
200004a2  CurrentX                      
200004a4  CurrentY                      
00004163  DMA_ERR_IRQHandler            
00004163  DMA_INT0_IRQHandler           
00004163  DMA_INT1_IRQHandler           
00004163  DMA_INT2_IRQHandler           
00004163  DMA_INT3_IRQHandler           
00004163  DebugMon_Handler              
00004163  Default_Handler               
2000046a  DesiredL                      
2000046c  DesiredR                      
00004125  DisableInterrupts             
00004163  EUSCIA0_IRQHandler            
00004163  EUSCIA1_IRQHandler            
00004163  EUSCIA2_IRQHandler            
00004163  EUSCIA3_IRQHandler            
00004163  EUSCIB0_IRQHandler            
00004163  EUSCIB1_IRQHandler            
00004163  EUSCIB2_IRQHandler            
00004163  EUSCIB3_IRQHandler            
0000412b  EnableInterrupts              
0000413b  EndCritical                   
00004163  FLCTL_IRQHandler              
00004163  FPU_IRQHandler                
00004358  GRIPDUTY                      
20000428  GripADC                       
20000460  GripIndex                     
00004394  HEIGHTDUTY                    
00004163  HardFault_Handler             
2000042c  HeightADC                     
20000458  HeightIndex                   
20000484  IFlags                        
00003d7d  LaunchPad_Init                
00003ded  LaunchPad_Input               
00003e0b  LaunchPad_LED                 
00003e29  LaunchPad_Output              
20000454  LeftDir                       
2000046e  LeftDuty                      
20000430  LeftSteps                     
20000400  LeftTach                      
00004163  MemManage_Handler             
00003be3  Motor_Backward                
00003b1b  Motor_Forward                 
00003ab5  Motor_Init                    
00003b9d  Motor_Left                    
00003b57  Motor_Right                   
00003b07  Motor_Stop                    
00004163  NMI_Handler                   
00004163  PCM_IRQHandler                
00004163  PORT1_IRQHandler              
00004163  PORT2_IRQHandler              
00004163  PORT3_IRQHandler              
00004163  PORT4_IRQHandler              
00004163  PORT5_IRQHandler              
00004163  PORT6_IRQHandler              
00004163  PSS_IRQHandler                
0000309f  PWM_Duty1                     
000030bf  PWM_Duty2                     
00003163  PWM_Duty3                     
00003183  PWM_Duty4                     
00002fb5  PWM_Init1                     
0000301b  PWM_Init12                    
000030df  PWM_Init34                    
000032cb  PWM_RobotArmDuty0             
000032f1  PWM_RobotArmDuty1             
00003317  PWM_RobotArmDuty2             
000032eb  PWM_RobotArmGetDuty0          
00003311  PWM_RobotArmGetDuty1          
00003337  PWM_RobotArmGetDuty2          
000031a3  PWM_RobotArmInit              
00004163  PendSV_Handler                
20000480  Postwait                      
20000478  Prewait                       
00004163  RTC_C_IRQHandler              
00004157  Reset_Handler                 
20000455  RightDir                      
20000470  RightDuty                     
20000434  RightSteps                    
20000414  RightTach                     
00000551  SSD1306_Clear                 
00000511  SSD1306_ClearBuffer           
00000f6d  SSD1306_Dim                   
00000e27  SSD1306_DisplayBuffer         
00000411  SSD1306_DrawChar              
000007e9  SSD1306_DrawFastHLine         
00000a0d  SSD1306_DrawFastVLine         
000005a5  SSD1306_DrawFullImage         
00000291  SSD1306_DrawPixel             
000004c5  SSD1306_DrawString            
00000e23  SSD1306_GetBuffer             
00000d25  SSD1306_GetPixel              
00000183  SSD1306_Init                  
00000f57  SSD1306_InvertDisplay         
00001019  SSD1306_OutChar               
0000172f  SSD1306_OutHex7               
0000137d  SSD1306_OutSDec               
00001641  SSD1306_OutSFix1              
0000113f  SSD1306_OutString             
00001199  SSD1306_OutUDec               
0000178d  SSD1306_OutUDec16             
00001825  SSD1306_OutUDec2              
000015b3  SSD1306_OutUFix1              
00001765  SSD1306_OutUHex7              
00000609  SSD1306_PrintBMP              
00000f9f  SSD1306_SetCursor             
000008fb  SSD1306_drawFastHLineInternal 
00000b25  SSD1306_drawFastVLineInternal 
00000f0d  SSD1306_startscrolldiagleft   
00000ec9  SSD1306_startscrolldiagright  
00000e93  SSD1306_startscrollleft       
00000e61  SSD1306_startscrollright      
00000f4d  SSD1306_stopscroll            
00004163  SVC_Handler                   
00004131  StartCritical                 
20000448  StartX                        
2000044a  StartY                        
0000194b  SysTick_Handler               
0000194b  SysTick_Handler               
000040b1  SysTick_Init                  
200004a8  SystemCoreClock               
000033d5  SystemCoreClockUpdate         
00003649  SystemInit                    
00004163  T32_INT1_IRQHandler           
00004163  T32_INT2_IRQHandler           
00004163  T32_INTC_IRQHandler           
00004163  TA0_0_IRQHandler              
00004163  TA0_N_IRQHandler              
00004163  TA1_0_IRQHandler              
00004163  TA1_N_IRQHandler              
00004163  TA2_0_IRQHandler              
00004163  TA2_N_IRQHandler              
0000396d  TA3_0_IRQHandler              
0000396d  TA3_0_IRQHandler              
00003987  TA3_N_IRQHandler              
00003987  TA3_N_IRQHandler              
000043d0  TILTDUTY                      
2000044c  Tachometer_FirstLeftTime      
2000044e  Tachometer_FirstRightTime     
00003cf7  Tachometer_Get                
00003ccd  Tachometer_Init               
200004a1  Tachometer_LeftDir            
2000049c  Tachometer_LeftSteps          
200004a0  Tachometer_RightDir           
20000498  Tachometer_RightSteps         
20000450  Tachometer_SecondLeftTime     
20000452  Tachometer_SecondRightTime    
20000438  TiltADC                       
2000045c  TiltIndex                     
20000464  Time                          
000038ed  TimerA3Capture_Init01         
000039c7  TimerA3Capture_Init02         
00004163  UsageFault_Handler            
4000480c  WDTCTL_SYM                    
00004163  WDT_A_IRQHandler              
00004143  WaitForInterrupt              
20010000  __STACK_END                   
00000200  __STACK_SIZE                  
00004498  __TI_CINIT_Base               
000044a8  __TI_CINIT_Limit              
00004480  __TI_Handler_Table_Base       
0000448c  __TI_Handler_Table_Limit      
0000406d  __TI_auto_init_nobinit_nopinit
00004005  __TI_decompress_lzss          
00004149  __TI_decompress_none          
ffffffff  __TI_pprof_out_hndl           
ffffffff  __TI_prof_data_size           
ffffffff  __TI_prof_data_start          
00000000  __TI_static_base__            
00004165  __TI_zero_init                
00003f11  __aeabi_memclr                
00003f11  __aeabi_memclr4               
00003f11  __aeabi_memclr8               
00003e75  __aeabi_memcpy                
00003e75  __aeabi_memcpy4               
00003e75  __aeabi_memcpy8               
00003f13  __aeabi_memset                
00003f13  __aeabi_memset4               
00003f13  __aeabi_memset8               
ffffffff  __binit__                     
ffffffff  __c_args__                    
UNDEFED   __mpu_init                    
2000fe00  __stack                       
20000000  __start___llvm_prf_cnts       
20000000  __stop___llvm_prf_cnts        
000040f1  _c_int00_noargs               
UNDEFED   _system_post_cinit            
00004171  _system_pre_init              
00004175  abort                         
00001909  avg                           
ffffffff  binit                         
20000000  buffer                        
20000468  currentMode                   
0000381d  delay                         
000018dd  getactualgrip                 
00001885  getactualheight               
000018b1  getactualtilt                 
00000000  interruptVectors              
00001c0d  main                          
00003e75  memcpy                        
00003f19  memset                        
2000043c  rotation                      
0000010f  ssd1306_Testcommandwrite      
0000013b  ssd1306_command               
0000014b  ssd1306_command1              
0000015b  ssd1306_commandList           
000038e1  ta3dummy                      
00003c87  tachometerLeftInt             
00003c41  tachometerRightInt            
00001b51  updatescreen                  
20000440  vccstate                      


GLOBAL SYMBOLS: SORTED BY Symbol Address 

address   name                          
-------   ----                          
00000000  __TI_static_base__            
00000000  interruptVectors              
0000010f  ssd1306_Testcommandwrite      
0000013b  ssd1306_command               
0000014b  ssd1306_command1              
0000015b  ssd1306_commandList           
00000183  SSD1306_Init                  
00000200  __STACK_SIZE                  
00000291  SSD1306_DrawPixel             
00000411  SSD1306_DrawChar              
000004c5  SSD1306_DrawString            
00000511  SSD1306_ClearBuffer           
00000551  SSD1306_Clear                 
000005a5  SSD1306_DrawFullImage         
00000609  SSD1306_PrintBMP              
000007e9  SSD1306_DrawFastHLine         
000008fb  SSD1306_drawFastHLineInternal 
00000a0d  SSD1306_DrawFastVLine         
00000b25  SSD1306_drawFastVLineInternal 
00000d25  SSD1306_GetPixel              
00000e23  SSD1306_GetBuffer             
00000e27  SSD1306_DisplayBuffer         
00000e61  SSD1306_startscrollright      
00000e93  SSD1306_startscrollleft       
00000ec9  SSD1306_startscrolldiagright  
00000f0d  SSD1306_startscrolldiagleft   
00000f4d  SSD1306_stopscroll            
00000f57  SSD1306_InvertDisplay         
00000f6d  SSD1306_Dim                   
00000f9f  SSD1306_SetCursor             
00001019  SSD1306_OutChar               
0000113f  SSD1306_OutString             
00001199  SSD1306_OutUDec               
0000137d  SSD1306_OutSDec               
000015b3  SSD1306_OutUFix1              
00001641  SSD1306_OutSFix1              
0000172f  SSD1306_OutHex7               
00001765  SSD1306_OutUHex7              
0000178d  SSD1306_OutUDec16             
00001825  SSD1306_OutUDec2              
00001885  getactualheight               
000018b1  getactualtilt                 
000018dd  getactualgrip                 
00001909  avg                           
0000194b  SysTick_Handler               
0000194b  SysTick_Handler               
00001b51  updatescreen                  
00001c0d  main                          
00002b25  ADC0_InitSWTriggerCh6         
00002b75  ADC_In6                       
00002b95  ADC0_InitSWTriggerCh67        
00002beb  ADC_In67                      
00002c21  ADC0_InitSWTriggerCh14        
00002c71  ADC_In14                      
00002c91  ADC0_InitSWTriggerCh17_14_16  
00002d01  ADC_In17_14_16                
00002d41  ADC0_InitSWTriggerCh21_22_23  
00002d9d  ADC_In21_22_23                
00002ddd  ADC0_InitSWTriggerCh12        
00002e2d  ADC_In12                      
00002e4d  ADC0_InitSWTriggerCh19        
00002e9d  ADC_In19                      
00002edd  ADC0_InitSWTriggerCh23        
00002f39  ADC_In23                      
00002fb5  PWM_Init1                     
0000301b  PWM_Init12                    
0000309f  PWM_Duty1                     
000030bf  PWM_Duty2                     
000030df  PWM_Init34                    
00003163  PWM_Duty3                     
00003183  PWM_Duty4                     
000031a3  PWM_RobotArmInit              
000032cb  PWM_RobotArmDuty0             
000032eb  PWM_RobotArmGetDuty0          
000032f1  PWM_RobotArmDuty1             
00003311  PWM_RobotArmGetDuty1          
00003317  PWM_RobotArmDuty2             
00003337  PWM_RobotArmGetDuty2          
000033d5  SystemCoreClockUpdate         
00003649  SystemInit                    
00003701  Clock_Init48MHz               
00003817  Clock_GetFreq                 
0000381d  delay                         
0000382b  Clock_Delay1us                
00003855  Clock_Delay1ms                
000038e1  ta3dummy                      
000038ed  TimerA3Capture_Init01         
0000396d  TA3_0_IRQHandler              
0000396d  TA3_0_IRQHandler              
00003987  TA3_N_IRQHandler              
00003987  TA3_N_IRQHandler              
000039c7  TimerA3Capture_Init02         
00003ab5  Motor_Init                    
00003b07  Motor_Stop                    
00003b1b  Motor_Forward                 
00003b57  Motor_Right                   
00003b9d  Motor_Left                    
00003be3  Motor_Backward                
00003c41  tachometerRightInt            
00003c87  tachometerLeftInt             
00003ccd  Tachometer_Init               
00003cf7  Tachometer_Get                
00003d7d  LaunchPad_Init                
00003ded  LaunchPad_Input               
00003e0b  LaunchPad_LED                 
00003e29  LaunchPad_Output              
00003e75  __aeabi_memcpy                
00003e75  __aeabi_memcpy4               
00003e75  __aeabi_memcpy8               
00003e75  memcpy                        
00003f11  __aeabi_memclr                
00003f11  __aeabi_memclr4               
00003f11  __aeabi_memclr8               
00003f13  __aeabi_memset                
00003f13  __aeabi_memset4               
00003f13  __aeabi_memset8               
00003f19  memset                        
00003f8d  Bump_Init                     
00003fc1  Bump_Read                     
00004005  __TI_decompress_lzss          
0000406d  __TI_auto_init_nobinit_nopinit
000040b1  SysTick_Init                  
000040f1  _c_int00_noargs               
00004125  DisableInterrupts             
0000412b  EnableInterrupts              
00004131  StartCritical                 
0000413b  EndCritical                   
00004143  WaitForInterrupt              
00004149  __TI_decompress_none          
00004157  Reset_Handler                 
00004163  ADC14_IRQHandler              
00004163  AES256_IRQHandler             
00004163  BusFault_Handler              
00004163  COMP_E0_IRQHandler            
00004163  COMP_E1_IRQHandler            
00004163  CS_IRQHandler                 
00004163  DMA_ERR_IRQHandler            
00004163  DMA_INT0_IRQHandler           
00004163  DMA_INT1_IRQHandler           
00004163  DMA_INT2_IRQHandler           
00004163  DMA_INT3_IRQHandler           
00004163  DebugMon_Handler              
00004163  Default_Handler               
00004163  EUSCIA0_IRQHandler            
00004163  EUSCIA1_IRQHandler            
00004163  EUSCIA2_IRQHandler            
00004163  EUSCIA3_IRQHandler            
00004163  EUSCIB0_IRQHandler            
00004163  EUSCIB1_IRQHandler            
00004163  EUSCIB2_IRQHandler            
00004163  EUSCIB3_IRQHandler            
00004163  FLCTL_IRQHandler              
00004163  FPU_IRQHandler                
00004163  HardFault_Handler             
00004163  MemManage_Handler             
00004163  NMI_Handler                   
00004163  PCM_IRQHandler                
00004163  PORT1_IRQHandler              
00004163  PORT2_IRQHandler              
00004163  PORT3_IRQHandler              
00004163  PORT4_IRQHandler              
00004163  PORT5_IRQHandler              
00004163  PORT6_IRQHandler              
00004163  PSS_IRQHandler                
00004163  PendSV_Handler                
00004163  RTC_C_IRQHandler              
00004163  SVC_Handler                   
00004163  T32_INT1_IRQHandler           
00004163  T32_INT2_IRQHandler           
00004163  T32_INTC_IRQHandler           
00004163  TA0_0_IRQHandler              
00004163  TA0_N_IRQHandler              
00004163  TA1_0_IRQHandler              
00004163  TA1_N_IRQHandler              
00004163  TA2_0_IRQHandler              
00004163  TA2_N_IRQHandler              
00004163  UsageFault_Handler            
00004163  WDT_A_IRQHandler              
00004165  __TI_zero_init                
00004171  _system_pre_init              
00004175  C$$EXIT                       
00004175  abort                         
00004358  GRIPDUTY                      
00004394  HEIGHTDUTY                    
000043d0  TILTDUTY                      
00004480  __TI_Handler_Table_Base       
0000448c  __TI_Handler_Table_Limit      
00004498  __TI_CINIT_Base               
000044a8  __TI_CINIT_Limit              
20000000  __start___llvm_prf_cnts       
20000000  __stop___llvm_prf_cnts        
20000000  buffer                        
20000400  LeftTach                      
20000414  RightTach                     
20000428  GripADC                       
2000042c  HeightADC                     
20000430  LeftSteps                     
20000434  RightSteps                    
20000438  TiltADC                       
2000043c  rotation                      
20000440  vccstate                      
20000444  ActualL                       
20000446  ActualR                       
20000448  StartX                        
2000044a  StartY                        
2000044c  Tachometer_FirstLeftTime      
2000044e  Tachometer_FirstRightTime     
20000450  Tachometer_SecondLeftTime     
20000452  Tachometer_SecondRightTime    
20000454  LeftDir                       
20000455  RightDir                      
20000458  HeightIndex                   
2000045c  TiltIndex                     
20000460  GripIndex                     
20000464  Time                          
20000468  currentMode                   
2000046a  DesiredL                      
2000046c  DesiredR                      
2000046e  LeftDuty                      
20000470  RightDuty                     
20000474  ClockFrequency                
20000478  Prewait                       
2000047c  CPMwait                       
20000480  Postwait                      
20000484  IFlags                        
20000488  Crystalstable                 
2000048c  CaptureTask0                  
20000490  CaptureTask1                  
20000494  CaptureTask2                  
20000498  Tachometer_RightSteps         
2000049c  Tachometer_LeftSteps          
200004a0  Tachometer_RightDir           
200004a1  Tachometer_LeftDir            
200004a2  CurrentX                      
200004a4  CurrentY                      
200004a8  SystemCoreClock               
2000fe00  __stack                       
20010000  __STACK_END                   
4000480c  WDTCTL_SYM                    
ffffffff  __TI_pprof_out_hndl           
ffffffff  __TI_prof_data_size           
ffffffff  __TI_prof_data_start          
ffffffff  __binit__                     
ffffffff  __c_args__                    
ffffffff  binit                         
UNDEFED   __mpu_init                    
UNDEFED   _system_post_cinit            

[247 symbols]
