******************************************************************************
                  TI ARM Linker PC v20.2.6                     
******************************************************************************
>> Linked Mon Oct 10 14:07:48 2022

OUTPUT FILE NAME:   <Lab20_CC3100.out>
ENTRY POINT SYMBOL: "_c_int00_noargs"  address: 0000ca75


MEMORY CONFIGURATION

         name            origin    length      used     unused   attr    fill
----------------------  --------  ---------  --------  --------  ----  --------
  MAIN                  00000000   00040000  0000ff67  00030099  R  X
  INFO                  00200000   00004000  00000000  00004000  R  X
  SRAM_CODE             01000000   00010000  00001ed3  0000e12d  RW X
  SRAM_DATA             20000000   00010000  00001ed3  0000e12d  RW  


SEGMENT ALLOCATION MAP

run origin  load origin   length   init length attrs members
----------  ----------- ---------- ----------- ----- -------
00000000    00000000    0000ff68   0000ff68    r-x
  00000000    00000000    000000e4   000000e4    r-- .intvecs
  000000e4    000000e4    0000cc84   0000cc84    r-x .text
  0000cd68    0000cd68    0000314f   0000314f    r-- .const
  0000feb8    0000feb8    000000b0   000000b0    r-- .cinit
20000000    20000000    00001cd4   00000000    rw-
  20000000    20000000    00001647   00000000    rw- .bss
  20001648    20001648    00000400   00000000    rw- .sysmem
  20001a48    20001a48    0000028c   00000000    rw- .data
2000fe00    2000fe00    00000200   00000000    rw-
  2000fe00    2000fe00    00000200   00000000    rw- .stack


SECTION ALLOCATION MAP

 output                                  attributes/
section   page    origin      length       input sections
--------  ----  ----------  ----------   ----------------
.intvecs   0    00000000    000000e4     
                  00000000    000000e4     startup_msp432p401r_ccs.obj (.intvecs:retain)

.text      0    000000e4    0000cc84     
                  000000e4    00001db0     driver.obj (.text)
                  00001e94    000017a0     SSD1306.obj (.text)
                  00003634    00000f40     socket.obj (.text)
                  00004574    00000e30     main.obj (.text)
                  000053a4    00000df8     wlan.obj (.text)
                  0000619c    00000c10     netapp.obj (.text)
                  00006dac    00000b3c     odometry.obj (.text)
                  000078e8    00000a4e     rtsv7M4_T_le_v4SPD16_eabi.lib : _printfi.c.obj (.text:__TI_printfi)
                  00008336    00000002                                   : _lock.c.obj (.text:_nop)
                  00008338    000006e0     UART0.obj (.text)
                  00008a18    00000570     device.obj (.text)
                  00008f88    00000420     PWM.obj (.text)
                  000093a8    0000032c     system_msp432p401r.obj (.text)
                  000096d4    00000270     rtsv7M4_T_le_v4SPD16_eabi.lib : _printfi.c.obj (.text:_pconv_a)
                  00009944    00000230     fixed.obj (.text)
                  00009b74    0000021c     spi.obj (.text)
                  00009d90    000001e0     Clock.obj (.text)
                  00009f70    000001d4     TA3InputCapture.obj (.text)
                  0000a144    000001d0     rtsv7M4_T_le_v4SPD16_eabi.lib : _printfi.c.obj (.text:_pconv_g)
                  0000a314    000001b6                                   : fd_add_t2.asm.obj (.text)
                  0000a4ca    00000002                                   : div0.asm.obj (.text)
                  0000a4cc    0000019c     nonos.obj (.text)
                  0000a668    0000018c     Motor.obj (.text)
                  0000a7f4    00000168     netcfg.obj (.text)
                  0000a95c    0000013c     Tachometer.obj (.text)
                  0000aa98    0000013c     rtsv7M4_T_le_v4SPD16_eabi.lib : _printfi.c.obj (.text:_pconv_e)
                  0000abd4    00000136                                   : fd_div_t2.asm.obj (.text)
                  0000ad0a    00000002     --HOLE-- [fill = 0]
                  0000ad0c    00000124                                   : _printfi.c.obj (.text:fcvt)
                  0000ae30    0000011c     board.obj (.text)
                  0000af4c    00000114     rtsv7M4_T_le_v4SPD16_eabi.lib : fputs.c.obj (.text:fputs)
                  0000b060    00000110                                   : fopen.c.obj (.text:_openfile)
                  0000b170    00000110                                   : s_scalbn.c.obj (.text:scalbn)
                  0000b280    00000100                                   : memory.c.obj (.text:aligned_alloc)
                  0000b380    000000fc                                   : fd_mul_t2.asm.obj (.text)
                  0000b47c    000000f8     LaunchPad.obj (.text)
                  0000b574    000000e4     rtsv7M4_T_le_v4SPD16_eabi.lib : memory.c.obj (.text:free)
                  0000b658    000000dc                                   : setvbuf.c.obj (.text:setvbuf)
                  0000b734    000000c0     fpu.obj (.text)
                  0000b7f4    000000bc     rtsv7M4_T_le_v4SPD16_eabi.lib : open.c.obj (.text:open)
                  0000b8b0    000000b8                                   : add_device.c.obj (.text:add_device)
                  0000b968    000000b1                                   : _printfi.c.obj (.text:_ltostr)
                  0000ba19    00000003     --HOLE-- [fill = 0]
                  0000ba1c    000000a8     TimerA1.obj (.text)
                  0000bac4    0000009c     rtsv7M4_T_le_v4SPD16_eabi.lib : fopen.c.obj (.text:fopen)
                  0000bb60    0000009c                                   : memcpy_t2.asm.obj (.text)
                  0000bbfc    00000096                                   : ull_div_t2.asm.obj (.text)
                  0000bc92    00000002     --HOLE-- [fill = 0]
                  0000bc94    0000008c                                   : fputc.c.obj (.text:fputc)
                  0000bd20    00000086                                   : fd_cmp_t2.asm.obj (.text:__aeabi_cdcmple)
                  0000bda6    00000086                                   : fd_cmp_t2.asm.obj (.text:__aeabi_cdrcmple)
                  0000be2c    0000007a                                   : memset_t2.asm.obj (.text)
                  0000bea6    00000002     --HOLE-- [fill = 0]
                  0000bea8    00000078     Bump.obj (.text)
                  0000bf20    00000074     rtsv7M4_T_le_v4SPD16_eabi.lib : fclose.c.obj (.text:__TI_closefile)
                  0000bf94    00000070     Timer32.obj (.text)
                  0000c004    00000070     rtsv7M4_T_le_v4SPD16_eabi.lib : memory.c.obj (.text:split)
                  0000c074    00000070     timer_tick.obj (.text)
                  0000c0e4    0000006e     rtsv7M4_T_le_v4SPD16_eabi.lib : _printfi.c.obj (.text:_mcpy)
                  0000c152    00000002     --HOLE-- [fill = 0]
                  0000c154    0000006c                                   : hostrename.c.obj (.text:HOSTrename)
                  0000c1c0    00000068                                   : hostlseek.c.obj (.text:HOSTlseek)
                  0000c228    00000068                                   : copy_decompress_lzss.c.obj (.text:decompress:lzss:__TI_decompress_lzss)
                  0000c290    00000068                                   : printf.c.obj (.text:printf)
                  0000c2f8    00000064                                   : s_frexp.c.obj (.text:frexp)
                  0000c35c    00000064                                   : fseek.c.obj (.text:fseek)
                  0000c3c0    00000062                                   : _io_perm.c.obj (.text:__TI_wrt_ok)
                  0000c422    00000002     --HOLE-- [fill = 0]
                  0000c424    00000060                                   : hostopen.c.obj (.text:HOSTopen)
                  0000c484    0000005c                                   : close.c.obj (.text:close)
                  0000c4e0    00000058                                   : hostread.c.obj (.text:HOSTread)
                  0000c538    00000058                                   : hostwrite.c.obj (.text:HOSTwrite)
                  0000c590    00000058     blinker.obj (.text)
                  0000c5e8    00000056     rtsv7M4_T_le_v4SPD16_eabi.lib : _printfi.c.obj (.text:_pconv_f)
                  0000c63e    00000054                                   : _ltoa.c.obj (.text:__TI_ltoa)
                  0000c692    00000052                                   : _printfi.c.obj (.text:_ecpy)
                  0000c6e4    0000004c                                   : fflush.c.obj (.text:__TI_doflush)
                  0000c730    0000004c                                   : atoi.c.obj (.text:atoi)
                  0000c77c    00000048                                   : exit.c.obj (.text:exit)
                  0000c7c4    00000048                                   : fd_toi_t2.asm.obj (.text)
                  0000c80c    00000044                                   : hostclose.c.obj (.text:HOSTclose)
                  0000c850    00000044                                   : hostunlink.c.obj (.text:HOSTunlink)
                  0000c894    00000044                                   : autoinit.c.obj (.text:__TI_auto_init_nobinit_nopinit:__TI_auto_init_nobinit_nopinit)
                  0000c8d8    00000044                                   : getdevice.c.obj (.text:getdevice)
                  0000c91c    00000040                                   : sprintf.c.obj (.text:sprintf)
                  0000c95c    0000003e                                   : _printfi.c.obj (.text:_fcpy)
                  0000c99a    00000002     --HOLE-- [fill = 0]
                  0000c99c    00000038                                   : trgmsg.c.obj (.text:__TI_writemsg)
                  0000c9d4    00000036                                   : strncpy.c.obj (.text:strncpy)
                  0000ca0a    00000002     --HOLE-- [fill = 0]
                  0000ca0c    00000034                                   : fopen.c.obj (.text:__TI_cleanup)
                  0000ca40    00000034                                   : trgmsg.c.obj (.text:__TI_readmsg)
                  0000ca74    00000034                                   : boot_cortex_m.c.obj (.text:_c_int00_noargs:_c_int00_noargs)
                  0000caa8    00000034                                   : fopen.c.obj (.text:freopen)
                  0000cadc    00000030                                   : getdevice.c.obj (.text:finddevice)
                  0000cb0c    0000002e                                   : i_tofd_t2.asm.obj (.text)
                  0000cb3a    00000002     --HOLE-- [fill = 0]
                  0000cb3c    0000002c                                   : unlink.c.obj (.text:unlink)
                  0000cb68    00000028                                   : memory.c.obj (.text:free_list_insert)
                  0000cb90    00000028                                   : lseek.c.obj (.text:lseek)
                  0000cbb8    00000028                                   : write.c.obj (.text:write)
                  0000cbe0    00000024     CortexM.obj (.text)
                  0000cc04    00000020     rtsv7M4_T_le_v4SPD16_eabi.lib : memchr.c.obj (.text:memchr)
                  0000cc24    0000001e                                   : strcat.c.obj (.text:strcat)
                  0000cc42    00000002     --HOLE-- [fill = 0]
                  0000cc44    0000001c                                   : memory.c.obj (.text:free_list_remove)
                  0000cc60    0000001c                                   : memccpy.c.obj (.text:memccpy)
                  0000cc7c    0000001a                                   : s_copysign.c.obj (.text:copysign)
                  0000cc96    00000018                                   : sprintf.c.obj (.text:_outs)
                  0000ccae    00000018                                   : strcmp.c.obj (.text:strcmp)
                  0000ccc6    00000016                                   : strchr.c.obj (.text:strchr)
                  0000ccdc    00000014                                   : strcpy.c.obj (.text:strcpy)
                  0000ccf0    00000014                                   : strlen.c.obj (.text:strlen)
                  0000cd04    00000012                                   : wcslen.c.obj (.text:wcslen)
                  0000cd16    0000000e                                   : copy_decompress_none.c.obj (.text:decompress:none:__TI_decompress_none)
                  0000cd24    0000000e     startup_msp432p401r_ccs.obj (.text)
                  0000cd32    0000000c     rtsv7M4_T_le_v4SPD16_eabi.lib : copy_zero_init.c.obj (.text:decompress:ZI:__TI_zero_init)
                  0000cd3e    0000000a                                   : sprintf.c.obj (.text:_outc)
                  0000cd48    00000008                                   : errno.c.obj (.text:__aeabi_errno_addr)
                  0000cd50    00000008                                   : memory.c.obj (.text:malloc)
                  0000cd58    00000004                                   : printf.c.obj (.text:_outc)
                  0000cd5c    00000004                                   : printf.c.obj (.text:_outs)
                  0000cd60    00000004                                   : pre_init.c.obj (.text:_system_pre_init)
                  0000cd64    00000004                                   : exit.c.obj (.text:abort:abort)

.const     0    0000cd68    0000314f     
                  0000cd68    00002000     fixed.obj (.const:SinTab2)
                  0000ed68    00000c48     fixed.obj (.const:SinTab)
                  0000f9b0    000001e0     SSD1306.obj (.const:ASCII)
                  0000fb90    00000101     rtsv7M4_T_le_v4SPD16_eabi.lib : ctype.c.obj (.const:.string:_ctypes_)
                  0000fc91    00000001     --HOLE-- [fill = 0]
                  0000fc92    0000003c     driver.obj (.const:OpcodeTranslateTable)
                  0000fcce    00000002     SSD1306.obj (.const:.string:scrollList1a)
                  0000fcd0    00000038     driver.obj (.const:_SlActionLookupTable)
                  0000fd08    0000002c     main.obj (.const:$P$T0$1)
                  0000fd34    00000020     driver.obj (.const:RxMsgClassLUT)
                  0000fd54    00000014     driver.obj (.const:$P$T0$1)
                  0000fd68    00000014     nonos.obj (.const:$P$T0$1)
                  0000fd7c    00000014     main.obj (.const:$P$T1$2)
                  0000fd90    00000010     socket.obj (.const:.string:_SlPayloadByProtocolLUT)
                  0000fda0    0000000c     main.obj (.const:$P$T2$3)
                  0000fdac    00000008     SSD1306.obj (.const:.string:postmask)
                  0000fdb4    00000008     SSD1306.obj (.const:.string:premask)
                  0000fdbc    00000008     device.obj (.const:StartResponseLUT)
                  0000fdc4    00000008     driver.obj (.const:g_H2NCnysPattern)
                  0000fdcc    00000008     driver.obj (.const:g_H2NSyncPattern)
                  0000fdd4    00000006     SSD1306.obj (.const:.string:init5)
                  0000fdda    00000005     SSD1306.obj (.const:.string:dlist1)
                  0000fddf    00000001     --HOLE-- [fill = 0]
                  0000fde0    00000004     netapp.obj (.const:$P$T0$1)
                  0000fde4    00000004     socket.obj (.const:$P$T0$1)
                  0000fde8    00000004     wlan.obj (.const:$P$T0$1)
                  0000fdec    00000004     socket.obj (.const:$P$T1$2)
                  0000fdf0    00000004     wlan.obj (.const:$P$T1$2)
                  0000fdf4    00000004     socket.obj (.const:$P$T2$3)
                  0000fdf8    00000004     wlan.obj (.const:$P$T2$3)
                  0000fdfc    00000004     SSD1306.obj (.const:.string:init1)
                  0000fe00    00000004     SSD1306.obj (.const:.string:init2)
                  0000fe04    00000004     SSD1306.obj (.const:.string:init3)
                  0000fe08    00000004     socket.obj (.const:_SlAcceptCmdCtrl)
                  0000fe0c    00000004     device.obj (.const:_SlDeviceGetCmdCtrl)
                  0000fe10    00000004     device.obj (.const:_SlDeviceSetCmdCtrl)
                  0000fe14    00000004     device.obj (.const:_SlEventMaskGetCmdCtrl)
                  0000fe18    00000004     device.obj (.const:_SlEventMaskSetCmdCtrl)
                  0000fe1c    00000004     netapp.obj (.const:_SlGetHostByNameCtrl)
                  0000fe20    00000004     netapp.obj (.const:_SlGetHostByServiceCtrl)
                  0000fe24    00000004     netapp.obj (.const:_SlGetServiceListeCtrl)
                  0000fe28    00000004     socket.obj (.const:_SlGetSockOptCmdCtrl)
                  0000fe2c    00000004     socket.obj (.const:_SlListenCmdCtrl)
                  0000fe30    00000004     netapp.obj (.const:_SlNetAppGetCmdCtrl)
                  0000fe34    00000004     netapp.obj (.const:_SlNetAppSendTokenValueCmdCtrl)
                  0000fe38    00000004     netapp.obj (.const:_SlNetAppSetCmdCtrl)
                  0000fe3c    00000004     netapp.obj (.const:_SlNetAppStartCtrl)
                  0000fe40    00000004     netapp.obj (.const:_SlNetAppStopCtrl)
                  0000fe44    00000004     netcfg.obj (.const:_SlNetCfgGetCmdCtrl)
                  0000fe48    00000004     netcfg.obj (.const:_SlNetCfgSetCmdCtrl)
                  0000fe4c    00000004     wlan.obj (.const:_SlPolicyGetCmdCtrl)
                  0000fe50    00000004     wlan.obj (.const:_SlPolicySetCmdCtrl)
                  0000fe54    00000004     wlan.obj (.const:_SlProfileDelCmdCtrl)
                  0000fe58    00000004     wlan.obj (.const:_SlProfileGetCmdCtrl)
                  0000fe5c    00000004     socket.obj (.const:_SlRecvCmdCtrl)
                  0000fe60    00000004     socket.obj (.const:_SlRecvfomCmdCtrl)
                  0000fe64    00000004     netapp.obj (.const:_SlRegisterServiceCtrl)
                  0000fe68    00000004     wlan.obj (.const:_SlRxFilterAddtCmdCtrl)
                  0000fe6c    00000004     wlan.obj (.const:_SlRxFilterGetCmdCtrl)
                  0000fe70    00000004     wlan.obj (.const:_SlRxFilterSetCmdCtrl)
                  0000fe74    00000004     socket.obj (.const:_SlSelectCmdCtrl)
                  0000fe78    00000004     socket.obj (.const:_SlSendCmdCtrl)
                  0000fe7c    00000004     socket.obj (.const:_SlSetSockOptCmdCtrl)
                  0000fe80    00000004     wlan.obj (.const:_SlSmartConfigStartCmdCtrl)
                  0000fe84    00000004     socket.obj (.const:_SlSockCloseCmdCtrl)
                  0000fe88    00000004     socket.obj (.const:_SlSockSocketCmdCtrl)
                  0000fe8c    00000004     device.obj (.const:_SlStopCmdCtrl)
                  0000fe90    00000004     wlan.obj (.const:_SlWlanCfgGetCmdCtrl)
                  0000fe94    00000004     wlan.obj (.const:_SlWlanCfgSetCmdCtrl)
                  0000fe98    00000004     wlan.obj (.const:_SlWlanGetNetworkListCtrl)
                  0000fe9c    00000004     wlan.obj (.const:_SlWlanSetModeCmdCtrl)
                  0000fea0    00000003     SSD1306.obj (.const:.string:init4b)
                  0000fea3    00000003     SSD1306.obj (.const:.string:scrollList1b)
                  0000fea6    00000003     SSD1306.obj (.const:.string:scrollList2b)
                  0000fea9    00000002     SSD1306.obj (.const:.string:scrollList2a)
                  0000feab    00000002     SSD1306.obj (.const:.string:scrollList3a)
                  0000fead    00000002     SSD1306.obj (.const:.string:scrollList3b)
                  0000feaf    00000002     SSD1306.obj (.const:.string:scrollList3c)
                  0000feb1    00000002     SSD1306.obj (.const:.string:scrollList4a)
                  0000feb3    00000002     SSD1306.obj (.const:.string:scrollList4b)
                  0000feb5    00000002     SSD1306.obj (.const:.string:scrollList4c)

.cinit     0    0000feb8    000000b0     
                  0000feb8    00000088     (.cinit..data.load) [load image, compression = lzss]
                  0000ff40    0000000c     (__TI_handler_table)
                  0000ff4c    00000004     --HOLE-- [fill = 0]
                  0000ff50    00000008     (.cinit..bss.load) [load image, compression = zero_init]
                  0000ff58    00000010     (__TI_cinit_table)

.init_array 
*          0    00000000    00000000     UNINITIALIZED

.binit     0    00000000    00000000     

.bss       0    20000000    00001647     UNINITIALIZED
                  20000000    00000400     (.common:Recvbuff)
                  20000400    00000400     (.common:SendBuff)
                  20000800    00000400     (.common:buffer)
                  20000c00    00000364     (.common:LogMessage)
                  20000f64    00000168     driver.obj (.bss:g_StatMem)
                  200010cc    00000120     rtsv7M4_T_le_v4SPD16_eabi.lib : trgmsg.c.obj (.bss:_CIOBUF_)
                  200011ec    00000100     (.common:Value1String)
                  200012ec    00000100     (.common:Value2String)
                  200013ec    00000100     (.common:Value3String)
                  200014ec    000000a0     (.common:__TI_tmpnams)
                  2000158c    00000008     (.common:Messageb)
                  20001594    00000008     (.common:parmbuf)
                  2000159c    00000004     (.common:DataCount)
                  200015a0    00000004     (.common:DestinationIP)
                  200015a4    00000004     (.common:Error)
                  200015a8    00000004     (.common:L)
                  200015ac    00000004     (.common:LastLeftSteps)
                  200015b0    00000004     (.common:LastRightSteps)
                  200015b4    00000004     (.common:LeftSteps)
                  200015b8    00000004     (.common:Lr)
                  200015bc    00000004     (.common:Messageindexb)
                  200015c0    00000004     (.common:MySpeed)
                  200015c4    00000004     (.common:MyTheta)
                  200015c8    00000004     (.common:MyX)
                  200015cc    00000004     (.common:MyY)
                  200015d0    00000004     (.common:PeriodicTask32)
                  200015d4    00000004     (.common:R)
                  200015d8    00000004     (.common:RacingStatus)
                  200015dc    00000004     (.common:RightSteps)
                  200015e0    00000004     (.common:RobotSpeed)
                  200015e4    00000004     (.common:Robottheta)
                  200015e8    00000004     (.common:Robotx)
                  200015ec    00000004     (.common:Roboty)
                  200015f0    00000004     (.common:Rr)
                  200015f4    00000004     (.common:Running)
                  200015f8    00000004     (.common:SockID)
                  200015fc    00000004     (.common:TimerA1Task)
                  20001600    00000004     (.common:TotalLeftSteps)
                  20001604    00000004     (.common:TotalRightSteps)
                  20001608    00000004     (.common:badCount)
                  2000160c    00000004     (.common:desiredTh)
                  20001610    00000004     (.common:desiredX)
                  20001614    00000004     (.common:desiredY)
                  20001618    00000004     (.common:dtheta)
                  2000161c    00000004     (.common:dz)
                  20001620    00000004     (.common:goal)
                  20001624    00000004     (.common:lastgoal)
                  20001628    00000004     (.common:rotation)
                  2000162c    00000004     (.common:vccstate)
                  20001630    00000002     (.common:LeftTach)
                  20001632    00000002     (.common:RightTach)
                  20001634    00000002     (.common:StartX)
                  20001636    00000002     (.common:StartY)
                  20001638    00000002     (.common:Tachometer_FirstLeftTime)
                  2000163a    00000002     (.common:Tachometer_FirstRightTime)
                  2000163c    00000002     (.common:Tachometer_SecondLeftTime)
                  2000163e    00000002     (.common:Tachometer_SecondRightTime)
                  20001640    00000001     (.common:Action)
                  20001641    00000001     (.common:Goal)
                  20001642    00000001     (.common:IntIsMasked)
                  20001643    00000001     (.common:LeftDir)
                  20001644    00000001     (.common:RightDir)
                  20001645    00000001     (.common:RxIrqCnt)
                  20001646    00000001     (.common:g_bDeviceRestartIsRequired)

.sysmem    0    20001648    00000400     UNINITIALIZED
                  20001648    00000010     rtsv7M4_T_le_v4SPD16_eabi.lib : memory.c.obj (.sysmem)
                  20001658    000003f0     --HOLE--

.data      0    20001a48    0000028c     UNINITIALIZED
                  20001a48    000000f0     rtsv7M4_T_le_v4SPD16_eabi.lib : defs.c.obj (.data:_ftable)
                  20001b38    00000078                                   : host_device.c.obj (.data:_device)
                  20001bb0    00000050                                   : host_device.c.obj (.data:_stream)
                  20001c00    0000003c     nonos.obj (.data:g__SlNonOsCB)
                  20001c3c    00000018     Clock.obj (.data)
                  20001c54    00000010     rtsv7M4_T_le_v4SPD16_eabi.lib : defs.c.obj (.data)
                  20001c64    0000000d     driver.obj (.data)
                  20001c71    00000003     --HOLE--
                  20001c74    0000000c     rtsv7M4_T_le_v4SPD16_eabi.lib : exit.c.obj (.data:$O1$$)
                  20001c80    0000000c     TA3InputCapture.obj (.data)
                  20001c8c    0000000a     Tachometer.obj (.data)
                  20001c96    00000002     --HOLE--
                  20001c98    00000008     rtsv7M4_T_le_v4SPD16_eabi.lib : _lock.c.obj (.data:$O1$$)
                  20001ca0    00000008                                   : memory.c.obj (.data:$O1$$)
                  20001ca8    00000008     main.obj (.data)
                  20001cb0    00000008     odometry.obj (.data)
                  20001cb8    00000004     SSD1306.obj (.data)
                  20001cbc    00000004     board.obj (.data)
                  20001cc0    00000004     rtsv7M4_T_le_v4SPD16_eabi.lib : add_device.c.obj (.data)
                  20001cc4    00000004                                   : errno.c.obj (.data)
                  20001cc8    00000004                                   : fopen.c.obj (.data)
                  20001ccc    00000004                                   : open.c.obj (.data)
                  20001cd0    00000004     system_msp432p401r.obj (.data)

.stack     0    2000fe00    00000200     UNINITIALIZED
                  2000fe00    00000004     rtsv7M4_T_le_v4SPD16_eabi.lib : boot_cortex_m.c.obj (.stack)
                  2000fe04    000001fc     --HOLE--

__llvm_prf_cnts 
*          0    20000000    00000000     UNINITIALIZED

MODULE SUMMARY

       Module                        code    ro data   rw data
       ------                        ----    -------   -------
    .\
       fixed.obj                     560     11336     0      
       main.obj                      3632    76        7424   
       SSD1306.obj                   6048    544       2080   
       driver.obj                    7600    184       750    
       socket.obj                    3904    68        0      
       wlan.obj                      3576    60        0      
       netapp.obj                    3088    40        0      
       odometry.obj                  2876    0         248    
       UART0.obj                     1760    0         24     
       device.obj                    1392    28        0      
       PWM.obj                       1056    0         0      
       system_msp432p401r.obj        812     0         8      
       nonos.obj                     412     20        120    
       spi.obj                       540     0         0      
       Clock.obj                     480     0         48     
       TA3InputCapture.obj           468     0         24     
       Motor.obj                     396     0         0      
       netcfg.obj                    360     8         0      
       Tachometer.obj                316     0         36     
       board.obj                     284     0         10     
       LaunchPad.obj                 248     0         0      
       startup_msp432p401r_ccs.obj   14      228       0      
       fpu.obj                       192     0         0      
       TimerA1.obj                   168     0         8      
       Bump.obj                      120     0         0      
       Timer32.obj                   112     0         8      
       timer_tick.obj                112     0         0      
       blinker.obj                   88      0         0      
       CortexM.obj                   36      0         0      
    +--+-----------------------------+-------+---------+---------+
       Total:                        40650   12592     10788  
                                                              
    C:\ti\ccs1200\ccs\tools\compiler\ti-cgt-arm_20.2.6.LTS\lib\rtsv7M4_T_le_v4SPD16_eabi.lib
       _printfi.c.obj                4851    0         0      
       defs.c.obj                    0       0         832    
       memory.c.obj                  672     0         16     
       trgmsg.c.obj                  108     0         576    
       fopen.c.obj                   532     0         8      
       fd_add_t2.asm.obj             438     0         0      
       host_device.c.obj             0       0         400    
       fd_div_t2.asm.obj             310     0         0      
       fputs.c.obj                   276     0         0      
       s_scalbn.c.obj                272     0         0      
       fd_cmp_t2.asm.obj             268     0         0      
       ctype.c.obj                   0       257       0      
       fd_mul_t2.asm.obj             252     0         0      
       setvbuf.c.obj                 220     0         0      
       open.c.obj                    188     0         8      
       add_device.c.obj              184     0         8      
       memcpy_t2.asm.obj             156     0         0      
       ull_div_t2.asm.obj            150     0         0      
       fputc.c.obj                   140     0         0      
       memset_t2.asm.obj             122     0         0      
       fclose.c.obj                  116     0         0      
       getdevice.c.obj               116     0         0      
       hostopen.c.obj                96      0         16     
       printf.c.obj                  112     0         0      
       hostrename.c.obj              108     0         0      
       copy_decompress_lzss.c.obj    104     0         0      
       hostlseek.c.obj               104     0         0      
       exit.c.obj                    76      0         24     
       fseek.c.obj                   100     0         0      
       s_frexp.c.obj                 100     0         0      
       _io_perm.c.obj                98      0         0      
       sprintf.c.obj                 98      0         0      
       close.c.obj                   92      0         0      
       hostread.c.obj                88      0         0      
       hostwrite.c.obj               88      0         0      
       _ltoa.c.obj                   84      0         0      
       atoi.c.obj                    76      0         0      
       fflush.c.obj                  76      0         0      
       fd_toi_t2.asm.obj             72      0         0      
       autoinit.c.obj                68      0         0      
       hostclose.c.obj               68      0         0      
       hostunlink.c.obj              68      0         0      
       strncpy.c.obj                 54      0         0      
       boot_cortex_m.c.obj           52      0         0      
       i_tofd_t2.asm.obj             46      0         0      
       unlink.c.obj                  44      0         0      
       lseek.c.obj                   40      0         0      
       write.c.obj                   40      0         0      
       memchr.c.obj                  32      0         0      
       strcat.c.obj                  30      0         0      
       memccpy.c.obj                 28      0         0      
       s_copysign.c.obj              26      0         0      
       strcmp.c.obj                  24      0         0      
       strchr.c.obj                  22      0         0      
       strcpy.c.obj                  20      0         0      
       strlen.c.obj                  20      0         0      
       _lock.c.obj                   2       0         16     
       wcslen.c.obj                  18      0         0      
       errno.c.obj                   8       0         8      
       copy_decompress_none.c.obj    14      0         0      
       copy_zero_init.c.obj          12      0         0      
       pre_init.c.obj                4       0         0      
       div0.asm.obj                  2       0         0      
    +--+-----------------------------+-------+---------+---------+
       Total:                        11685   257       1912   
                                                              
       Heap:                         0       0         2048   
       Stack:                        0       0         1024   
       Linker Generated:             0       172       0      
    +--+-----------------------------+-------+---------+---------+
       Grand Total:                  52335   13021     15772  


LINKER GENERATED COPY TABLES

__TI_cinit_table @ 0000ff58 records: 2, size/record: 8, table size: 16
	.data: load addr=0000feb8, load size=00000088 bytes, run addr=20001a48, run size=0000028c bytes, compression=lzss
	.bss: load addr=0000ff50, load size=00000008 bytes, run addr=20000000, run size=00001647 bytes, compression=zero_init


LINKER GENERATED HANDLER TABLE

__TI_handler_table @ 0000ff40 records: 3, size/record: 4, table size: 12
	index: 0, handler: __TI_decompress_lzss
	index: 1, handler: __TI_decompress_none
	index: 2, handler: __TI_zero_init


GLOBAL SYMBOLS: SORTED ALPHABETICALLY BY Name 

address   name                                  
-------   ----                                  
0000cd31  ADC14_IRQHandler                      
0000cd31  AES256_IRQHandler                     
20001640  Action                                
0000c591  Blinker_Init                          
0000c5bb  Blinker_Output                        
0000bea9  Bump_Init                             
0000bedd  Bump_Read                             
0000cd31  BusFault_Handler                      
0000cd65  C$$EXIT                               
0000c9cb  C$$IO$$                               
0000ae99  CC3100_InterruptDisable               
0000ae6d  CC3100_InterruptEnable                
0000ae55  CC3100_disable                        
0000ae61  CC3100_enable                         
0000cd31  COMP_E0_IRQHandler                    
0000cd31  COMP_E1_IRQHandler                    
20001c44  CPMwait                               
0000cd31  CS_IRQHandler                         
20001c80  CaptureTask0                          
20001c84  CaptureTask1                          
20001c88  CaptureTask2                          
000045c1  CheckBumper                           
00007889  CheckGoal                             
000045eb  ClearData                             
20001c3c  ClockFrequency                        
00009ee5  Clock_Delay1ms                        
00009ebb  Clock_Delay1us                        
00009ea7  Clock_GetFreq                         
00009d91  Clock_Init48MHz                       
00004575  Crash                                 
20001c50  Crystalstable                         
20001cb8  CurrentX                              
20001cba  CurrentY                              
0000cd31  DMA_ERR_IRQHandler                    
0000cd31  DMA_INT0_IRQHandler                   
0000cd31  DMA_INT1_IRQHandler                   
0000cd31  DMA_INT2_IRQHandler                   
0000cd31  DMA_INT3_IRQHandler                   
2000159c  DataCount                             
0000cd31  DebugMon_Handler                      
0000cd31  Default_Handler                       
0000aeeb  Delay                                 
200015a0  DestinationIP                         
0000cbe1  DisableInterrupts                     
000071bd  Display                               
0000cd31  EUSCIA0_IRQHandler                    
0000cd31  EUSCIA1_IRQHandler                    
0000cd31  EUSCIA2_IRQHandler                    
0000cd31  EUSCIA3_IRQHandler                    
0000cd31  EUSCIB0_IRQHandler                    
0000cd31  EUSCIB1_IRQHandler                    
0000cd31  EUSCIB2_IRQHandler                    
0000cd31  EUSCIB3_IRQHandler                    
0000cbe7  EnableInterrupts                      
0000cbf7  EndCritical                           
200015a4  Error                                 
0000cd31  FLCTL_IRQHandler                      
0000cd31  FPU_IRQHandler                        
0000b747  FPU_disableModule                     
0000b773  FPU_disableStacking                   
0000b767  FPU_enableLazyStacking                
0000b735  FPU_enableModule                      
0000b755  FPU_enableStacking                    
0000b7b3  FPU_setFlushToZeroMode                
0000b77f  FPU_setHalfPrecisionMode              
0000b799  FPU_setNaNMode                        
0000b7cd  FPU_setRoundingMode                   
0000734d  Forward                               
0000741d  ForwardUntilCrash                     
000077e1  ForwardUntilThStatus                  
00007479  ForwardUntilX                         
00007505  ForwardUntilXStart                    
00007565  ForwardUntilXStatus                   
000075d9  ForwardUntilY                         
00007659  ForwardUntilYStart                    
00007687  ForwardUntilYStatus                   
20001641  Goal                                  
0000c80d  HOSTclose                             
0000c1c1  HOSTlseek                             
0000c425  HOSTopen                              
0000c4e1  HOSTread                              
0000c155  HOSTrename                            
0000c851  HOSTunlink                            
0000c539  HOSTwrite                             
0000cd31  HardFault_Handler                     
0000737d  HardLeft                              
0000739d  HardRight                             
20001c4c  IFlags                                
20001642  IntIsMasked                           
200015a8  L                                     
200015ac  LastLeftSteps                         
200015b0  LastRightSteps                        
0000b47d  LaunchPad_Init                        
0000b4ed  LaunchPad_Input                       
0000b50b  LaunchPad_LED                         
0000b529  LaunchPad_Output                      
20001643  LeftDir                               
200015b4  LeftSteps                             
20001630  LeftTach                              
00004601  LogData                               
20000c00  LogMessage                            
200015b8  Lr                                    
0000aeaf  MaskIntHdlr                           
0000cd31  MemManage_Handler                     
2000158c  Messageb                              
200015bc  Messageindexb                         
20001cb0  MotorFast                             
20001cb4  MotorSlow                             
0000a797  Motor_Backward                        
0000a6cf  Motor_Forward                         
0000a669  Motor_Init                            
0000a751  Motor_Left                            
0000a70b  Motor_Right                           
0000a6bb  Motor_Stop                            
200015c0  MySpeed                               
200015c4  MyTheta                               
200015c8  MyX                                   
200015cc  MyY                                   
0000cd31  NMI_Handler                           
000070f9  Odometry_Get                          
000070d9  Odometry_GetAngle                     
000070e5  Odometry_GetSpeed                     
000070bd  Odometry_GetX                         
000070c9  Odometry_GetY                         
00006dc5  Odometry_Init                         
00006dad  Odometry_SetPower                     
00006df5  Odometry_Update                       
0000fc92  OpcodeTranslateTable                  
0000cd31  PCM_IRQHandler                        
0000cd31  PORT1_IRQHandler                      
0000aec9  PORT2_IRQHandler                      
0000aec9  PORT2_IRQHandler                      
0000cd31  PORT3_IRQHandler                      
0000cd31  PORT4_IRQHandler                      
0000cd31  PORT5_IRQHandler                      
0000cd31  PORT6_IRQHandler                      
0000cd31  PSS_IRQHandler                        
00009073  PWM_Duty1                             
00009093  PWM_Duty2                             
00009137  PWM_Duty3                             
00009157  PWM_Duty4                             
00008f89  PWM_Init1                             
00008fef  PWM_Init12                            
000090b3  PWM_Init34                            
0000929f  PWM_RobotArmDuty0                     
000092c5  PWM_RobotArmDuty1                     
000092eb  PWM_RobotArmDuty2                     
000092bf  PWM_RobotArmGetDuty0                  
000092e5  PWM_RobotArmGetDuty1                  
0000930b  PWM_RobotArmGetDuty2                  
00009177  PWM_RobotArmInit                      
0000cd31  PendSV_Handler                        
200015d0  PeriodicTask32                        
20001c48  Postwait                              
20001c40  Prewait                               
200015d4  R                                     
0000cd31  RTC_C_IRQHandler                      
000045db  Racing                                
200015d8  RacingStatus                          
20000000  Recvbuff                              
0000cd25  Reset_Handler                         
20001644  RightDir                              
200015dc  RightSteps                            
20001632  RightTach                             
200015e0  RobotSpeed                            
200015e4  Robottheta                            
200015e8  Robotx                                
200015ec  Roboty                                
200015f0  Rr                                    
200015f4  Running                               
20001645  RxIrqCnt                              
000044f9  SL_FD_CLR                             
00004521  SL_FD_ISSET                           
000044d1  SL_FD_SET                             
0000454d  SL_FD_ZERO                            
00002301  SSD1306_Clear                         
000022c1  SSD1306_ClearBuffer                   
00002d1d  SSD1306_Dim                           
00002bd7  SSD1306_DisplayBuffer                 
000021c1  SSD1306_DrawChar                      
00002599  SSD1306_DrawFastHLine                 
000027bd  SSD1306_DrawFastVLine                 
00002355  SSD1306_DrawFullImage                 
00002041  SSD1306_DrawPixel                     
00002275  SSD1306_DrawString                    
00002bd3  SSD1306_GetBuffer                     
00002ad5  SSD1306_GetPixel                      
00001f33  SSD1306_Init                          
00002d07  SSD1306_InvertDisplay                 
00002dc9  SSD1306_OutChar                       
000034df  SSD1306_OutHex7                       
0000312d  SSD1306_OutSDec                       
000033f1  SSD1306_OutSFix1                      
00002eef  SSD1306_OutString                     
00002f49  SSD1306_OutUDec                       
0000353d  SSD1306_OutUDec16                     
000035d5  SSD1306_OutUDec2                      
00003363  SSD1306_OutUFix1                      
00003515  SSD1306_OutUHex7                      
000023b9  SSD1306_PrintBMP                      
00002d4f  SSD1306_SetCursor                     
000026ab  SSD1306_drawFastHLineInternal         
000028d5  SSD1306_drawFastVLineInternal         
00002cbd  SSD1306_startscrolldiagleft           
00002c79  SSD1306_startscrolldiagright          
00002c43  SSD1306_startscrollleft               
00002c11  SSD1306_startscrollright              
00002cfd  SSD1306_stopscroll                    
0000cd31  SVC_Handler                           
20000400  SendBuff                              
000046a5  SendData                              
0000515f  SimpleLinkGeneralEventHandler         
00005151  SimpleLinkHttpServerCallback          
00005121  SimpleLinkNetAppEventHandler          
00005171  SimpleLinkSockEventHandler            
000050b1  SimpleLinkWlanEventHandler            
0000ed68  SinTab                                
0000cd68  SinTab2                               
200015f8  SockID                                
000073bd  SoftLeft                              
000076fd  SoftLeftUntilTh                       
000077a5  SoftLeftUntilThStart                  
000073e1  SoftRight                             
0000cbed  StartCritical                         
20001634  StartX                                
20001636  StartY                                
00007337  StopUntilBumperTouched                
0000cd31  SysTick_Handler                       
20001cd0  SystemCoreClock                       
000093a9  SystemCoreClockUpdate                 
0000961d  SystemInit                            
0000bfdd  T32_INT1_IRQHandler                   
0000bfdd  T32_INT1_IRQHandler                   
0000cd31  T32_INT2_IRQHandler                   
0000cd31  T32_INTC_IRQHandler                   
0000cd31  TA0_0_IRQHandler                      
0000cd31  TA0_N_IRQHandler                      
0000ba8f  TA1_0_IRQHandler                      
0000ba8f  TA1_0_IRQHandler                      
0000cd31  TA1_N_IRQHandler                      
0000cd31  TA2_0_IRQHandler                      
0000cd31  TA2_N_IRQHandler                      
00009ffd  TA3_0_IRQHandler                      
00009ffd  TA3_0_IRQHandler                      
0000a017  TA3_N_IRQHandler                      
0000a017  TA3_N_IRQHandler                      
20001638  Tachometer_FirstLeftTime              
2000163a  Tachometer_FirstRightTime             
0000aa13  Tachometer_Get                        
0000a9e9  Tachometer_Init                       
20001c95  Tachometer_LeftDir                    
20001c90  Tachometer_LeftSteps                  
20001c94  Tachometer_RightDir                   
20001c8c  Tachometer_RightSteps                 
2000163c  Tachometer_SecondLeftTime             
2000163e  Tachometer_SecondRightTime            
0000bf95  Timer32_Init                          
200015fc  TimerA1Task                           
0000ba1d  TimerA1_Init                          
0000ba7b  TimerA1_Stop                          
0000c075  TimerA2_Init                          
00009f7d  TimerA3Capture_Init01                 
0000a057  TimerA3Capture_Init02                 
20001600  TotalLeftSteps                        
20001604  TotalRightSteps                       
0000837f  UART0_InChar                          
00008829  UART0_InString                        
000083c9  UART0_InUDec                          
000086dd  UART0_InUHex                          
00008339  UART0_Init                            
0000898b  UART0_Initprintf                      
0000838f  UART0_OutChar                         
0000847d  UART0_OutSDec                         
000083ab  UART0_OutString                       
0000844d  UART0_OutUDec                         
000085f1  UART0_OutUDec4                        
00008639  UART0_OutUDec5                        
0000866b  UART0_OutUFix1                        
00008693  UART0_OutUFix2                        
000087a1  UART0_OutUHex                         
0000880d  UART0_OutUHex2                        
0000aeb7  UnMaskIntHdlr                         
00007155  UpdatePosition                        
0000cd31  UsageFault_Handler                    
200011ec  Value1String                          
200012ec  Value2String                          
200013ec  Value3String                          
4000480c  WDTCTL_SYM                            
0000cd31  WDT_A_IRQHandler                      
0000cbff  WaitForInterrupt                      
000072c3  WaitUntilBumperTouched                
0000fcd0  _SlActionLookupTable                  
00001d4d  _SlDriverHandleError                  
00001561  _SlDrvBasicCmd                        
00000445  _SlDrvCmdOp                           
000015b5  _SlDrvCmdSend                         
00000501  _SlDrvDataReadOp                      
000006e5  _SlDrvDataWriteOp                     
00008ed1  _SlDrvDeviceEventHandler              
00001bb9  _SlDrvDispatchHttpServerEvents        
000002c9  _SlDrvDriverCBDeinit                  
0000012b  _SlDrvDriverCBInit                    
00001ca3  _SlDrvGlobalObjUnLock                 
00001e0d  _SlDrvIsTimeoutExpired                
00001cc5  _SlDrvMemZero                         
0000116f  _SlDrvMsgReadSpawnCtx                 
00006c99  _SlDrvNetAppEventHandler              
00001be9  _SlDrvObjLockWaitForever              
00001c3d  _SlDrvObjUnLock                       
000000e5  _SlDrvProtectAsyncRespSetting         
00001c0f  _SlDrvProtectionObjLockWaitForever    
00001c5d  _SlDrvProtectionObjUnLock             
000017c5  _SlDrvReleasePoolObj                  
00001cdb  _SlDrvResetCmdExt                     
000003ed  _SlDrvRxIrqHandler                    
00001ded  _SlDrvStartMeasureTimeout             
00001bc9  _SlDrvSyncObjSignal                   
00001ce9  _SlDrvSyncObjWaitForever              
00001d0d  _SlDrvSyncObjWaitTimeout              
00001639  _SlDrvWaitForPoolObj                  
0000fe34  _SlNetAppSendTokenValueCmdCtrl        
0000a5ed  _SlNonOsMainLoopTask                  
0000a4e5  _SlNonOsSemGet                        
0000a4cd  _SlNonOsSemSet                        
0000a58d  _SlNonOsSpawn                         
200010cc  __CIOBUF_                             
20010000  __STACK_END                           
00000200  __STACK_SIZE                          
00000400  __SYSMEM_SIZE                         
0000ff58  __TI_CINIT_Base                       
0000ff68  __TI_CINIT_Limit                      
0000ff40  __TI_Handler_Table_Base               
0000ff4c  __TI_Handler_Table_Limit              
0000c895  __TI_auto_init_nobinit_nopinit        
0000ca0d  __TI_cleanup                          
20001c74  __TI_cleanup_ptr                      
0000bf21  __TI_closefile                        
0000c229  __TI_decompress_lzss                  
0000cd17  __TI_decompress_none                  
0000c6e5  __TI_doflush                          
20001c78  __TI_dtors_ptr                        
20001c7c  __TI_enable_exit_profile_output       
20001c54  __TI_ft_end                           
0000c63f  __TI_ltoa                             
ffffffff  __TI_pprof_out_hndl                   
000078e9  __TI_printfi                          
ffffffff  __TI_prof_data_size                   
ffffffff  __TI_prof_data_start                  
0000ca41  __TI_readmsg                          
00000000  __TI_static_base__                    
200014ec  __TI_tmpnams                          
0000c99d  __TI_writemsg                         
0000c3c1  __TI_wrt_ok                           
0000cd33  __TI_zero_init                        
0000bd21  __aeabi_cdcmpeq                       
0000bd21  __aeabi_cdcmple                       
0000bda7  __aeabi_cdrcmple                      
0000c7c5  __aeabi_d2iz                          
0000a31f  __aeabi_dadd                          
0000abd5  __aeabi_ddiv                          
0000b381  __aeabi_dmul                          
0000a315  __aeabi_dsub                          
0000cd49  __aeabi_errno_addr                    
0000cb0d  __aeabi_i2d                           
0000a4cb  __aeabi_idiv0                         
0000a4cb  __aeabi_ldiv0                         
0000be2d  __aeabi_memclr                        
0000be2d  __aeabi_memclr4                       
0000be2d  __aeabi_memclr8                       
0000bb61  __aeabi_memcpy                        
0000bb61  __aeabi_memcpy4                       
0000bb61  __aeabi_memcpy8                       
0000be2f  __aeabi_memset                        
0000be2f  __aeabi_memset4                       
0000be2f  __aeabi_memset8                       
20001c60  __aeabi_stderr                        
20001c58  __aeabi_stdin                         
20001c5c  __aeabi_stdout                        
0000bbfd  __aeabi_uldivmod                      
ffffffff  __binit__                             
ffffffff  __c_args__                            
UNDEFED   __mpu_init                            
2000fe00  __stack                               
20000000  __start___llvm_prf_cnts               
20000000  __stop___llvm_prf_cnts                
0000ca75  _c_int00_noargs                       
0000fb90  _ctypes_                              
20001b38  _device                               
20001a48  _ftable                               
20001c98  _lock                                 
00008337  _nop                                  
000040cd  _sl_HandleAsync_Accept                
00003c8b  _sl_HandleAsync_Connect               
0000669b  _sl_HandleAsync_DnsGetHostByAddr      
000067e9  _sl_HandleAsync_DnsGetHostByName      
000065d5  _sl_HandleAsync_DnsGetHostByService   
00008b09  _sl_HandleAsync_InitComplete          
000068bd  _sl_HandleAsync_PingResponse          
0000412d  _sl_HandleAsync_Select                
00008b8d  _sl_HandleAsync_Stop                  
00006b79  _sl_NetAppSendTokenValue              
000036bd  _sl_ParseAddress                      
20001bb0  _stream                               
20001648  _sys_memory                           
UNDEFED   _system_post_cinit                    
0000cd61  _system_pre_init                      
20001c9c  _unlock                               
0000cd65  abort                                 
00007129  abs                                   
0000b8b1  add_device                            
0000b281  aligned_alloc                         
0000c731  atoi                                  
20001cac  bWifi                                 
20001608  badCount                              
ffffffff  binit                                 
20000800  buffer                                
0000c485  close                                 
00004e3d  configureSimpleLinkToDefaultState     
0000cc7d  copysign                              
0000cc7d  copysignl                             
00009ead  delay                                 
2000160c  desiredTh                             
20001610  desiredX                              
20001614  desiredY                              
0000507f  disconnectFromAP                      
20001618  dtheta                                
2000161c  dz                                    
20001cc4  errno                                 
0000501b  establishConnectionWithAP             
0000c77d  exit                                  
000088bd  ferror                                
000088a3  fgetc                                 
0000cadd  finddevice                            
000099bd  fixed_cos                             
00009ac7  fixed_cos2                            
00009945  fixed_sin                             
00009a39  fixed_sin2                            
0000bac5  fopen                                 
0000bc95  fputc                                 
0000af4d  fputs                                 
0000b575  free                                  
0000caa9  freopen                               
0000c2f9  frexp                                 
0000c2f9  frexpl                                
0000c35d  fseek                                 
20001c64  g_SlDeviceStatus                      
20001ca8  g_Status                              
20001c00  g__SlNonOsCB                          
20001646  g_bDeviceRestartIsRequired            
20001c68  g_pCB                                 
0000c8d9  getdevice                             
20001620  goal                                  
0000ae31  initClk                               
00000000  interruptVectors                      
20001624  lastgoal                              
0000b171  ldexp                                 
0000b171  ldexpl                                
0000cb91  lseek                                 
00004961  main                                  
0000cd51  malloc                                
0000b281  memalign                              
0000cc61  memccpy                               
0000cc05  memchr                                
0000bb61  memcpy                                
0000be35  memset                                
0000b7f5  open                                  
000087e5  outnibble                             
20001cbc  pIraEventHandler                      
20001c6c  pPingCallBackFunc                     
20001594  parmbuf                               
0000c291  printf                                
0000bc95  putc                                  
0000ae41  registerInterruptHandler              
0000cb3d  remove                                
20001628  rotation                              
0000b171  scalbn                                
0000b171  scalbnl                               
0000b659  setvbuf                               
00003ea5  sl_Accept                             
000037e7  sl_Bind                               
00003795  sl_Close                              
00003b15  sl_Connect                            
00008d7d  sl_DevGet                             
00008e41  sl_DevSet                             
00008d11  sl_EventMaskGet                       
00008cab  sl_EventMaskSet                       
000042b7  sl_GetSockOpt                         
0000404b  sl_Htonl                              
00004091  sl_Htons                              
00003e35  sl_Listen                             
000066ad  sl_NetAppDnsGetHostByName             
000064cd  sl_NetAppDnsGetHostByService          
00006be5  sl_NetAppGet                          
00006235  sl_NetAppGetServiceList               
000063fd  sl_NetAppMDNSRegisterService          
00006327  sl_NetAppMDNSRegisterUnregisterService
00006461  sl_NetAppMDNSUnRegisterService        
00006949  sl_NetAppPingStart                    
00006ae7  sl_NetAppSet                          
0000619d  sl_NetAppStart                        
000061e9  sl_NetAppStop                         
0000a87f  sl_NetCfgGet                          
0000a7f5  sl_NetCfgSet                          
00004185  sl_Recv                               
000039d5  sl_RecvFrom                           
0000436f  sl_Select                             
00003d09  sl_Send                               
00003895  sl_SendTo                             
0000422d  sl_SetSockOpt                         
00003717  sl_Socket                             
00008a35  sl_Start                              
00008bd7  sl_Stop                               
00008a2d  sl_Task                               
000053a5  sl_WlanConnect                        
00005615  sl_WlanDisconnect                     
000060c5  sl_WlanGet                            
00005bdd  sl_WlanGetNetworkList                 
000056d9  sl_WlanPolicyGet                      
00005649  sl_WlanPolicySet                      
000057cd  sl_WlanProfileAdd                     
00005b8b  sl_WlanProfileDel                     
00005a81  sl_WlanProfileGet                     
00005c73  sl_WlanRxFilterAdd                    
00005d8d  sl_WlanRxFilterGet                    
00005d09  sl_WlanRxFilterSet                    
00005e85  sl_WlanRxStatGet                      
00005e21  sl_WlanRxStatStart                    
00005e51  sl_WlanRxStatStop                     
00006029  sl_WlanSet                            
00005fd1  sl_WlanSetMode                        
00005f19  sl_WlanSmartConfigStart               
00005ee5  sl_WlanSmartConfigStop                
00009b75  spi_Close                             
00009b81  spi_Open                              
00009cdb  spi_Read                              
00009c81  spi_Write                             
0000c91d  sprintf                               
00001ebf  ssd1306_Testcommandwrite              
00001eeb  ssd1306_command                       
00001efb  ssd1306_command1                      
00001f0b  ssd1306_commandList                   
0000aebf  stopWDT                               
0000cc25  strcat                                
0000ccc7  strchr                                
0000ccaf  strcmp                                
0000ccdd  strcpy                                
0000ccf1  strlen                                
0000c9d5  strncpy                               
00009f71  ta3dummy                              
0000a9a3  tachometerLeftInt                     
0000a95d  tachometerRightInt                    
0000c0af  timer_GetCurrentTimestamp             
000088e3  uart_close                            
00008961  uart_lseek                            
000088d3  uart_open                             
000088ef  uart_read                             
0000897d  uart_rename                           
00008971  uart_unlink                           
0000891f  uart_write                            
0000cb3d  unlink                                
2000162c  vccstate                              
0000cd05  wcslen                                
0000cbb9  write                                 


GLOBAL SYMBOLS: SORTED BY Symbol Address 

address   name                                  
-------   ----                                  
00000000  __TI_static_base__                    
00000000  interruptVectors                      
000000e5  _SlDrvProtectAsyncRespSetting         
0000012b  _SlDrvDriverCBInit                    
00000200  __STACK_SIZE                          
000002c9  _SlDrvDriverCBDeinit                  
000003ed  _SlDrvRxIrqHandler                    
00000400  __SYSMEM_SIZE                         
00000445  _SlDrvCmdOp                           
00000501  _SlDrvDataReadOp                      
000006e5  _SlDrvDataWriteOp                     
0000116f  _SlDrvMsgReadSpawnCtx                 
00001561  _SlDrvBasicCmd                        
000015b5  _SlDrvCmdSend                         
00001639  _SlDrvWaitForPoolObj                  
000017c5  _SlDrvReleasePoolObj                  
00001bb9  _SlDrvDispatchHttpServerEvents        
00001bc9  _SlDrvSyncObjSignal                   
00001be9  _SlDrvObjLockWaitForever              
00001c0f  _SlDrvProtectionObjLockWaitForever    
00001c3d  _SlDrvObjUnLock                       
00001c5d  _SlDrvProtectionObjUnLock             
00001ca3  _SlDrvGlobalObjUnLock                 
00001cc5  _SlDrvMemZero                         
00001cdb  _SlDrvResetCmdExt                     
00001ce9  _SlDrvSyncObjWaitForever              
00001d0d  _SlDrvSyncObjWaitTimeout              
00001d4d  _SlDriverHandleError                  
00001ded  _SlDrvStartMeasureTimeout             
00001e0d  _SlDrvIsTimeoutExpired                
00001ebf  ssd1306_Testcommandwrite              
00001eeb  ssd1306_command                       
00001efb  ssd1306_command1                      
00001f0b  ssd1306_commandList                   
00001f33  SSD1306_Init                          
00002041  SSD1306_DrawPixel                     
000021c1  SSD1306_DrawChar                      
00002275  SSD1306_DrawString                    
000022c1  SSD1306_ClearBuffer                   
00002301  SSD1306_Clear                         
00002355  SSD1306_DrawFullImage                 
000023b9  SSD1306_PrintBMP                      
00002599  SSD1306_DrawFastHLine                 
000026ab  SSD1306_drawFastHLineInternal         
000027bd  SSD1306_DrawFastVLine                 
000028d5  SSD1306_drawFastVLineInternal         
00002ad5  SSD1306_GetPixel                      
00002bd3  SSD1306_GetBuffer                     
00002bd7  SSD1306_DisplayBuffer                 
00002c11  SSD1306_startscrollright              
00002c43  SSD1306_startscrollleft               
00002c79  SSD1306_startscrolldiagright          
00002cbd  SSD1306_startscrolldiagleft           
00002cfd  SSD1306_stopscroll                    
00002d07  SSD1306_InvertDisplay                 
00002d1d  SSD1306_Dim                           
00002d4f  SSD1306_SetCursor                     
00002dc9  SSD1306_OutChar                       
00002eef  SSD1306_OutString                     
00002f49  SSD1306_OutUDec                       
0000312d  SSD1306_OutSDec                       
00003363  SSD1306_OutUFix1                      
000033f1  SSD1306_OutSFix1                      
000034df  SSD1306_OutHex7                       
00003515  SSD1306_OutUHex7                      
0000353d  SSD1306_OutUDec16                     
000035d5  SSD1306_OutUDec2                      
000036bd  _sl_ParseAddress                      
00003717  sl_Socket                             
00003795  sl_Close                              
000037e7  sl_Bind                               
00003895  sl_SendTo                             
000039d5  sl_RecvFrom                           
00003b15  sl_Connect                            
00003c8b  _sl_HandleAsync_Connect               
00003d09  sl_Send                               
00003e35  sl_Listen                             
00003ea5  sl_Accept                             
0000404b  sl_Htonl                              
00004091  sl_Htons                              
000040cd  _sl_HandleAsync_Accept                
0000412d  _sl_HandleAsync_Select                
00004185  sl_Recv                               
0000422d  sl_SetSockOpt                         
000042b7  sl_GetSockOpt                         
0000436f  sl_Select                             
000044d1  SL_FD_SET                             
000044f9  SL_FD_CLR                             
00004521  SL_FD_ISSET                           
0000454d  SL_FD_ZERO                            
00004575  Crash                                 
000045c1  CheckBumper                           
000045db  Racing                                
000045eb  ClearData                             
00004601  LogData                               
000046a5  SendData                              
00004961  main                                  
00004e3d  configureSimpleLinkToDefaultState     
0000501b  establishConnectionWithAP             
0000507f  disconnectFromAP                      
000050b1  SimpleLinkWlanEventHandler            
00005121  SimpleLinkNetAppEventHandler          
00005151  SimpleLinkHttpServerCallback          
0000515f  SimpleLinkGeneralEventHandler         
00005171  SimpleLinkSockEventHandler            
000053a5  sl_WlanConnect                        
00005615  sl_WlanDisconnect                     
00005649  sl_WlanPolicySet                      
000056d9  sl_WlanPolicyGet                      
000057cd  sl_WlanProfileAdd                     
00005a81  sl_WlanProfileGet                     
00005b8b  sl_WlanProfileDel                     
00005bdd  sl_WlanGetNetworkList                 
00005c73  sl_WlanRxFilterAdd                    
00005d09  sl_WlanRxFilterSet                    
00005d8d  sl_WlanRxFilterGet                    
00005e21  sl_WlanRxStatStart                    
00005e51  sl_WlanRxStatStop                     
00005e85  sl_WlanRxStatGet                      
00005ee5  sl_WlanSmartConfigStop                
00005f19  sl_WlanSmartConfigStart               
00005fd1  sl_WlanSetMode                        
00006029  sl_WlanSet                            
000060c5  sl_WlanGet                            
0000619d  sl_NetAppStart                        
000061e9  sl_NetAppStop                         
00006235  sl_NetAppGetServiceList               
00006327  sl_NetAppMDNSRegisterUnregisterService
000063fd  sl_NetAppMDNSRegisterService          
00006461  sl_NetAppMDNSUnRegisterService        
000064cd  sl_NetAppDnsGetHostByService          
000065d5  _sl_HandleAsync_DnsGetHostByService   
0000669b  _sl_HandleAsync_DnsGetHostByAddr      
000066ad  sl_NetAppDnsGetHostByName             
000067e9  _sl_HandleAsync_DnsGetHostByName      
000068bd  _sl_HandleAsync_PingResponse          
00006949  sl_NetAppPingStart                    
00006ae7  sl_NetAppSet                          
00006b79  _sl_NetAppSendTokenValue              
00006be5  sl_NetAppGet                          
00006c99  _SlDrvNetAppEventHandler              
00006dad  Odometry_SetPower                     
00006dc5  Odometry_Init                         
00006df5  Odometry_Update                       
000070bd  Odometry_GetX                         
000070c9  Odometry_GetY                         
000070d9  Odometry_GetAngle                     
000070e5  Odometry_GetSpeed                     
000070f9  Odometry_Get                          
00007129  abs                                   
00007155  UpdatePosition                        
000071bd  Display                               
000072c3  WaitUntilBumperTouched                
00007337  StopUntilBumperTouched                
0000734d  Forward                               
0000737d  HardLeft                              
0000739d  HardRight                             
000073bd  SoftLeft                              
000073e1  SoftRight                             
0000741d  ForwardUntilCrash                     
00007479  ForwardUntilX                         
00007505  ForwardUntilXStart                    
00007565  ForwardUntilXStatus                   
000075d9  ForwardUntilY                         
00007659  ForwardUntilYStart                    
00007687  ForwardUntilYStatus                   
000076fd  SoftLeftUntilTh                       
000077a5  SoftLeftUntilThStart                  
000077e1  ForwardUntilThStatus                  
00007889  CheckGoal                             
000078e9  __TI_printfi                          
00008337  _nop                                  
00008339  UART0_Init                            
0000837f  UART0_InChar                          
0000838f  UART0_OutChar                         
000083ab  UART0_OutString                       
000083c9  UART0_InUDec                          
0000844d  UART0_OutUDec                         
0000847d  UART0_OutSDec                         
000085f1  UART0_OutUDec4                        
00008639  UART0_OutUDec5                        
0000866b  UART0_OutUFix1                        
00008693  UART0_OutUFix2                        
000086dd  UART0_InUHex                          
000087a1  UART0_OutUHex                         
000087e5  outnibble                             
0000880d  UART0_OutUHex2                        
00008829  UART0_InString                        
000088a3  fgetc                                 
000088bd  ferror                                
000088d3  uart_open                             
000088e3  uart_close                            
000088ef  uart_read                             
0000891f  uart_write                            
00008961  uart_lseek                            
00008971  uart_unlink                           
0000897d  uart_rename                           
0000898b  UART0_Initprintf                      
00008a2d  sl_Task                               
00008a35  sl_Start                              
00008b09  _sl_HandleAsync_InitComplete          
00008b8d  _sl_HandleAsync_Stop                  
00008bd7  sl_Stop                               
00008cab  sl_EventMaskSet                       
00008d11  sl_EventMaskGet                       
00008d7d  sl_DevGet                             
00008e41  sl_DevSet                             
00008ed1  _SlDrvDeviceEventHandler              
00008f89  PWM_Init1                             
00008fef  PWM_Init12                            
00009073  PWM_Duty1                             
00009093  PWM_Duty2                             
000090b3  PWM_Init34                            
00009137  PWM_Duty3                             
00009157  PWM_Duty4                             
00009177  PWM_RobotArmInit                      
0000929f  PWM_RobotArmDuty0                     
000092bf  PWM_RobotArmGetDuty0                  
000092c5  PWM_RobotArmDuty1                     
000092e5  PWM_RobotArmGetDuty1                  
000092eb  PWM_RobotArmDuty2                     
0000930b  PWM_RobotArmGetDuty2                  
000093a9  SystemCoreClockUpdate                 
0000961d  SystemInit                            
00009945  fixed_sin                             
000099bd  fixed_cos                             
00009a39  fixed_sin2                            
00009ac7  fixed_cos2                            
00009b75  spi_Close                             
00009b81  spi_Open                              
00009c81  spi_Write                             
00009cdb  spi_Read                              
00009d91  Clock_Init48MHz                       
00009ea7  Clock_GetFreq                         
00009ead  delay                                 
00009ebb  Clock_Delay1us                        
00009ee5  Clock_Delay1ms                        
00009f71  ta3dummy                              
00009f7d  TimerA3Capture_Init01                 
00009ffd  TA3_0_IRQHandler                      
00009ffd  TA3_0_IRQHandler                      
0000a017  TA3_N_IRQHandler                      
0000a017  TA3_N_IRQHandler                      
0000a057  TimerA3Capture_Init02                 
0000a315  __aeabi_dsub                          
0000a31f  __aeabi_dadd                          
0000a4cb  __aeabi_idiv0                         
0000a4cb  __aeabi_ldiv0                         
0000a4cd  _SlNonOsSemSet                        
0000a4e5  _SlNonOsSemGet                        
0000a58d  _SlNonOsSpawn                         
0000a5ed  _SlNonOsMainLoopTask                  
0000a669  Motor_Init                            
0000a6bb  Motor_Stop                            
0000a6cf  Motor_Forward                         
0000a70b  Motor_Right                           
0000a751  Motor_Left                            
0000a797  Motor_Backward                        
0000a7f5  sl_NetCfgSet                          
0000a87f  sl_NetCfgGet                          
0000a95d  tachometerRightInt                    
0000a9a3  tachometerLeftInt                     
0000a9e9  Tachometer_Init                       
0000aa13  Tachometer_Get                        
0000abd5  __aeabi_ddiv                          
0000ae31  initClk                               
0000ae41  registerInterruptHandler              
0000ae55  CC3100_disable                        
0000ae61  CC3100_enable                         
0000ae6d  CC3100_InterruptEnable                
0000ae99  CC3100_InterruptDisable               
0000aeaf  MaskIntHdlr                           
0000aeb7  UnMaskIntHdlr                         
0000aebf  stopWDT                               
0000aec9  PORT2_IRQHandler                      
0000aec9  PORT2_IRQHandler                      
0000aeeb  Delay                                 
0000af4d  fputs                                 
0000b171  ldexp                                 
0000b171  ldexpl                                
0000b171  scalbn                                
0000b171  scalbnl                               
0000b281  aligned_alloc                         
0000b281  memalign                              
0000b381  __aeabi_dmul                          
0000b47d  LaunchPad_Init                        
0000b4ed  LaunchPad_Input                       
0000b50b  LaunchPad_LED                         
0000b529  LaunchPad_Output                      
0000b575  free                                  
0000b659  setvbuf                               
0000b735  FPU_enableModule                      
0000b747  FPU_disableModule                     
0000b755  FPU_enableStacking                    
0000b767  FPU_enableLazyStacking                
0000b773  FPU_disableStacking                   
0000b77f  FPU_setHalfPrecisionMode              
0000b799  FPU_setNaNMode                        
0000b7b3  FPU_setFlushToZeroMode                
0000b7cd  FPU_setRoundingMode                   
0000b7f5  open                                  
0000b8b1  add_device                            
0000ba1d  TimerA1_Init                          
0000ba7b  TimerA1_Stop                          
0000ba8f  TA1_0_IRQHandler                      
0000ba8f  TA1_0_IRQHandler                      
0000bac5  fopen                                 
0000bb61  __aeabi_memcpy                        
0000bb61  __aeabi_memcpy4                       
0000bb61  __aeabi_memcpy8                       
0000bb61  memcpy                                
0000bbfd  __aeabi_uldivmod                      
0000bc95  fputc                                 
0000bc95  putc                                  
0000bd21  __aeabi_cdcmpeq                       
0000bd21  __aeabi_cdcmple                       
0000bda7  __aeabi_cdrcmple                      
0000be2d  __aeabi_memclr                        
0000be2d  __aeabi_memclr4                       
0000be2d  __aeabi_memclr8                       
0000be2f  __aeabi_memset                        
0000be2f  __aeabi_memset4                       
0000be2f  __aeabi_memset8                       
0000be35  memset                                
0000bea9  Bump_Init                             
0000bedd  Bump_Read                             
0000bf21  __TI_closefile                        
0000bf95  Timer32_Init                          
0000bfdd  T32_INT1_IRQHandler                   
0000bfdd  T32_INT1_IRQHandler                   
0000c075  TimerA2_Init                          
0000c0af  timer_GetCurrentTimestamp             
0000c155  HOSTrename                            
0000c1c1  HOSTlseek                             
0000c229  __TI_decompress_lzss                  
0000c291  printf                                
0000c2f9  frexp                                 
0000c2f9  frexpl                                
0000c35d  fseek                                 
0000c3c1  __TI_wrt_ok                           
0000c425  HOSTopen                              
0000c485  close                                 
0000c4e1  HOSTread                              
0000c539  HOSTwrite                             
0000c591  Blinker_Init                          
0000c5bb  Blinker_Output                        
0000c63f  __TI_ltoa                             
0000c6e5  __TI_doflush                          
0000c731  atoi                                  
0000c77d  exit                                  
0000c7c5  __aeabi_d2iz                          
0000c80d  HOSTclose                             
0000c851  HOSTunlink                            
0000c895  __TI_auto_init_nobinit_nopinit        
0000c8d9  getdevice                             
0000c91d  sprintf                               
0000c99d  __TI_writemsg                         
0000c9cb  C$$IO$$                               
0000c9d5  strncpy                               
0000ca0d  __TI_cleanup                          
0000ca41  __TI_readmsg                          
0000ca75  _c_int00_noargs                       
0000caa9  freopen                               
0000cadd  finddevice                            
0000cb0d  __aeabi_i2d                           
0000cb3d  remove                                
0000cb3d  unlink                                
0000cb91  lseek                                 
0000cbb9  write                                 
0000cbe1  DisableInterrupts                     
0000cbe7  EnableInterrupts                      
0000cbed  StartCritical                         
0000cbf7  EndCritical                           
0000cbff  WaitForInterrupt                      
0000cc05  memchr                                
0000cc25  strcat                                
0000cc61  memccpy                               
0000cc7d  copysign                              
0000cc7d  copysignl                             
0000ccaf  strcmp                                
0000ccc7  strchr                                
0000ccdd  strcpy                                
0000ccf1  strlen                                
0000cd05  wcslen                                
0000cd17  __TI_decompress_none                  
0000cd25  Reset_Handler                         
0000cd31  ADC14_IRQHandler                      
0000cd31  AES256_IRQHandler                     
0000cd31  BusFault_Handler                      
0000cd31  COMP_E0_IRQHandler                    
0000cd31  COMP_E1_IRQHandler                    
0000cd31  CS_IRQHandler                         
0000cd31  DMA_ERR_IRQHandler                    
0000cd31  DMA_INT0_IRQHandler                   
0000cd31  DMA_INT1_IRQHandler                   
0000cd31  DMA_INT2_IRQHandler                   
0000cd31  DMA_INT3_IRQHandler                   
0000cd31  DebugMon_Handler                      
0000cd31  Default_Handler                       
0000cd31  EUSCIA0_IRQHandler                    
0000cd31  EUSCIA1_IRQHandler                    
0000cd31  EUSCIA2_IRQHandler                    
0000cd31  EUSCIA3_IRQHandler                    
0000cd31  EUSCIB0_IRQHandler                    
0000cd31  EUSCIB1_IRQHandler                    
0000cd31  EUSCIB2_IRQHandler                    
0000cd31  EUSCIB3_IRQHandler                    
0000cd31  FLCTL_IRQHandler                      
0000cd31  FPU_IRQHandler                        
0000cd31  HardFault_Handler                     
0000cd31  MemManage_Handler                     
0000cd31  NMI_Handler                           
0000cd31  PCM_IRQHandler                        
0000cd31  PORT1_IRQHandler                      
0000cd31  PORT3_IRQHandler                      
0000cd31  PORT4_IRQHandler                      
0000cd31  PORT5_IRQHandler                      
0000cd31  PORT6_IRQHandler                      
0000cd31  PSS_IRQHandler                        
0000cd31  PendSV_Handler                        
0000cd31  RTC_C_IRQHandler                      
0000cd31  SVC_Handler                           
0000cd31  SysTick_Handler                       
0000cd31  T32_INT2_IRQHandler                   
0000cd31  T32_INTC_IRQHandler                   
0000cd31  TA0_0_IRQHandler                      
0000cd31  TA0_N_IRQHandler                      
0000cd31  TA1_N_IRQHandler                      
0000cd31  TA2_0_IRQHandler                      
0000cd31  TA2_N_IRQHandler                      
0000cd31  UsageFault_Handler                    
0000cd31  WDT_A_IRQHandler                      
0000cd33  __TI_zero_init                        
0000cd49  __aeabi_errno_addr                    
0000cd51  malloc                                
0000cd61  _system_pre_init                      
0000cd65  C$$EXIT                               
0000cd65  abort                                 
0000cd68  SinTab2                               
0000ed68  SinTab                                
0000fb90  _ctypes_                              
0000fc92  OpcodeTranslateTable                  
0000fcd0  _SlActionLookupTable                  
0000fe34  _SlNetAppSendTokenValueCmdCtrl        
0000ff40  __TI_Handler_Table_Base               
0000ff4c  __TI_Handler_Table_Limit              
0000ff58  __TI_CINIT_Base                       
0000ff68  __TI_CINIT_Limit                      
20000000  Recvbuff                              
20000000  __start___llvm_prf_cnts               
20000000  __stop___llvm_prf_cnts                
20000400  SendBuff                              
20000800  buffer                                
20000c00  LogMessage                            
200010cc  __CIOBUF_                             
200011ec  Value1String                          
200012ec  Value2String                          
200013ec  Value3String                          
200014ec  __TI_tmpnams                          
2000158c  Messageb                              
20001594  parmbuf                               
2000159c  DataCount                             
200015a0  DestinationIP                         
200015a4  Error                                 
200015a8  L                                     
200015ac  LastLeftSteps                         
200015b0  LastRightSteps                        
200015b4  LeftSteps                             
200015b8  Lr                                    
200015bc  Messageindexb                         
200015c0  MySpeed                               
200015c4  MyTheta                               
200015c8  MyX                                   
200015cc  MyY                                   
200015d0  PeriodicTask32                        
200015d4  R                                     
200015d8  RacingStatus                          
200015dc  RightSteps                            
200015e0  RobotSpeed                            
200015e4  Robottheta                            
200015e8  Robotx                                
200015ec  Roboty                                
200015f0  Rr                                    
200015f4  Running                               
200015f8  SockID                                
200015fc  TimerA1Task                           
20001600  TotalLeftSteps                        
20001604  TotalRightSteps                       
20001608  badCount                              
2000160c  desiredTh                             
20001610  desiredX                              
20001614  desiredY                              
20001618  dtheta                                
2000161c  dz                                    
20001620  goal                                  
20001624  lastgoal                              
20001628  rotation                              
2000162c  vccstate                              
20001630  LeftTach                              
20001632  RightTach                             
20001634  StartX                                
20001636  StartY                                
20001638  Tachometer_FirstLeftTime              
2000163a  Tachometer_FirstRightTime             
2000163c  Tachometer_SecondLeftTime             
2000163e  Tachometer_SecondRightTime            
20001640  Action                                
20001641  Goal                                  
20001642  IntIsMasked                           
20001643  LeftDir                               
20001644  RightDir                              
20001645  RxIrqCnt                              
20001646  g_bDeviceRestartIsRequired            
20001648  _sys_memory                           
20001a48  _ftable                               
20001b38  _device                               
20001bb0  _stream                               
20001c00  g__SlNonOsCB                          
20001c3c  ClockFrequency                        
20001c40  Prewait                               
20001c44  CPMwait                               
20001c48  Postwait                              
20001c4c  IFlags                                
20001c50  Crystalstable                         
20001c54  __TI_ft_end                           
20001c58  __aeabi_stdin                         
20001c5c  __aeabi_stdout                        
20001c60  __aeabi_stderr                        
20001c64  g_SlDeviceStatus                      
20001c68  g_pCB                                 
20001c6c  pPingCallBackFunc                     
20001c74  __TI_cleanup_ptr                      
20001c78  __TI_dtors_ptr                        
20001c7c  __TI_enable_exit_profile_output       
20001c80  CaptureTask0                          
20001c84  CaptureTask1                          
20001c88  CaptureTask2                          
20001c8c  Tachometer_RightSteps                 
20001c90  Tachometer_LeftSteps                  
20001c94  Tachometer_RightDir                   
20001c95  Tachometer_LeftDir                    
20001c98  _lock                                 
20001c9c  _unlock                               
20001ca8  g_Status                              
20001cac  bWifi                                 
20001cb0  MotorFast                             
20001cb4  MotorSlow                             
20001cb8  CurrentX                              
20001cba  CurrentY                              
20001cbc  pIraEventHandler                      
20001cc4  errno                                 
20001cd0  SystemCoreClock                       
2000fe00  __stack                               
20010000  __STACK_END                           
4000480c  WDTCTL_SYM                            
ffffffff  __TI_pprof_out_hndl                   
ffffffff  __TI_prof_data_size                   
ffffffff  __TI_prof_data_start                  
ffffffff  __binit__                             
ffffffff  __c_args__                            
ffffffff  binit                                 
UNDEFED   __mpu_init                            
UNDEFED   _system_post_cinit                    

[563 symbols]
