******************************************************************************
                  TI ARM Linker PC v20.2.6                     
******************************************************************************
>> Linked Thu Aug 25 18:43:29 2022

OUTPUT FILE NAME:   <FFT.out>
ENTRY POINT SYMBOL: "_c_int00_noargs"  address: 00018591


MEMORY CONFIGURATION

         name            origin    length      used     unused   attr    fill
----------------------  --------  ---------  --------  --------  ----  --------
  MAIN                  00000000   00040000  00018678  00027988  R  X
  INFO                  00200000   00004000  00000000  00004000  R  X
  SRAM_CODE             01000000   00010000  00008228  00007dd8  RW X
  SRAM_DATA             20000000   00010000  00008228  00007dd8  RW  


SEGMENT ALLOCATION MAP

run origin  load origin   length   init length attrs members
----------  ----------- ---------- ----------- ----- -------
00000000    00000000    00018680   00018680    r-x
  00000000    00000000    000000e4   000000e4    r-- .intvecs
  000000e8    000000e8    00016158   00016158    r-- .const
  00016240    00016240    00002404   00002404    r-x .text
  00018648    00018648    00000038   00000038    r-- .cinit
20000000    20000000    00008028   00000000    rw-
  20000000    20000000    00008008   00000000    rw- .bss
  20008008    20008008    00000020   00000000    rw- .data
2000fe00    2000fe00    00000200   00000000    rw-
  2000fe00    2000fe00    00000200   00000000    rw- .stack


SECTION ALLOCATION MAP

 output                                  attributes/
section   page    origin      length       input sections
--------  ----  ----------  ----------   ----------------
.intvecs   0    00000000    000000e4     
                  00000000    000000e4     startup_msp432p401r_ccs.obj (.intvecs:retain)

.const     0    000000e8    00016158     
                  000000e8    0000b000     FFT.obj (.const:cosTab)
                  0000b0e8    0000b000     FFT.obj (.const:sinTab)
                  000160e8    00000158     rtsv7M4_T_le_v4SPD16_eabi.lib : k_rem_pio2.c.obj (.const:$O1$$)

.text      0    00016240    00002404     
                  00016240    00000738     rtsv7M4_T_le_v4SPD16_eabi.lib : k_rem_pio2.c.obj (.text:__kernel_rem_pio2)
                  00016978    000005dc                                   : s_cos.c.obj (.text:cos)
                  00016f54    000003dc     FFT.obj (.text)
                  00017330    00000334     system_msp432p401r.obj (.text)
                  00017664    000001e0     Clock.obj (.text)
                  00017844    000001b6     rtsv7M4_T_le_v4SPD16_eabi.lib : fd_add_t2.asm.obj (.text)
                  000179fa    00000002     --HOLE-- [fill = 0]
                  000179fc    00000174                                   : k_sin.c.obj (.text:__kernel_sin)
                  00017b70    00000170                                   : k_cos.c.obj (.text:__kernel_cos)
                  00017ce0    00000136                                   : fd_div_t2.asm.obj (.text)
                  00017e16    00000002     --HOLE-- [fill = 0]
                  00017e18    00000110                                   : s_scalbn.c.obj (.text:scalbn)
                  00017f28    000000fc                                   : fd_mul_t2.asm.obj (.text)
                  00018024    000000f8                                   : s_floor.c.obj (.text:floor)
                  0001811c    000000f0     FFTtestmain.obj (.text)
                  0001820c    0000009c     rtsv7M4_T_le_v4SPD16_eabi.lib : memcpy_t2.asm.obj (.text)
                  000182a8    00000086                                   : fd_cmp_t2.asm.obj (.text:__aeabi_cdcmple)
                  0001832e    00000086                                   : fd_cmp_t2.asm.obj (.text:__aeabi_cdrcmple)
                  000183b4    0000007a                                   : memset_t2.asm.obj (.text)
                  0001842e    0000006e                                   : fd_tos_t2.asm.obj (.text)
                  0001849c    00000068                                   : copy_decompress_lzss.c.obj (.text:decompress:lzss:__TI_decompress_lzss)
                  00018504    00000048                                   : fd_toi_t2.asm.obj (.text)
                  0001854c    00000044                                   : autoinit.c.obj (.text:__TI_auto_init_nobinit_nopinit:__TI_auto_init_nobinit_nopinit)
                  00018590    00000034                                   : boot_cortex_m.c.obj (.text:_c_int00_noargs:_c_int00_noargs)
                  000185c4    0000002e                                   : i_tofd_t2.asm.obj (.text)
                  000185f2    0000001a                                   : s_copysign.c.obj (.text:copysign)
                  0001860c    0000000e                                   : copy_decompress_none.c.obj (.text:decompress:none:__TI_decompress_none)
                  0001861a    0000000e     startup_msp432p401r_ccs.obj (.text)
                  00018628    0000000c     rtsv7M4_T_le_v4SPD16_eabi.lib : copy_zero_init.c.obj (.text:decompress:ZI:__TI_zero_init)
                  00018634    00000008                                   : errno.c.obj (.text:__aeabi_errno_addr)
                  0001863c    00000004                                   : pre_init.c.obj (.text:_system_pre_init)
                  00018640    00000004                                   : exit.c.obj (.text:abort:abort)

.cinit     0    00018648    00000038     
                  00018648    0000000d     (.cinit..data.load) [load image, compression = lzss]
                  00018655    00000003     --HOLE-- [fill = 0]
                  00018658    0000000c     (__TI_handler_table)
                  00018664    00000004     --HOLE-- [fill = 0]
                  00018668    00000008     (.cinit..bss.load) [load image, compression = zero_init]
                  00018670    00000010     (__TI_cinit_table)

.init_array 
*          0    00000000    00000000     UNINITIALIZED

.binit     0    00000000    00000000     

.bss       0    20000000    00008008     UNINITIALIZED
                  20000000    00004000     (.common:a)
                  20004000    00004000     (.common:scratch)
                  20008000    00000004     (.common:StartTime)
                  20008004    00000004     (.common:TimeToConvert)

.data      0    20008008    00000020     UNINITIALIZED
                  20008008    00000018     Clock.obj (.data)
                  20008020    00000004     rtsv7M4_T_le_v4SPD16_eabi.lib : errno.c.obj (.data)
                  20008024    00000004     system_msp432p401r.obj (.data)

.stack     0    2000fe00    00000200     UNINITIALIZED
                  2000fe00    00000004     rtsv7M4_T_le_v4SPD16_eabi.lib : boot_cortex_m.c.obj (.stack)
                  2000fe04    000001fc     --HOLE--

__llvm_prf_cnts 
*          0    20000000    00000000     UNINITIALIZED

MODULE SUMMARY

       Module                        code   ro data   rw data
       ------                        ----   -------   -------
    .\
       FFT.obj                       988    90112     0      
       FFTtestmain.obj               240    0         65552  
       system_msp432p401r.obj        820    0         8      
       Clock.obj                     480    0         48     
       startup_msp432p401r_ccs.obj   14     228       0      
    +--+-----------------------------+------+---------+---------+
       Total:                        2542   90340     65608  
                                                             
    C:\ti\ccs1200\ccs\tools\compiler\ti-cgt-arm_20.2.6.LTS\lib\rtsv7M4_T_le_v4SPD16_eabi.lib
       k_rem_pio2.c.obj              1848   344       0      
       s_cos.c.obj                   1500   0         0      
       fd_add_t2.asm.obj             438    0         0      
       k_sin.c.obj                   372    0         0      
       k_cos.c.obj                   368    0         0      
       fd_div_t2.asm.obj             310    0         0      
       s_scalbn.c.obj                272    0         0      
       fd_cmp_t2.asm.obj             268    0         0      
       fd_mul_t2.asm.obj             252    0         0      
       s_floor.c.obj                 248    0         0      
       memcpy_t2.asm.obj             156    0         0      
       memset_t2.asm.obj             122    0         0      
       fd_tos_t2.asm.obj             110    0         0      
       copy_decompress_lzss.c.obj    104    0         0      
       fd_toi_t2.asm.obj             72     0         0      
       autoinit.c.obj                68     0         0      
       boot_cortex_m.c.obj           52     0         0      
       i_tofd_t2.asm.obj             46     0         0      
       s_copysign.c.obj              26     0         0      
       errno.c.obj                   8      0         8      
       copy_decompress_none.c.obj    14     0         0      
       copy_zero_init.c.obj          12     0         0      
       exit.c.obj                    4      0         0      
       pre_init.c.obj                4      0         0      
    +--+-----------------------------+------+---------+---------+
       Total:                        6674   344       8      
                                                             
       Stack:                        0      0         1024   
       Linker Generated:             0      49        0      
    +--+-----------------------------+------+---------+---------+
       Grand Total:                  9216   90733     66640  


LINKER GENERATED COPY TABLES

__TI_cinit_table @ 00018670 records: 2, size/record: 8, table size: 16
	.data: load addr=00018648, load size=0000000d bytes, run addr=20008008, run size=00000020 bytes, compression=lzss
	.bss: load addr=00018668, load size=00000008 bytes, run addr=20000000, run size=00008008 bytes, compression=zero_init


LINKER GENERATED HANDLER TABLE

__TI_handler_table @ 00018658 records: 3, size/record: 4, table size: 12
	index: 0, handler: __TI_decompress_lzss
	index: 1, handler: __TI_decompress_none
	index: 2, handler: __TI_zero_init


GLOBAL SYMBOLS: SORTED ALPHABETICALLY BY Name 

address   name                          
-------   ----                          
00018627  ADC14_IRQHandler              
00018627  AES256_IRQHandler             
00018627  BusFault_Handler              
00018641  C$$EXIT                       
00018627  COMP_E0_IRQHandler            
00018627  COMP_E1_IRQHandler            
20008010  CPMwait                       
00018627  CS_IRQHandler                 
20008008  ClockFrequency                
000177b9  Clock_Delay1ms                
0001778f  Clock_Delay1us                
0001777b  Clock_GetFreq                 
00017665  Clock_Init48MHz               
2000801c  Crystalstable                 
00018627  DMA_ERR_IRQHandler            
00018627  DMA_INT0_IRQHandler           
00018627  DMA_INT1_IRQHandler           
00018627  DMA_INT2_IRQHandler           
00018627  DMA_INT3_IRQHandler           
00018627  DebugMon_Handler              
00018627  Default_Handler               
00018627  EUSCIA0_IRQHandler            
00018627  EUSCIA1_IRQHandler            
00018627  EUSCIA2_IRQHandler            
00018627  EUSCIA3_IRQHandler            
00018627  EUSCIB0_IRQHandler            
00018627  EUSCIB1_IRQHandler            
00018627  EUSCIB2_IRQHandler            
00018627  EUSCIB3_IRQHandler            
00018627  FLCTL_IRQHandler              
00018627  FPU_IRQHandler                
00018627  HardFault_Handler             
20008018  IFlags                        
00018627  MemManage_Handler             
00018627  NMI_Handler                   
00018627  PCM_IRQHandler                
00018627  PORT1_IRQHandler              
00018627  PORT2_IRQHandler              
00018627  PORT3_IRQHandler              
00018627  PORT4_IRQHandler              
00018627  PORT5_IRQHandler              
00018627  PORT6_IRQHandler              
00018627  PSS_IRQHandler                
00018627  PendSV_Handler                
20008014  Postwait                      
2000800c  Prewait                       
00018627  RTC_C_IRQHandler              
0001861b  Reset_Handler                 
00018627  SVC_Handler                   
20008000  StartTime                     
00018627  SysTick_Handler               
20008024  SystemCoreClock               
00017331  SystemCoreClockUpdate         
000175a9  SystemInit                    
00018627  T32_INT1_IRQHandler           
00018627  T32_INT2_IRQHandler           
00018627  T32_INTC_IRQHandler           
00018627  TA0_0_IRQHandler              
00018627  TA0_N_IRQHandler              
00018627  TA1_0_IRQHandler              
00018627  TA1_N_IRQHandler              
00018627  TA2_0_IRQHandler              
00018627  TA2_N_IRQHandler              
00018627  TA3_0_IRQHandler              
00018627  TA3_N_IRQHandler              
20008004  TimeToConvert                 
00018627  UsageFault_Handler            
4000480c  WDTCTL_SYM                    
00018627  WDT_A_IRQHandler              
20010000  __STACK_END                   
00000200  __STACK_SIZE                  
00018670  __TI_CINIT_Base               
00018680  __TI_CINIT_Limit              
00018658  __TI_Handler_Table_Base       
00018664  __TI_Handler_Table_Limit      
0001854d  __TI_auto_init_nobinit_nopinit
0001849d  __TI_decompress_lzss          
0001860d  __TI_decompress_none          
ffffffff  __TI_pprof_out_hndl           
ffffffff  __TI_prof_data_size           
ffffffff  __TI_prof_data_start          
00000000  __TI_static_base__            
00018629  __TI_zero_init                
000182a9  __aeabi_cdcmpeq               
000182a9  __aeabi_cdcmple               
0001832f  __aeabi_cdrcmple              
0001842f  __aeabi_d2f                   
00018505  __aeabi_d2iz                  
0001784f  __aeabi_dadd                  
00017ce1  __aeabi_ddiv                  
00017f29  __aeabi_dmul                  
00017845  __aeabi_dsub                  
00018635  __aeabi_errno_addr            
000185c5  __aeabi_i2d                   
000183b5  __aeabi_memclr                
000183b5  __aeabi_memclr4               
000183b5  __aeabi_memclr8               
0001820d  __aeabi_memcpy                
0001820d  __aeabi_memcpy4               
0001820d  __aeabi_memcpy8               
000183b7  __aeabi_memset                
000183b7  __aeabi_memset4               
000183b7  __aeabi_memset8               
ffffffff  __binit__                     
ffffffff  __c_args__                    
00017b71  __kernel_cos                  
00016241  __kernel_rem_pio2             
000179fd  __kernel_sin                  
UNDEFED   __mpu_init                    
2000fe00  __stack                       
20000000  __start___llvm_prf_cnts       
20000000  __stop___llvm_prf_cnts        
00018591  _c_int00_noargs               
UNDEFED   _system_post_cinit            
0001863d  _system_pre_init              
20000000  a                             
00018641  abort                         
ffffffff  binit                         
000185f3  copysign                      
000185f3  copysignl                     
00016979  cos                           
000000e8  cosTab                        
00016979  cosl                          
00017781  delay                         
20008020  errno                         
00016f55  fft                           
00018025  floor                         
00018025  floorl                        
0001713f  ifft                          
00000000  interruptVectors              
00017e19  ldexp                         
00017e19  ldexpl                        
0001811d  main                          
0001820d  memcpy                        
000183bd  memset                        
00017e19  scalbn                        
00017e19  scalbnl                       
20004000  scratch                       
0000b0e8  sinTab                        


GLOBAL SYMBOLS: SORTED BY Symbol Address 

address   name                          
-------   ----                          
00000000  __TI_static_base__            
00000000  interruptVectors              
000000e8  cosTab                        
00000200  __STACK_SIZE                  
0000b0e8  sinTab                        
00016241  __kernel_rem_pio2             
00016979  cos                           
00016979  cosl                          
00016f55  fft                           
0001713f  ifft                          
00017331  SystemCoreClockUpdate         
000175a9  SystemInit                    
00017665  Clock_Init48MHz               
0001777b  Clock_GetFreq                 
00017781  delay                         
0001778f  Clock_Delay1us                
000177b9  Clock_Delay1ms                
00017845  __aeabi_dsub                  
0001784f  __aeabi_dadd                  
000179fd  __kernel_sin                  
00017b71  __kernel_cos                  
00017ce1  __aeabi_ddiv                  
00017e19  ldexp                         
00017e19  ldexpl                        
00017e19  scalbn                        
00017e19  scalbnl                       
00017f29  __aeabi_dmul                  
00018025  floor                         
00018025  floorl                        
0001811d  main                          
0001820d  __aeabi_memcpy                
0001820d  __aeabi_memcpy4               
0001820d  __aeabi_memcpy8               
0001820d  memcpy                        
000182a9  __aeabi_cdcmpeq               
000182a9  __aeabi_cdcmple               
0001832f  __aeabi_cdrcmple              
000183b5  __aeabi_memclr                
000183b5  __aeabi_memclr4               
000183b5  __aeabi_memclr8               
000183b7  __aeabi_memset                
000183b7  __aeabi_memset4               
000183b7  __aeabi_memset8               
000183bd  memset                        
0001842f  __aeabi_d2f                   
0001849d  __TI_decompress_lzss          
00018505  __aeabi_d2iz                  
0001854d  __TI_auto_init_nobinit_nopinit
00018591  _c_int00_noargs               
000185c5  __aeabi_i2d                   
000185f3  copysign                      
000185f3  copysignl                     
0001860d  __TI_decompress_none          
0001861b  Reset_Handler                 
00018627  ADC14_IRQHandler              
00018627  AES256_IRQHandler             
00018627  BusFault_Handler              
00018627  COMP_E0_IRQHandler            
00018627  COMP_E1_IRQHandler            
00018627  CS_IRQHandler                 
00018627  DMA_ERR_IRQHandler            
00018627  DMA_INT0_IRQHandler           
00018627  DMA_INT1_IRQHandler           
00018627  DMA_INT2_IRQHandler           
00018627  DMA_INT3_IRQHandler           
00018627  DebugMon_Handler              
00018627  Default_Handler               
00018627  EUSCIA0_IRQHandler            
00018627  EUSCIA1_IRQHandler            
00018627  EUSCIA2_IRQHandler            
00018627  EUSCIA3_IRQHandler            
00018627  EUSCIB0_IRQHandler            
00018627  EUSCIB1_IRQHandler            
00018627  EUSCIB2_IRQHandler            
00018627  EUSCIB3_IRQHandler            
00018627  FLCTL_IRQHandler              
00018627  FPU_IRQHandler                
00018627  HardFault_Handler             
00018627  MemManage_Handler             
00018627  NMI_Handler                   
00018627  PCM_IRQHandler                
00018627  PORT1_IRQHandler              
00018627  PORT2_IRQHandler              
00018627  PORT3_IRQHandler              
00018627  PORT4_IRQHandler              
00018627  PORT5_IRQHandler              
00018627  PORT6_IRQHandler              
00018627  PSS_IRQHandler                
00018627  PendSV_Handler                
00018627  RTC_C_IRQHandler              
00018627  SVC_Handler                   
00018627  SysTick_Handler               
00018627  T32_INT1_IRQHandler           
00018627  T32_INT2_IRQHandler           
00018627  T32_INTC_IRQHandler           
00018627  TA0_0_IRQHandler              
00018627  TA0_N_IRQHandler              
00018627  TA1_0_IRQHandler              
00018627  TA1_N_IRQHandler              
00018627  TA2_0_IRQHandler              
00018627  TA2_N_IRQHandler              
00018627  TA3_0_IRQHandler              
00018627  TA3_N_IRQHandler              
00018627  UsageFault_Handler            
00018627  WDT_A_IRQHandler              
00018629  __TI_zero_init                
00018635  __aeabi_errno_addr            
0001863d  _system_pre_init              
00018641  C$$EXIT                       
00018641  abort                         
00018658  __TI_Handler_Table_Base       
00018664  __TI_Handler_Table_Limit      
00018670  __TI_CINIT_Base               
00018680  __TI_CINIT_Limit              
20000000  __start___llvm_prf_cnts       
20000000  __stop___llvm_prf_cnts        
20000000  a                             
20004000  scratch                       
20008000  StartTime                     
20008004  TimeToConvert                 
20008008  ClockFrequency                
2000800c  Prewait                       
20008010  CPMwait                       
20008014  Postwait                      
20008018  IFlags                        
2000801c  Crystalstable                 
20008020  errno                         
20008024  SystemCoreClock               
2000fe00  __stack                       
20010000  __STACK_END                   
4000480c  WDTCTL_SYM                    
ffffffff  __TI_pprof_out_hndl           
ffffffff  __TI_prof_data_size           
ffffffff  __TI_prof_data_start          
ffffffff  __binit__                     
ffffffff  __c_args__                    
ffffffff  binit                         
UNDEFED   __mpu_init                    
UNDEFED   _system_post_cinit            

[139 symbols]
