******************************************************************************
                  TI ARM Linker PC v20.2.6                     
******************************************************************************
>> Linked Thu Aug 25 18:44:30 2022

OUTPUT FILE NAME:   <VerySimpleApplicationProcessor.out>
ENTRY POINT SYMBOL: "_c_int00_noargs"  address: 000033b5


MEMORY CONFIGURATION

         name            origin    length      used     unused   attr    fill
----------------------  --------  ---------  --------  --------  ----  --------
  MAIN                  00000000   00040000  00003821  0003c7df  R  X
  INFO                  00200000   00004000  00000000  00004000  R  X
  SRAM_CODE             01000000   00010000  00000da6  0000f25a  RW X
  SRAM_DATA             20000000   00010000  00000da6  0000f25a  RW  


SEGMENT ALLOCATION MAP

run origin  load origin   length   init length attrs members
----------  ----------- ---------- ----------- ----- -------
00000000    00000000    00003828   00003828    r-x
  00000000    00000000    000000e4   000000e4    r-- .intvecs
  000000e4    000000e4    000034b2   000034b2    r-x .text
  00003596    00003596    0000013b   0000013b    r-- .const
  000036d8    000036d8    00000150   00000150    r-- .cinit
20000000    20000000    00000bac   00000000    rw-
  20000000    20000000    0000046a   00000000    rw- .bss
  20000470    20000470    00000400   00000000    rw- .sysmem
  20000870    20000870    0000033c   00000000    rw- .data
2000fe00    2000fe00    00000200   00000000    rw-
  2000fe00    2000fe00    00000200   00000000    rw- .stack


SECTION ALLOCATION MAP

 output                                  attributes/
section   page    origin      length       input sections
--------  ----  ----------  ----------   ----------------
.intvecs   0    00000000    000000e4     
                  00000000    000000e4     startup_msp432p401r_ccs.obj (.intvecs:retain)

.text      0    000000e4    000034b2     
                  000000e4    00001018     AP.obj (.text)
                  000010fc    000006e0     UART0.obj (.text)
                  000017dc    0000065c     VerySimpleApplicationProcessor.obj (.text)
                  00001e38    0000032c     system_msp432p401r.obj (.text)
                  00002164    000001e0     Clock.obj (.text)
                  00002344    000001a4     UART1.obj (.text)
                  000024e8    00000110     rtsv7M4_T_le_v4SPD16_eabi.lib : fopen.c.obj (.text:_openfile)
                  000025f8    00000100                                   : memory.c.obj (.text:aligned_alloc)
                  000026f8    000000f8     LaunchPad.obj (.text)
                  000027f0    000000e4     rtsv7M4_T_le_v4SPD16_eabi.lib : memory.c.obj (.text:free)
                  000028d4    000000dc                                   : setvbuf.c.obj (.text:setvbuf)
                  000029b0    000000d4     GPIO.obj (.text)
                  00002a84    000000bc     rtsv7M4_T_le_v4SPD16_eabi.lib : open.c.obj (.text:open)
                  00002b40    000000b8                                   : add_device.c.obj (.text:add_device)
                  00002bf8    0000009c                                   : fopen.c.obj (.text:fopen)
                  00002c94    0000009c                                   : memcpy_t2.asm.obj (.text)
                  00002d30    0000007a                                   : memset_t2.asm.obj (.text)
                  00002daa    00000002                                   : _lock.c.obj (.text:_nop)
                  00002dac    00000074                                   : fclose.c.obj (.text:__TI_closefile)
                  00002e20    00000070                                   : memory.c.obj (.text:split)
                  00002e90    0000006c                                   : hostrename.c.obj (.text:HOSTrename)
                  00002efc    00000068                                   : hostlseek.c.obj (.text:HOSTlseek)
                  00002f64    00000068                                   : copy_decompress_lzss.c.obj (.text:decompress:lzss:__TI_decompress_lzss)
                  00002fcc    00000060                                   : hostopen.c.obj (.text:HOSTopen)
                  0000302c    0000005c                                   : close.c.obj (.text:close)
                  00003088    00000058                                   : hostread.c.obj (.text:HOSTread)
                  000030e0    00000058                                   : hostwrite.c.obj (.text:HOSTwrite)
                  00003138    0000004c                                   : fflush.c.obj (.text:__TI_doflush)
                  00003184    00000048                                   : exit.c.obj (.text:exit)
                  000031cc    00000044                                   : hostclose.c.obj (.text:HOSTclose)
                  00003210    00000044                                   : hostunlink.c.obj (.text:HOSTunlink)
                  00003254    00000044                                   : autoinit.c.obj (.text:__TI_auto_init_nobinit_nopinit:__TI_auto_init_nobinit_nopinit)
                  00003298    00000044                                   : getdevice.c.obj (.text:getdevice)
                  000032dc    00000038                                   : trgmsg.c.obj (.text:__TI_writemsg)
                  00003314    00000036                                   : strncpy.c.obj (.text:strncpy)
                  0000334a    00000002     --HOLE-- [fill = 0]
                  0000334c    00000034                                   : fopen.c.obj (.text:__TI_cleanup)
                  00003380    00000034                                   : trgmsg.c.obj (.text:__TI_readmsg)
                  000033b4    00000034                                   : boot_cortex_m.c.obj (.text:_c_int00_noargs:_c_int00_noargs)
                  000033e8    00000034                                   : fopen.c.obj (.text:freopen)
                  0000341c    00000030                                   : getdevice.c.obj (.text:finddevice)
                  0000344c    0000002c                                   : unlink.c.obj (.text:unlink)
                  00003478    00000028                                   : memory.c.obj (.text:free_list_insert)
                  000034a0    00000028                                   : write.c.obj (.text:write)
                  000034c8    00000024     CortexM.obj (.text)
                  000034ec    0000001c     rtsv7M4_T_le_v4SPD16_eabi.lib : memory.c.obj (.text:free_list_remove)
                  00003508    00000018                                   : strcmp.c.obj (.text:strcmp)
                  00003520    00000016                                   : strchr.c.obj (.text:strchr)
                  00003536    00000014                                   : strcpy.c.obj (.text:strcpy)
                  0000354a    00000014                                   : strlen.c.obj (.text:strlen)
                  0000355e    0000000e                                   : copy_decompress_none.c.obj (.text:decompress:none:__TI_decompress_none)
                  0000356c    0000000e     startup_msp432p401r_ccs.obj (.text)
                  0000357a    0000000c     rtsv7M4_T_le_v4SPD16_eabi.lib : copy_zero_init.c.obj (.text:decompress:ZI:__TI_zero_init)
                  00003586    00000008                                   : memory.c.obj (.text:malloc)
                  0000358e    00000004                                   : pre_init.c.obj (.text:_system_pre_init)
                  00003592    00000004                                   : exit.c.obj (.text:abort:abort)

.const     0    00003596    0000013b     
                  00003596    00000021     VerySimpleApplicationProcessor.obj (.const:.string:NPI_SetAdvertisementDataMsg)
                  000035b7    00000018     VerySimpleApplicationProcessor.obj (.const:.string:NPI_GATTSetDeviceNameMsg)
                  000035cf    00000015     VerySimpleApplicationProcessor.obj (.const:.string:NPI_AddCharDescriptor2)
                  000035e4    00000014     AP.obj (.const:.string:NPI_StartAdvertisement)
                  000035f8    00000014     VerySimpleApplicationProcessor.obj (.const:.string:NPI_StartAdvertisementMsg)
                  0000360c    00000013     VerySimpleApplicationProcessor.obj (.const:.string:NPI_AddCharDescriptor4)
                  0000361f    00000011     VerySimpleApplicationProcessor.obj (.const:.string:NPI_AddCharDescriptor1)
                  00003630    00000011     VerySimpleApplicationProcessor.obj (.const:.string:NPI_AddCharDescriptor3)
                  00003641    00000011     AP.obj (.const:.string:NPI_SetAdvertisement1)
                  00003652    00000011     VerySimpleApplicationProcessor.obj (.const:.string:NPI_SetAdvertisementMsg)
                  00003663    0000000e     VerySimpleApplicationProcessor.obj (.const:.string:NPI_AddCharValue1)
                  00003671    0000000e     VerySimpleApplicationProcessor.obj (.const:.string:NPI_AddCharValue2)
                  0000367f    0000000e     VerySimpleApplicationProcessor.obj (.const:.string:NPI_AddCharValue3)
                  0000368d    0000000e     VerySimpleApplicationProcessor.obj (.const:.string:NPI_AddCharValue4)
                  0000369b    00000009     AP.obj (.const:.string:HCI_EXT_ResetSystemCmd)
                  000036a4    00000009     VerySimpleApplicationProcessor.obj (.const:.string:NPI_AddServiceMsg)
                  000036ad    00000006     AP.obj (.const:.string:NPI_GetStatus)
                  000036b3    00000006     VerySimpleApplicationProcessor.obj (.const:.string:NPI_GetStatusMsg)
                  000036b9    00000006     AP.obj (.const:.string:NPI_GetVersion)
                  000036bf    00000006     VerySimpleApplicationProcessor.obj (.const:.string:NPI_GetVersionMsg)
                  000036c5    00000006     AP.obj (.const:.string:NPI_Register)
                  000036cb    00000006     VerySimpleApplicationProcessor.obj (.const:.string:NPI_RegisterMsg)

.cinit     0    000036d8    00000150     
                  000036d8    0000012b     (.cinit..data.load) [load image, compression = lzss]
                  00003803    00000001     --HOLE-- [fill = 0]
                  00003804    0000000c     (__TI_handler_table)
                  00003810    00000008     (.cinit..bss.load) [load image, compression = zero_init]
                  00003818    00000010     (__TI_cinit_table)

.init_array 
*          0    00000000    00000000     UNINITIALIZED

.binit     0    00000000    00000000     

.bss       0    20000000    0000046a     UNINITIALIZED
                  20000000    00000120     rtsv7M4_T_le_v4SPD16_eabi.lib : trgmsg.c.obj (.bss:_CIOBUF_)
                  20000120    00000100     (.common:RxFIFO)
                  20000220    000000a0     (.common:CharacteristicList)
                  200002c0    000000a0     (.common:__TI_tmpnams)
                  20000360    00000080     (.common:RecvBuf)
                  200003e0    00000050     (.common:NotifyCharacteristicList)
                  20000430    00000008     (.common:Messageb)
                  20000438    00000008     (.common:parmbuf)
                  20000440    00000004     (.common:Messageindexb)
                  20000444    00000004     (.common:NoSOFErr)
                  20000448    00000004     (.common:RxFifoLost)
                  2000044c    00000004     (.common:RxGetI)
                  20000450    00000004     (.common:RxPutI)
                  20000454    00000004     (.common:TimeOutErr)
                  20000458    00000004     (.common:fcserr)
                  2000045c    00000002     (.common:CCCDhandle)
                  2000045e    00000002     (.common:CCCDvalue)
                  20000460    00000002     (.common:Handle1)
                  20000462    00000002     (.common:Handle2)
                  20000464    00000002     (.common:Handle3)
                  20000466    00000002     (.common:Handle4)
                  20000468    00000001     (.common:Count)
                  20000469    00000001     (.common:Data)

.sysmem    0    20000470    00000400     UNINITIALIZED
                  20000470    00000010     rtsv7M4_T_le_v4SPD16_eabi.lib : memory.c.obj (.sysmem)
                  20000480    000003f0     --HOLE--

.data      0    20000870    0000033c     UNINITIALIZED
                  20000870    000000f0     rtsv7M4_T_le_v4SPD16_eabi.lib : defs.c.obj (.data:_ftable)
                  20000960    00000078                                   : host_device.c.obj (.data:_device)
                  200009d8    00000050                                   : host_device.c.obj (.data:_stream)
                  20000a28    00000025     AP.obj (.data:NPI_SetAdvertisementData)
                  20000a4d    00000020     AP.obj (.data:NPI_AddCharDescriptor)
                  20000a6d    0000001e     AP.obj (.data:NPI_SetAdvertisementDataJacki)
                  20000a8b    0000001c     AP.obj (.data:NPI_GATTSetDeviceName)
                  20000aa7    00000001     --HOLE--
                  20000aa8    00000018     Clock.obj (.data)
                  20000ac0    00000015     AP.obj (.data:NPI_GATTSetDeviceNameJacki)
                  20000ad5    00000015     AP.obj (.data:NPI_ReadConfirmation)
                  20000aea    00000015     VerySimpleApplicationProcessor.obj (.data:NPI_ReadConfirmationMsg)
                  20000aff    00000014     AP.obj (.data:NPI_SendNotificationIndication)
                  20000b13    00000014     VerySimpleApplicationProcessor.obj (.data:NPI_SendNotificationIndicationMsg)
                  20000b27    00000001     --HOLE--
                  20000b28    00000010     rtsv7M4_T_le_v4SPD16_eabi.lib : defs.c.obj (.data)
                  20000b38    0000000e     AP.obj (.data:NPI_AddCharValue)
                  20000b46    00000002     --HOLE--
                  20000b48    0000000c     rtsv7M4_T_le_v4SPD16_eabi.lib : exit.c.obj (.data:$O1$$)
                  20000b54    00000009     AP.obj (.data:NPI_AddService)
                  20000b5d    00000009     AP.obj (.data:NPI_CCCDUpdatedConfirmation)
                  20000b66    00000009     VerySimpleApplicationProcessor.obj (.data:NPI_CCCDUpdatedConfirmationMsg)
                  20000b6f    00000009     AP.obj (.data:NPI_WriteConfirmation)
                  20000b78    00000009     VerySimpleApplicationProcessor.obj (.data:NPI_WriteConfirmationMsg)
                  20000b81    00000003     --HOLE--
                  20000b84    00000008     rtsv7M4_T_le_v4SPD16_eabi.lib : _lock.c.obj (.data:$O1$$)
                  20000b8c    00000008                                   : memory.c.obj (.data:$O1$$)
                  20000b94    00000008     AP.obj (.data)
                  20000b9c    00000004     rtsv7M4_T_le_v4SPD16_eabi.lib : add_device.c.obj (.data)
                  20000ba0    00000004                                   : fopen.c.obj (.data)
                  20000ba4    00000004                                   : open.c.obj (.data)
                  20000ba8    00000004     system_msp432p401r.obj (.data)

.stack     0    2000fe00    00000200     UNINITIALIZED
                  2000fe00    00000004     rtsv7M4_T_le_v4SPD16_eabi.lib : boot_cortex_m.c.obj (.stack)
                  2000fe04    000001fc     --HOLE--

__llvm_prf_cnts 
*          0    20000000    00000000     UNINITIALIZED

MODULE SUMMARY

       Module                               code    ro data   rw data
       ------                               ----    -------   -------
    ..\
       UART0.obj                            1760    0         24     
    +--+------------------------------------+-------+---------+---------+
       Total:                               1760    0         24     
                                                                     
    .\
       AP.obj                               4120    64        1236   
       VerySimpleApplicationProcessor.obj   1628    251       146    
       UART1.obj                            420     0         536    
       system_msp432p401r.obj               812     0         8      
       Clock.obj                            480     0         48     
       LaunchPad.obj                        248     0         0      
       startup_msp432p401r_ccs.obj          14      228       0      
       GPIO.obj                             212     0         0      
       CortexM.obj                          36      0         0      
    +--+------------------------------------+-------+---------+---------+
       Total:                               7970    543       1974   
                                                                     
    C:\ti\ccs1200\ccs\tools\compiler\ti-cgt-arm_20.2.6.LTS\lib\rtsv7M4_T_le_v4SPD16_eabi.lib
       defs.c.obj                           0       0         832    
       memory.c.obj                         672     0         16     
       trgmsg.c.obj                         108     0         576    
       fopen.c.obj                          532     0         8      
       host_device.c.obj                    0       0         400    
       setvbuf.c.obj                        220     0         0      
       open.c.obj                           188     0         8      
       add_device.c.obj                     184     0         8      
       memcpy_t2.asm.obj                    156     0         0      
       memset_t2.asm.obj                    122     0         0      
       fclose.c.obj                         116     0         0      
       getdevice.c.obj                      116     0         0      
       hostopen.c.obj                       96      0         16     
       hostrename.c.obj                     108     0         0      
       copy_decompress_lzss.c.obj           104     0         0      
       hostlseek.c.obj                      104     0         0      
       exit.c.obj                           76      0         24     
       close.c.obj                          92      0         0      
       hostread.c.obj                       88      0         0      
       hostwrite.c.obj                      88      0         0      
       fflush.c.obj                         76      0         0      
       autoinit.c.obj                       68      0         0      
       hostclose.c.obj                      68      0         0      
       hostunlink.c.obj                     68      0         0      
       strncpy.c.obj                        54      0         0      
       boot_cortex_m.c.obj                  52      0         0      
       unlink.c.obj                         44      0         0      
       write.c.obj                          40      0         0      
       strcmp.c.obj                         24      0         0      
       strchr.c.obj                         22      0         0      
       strcpy.c.obj                         20      0         0      
       strlen.c.obj                         20      0         0      
       _lock.c.obj                          2       0         16     
       copy_decompress_none.c.obj           14      0         0      
       copy_zero_init.c.obj                 12      0         0      
       pre_init.c.obj                       4       0         0      
    +--+------------------------------------+-------+---------+---------+
       Total:                               3758    0         1904   
                                                                     
       Heap:                                0       0         2048   
       Stack:                               0       0         1024   
       Linker Generated:                    0       335       0      
    +--+------------------------------------+-------+---------+---------+
       Grand Total:                         13488   878       6974   


LINKER GENERATED COPY TABLES

__TI_cinit_table @ 00003818 records: 2, size/record: 8, table size: 16
	.data: load addr=000036d8, load size=0000012b bytes, run addr=20000870, run size=0000033c bytes, compression=lzss
	.bss: load addr=00003810, load size=00000008 bytes, run addr=20000000, run size=0000046a bytes, compression=zero_init


LINKER GENERATED HANDLER TABLE

__TI_handler_table @ 00003804 records: 3, size/record: 4, table size: 12
	index: 0, handler: __TI_decompress_lzss
	index: 1, handler: __TI_decompress_none
	index: 2, handler: __TI_zero_init


GLOBAL SYMBOLS: SORTED ALPHABETICALLY BY Name 

address   name                             
-------   ----                             
00003579  ADC14_IRQHandler                 
00003579  AES256_IRQHandler                
00000749  AP_AddCharacteristic             
00000905  AP_AddNotifyCharacteristic       
000006f1  AP_AddService                    
00000e19  AP_BackgroundProcess             
00000289  AP_EchoReceived                  
0000021d  AP_EchoSendMessage               
000006db  AP_GetNotifyCCCD                 
000001f3  AP_GetSize                       
00000ced  AP_GetStatus                     
00000d25  AP_GetVersion                    
0000010d  AP_Init                          
000004b1  AP_RecvMessage                   
0000068d  AP_RecvStatus                    
00000729  AP_RegisterService               
000000e5  AP_Reset                         
00000315  AP_SendMessage                   
0000069b  AP_SendMessageResponse           
00000b31  AP_SendNotification              
00000c31  AP_StartAdvertisement            
00000c85  AP_StartAdvertisementJacki       
00003579  BusFault_Handler                 
00003593  C$$EXIT                          
0000330b  C$$IO$$                          
2000045c  CCCDhandle                       
2000045e  CCCDvalue                        
00003579  COMP_E0_IRQHandler               
00003579  COMP_E1_IRQHandler               
20000ab0  CPMwait                          
00003579  CS_IRQHandler                    
20000b94  CharacteristicCount              
20000220  CharacteristicList               
20000aa8  ClockFrequency                   
000022b9  Clock_Delay1ms                   
0000228f  Clock_Delay1us                   
0000227b  Clock_GetFreq                    
00002165  Clock_Init48MHz                  
20000468  Count                            
20000abc  Crystalstable                    
00003579  DMA_ERR_IRQHandler               
00003579  DMA_INT0_IRQHandler              
00003579  DMA_INT1_IRQHandler              
00003579  DMA_INT2_IRQHandler              
00003579  DMA_INT3_IRQHandler              
20000469  Data                             
00003579  DebugMon_Handler                 
00003579  Default_Handler                  
000034c9  DisableInterrupts                
00003579  EUSCIA0_IRQHandler               
00003579  EUSCIA1_IRQHandler               
0000246d  EUSCIA2_IRQHandler               
0000246d  EUSCIA2_IRQHandler               
00003579  EUSCIA3_IRQHandler               
00003579  EUSCIB0_IRQHandler               
00003579  EUSCIB1_IRQHandler               
00003579  EUSCIB2_IRQHandler               
00003579  EUSCIB3_IRQHandler               
000034cf  EnableInterrupts                 
000034df  EndCritical                      
00003579  FLCTL_IRQHandler                 
00003579  FPU_IRQHandler                   
000029b1  GPIO_Init                        
0000369b  HCI_EXT_ResetSystemCmd           
000031cd  HOSTclose                        
00002efd  HOSTlseek                        
00002fcd  HOSTopen                         
00003089  HOSTread                         
00002e91  HOSTrename                       
00003211  HOSTunlink                       
000030e1  HOSTwrite                        
20000460  Handle1                          
20000462  Handle2                          
20000464  Handle3                          
20000466  Handle4                          
00003579  HardFault_Handler                
20000ab8  IFlags                           
000026f9  LaunchPad_Init                   
00002769  LaunchPad_Input                  
00002787  LaunchPad_LED                    
000027a5  LaunchPad_Output                 
00003579  MemManage_Handler                
20000430  Messageb                         
20000440  Messageindexb                    
00003579  NMI_Handler                      
20000a4d  NPI_AddCharDescriptor            
0000361f  NPI_AddCharDescriptor1           
000035cf  NPI_AddCharDescriptor2           
00003630  NPI_AddCharDescriptor3           
0000360c  NPI_AddCharDescriptor4           
20000b38  NPI_AddCharValue                 
00003663  NPI_AddCharValue1                
00003671  NPI_AddCharValue2                
0000367f  NPI_AddCharValue3                
0000368d  NPI_AddCharValue4                
20000b54  NPI_AddService                   
000036a4  NPI_AddServiceMsg                
20000b5d  NPI_CCCDUpdatedConfirmation      
20000b66  NPI_CCCDUpdatedConfirmationMsg   
20000a8b  NPI_GATTSetDeviceName            
20000ac0  NPI_GATTSetDeviceNameJacki       
000035b7  NPI_GATTSetDeviceNameMsg         
000036ad  NPI_GetStatus                    
000036b3  NPI_GetStatusMsg                 
000036b9  NPI_GetVersion                   
000036bf  NPI_GetVersionMsg                
20000ad5  NPI_ReadConfirmation             
20000aea  NPI_ReadConfirmationMsg          
000036c5  NPI_Register                     
000036cb  NPI_RegisterMsg                  
20000aff  NPI_SendNotificationIndication   
20000b13  NPI_SendNotificationIndicationMsg
00003641  NPI_SetAdvertisement1            
20000a28  NPI_SetAdvertisementData         
20000a6d  NPI_SetAdvertisementDataJacki    
00003596  NPI_SetAdvertisementDataMsg      
00003652  NPI_SetAdvertisementMsg          
000035e4  NPI_StartAdvertisement           
000035f8  NPI_StartAdvertisementMsg        
20000b6f  NPI_WriteConfirmation            
20000b78  NPI_WriteConfirmationMsg         
20000444  NoSOFErr                         
20000b98  NotifyCharacteristicCount        
200003e0  NotifyCharacteristicList         
000017dd  OutValue                         
00003579  PCM_IRQHandler                   
00003579  PORT1_IRQHandler                 
00003579  PORT2_IRQHandler                 
00003579  PORT3_IRQHandler                 
00003579  PORT4_IRQHandler                 
00003579  PORT5_IRQHandler                 
00003579  PORT6_IRQHandler                 
00003579  PSS_IRQHandler                   
00003579  PendSV_Handler                   
20000ab4  Postwait                         
20000aac  Prewait                          
00003579  RTC_C_IRQHandler                 
20000360  RecvBuf                          
0000356d  Reset_Handler                    
20000120  RxFIFO                           
20000448  RxFifoLost                       
0000239d  RxFifo_Get                       
00002345  RxFifo_Init                      
00002357  RxFifo_Put                       
2000044c  RxGetI                           
20000450  RxPutI                           
00003579  SVC_Handler                      
000034d5  StartCritical                    
00003579  SysTick_Handler                  
20000ba8  SystemCoreClock                  
00001e39  SystemCoreClockUpdate            
000020ad  SystemInit                       
00003579  T32_INT1_IRQHandler              
00003579  T32_INT2_IRQHandler              
00003579  T32_INTC_IRQHandler              
00003579  TA0_0_IRQHandler                 
00003579  TA0_N_IRQHandler                 
00003579  TA1_0_IRQHandler                 
00003579  TA1_N_IRQHandler                 
00003579  TA2_0_IRQHandler                 
00003579  TA2_N_IRQHandler                 
00003579  TA3_0_IRQHandler                 
00003579  TA3_N_IRQHandler                 
20000454  TimeOutErr                       
00001143  UART0_InChar                     
000015ed  UART0_InString                   
0000118d  UART0_InUDec                     
000014a1  UART0_InUHex                     
000010fd  UART0_Init                       
0000174f  UART0_Initprintf                 
00001153  UART0_OutChar                    
00001241  UART0_OutSDec                    
0000116f  UART0_OutString                  
00001211  UART0_OutUDec                    
000013b5  UART0_OutUDec4                   
000013fd  UART0_OutUDec5                   
0000142f  UART0_OutUFix1                   
00001457  UART0_OutUFix2                   
00001565  UART0_OutUHex                    
000015d1  UART0_OutUHex2                   
000024a1  UART1_FinishOutput               
0000243f  UART1_InChar                     
000023d3  UART1_InStatus                   
000023e3  UART1_Init                       
00002451  UART1_OutChar                    
00002483  UART1_OutString                  
00003579  UsageFault_Handler               
4000480c  WDTCTL_SYM                       
00003579  WDT_A_IRQHandler                 
000034e7  WaitForInterrupt                 
20000000  __CIOBUF_                        
20010000  __STACK_END                      
00000200  __STACK_SIZE                     
00000400  __SYSMEM_SIZE                    
00003818  __TI_CINIT_Base                  
00003828  __TI_CINIT_Limit                 
00003804  __TI_Handler_Table_Base          
00003810  __TI_Handler_Table_Limit         
00003255  __TI_auto_init_nobinit_nopinit   
0000334d  __TI_cleanup                     
20000b48  __TI_cleanup_ptr                 
00002dad  __TI_closefile                   
00002f65  __TI_decompress_lzss             
0000355f  __TI_decompress_none             
00003139  __TI_doflush                     
20000b4c  __TI_dtors_ptr                   
20000b50  __TI_enable_exit_profile_output  
20000b28  __TI_ft_end                      
ffffffff  __TI_pprof_out_hndl              
ffffffff  __TI_prof_data_size              
ffffffff  __TI_prof_data_start             
00003381  __TI_readmsg                     
00000000  __TI_static_base__               
200002c0  __TI_tmpnams                     
000032dd  __TI_writemsg                    
0000357b  __TI_zero_init                   
00002d31  __aeabi_memclr                   
00002d31  __aeabi_memclr4                  
00002d31  __aeabi_memclr8                  
00002c95  __aeabi_memcpy                   
00002c95  __aeabi_memcpy4                  
00002c95  __aeabi_memcpy8                  
00002d33  __aeabi_memset                   
00002d33  __aeabi_memset4                  
00002d33  __aeabi_memset8                  
20000b34  __aeabi_stderr                   
20000b2c  __aeabi_stdin                    
20000b30  __aeabi_stdout                   
ffffffff  __binit__                        
ffffffff  __c_args__                       
UNDEFED   __mpu_init                       
2000fe00  __stack                          
20000000  __start___llvm_prf_cnts          
20000000  __stop___llvm_prf_cnts           
000033b5  _c_int00_noargs                  
20000960  _device                          
20000870  _ftable                          
20000b84  _lock                            
00002dab  _nop                             
200009d8  _stream                          
20000470  _sys_memory                      
UNDEFED   _system_post_cinit               
0000358f  _system_pre_init                 
20000b88  _unlock                          
00003593  abort                            
00002b41  add_device                       
000025f9  aligned_alloc                    
ffffffff  binit                            
0000302d  close                            
00002281  delay                            
00003185  exit                             
20000458  fcserr                           
00001681  ferror                           
00001667  fgetc                            
0000341d  finddevice                       
00002bf9  fopen                            
000027f1  free                             
000033e9  freopen                          
00003299  getdevice                        
00000000  interruptVectors                 
000017f1  main                             
00003587  malloc                           
000025f9  memalign                         
00002c95  memcpy                           
00002d39  memset                           
00002a85  open                             
000015a9  outnibble                        
20000438  parmbuf                          
0000344d  remove                           
000028d5  setvbuf                          
00003521  strchr                           
00003509  strcmp                           
00003537  strcpy                           
0000354b  strlen                           
00003315  strncpy                          
000016a7  uart_close                       
00001725  uart_lseek                       
00001697  uart_open                        
000016b3  uart_read                        
00001741  uart_rename                      
00001735  uart_unlink                      
000016e3  uart_write                       
0000344d  unlink                           
000034a1  write                            


GLOBAL SYMBOLS: SORTED BY Symbol Address 

address   name                             
-------   ----                             
00000000  __TI_static_base__               
00000000  interruptVectors                 
000000e5  AP_Reset                         
0000010d  AP_Init                          
000001f3  AP_GetSize                       
00000200  __STACK_SIZE                     
0000021d  AP_EchoSendMessage               
00000289  AP_EchoReceived                  
00000315  AP_SendMessage                   
00000400  __SYSMEM_SIZE                    
000004b1  AP_RecvMessage                   
0000068d  AP_RecvStatus                    
0000069b  AP_SendMessageResponse           
000006db  AP_GetNotifyCCCD                 
000006f1  AP_AddService                    
00000729  AP_RegisterService               
00000749  AP_AddCharacteristic             
00000905  AP_AddNotifyCharacteristic       
00000b31  AP_SendNotification              
00000c31  AP_StartAdvertisement            
00000c85  AP_StartAdvertisementJacki       
00000ced  AP_GetStatus                     
00000d25  AP_GetVersion                    
00000e19  AP_BackgroundProcess             
000010fd  UART0_Init                       
00001143  UART0_InChar                     
00001153  UART0_OutChar                    
0000116f  UART0_OutString                  
0000118d  UART0_InUDec                     
00001211  UART0_OutUDec                    
00001241  UART0_OutSDec                    
000013b5  UART0_OutUDec4                   
000013fd  UART0_OutUDec5                   
0000142f  UART0_OutUFix1                   
00001457  UART0_OutUFix2                   
000014a1  UART0_InUHex                     
00001565  UART0_OutUHex                    
000015a9  outnibble                        
000015d1  UART0_OutUHex2                   
000015ed  UART0_InString                   
00001667  fgetc                            
00001681  ferror                           
00001697  uart_open                        
000016a7  uart_close                       
000016b3  uart_read                        
000016e3  uart_write                       
00001725  uart_lseek                       
00001735  uart_unlink                      
00001741  uart_rename                      
0000174f  UART0_Initprintf                 
000017dd  OutValue                         
000017f1  main                             
00001e39  SystemCoreClockUpdate            
000020ad  SystemInit                       
00002165  Clock_Init48MHz                  
0000227b  Clock_GetFreq                    
00002281  delay                            
0000228f  Clock_Delay1us                   
000022b9  Clock_Delay1ms                   
00002345  RxFifo_Init                      
00002357  RxFifo_Put                       
0000239d  RxFifo_Get                       
000023d3  UART1_InStatus                   
000023e3  UART1_Init                       
0000243f  UART1_InChar                     
00002451  UART1_OutChar                    
0000246d  EUSCIA2_IRQHandler               
0000246d  EUSCIA2_IRQHandler               
00002483  UART1_OutString                  
000024a1  UART1_FinishOutput               
000025f9  aligned_alloc                    
000025f9  memalign                         
000026f9  LaunchPad_Init                   
00002769  LaunchPad_Input                  
00002787  LaunchPad_LED                    
000027a5  LaunchPad_Output                 
000027f1  free                             
000028d5  setvbuf                          
000029b1  GPIO_Init                        
00002a85  open                             
00002b41  add_device                       
00002bf9  fopen                            
00002c95  __aeabi_memcpy                   
00002c95  __aeabi_memcpy4                  
00002c95  __aeabi_memcpy8                  
00002c95  memcpy                           
00002d31  __aeabi_memclr                   
00002d31  __aeabi_memclr4                  
00002d31  __aeabi_memclr8                  
00002d33  __aeabi_memset                   
00002d33  __aeabi_memset4                  
00002d33  __aeabi_memset8                  
00002d39  memset                           
00002dab  _nop                             
00002dad  __TI_closefile                   
00002e91  HOSTrename                       
00002efd  HOSTlseek                        
00002f65  __TI_decompress_lzss             
00002fcd  HOSTopen                         
0000302d  close                            
00003089  HOSTread                         
000030e1  HOSTwrite                        
00003139  __TI_doflush                     
00003185  exit                             
000031cd  HOSTclose                        
00003211  HOSTunlink                       
00003255  __TI_auto_init_nobinit_nopinit   
00003299  getdevice                        
000032dd  __TI_writemsg                    
0000330b  C$$IO$$                          
00003315  strncpy                          
0000334d  __TI_cleanup                     
00003381  __TI_readmsg                     
000033b5  _c_int00_noargs                  
000033e9  freopen                          
0000341d  finddevice                       
0000344d  remove                           
0000344d  unlink                           
000034a1  write                            
000034c9  DisableInterrupts                
000034cf  EnableInterrupts                 
000034d5  StartCritical                    
000034df  EndCritical                      
000034e7  WaitForInterrupt                 
00003509  strcmp                           
00003521  strchr                           
00003537  strcpy                           
0000354b  strlen                           
0000355f  __TI_decompress_none             
0000356d  Reset_Handler                    
00003579  ADC14_IRQHandler                 
00003579  AES256_IRQHandler                
00003579  BusFault_Handler                 
00003579  COMP_E0_IRQHandler               
00003579  COMP_E1_IRQHandler               
00003579  CS_IRQHandler                    
00003579  DMA_ERR_IRQHandler               
00003579  DMA_INT0_IRQHandler              
00003579  DMA_INT1_IRQHandler              
00003579  DMA_INT2_IRQHandler              
00003579  DMA_INT3_IRQHandler              
00003579  DebugMon_Handler                 
00003579  Default_Handler                  
00003579  EUSCIA0_IRQHandler               
00003579  EUSCIA1_IRQHandler               
00003579  EUSCIA3_IRQHandler               
00003579  EUSCIB0_IRQHandler               
00003579  EUSCIB1_IRQHandler               
00003579  EUSCIB2_IRQHandler               
00003579  EUSCIB3_IRQHandler               
00003579  FLCTL_IRQHandler                 
00003579  FPU_IRQHandler                   
00003579  HardFault_Handler                
00003579  MemManage_Handler                
00003579  NMI_Handler                      
00003579  PCM_IRQHandler                   
00003579  PORT1_IRQHandler                 
00003579  PORT2_IRQHandler                 
00003579  PORT3_IRQHandler                 
00003579  PORT4_IRQHandler                 
00003579  PORT5_IRQHandler                 
00003579  PORT6_IRQHandler                 
00003579  PSS_IRQHandler                   
00003579  PendSV_Handler                   
00003579  RTC_C_IRQHandler                 
00003579  SVC_Handler                      
00003579  SysTick_Handler                  
00003579  T32_INT1_IRQHandler              
00003579  T32_INT2_IRQHandler              
00003579  T32_INTC_IRQHandler              
00003579  TA0_0_IRQHandler                 
00003579  TA0_N_IRQHandler                 
00003579  TA1_0_IRQHandler                 
00003579  TA1_N_IRQHandler                 
00003579  TA2_0_IRQHandler                 
00003579  TA2_N_IRQHandler                 
00003579  TA3_0_IRQHandler                 
00003579  TA3_N_IRQHandler                 
00003579  UsageFault_Handler               
00003579  WDT_A_IRQHandler                 
0000357b  __TI_zero_init                   
00003587  malloc                           
0000358f  _system_pre_init                 
00003593  C$$EXIT                          
00003593  abort                            
00003596  NPI_SetAdvertisementDataMsg      
000035b7  NPI_GATTSetDeviceNameMsg         
000035cf  NPI_AddCharDescriptor2           
000035e4  NPI_StartAdvertisement           
000035f8  NPI_StartAdvertisementMsg        
0000360c  NPI_AddCharDescriptor4           
0000361f  NPI_AddCharDescriptor1           
00003630  NPI_AddCharDescriptor3           
00003641  NPI_SetAdvertisement1            
00003652  NPI_SetAdvertisementMsg          
00003663  NPI_AddCharValue1                
00003671  NPI_AddCharValue2                
0000367f  NPI_AddCharValue3                
0000368d  NPI_AddCharValue4                
0000369b  HCI_EXT_ResetSystemCmd           
000036a4  NPI_AddServiceMsg                
000036ad  NPI_GetStatus                    
000036b3  NPI_GetStatusMsg                 
000036b9  NPI_GetVersion                   
000036bf  NPI_GetVersionMsg                
000036c5  NPI_Register                     
000036cb  NPI_RegisterMsg                  
00003804  __TI_Handler_Table_Base          
00003810  __TI_Handler_Table_Limit         
00003818  __TI_CINIT_Base                  
00003828  __TI_CINIT_Limit                 
20000000  __CIOBUF_                        
20000000  __start___llvm_prf_cnts          
20000000  __stop___llvm_prf_cnts           
20000120  RxFIFO                           
20000220  CharacteristicList               
200002c0  __TI_tmpnams                     
20000360  RecvBuf                          
200003e0  NotifyCharacteristicList         
20000430  Messageb                         
20000438  parmbuf                          
20000440  Messageindexb                    
20000444  NoSOFErr                         
20000448  RxFifoLost                       
2000044c  RxGetI                           
20000450  RxPutI                           
20000454  TimeOutErr                       
20000458  fcserr                           
2000045c  CCCDhandle                       
2000045e  CCCDvalue                        
20000460  Handle1                          
20000462  Handle2                          
20000464  Handle3                          
20000466  Handle4                          
20000468  Count                            
20000469  Data                             
20000470  _sys_memory                      
20000870  _ftable                          
20000960  _device                          
200009d8  _stream                          
20000a28  NPI_SetAdvertisementData         
20000a4d  NPI_AddCharDescriptor            
20000a6d  NPI_SetAdvertisementDataJacki    
20000a8b  NPI_GATTSetDeviceName            
20000aa8  ClockFrequency                   
20000aac  Prewait                          
20000ab0  CPMwait                          
20000ab4  Postwait                         
20000ab8  IFlags                           
20000abc  Crystalstable                    
20000ac0  NPI_GATTSetDeviceNameJacki       
20000ad5  NPI_ReadConfirmation             
20000aea  NPI_ReadConfirmationMsg          
20000aff  NPI_SendNotificationIndication   
20000b13  NPI_SendNotificationIndicationMsg
20000b28  __TI_ft_end                      
20000b2c  __aeabi_stdin                    
20000b30  __aeabi_stdout                   
20000b34  __aeabi_stderr                   
20000b38  NPI_AddCharValue                 
20000b48  __TI_cleanup_ptr                 
20000b4c  __TI_dtors_ptr                   
20000b50  __TI_enable_exit_profile_output  
20000b54  NPI_AddService                   
20000b5d  NPI_CCCDUpdatedConfirmation      
20000b66  NPI_CCCDUpdatedConfirmationMsg   
20000b6f  NPI_WriteConfirmation            
20000b78  NPI_WriteConfirmationMsg         
20000b84  _lock                            
20000b88  _unlock                          
20000b94  CharacteristicCount              
20000b98  NotifyCharacteristicCount        
20000ba8  SystemCoreClock                  
2000fe00  __stack                          
20010000  __STACK_END                      
4000480c  WDTCTL_SYM                       
ffffffff  __TI_pprof_out_hndl              
ffffffff  __TI_prof_data_size              
ffffffff  __TI_prof_data_start             
ffffffff  __binit__                        
ffffffff  __c_args__                       
ffffffff  binit                            
UNDEFED   __mpu_init                       
UNDEFED   _system_post_cinit               

[284 symbols]
