******************************************************************************
                  TI ARM Linker Unix v20.2.6                   
******************************************************************************
>> Linked Mon Sep 19 21:43:30 2022

OUTPUT FILE NAME:   <Seeed_HC12.out>
ENTRY POINT SYMBOL: "_c_int00_noargs"  address: 00006165


MEMORY CONFIGURATION

         name            origin    length      used     unused   attr    fill
----------------------  --------  ---------  --------  --------  ----  --------
  MAIN                  00000000   00040000  00006ba4  0003945c  R  X
  INFO                  00200000   00004000  00000000  00004000  R  X
  SRAM_CODE             01000000   00010000  00000f5d  0000f0a3  RW X
  SRAM_DATA             20000000   00010000  00000f5d  0000f0a3  RW  


SEGMENT ALLOCATION MAP

run origin  load origin   length   init length attrs members
----------  ----------- ---------- ----------- ----- -------
00000000    00000000    00006ba8   00006ba8    r-x
  00000000    00000000    000000e4   000000e4    r-- .intvecs
  000000e4    000000e4    00006334   00006334    r-x .text
  00006418    00006418    000006dc   000006dc    r-- .const
  00006af8    00006af8    000000b0   000000b0    r-- .cinit
20000000    20000000    00000d64   00000000    rw-
  20000000    20000000    00000729   00000000    rw- .bss
  20000730    20000730    00000400   00000000    rw- .sysmem
  20000b30    20000b30    00000234   00000000    rw- .data
2000fe00    2000fe00    00000200   00000000    rw-
  2000fe00    2000fe00    00000200   00000000    rw- .stack


SECTION ALLOCATION MAP

 output                                  attributes/
section   page    origin      length       input sections
--------  ----  ----------  ----------   ----------------
.intvecs   0    00000000    000000e4     
                  00000000    000000e4     startup_msp432p401r_ccs.obj (.intvecs:retain)

.text      0    000000e4    00006334     
                  000000e4    000016e4     SSD1306_I2C.obj (.text)
                  000017c8    00000bfc     Seeed_HC12main.obj (.text)
                  000023c4    00000a4e     rtsv7M4_T_le_v4SPD16_eabi.lib : _printfi.c.obj (.text:__TI_printfi)
                  00002e12    00000002                                   : _lock.c.obj (.text:_nop)
                  00002e14    000006e0     UART0.obj (.text)
                  000034f4    000003a4     I2CB1.obj (.text)
                  00003898    00000334     system_msp432p401r.obj (.text)
                  00003bcc    00000270     rtsv7M4_T_le_v4SPD16_eabi.lib : _printfi.c.obj (.text:_pconv_a)
                  00003e3c    00000218     UART1.obj (.text)
                  00004054    000001e0     Clock.obj (.text)
                  00004234    000001d0     rtsv7M4_T_le_v4SPD16_eabi.lib : _printfi.c.obj (.text:_pconv_g)
                  00004404    000001b6                                   : fd_add_t2.asm.obj (.text)
                  000045ba    00000002                                   : div0.asm.obj (.text)
                  000045bc    0000013c                                   : _printfi.c.obj (.text:_pconv_e)
                  000046f8    00000136                                   : fd_div_t2.asm.obj (.text)
                  0000482e    00000002     --HOLE-- [fill = 0]
                  00004830    00000124                                   : _printfi.c.obj (.text:fcvt)
                  00004954    00000114                                   : fputs.c.obj (.text:fputs)
                  00004a68    00000110                                   : fopen.c.obj (.text:_openfile)
                  00004b78    00000110                                   : s_scalbn.c.obj (.text:scalbn)
                  00004c88    00000100                                   : memory.c.obj (.text:aligned_alloc)
                  00004d88    000000fc                                   : fd_mul_t2.asm.obj (.text)
                  00004e84    000000f8     LaunchPad.obj (.text)
                  00004f7c    000000e4     rtsv7M4_T_le_v4SPD16_eabi.lib : memory.c.obj (.text:free)
                  00005060    000000dc                                   : setvbuf.c.obj (.text:setvbuf)
                  0000513c    000000bc                                   : open.c.obj (.text:open)
                  000051f8    000000b8                                   : add_device.c.obj (.text:add_device)
                  000052b0    000000b1                                   : _printfi.c.obj (.text:_ltostr)
                  00005361    00000003     --HOLE-- [fill = 0]
                  00005364    0000009c                                   : fopen.c.obj (.text:fopen)
                  00005400    0000009c                                   : memcpy_t2.asm.obj (.text)
                  0000549c    00000096                                   : ull_div_t2.asm.obj (.text)
                  00005532    00000002     --HOLE-- [fill = 0]
                  00005534    0000008c                                   : fputc.c.obj (.text:fputc)
                  000055c0    00000086                                   : fd_cmp_t2.asm.obj (.text:__aeabi_cdcmple)
                  00005646    00000086                                   : fd_cmp_t2.asm.obj (.text:__aeabi_cdrcmple)
                  000056cc    0000007a                                   : memset_t2.asm.obj (.text)
                  00005746    00000002     --HOLE-- [fill = 0]
                  00005748    00000074                                   : fclose.c.obj (.text:__TI_closefile)
                  000057bc    00000070                                   : memory.c.obj (.text:split)
                  0000582c    0000006e                                   : _printfi.c.obj (.text:_mcpy)
                  0000589a    00000002     --HOLE-- [fill = 0]
                  0000589c    0000006c                                   : hostrename.c.obj (.text:HOSTrename)
                  00005908    00000068                                   : hostlseek.c.obj (.text:HOSTlseek)
                  00005970    00000068                                   : copy_decompress_lzss.c.obj (.text:decompress:lzss:__TI_decompress_lzss)
                  000059d8    00000068                                   : printf.c.obj (.text:printf)
                  00005a40    00000064                                   : s_frexp.c.obj (.text:frexp)
                  00005aa4    00000064                                   : fseek.c.obj (.text:fseek)
                  00005b08    00000062                                   : _io_perm.c.obj (.text:__TI_wrt_ok)
                  00005b6a    00000002     --HOLE-- [fill = 0]
                  00005b6c    00000060                                   : hostopen.c.obj (.text:HOSTopen)
                  00005bcc    0000005c                                   : close.c.obj (.text:close)
                  00005c28    00000058                                   : hostread.c.obj (.text:HOSTread)
                  00005c80    00000058                                   : hostwrite.c.obj (.text:HOSTwrite)
                  00005cd8    00000056                                   : _printfi.c.obj (.text:_pconv_f)
                  00005d2e    00000054                                   : _ltoa.c.obj (.text:__TI_ltoa)
                  00005d82    00000052                                   : _printfi.c.obj (.text:_ecpy)
                  00005dd4    0000004c                                   : fflush.c.obj (.text:__TI_doflush)
                  00005e20    0000004c                                   : atoi.c.obj (.text:atoi)
                  00005e6c    00000048                                   : exit.c.obj (.text:exit)
                  00005eb4    00000048                                   : fd_toi_t2.asm.obj (.text)
                  00005efc    00000044                                   : hostclose.c.obj (.text:HOSTclose)
                  00005f40    00000044                                   : hostunlink.c.obj (.text:HOSTunlink)
                  00005f84    00000044                                   : autoinit.c.obj (.text:__TI_auto_init_nobinit_nopinit:__TI_auto_init_nobinit_nopinit)
                  00005fc8    00000044                                   : getdevice.c.obj (.text:getdevice)
                  0000600c    00000040     SysTickInts.obj (.text)
                  0000604c    0000003e     rtsv7M4_T_le_v4SPD16_eabi.lib : _printfi.c.obj (.text:_fcpy)
                  0000608a    00000002     --HOLE-- [fill = 0]
                  0000608c    00000038                                   : trgmsg.c.obj (.text:__TI_writemsg)
                  000060c4    00000036                                   : strncpy.c.obj (.text:strncpy)
                  000060fa    00000002     --HOLE-- [fill = 0]
                  000060fc    00000034                                   : fopen.c.obj (.text:__TI_cleanup)
                  00006130    00000034                                   : trgmsg.c.obj (.text:__TI_readmsg)
                  00006164    00000034                                   : boot_cortex_m.c.obj (.text:_c_int00_noargs:_c_int00_noargs)
                  00006198    00000034                                   : fopen.c.obj (.text:freopen)
                  000061cc    00000030                                   : getdevice.c.obj (.text:finddevice)
                  000061fc    0000002e                                   : i_tofd_t2.asm.obj (.text)
                  0000622a    00000002     --HOLE-- [fill = 0]
                  0000622c    0000002c                                   : unlink.c.obj (.text:unlink)
                  00006258    00000028                                   : memory.c.obj (.text:free_list_insert)
                  00006280    00000028                                   : lseek.c.obj (.text:lseek)
                  000062a8    00000028                                   : write.c.obj (.text:write)
                  000062d0    00000024     CortexM.obj (.text)
                  000062f4    00000020     rtsv7M4_T_le_v4SPD16_eabi.lib : memchr.c.obj (.text:memchr)
                  00006314    0000001c                                   : memory.c.obj (.text:free_list_remove)
                  00006330    0000001c                                   : memccpy.c.obj (.text:memccpy)
                  0000634c    0000001a                                   : s_copysign.c.obj (.text:copysign)
                  00006366    00000018                                   : strcmp.c.obj (.text:strcmp)
                  0000637e    00000016                                   : strchr.c.obj (.text:strchr)
                  00006394    00000014                                   : strcpy.c.obj (.text:strcpy)
                  000063a8    00000014                                   : strlen.c.obj (.text:strlen)
                  000063bc    00000012                                   : wcslen.c.obj (.text:wcslen)
                  000063ce    0000000e                                   : copy_decompress_none.c.obj (.text:decompress:none:__TI_decompress_none)
                  000063dc    0000000e     startup_msp432p401r_ccs.obj (.text)
                  000063ea    0000000c     rtsv7M4_T_le_v4SPD16_eabi.lib : copy_zero_init.c.obj (.text:decompress:ZI:__TI_zero_init)
                  000063f6    00000002     --HOLE-- [fill = 0]
                  000063f8    00000008                                   : errno.c.obj (.text:__aeabi_errno_addr)
                  00006400    00000008                                   : memory.c.obj (.text:malloc)
                  00006408    00000004                                   : printf.c.obj (.text:_outc)
                  0000640c    00000004                                   : printf.c.obj (.text:_outs)
                  00006410    00000004                                   : pre_init.c.obj (.text:_system_pre_init)
                  00006414    00000004                                   : exit.c.obj (.text:abort:abort)

.const     0    00006418    000006dc     
                  00006418    0000055e     SSD1306_I2C.obj (.const:ASCII)
                  00006976    00000101     rtsv7M4_T_le_v4SPD16_eabi.lib : ctype.c.obj (.const:.string:_ctypes_)
                  00006a77    00000001     --HOLE-- [fill = 0]
                  00006a78    0000000c     Seeed_HC12main.obj (.const:defaultMsg)
                  00006a84    0000000c     Seeed_HC12main.obj (.const:msgBroadcast)
                  00006a90    0000000c     Seeed_HC12main.obj (.const:msgRespond1)
                  00006a9c    0000000c     Seeed_HC12main.obj (.const:msgRespond2)
                  00006aa8    00000008     SSD1306_I2C.obj (.const:.string:postmask)
                  00006ab0    00000008     SSD1306_I2C.obj (.const:.string:premask)
                  00006ab8    00000007     SSD1306_I2C.obj (.const:.string:init5)
                  00006abf    00000001     --HOLE-- [fill = 0]
                  00006ac0    00000006     Seeed_HC12main.obj (.const:.string)
                  00006ac6    00000005     SSD1306_I2C.obj (.const:.string:dlist1)
                  00006acb    00000005     SSD1306_I2C.obj (.const:.string:init1)
                  00006ad0    00000005     SSD1306_I2C.obj (.const:.string:init2)
                  00006ad5    00000005     SSD1306_I2C.obj (.const:.string:init3)
                  00006ada    00000004     SSD1306_I2C.obj (.const:.string:init4b)
                  00006ade    00000003     SSD1306_I2C.obj (.const:.string:scrollList1b)
                  00006ae1    00000003     SSD1306_I2C.obj (.const:.string:scrollList2b)
                  00006ae4    00000002     SSD1306_I2C.obj (.const:.string:scrollList1a)
                  00006ae6    00000002     SSD1306_I2C.obj (.const:.string:scrollList2a)
                  00006ae8    00000002     SSD1306_I2C.obj (.const:.string:scrollList3a)
                  00006aea    00000002     SSD1306_I2C.obj (.const:.string:scrollList3b)
                  00006aec    00000002     SSD1306_I2C.obj (.const:.string:scrollList3c)
                  00006aee    00000002     SSD1306_I2C.obj (.const:.string:scrollList4a)
                  00006af0    00000002     SSD1306_I2C.obj (.const:.string:scrollList4b)
                  00006af2    00000002     SSD1306_I2C.obj (.const:.string:scrollList4c)

.cinit     0    00006af8    000000b0     
                  00006af8    00000089     (.cinit..data.load) [load image, compression = lzss]
                  00006b81    00000003     --HOLE-- [fill = 0]
                  00006b84    0000000c     (__TI_handler_table)
                  00006b90    00000008     (.cinit..bss.load) [load image, compression = zero_init]
                  00006b98    00000010     (__TI_cinit_table)

.init_array 
*          0    00000000    00000000     UNINITIALIZED

.binit     0    00000000    00000000     

.bss       0    20000000    00000729     UNINITIALIZED
                  20000000    00000400     (.common:buffer)
                  20000400    00000120     rtsv7M4_T_le_v4SPD16_eabi.lib : trgmsg.c.obj (.bss:_CIOBUF_)
                  20000520    00000100     (.common:RxFIFO)
                  20000620    000000a0     (.common:__TI_tmpnams)
                  200006c0    00000018     (.common:msgs)
                  200006d8    0000000c     (.common:msgReceived)
                  200006e4    00000008     (.common:Messageb)
                  200006ec    00000008     (.common:parmbuf)
                  200006f4    00000004     (.common:Flag)
                  200006f8    00000004     (.common:MainCount)
                  200006fc    00000004     (.common:Message)
                  20000700    00000004     (.common:Messageindexb)
                  20000704    00000004     (.common:RxFifoLost)
                  20000708    00000004     (.common:RxGetI)
                  2000070c    00000004     (.common:RxPutI)
                  20000710    00000004     (.common:Time)
                  20000714    00000004     (.common:receiveBuffer)
                  20000718    00000004     (.common:rotation)
                  2000071c    00000004     (.common:validMsg)
                  20000720    00000004     (.common:vccstate)
                  20000724    00000002     (.common:StartX)
                  20000726    00000002     (.common:StartY)
                  20000728    00000001     (.common:HC12data)

.sysmem    0    20000730    00000400     UNINITIALIZED
                  20000730    00000010     rtsv7M4_T_le_v4SPD16_eabi.lib : memory.c.obj (.sysmem)
                  20000740    000003f0     --HOLE--

.data      0    20000b30    00000234     UNINITIALIZED
                  20000b30    000000f0     rtsv7M4_T_le_v4SPD16_eabi.lib : defs.c.obj (.data:_ftable)
                  20000c20    00000078                                   : host_device.c.obj (.data:_device)
                  20000c98    00000050                                   : host_device.c.obj (.data:_stream)
                  20000ce8    00000018     Clock.obj (.data)
                  20000d00    00000010     rtsv7M4_T_le_v4SPD16_eabi.lib : defs.c.obj (.data)
                  20000d10    0000000c                                   : exit.c.obj (.data:$O1$$)
                  20000d1c    0000000c     Seeed_HC12main.obj (.data)
                  20000d28    0000000c     Seeed_HC12main.obj (.data:msgSend)
                  20000d34    00000008     rtsv7M4_T_le_v4SPD16_eabi.lib : _lock.c.obj (.data:$O1$$)
                  20000d3c    00000008                                   : memory.c.obj (.data:$O1$$)
                  20000d44    00000006     Seeed_HC12main.obj (.data:idx)
                  20000d4a    00000004     SSD1306_I2C.obj (.data)
                  20000d4e    00000002     --HOLE--
                  20000d50    00000004     rtsv7M4_T_le_v4SPD16_eabi.lib : add_device.c.obj (.data)
                  20000d54    00000004                                   : errno.c.obj (.data)
                  20000d58    00000004                                   : fopen.c.obj (.data)
                  20000d5c    00000004                                   : open.c.obj (.data)
                  20000d60    00000004     system_msp432p401r.obj (.data)

.stack     0    2000fe00    00000200     UNINITIALIZED
                  2000fe00    00000004     rtsv7M4_T_le_v4SPD16_eabi.lib : boot_cortex_m.c.obj (.stack)
                  2000fe04    000001fc     --HOLE--

__llvm_prf_cnts 
*          0    20000000    00000000     UNINITIALIZED

MODULE SUMMARY

       Module                        code    ro data   rw data
       ------                        ----    -------   -------
    ./
       SSD1306_I2C.obj               5860    1443      2080   
       Seeed_HC12main.obj            3068    54        182    
       UART0.obj                     1760    0         24     
       UART1.obj                     536     0         536    
       I2CB1.obj                     932     0         0      
       system_msp432p401r.obj        820     0         8      
       Clock.obj                     480     0         48     
       LaunchPad.obj                 248     0         0      
       startup_msp432p401r_ccs.obj   14      228       0      
       SysTickInts.obj               64      0         0      
       CortexM.obj                   36      0         0      
    +--+-----------------------------+-------+---------+---------+
       Total:                        13818   1725      2878   
                                                              
    /Applications/ti/ccs1200/ccs/tools/compiler/ti-cgt-arm_20.2.6.LTS/lib/rtsv7M4_T_le_v4SPD16_eabi.lib
       _printfi.c.obj                4851    0         0      
       defs.c.obj                    0       0         832    
       memory.c.obj                  672     0         16     
       trgmsg.c.obj                  108     0         576    
       fopen.c.obj                   532     0         8      
       fd_add_t2.asm.obj             438     0         0      
       host_device.c.obj             0       0         400    
       fd_div_t2.asm.obj             310     0         0      
       fputs.c.obj                   276     0         0      
       s_scalbn.c.obj                272     0         0      
       fd_cmp_t2.asm.obj             268     0         0      
       ctype.c.obj                   0       257       0      
       fd_mul_t2.asm.obj             252     0         0      
       setvbuf.c.obj                 220     0         0      
       open.c.obj                    188     0         8      
       add_device.c.obj              184     0         8      
       memcpy_t2.asm.obj             156     0         0      
       ull_div_t2.asm.obj            150     0         0      
       fputc.c.obj                   140     0         0      
       memset_t2.asm.obj             122     0         0      
       fclose.c.obj                  116     0         0      
       getdevice.c.obj               116     0         0      
       hostopen.c.obj                96      0         16     
       printf.c.obj                  112     0         0      
       hostrename.c.obj              108     0         0      
       copy_decompress_lzss.c.obj    104     0         0      
       hostlseek.c.obj               104     0         0      
       exit.c.obj                    76      0         24     
       fseek.c.obj                   100     0         0      
       s_frexp.c.obj                 100     0         0      
       _io_perm.c.obj                98      0         0      
       close.c.obj                   92      0         0      
       hostread.c.obj                88      0         0      
       hostwrite.c.obj               88      0         0      
       _ltoa.c.obj                   84      0         0      
       atoi.c.obj                    76      0         0      
       fflush.c.obj                  76      0         0      
       fd_toi_t2.asm.obj             72      0         0      
       autoinit.c.obj                68      0         0      
       hostclose.c.obj               68      0         0      
       hostunlink.c.obj              68      0         0      
       strncpy.c.obj                 54      0         0      
       boot_cortex_m.c.obj           52      0         0      
       i_tofd_t2.asm.obj             46      0         0      
       unlink.c.obj                  44      0         0      
       lseek.c.obj                   40      0         0      
       write.c.obj                   40      0         0      
       memchr.c.obj                  32      0         0      
       memccpy.c.obj                 28      0         0      
       s_copysign.c.obj              26      0         0      
       strcmp.c.obj                  24      0         0      
       strchr.c.obj                  22      0         0      
       strcpy.c.obj                  20      0         0      
       strlen.c.obj                  20      0         0      
       _lock.c.obj                   2       0         16     
       wcslen.c.obj                  18      0         0      
       errno.c.obj                   8       0         8      
       copy_decompress_none.c.obj    14      0         0      
       copy_zero_init.c.obj          12      0         0      
       pre_init.c.obj                4       0         0      
       div0.asm.obj                  2       0         0      
    +--+-----------------------------+-------+---------+---------+
       Total:                        11557   257       1912   
                                                              
       Heap:                         0       0         2048   
       Stack:                        0       0         1024   
       Linker Generated:             0       173       0      
    +--+-----------------------------+-------+---------+---------+
       Grand Total:                  25375   2155      7862   


LINKER GENERATED COPY TABLES

__TI_cinit_table @ 00006b98 records: 2, size/record: 8, table size: 16
	.data: load addr=00006af8, load size=00000089 bytes, run addr=20000b30, run size=00000234 bytes, compression=lzss
	.bss: load addr=00006b90, load size=00000008 bytes, run addr=20000000, run size=00000729 bytes, compression=zero_init


LINKER GENERATED HANDLER TABLE

__TI_handler_table @ 00006b84 records: 3, size/record: 4, table size: 12
	index: 0, handler: __TI_decompress_lzss
	index: 1, handler: __TI_decompress_none
	index: 2, handler: __TI_zero_init


GLOBAL SYMBOLS: SORTED ALPHABETICALLY BY Name 

address   name                           
-------   ----                           
000063e9  ADC14_IRQHandler               
000063e9  AES256_IRQHandler              
000063e9  BusFault_Handler               
00006415  C$$EXIT                        
000060bb  C$$IO$$                        
000063e9  COMP_E0_IRQHandler             
000063e9  COMP_E1_IRQHandler             
20000cf0  CPMwait                        
000063e9  CS_IRQHandler                  
20000ce8  ClockFrequency                 
000041a9  Clock_Delay1ms                 
0000417f  Clock_Delay1us                 
0000416b  Clock_GetFreq                  
00004055  Clock_Init48MHz                
20000cfc  Crystalstable                  
20000d4a  CurrentX                       
20000d4c  CurrentY                       
000063e9  DMA_ERR_IRQHandler             
000063e9  DMA_INT0_IRQHandler            
000063e9  DMA_INT1_IRQHandler            
000063e9  DMA_INT2_IRQHandler            
000063e9  DMA_INT3_IRQHandler            
000063e9  DebugMon_Handler               
000063e9  Default_Handler                
000062d1  DisableInterrupts              
000063e9  EUSCIA0_IRQHandler             
000063e9  EUSCIA1_IRQHandler             
00003fd9  EUSCIA2_IRQHandler             
00003fd9  EUSCIA2_IRQHandler             
000063e9  EUSCIA3_IRQHandler             
000063e9  EUSCIB0_IRQHandler             
000063e9  EUSCIB1_IRQHandler             
000063e9  EUSCIB2_IRQHandler             
000063e9  EUSCIB3_IRQHandler             
000062d7  EnableInterrupts               
000062e7  EndCritical                    
000063e9  FLCTL_IRQHandler               
000063e9  FPU_IRQHandler                 
200006f4  Flag                           
00001f4d  HC12_Init                      
00001e41  HC12_ReadAllInput              
20000728  HC12data                       
00005efd  HOSTclose                      
00005909  HOSTlseek                      
00005b6d  HOSTopen                       
00005c29  HOSTread                       
0000589d  HOSTrename                     
00005f41  HOSTunlink                     
00005c81  HOSTwrite                      
000063e9  HardFault_Handler              
000034f5  I2CB1_Init                     
000035bb  I2CB1_Recv                     
0000380f  I2CB1_Recv1                    
00003543  I2CB1_Send                     
00003637  I2CB1_Send1                    
00003693  I2CB1_Send2                    
00003703  I2CB1_Send3                    
00003781  I2CB1_Send4                    
000000e5  I2C_SendData                   
20000cf8  IFlags                         
00004e85  LaunchPad_Init                 
00004ef5  LaunchPad_Input                
00004f13  LaunchPad_LED                  
00004f31  LaunchPad_Output               
200006f8  MainCount                      
000063e9  MemManage_Handler              
200006fc  Message                        
200006e4  Messageb                       
20000700  Messageindexb                  
000063e9  NMI_Handler                    
000063e9  PCM_IRQHandler                 
000063e9  PORT1_IRQHandler               
000063e9  PORT2_IRQHandler               
000063e9  PORT3_IRQHandler               
000063e9  PORT4_IRQHandler               
000063e9  PORT5_IRQHandler               
000063e9  PORT6_IRQHandler               
000063e9  PSS_IRQHandler                 
00001919  Parse_Check_Msg                
000063e9  PendSV_Handler                 
20000cf4  Postwait                       
20000cec  Prewait                        
000063e9  RTC_C_IRQHandler               
0000186b  Read_Msg                       
000063dd  Reset_Handler                  
20000520  RxFIFO                         
20000704  RxFifoLost                     
00003e95  RxFifo_Get                     
00003e3d  RxFifo_Init                    
00003e4f  RxFifo_Put                     
20000708  RxGetI                         
2000070c  RxPutI                         
000004a9  SSD1306_ClearBuffer            
00000ed1  SSD1306_Dim                    
00000505  SSD1306_DrawBMP                
000003c5  SSD1306_DrawChar               
00000741  SSD1306_DrawFastHLine          
00000965  SSD1306_DrawFastVLine          
00000d9d  SSD1306_DrawFullImage          
00000241  SSD1306_DrawPixel              
00000469  SSD1306_DrawString             
00000d7b  SSD1306_GetBuffer              
00000c7d  SSD1306_GetPixel               
000001a7  SSD1306_Init                   
00000ebb  SSD1306_InvertDisplay          
00000d7f  SSD1306_OutBuffer              
00000f79  SSD1306_OutChar                
000004dd  SSD1306_OutClear               
00001673  SSD1306_OutHex7                
000012c1  SSD1306_OutSDec                
00001585  SSD1306_OutSFix1               
00001081  SSD1306_OutString              
000010dd  SSD1306_OutUDec                
000016d1  SSD1306_OutUDec16              
00001769  SSD1306_OutUDec2               
000014f7  SSD1306_OutUFix1               
000016a9  SSD1306_OutUHex7               
00000f09  SSD1306_SetCursor              
00000e71  SSD1306_startscrolldiagleft    
00000e2d  SSD1306_startscrolldiagright   
00000df7  SSD1306_startscrollleft        
00000dc5  SSD1306_startscrollright       
00000eb1  SSD1306_stopscroll             
000063e9  SVC_Handler                    
000017ed  Send_Msg                       
000062dd  StartCritical                  
20000724  StartX                         
20000726  StartY                         
00001a7d  SysTick_Handler                
00001a7d  SysTick_Handler                
0000600d  SysTick_Init                   
20000d60  SystemCoreClock                
00003899  SystemCoreClockUpdate          
00003b11  SystemInit                     
000063e9  T32_INT1_IRQHandler            
000063e9  T32_INT2_IRQHandler            
000063e9  T32_INTC_IRQHandler            
000063e9  TA0_0_IRQHandler               
000063e9  TA0_N_IRQHandler               
000063e9  TA1_0_IRQHandler               
000063e9  TA1_N_IRQHandler               
000063e9  TA2_0_IRQHandler               
000063e9  TA2_N_IRQHandler               
000063e9  TA3_0_IRQHandler               
000063e9  TA3_N_IRQHandler               
20000710  Time                           
00002e5b  UART0_InChar                   
00003305  UART0_InString                 
00002ea5  UART0_InUDec                   
000031b9  UART0_InUHex                   
00002e15  UART0_Init                     
00003467  UART0_Initprintf               
00002e6b  UART0_OutChar                  
00002f59  UART0_OutSDec                  
00002e87  UART0_OutString                
00002f29  UART0_OutUDec                  
000030cd  UART0_OutUDec4                 
00003115  UART0_OutUDec5                 
00003147  UART0_OutUFix1                 
0000316f  UART0_OutUFix2                 
0000327d  UART0_OutUHex                  
000032e9  UART0_OutUHex2                 
0000400d  UART1_FinishOutput             
00003fab  UART1_InChar                   
00003f97  UART1_InCharNonBlock           
00003ecb  UART1_InStatus                 
00003edb  UART1_Init                     
00003f37  UART1_InitB                    
00003fbd  UART1_OutChar                  
00003fef  UART1_OutString                
000063e9  UsageFault_Handler             
4000480c  WDTCTL_SYM                     
000063e9  WDT_A_IRQHandler               
000062ef  WaitForInterrupt               
20000400  __CIOBUF_                      
20010000  __STACK_END                    
00000200  __STACK_SIZE                   
00000400  __SYSMEM_SIZE                  
00006b98  __TI_CINIT_Base                
00006ba8  __TI_CINIT_Limit               
00006b84  __TI_Handler_Table_Base        
00006b90  __TI_Handler_Table_Limit       
00005f85  __TI_auto_init_nobinit_nopinit 
000060fd  __TI_cleanup                   
20000d10  __TI_cleanup_ptr               
00005749  __TI_closefile                 
00005971  __TI_decompress_lzss           
000063cf  __TI_decompress_none           
00005dd5  __TI_doflush                   
20000d14  __TI_dtors_ptr                 
20000d18  __TI_enable_exit_profile_output
20000d00  __TI_ft_end                    
00005d2f  __TI_ltoa                      
ffffffff  __TI_pprof_out_hndl            
000023c5  __TI_printfi                   
ffffffff  __TI_prof_data_size            
ffffffff  __TI_prof_data_start           
00006131  __TI_readmsg                   
00000000  __TI_static_base__             
20000620  __TI_tmpnams                   
0000608d  __TI_writemsg                  
00005b09  __TI_wrt_ok                    
000063eb  __TI_zero_init                 
000055c1  __aeabi_cdcmpeq                
000055c1  __aeabi_cdcmple                
00005647  __aeabi_cdrcmple               
00005eb5  __aeabi_d2iz                   
0000440f  __aeabi_dadd                   
000046f9  __aeabi_ddiv                   
00004d89  __aeabi_dmul                   
00004405  __aeabi_dsub                   
000063f9  __aeabi_errno_addr             
000061fd  __aeabi_i2d                    
000045bb  __aeabi_idiv0                  
000045bb  __aeabi_ldiv0                  
000056cd  __aeabi_memclr                 
000056cd  __aeabi_memclr4                
000056cd  __aeabi_memclr8                
00005401  __aeabi_memcpy                 
00005401  __aeabi_memcpy4                
00005401  __aeabi_memcpy8                
000056cf  __aeabi_memset                 
000056cf  __aeabi_memset4                
000056cf  __aeabi_memset8                
20000d0c  __aeabi_stderr                 
20000d04  __aeabi_stdin                  
20000d08  __aeabi_stdout                 
0000549d  __aeabi_uldivmod               
ffffffff  __binit__                      
ffffffff  __c_args__                     
UNDEFED   __mpu_init                     
2000fe00  __stack                        
20000000  __start___llvm_prf_cnts        
20000000  __stop___llvm_prf_cnts         
00006165  _c_int00_noargs                
00006976  _ctypes_                       
20000c20  _device                        
20000b30  _ftable                        
20000d34  _lock                          
00002e13  _nop                           
20000c98  _stream                        
20000730  _sys_memory                    
UNDEFED   _system_post_cinit             
00006411  _system_pre_init               
20000d38  _unlock                        
00006415  abort                          
000051f9  add_device                     
00004c89  aligned_alloc                  
00005e21  atoi                           
ffffffff  binit                          
20000d1d  btnLatch                       
20000000  buffer                         
00005bcd  close                          
000018bd  compute_crc                    
0000634d  copysign                       
0000634d  copysignl                      
00006a78  defaultMsg                     
00004171  delay                          
20000d24  deviceCnt                      
20000d54  errno                          
00005e6d  exit                           
00003399  ferror                         
0000337f  fgetc                          
00001e6b  fill_dest_msgs                 
000061cd  finddevice                     
00005365  fopen                          
00005535  fputc                          
00004955  fputs                          
00004f7d  free                           
00006199  freopen                        
00005a41  frexp                          
00005a41  frexpl                         
00005aa5  fseek                          
00005fc9  getdevice                      
20000d44  idx                            
00001ec5  init_msgs                      
00000000  interruptVectors               
00004b79  ldexp                          
00004b79  ldexpl                         
00006281  lseek                          
00002051  main                           
00006401  malloc                         
00004c89  memalign                       
00006331  memccpy                        
000062f5  memchr                         
00005401  memcpy                         
000056d5  memset                         
00006a84  msgBroadcast                   
200006d8  msgReceived                    
00006a90  msgRespond1                    
00006a9c  msgRespond2                    
20000d28  msgSend                        
200006c0  msgs                           
20000d21  oldInput                       
0000513d  open                           
000032c1  outnibble                      
200006ec  parmbuf                        
000059d9  printf                         
00005535  putc                           
20000714  receiveBuffer                  
0000622d  remove                         
20000718  rotation                       
00004b79  scalbn                         
00004b79  scalbnl                        
20000d1e  sendFlg                        
20000d1c  seqInd                         
00005061  setvbuf                        
000017c9  simple_delay                   
0000016d  ssd1306command                 
00000181  ssd1306command1                
00000195  ssd1306commandList             
00000853  ssd1306drawFastHLineInternal   
00000a7d  ssd1306drawFastVLineInternal   
0000637f  strchr                         
00006367  strcmp                         
00006395  strcpy                         
000063a9  strlen                         
000060c5  strncpy                        
20000d22  thisID                         
000033bf  uart_close                     
0000343d  uart_lseek                     
000033af  uart_open                      
000033cb  uart_read                      
00003459  uart_rename                    
0000344d  uart_unlink                    
000033fb  uart_write                     
0000622d  unlink                         
2000071c  validMsg                       
20000720  vccstate                       
20000d20  waitCnt                        
20000d1f  waitFlg                        
000063bd  wcslen                         
000062a9  write                          


GLOBAL SYMBOLS: SORTED BY Symbol Address 

address   name                           
-------   ----                           
00000000  __TI_static_base__             
00000000  interruptVectors               
000000e5  I2C_SendData                   
0000016d  ssd1306command                 
00000181  ssd1306command1                
00000195  ssd1306commandList             
000001a7  SSD1306_Init                   
00000200  __STACK_SIZE                   
00000241  SSD1306_DrawPixel              
000003c5  SSD1306_DrawChar               
00000400  __SYSMEM_SIZE                  
00000469  SSD1306_DrawString             
000004a9  SSD1306_ClearBuffer            
000004dd  SSD1306_OutClear               
00000505  SSD1306_DrawBMP                
00000741  SSD1306_DrawFastHLine          
00000853  ssd1306drawFastHLineInternal   
00000965  SSD1306_DrawFastVLine          
00000a7d  ssd1306drawFastVLineInternal   
00000c7d  SSD1306_GetPixel               
00000d7b  SSD1306_GetBuffer              
00000d7f  SSD1306_OutBuffer              
00000d9d  SSD1306_DrawFullImage          
00000dc5  SSD1306_startscrollright       
00000df7  SSD1306_startscrollleft        
00000e2d  SSD1306_startscrolldiagright   
00000e71  SSD1306_startscrolldiagleft    
00000eb1  SSD1306_stopscroll             
00000ebb  SSD1306_InvertDisplay          
00000ed1  SSD1306_Dim                    
00000f09  SSD1306_SetCursor              
00000f79  SSD1306_OutChar                
00001081  SSD1306_OutString              
000010dd  SSD1306_OutUDec                
000012c1  SSD1306_OutSDec                
000014f7  SSD1306_OutUFix1               
00001585  SSD1306_OutSFix1               
00001673  SSD1306_OutHex7                
000016a9  SSD1306_OutUHex7               
000016d1  SSD1306_OutUDec16              
00001769  SSD1306_OutUDec2               
000017c9  simple_delay                   
000017ed  Send_Msg                       
0000186b  Read_Msg                       
000018bd  compute_crc                    
00001919  Parse_Check_Msg                
00001a7d  SysTick_Handler                
00001a7d  SysTick_Handler                
00001e41  HC12_ReadAllInput              
00001e6b  fill_dest_msgs                 
00001ec5  init_msgs                      
00001f4d  HC12_Init                      
00002051  main                           
000023c5  __TI_printfi                   
00002e13  _nop                           
00002e15  UART0_Init                     
00002e5b  UART0_InChar                   
00002e6b  UART0_OutChar                  
00002e87  UART0_OutString                
00002ea5  UART0_InUDec                   
00002f29  UART0_OutUDec                  
00002f59  UART0_OutSDec                  
000030cd  UART0_OutUDec4                 
00003115  UART0_OutUDec5                 
00003147  UART0_OutUFix1                 
0000316f  UART0_OutUFix2                 
000031b9  UART0_InUHex                   
0000327d  UART0_OutUHex                  
000032c1  outnibble                      
000032e9  UART0_OutUHex2                 
00003305  UART0_InString                 
0000337f  fgetc                          
00003399  ferror                         
000033af  uart_open                      
000033bf  uart_close                     
000033cb  uart_read                      
000033fb  uart_write                     
0000343d  uart_lseek                     
0000344d  uart_unlink                    
00003459  uart_rename                    
00003467  UART0_Initprintf               
000034f5  I2CB1_Init                     
00003543  I2CB1_Send                     
000035bb  I2CB1_Recv                     
00003637  I2CB1_Send1                    
00003693  I2CB1_Send2                    
00003703  I2CB1_Send3                    
00003781  I2CB1_Send4                    
0000380f  I2CB1_Recv1                    
00003899  SystemCoreClockUpdate          
00003b11  SystemInit                     
00003e3d  RxFifo_Init                    
00003e4f  RxFifo_Put                     
00003e95  RxFifo_Get                     
00003ecb  UART1_InStatus                 
00003edb  UART1_Init                     
00003f37  UART1_InitB                    
00003f97  UART1_InCharNonBlock           
00003fab  UART1_InChar                   
00003fbd  UART1_OutChar                  
00003fd9  EUSCIA2_IRQHandler             
00003fd9  EUSCIA2_IRQHandler             
00003fef  UART1_OutString                
0000400d  UART1_FinishOutput             
00004055  Clock_Init48MHz                
0000416b  Clock_GetFreq                  
00004171  delay                          
0000417f  Clock_Delay1us                 
000041a9  Clock_Delay1ms                 
00004405  __aeabi_dsub                   
0000440f  __aeabi_dadd                   
000045bb  __aeabi_idiv0                  
000045bb  __aeabi_ldiv0                  
000046f9  __aeabi_ddiv                   
00004955  fputs                          
00004b79  ldexp                          
00004b79  ldexpl                         
00004b79  scalbn                         
00004b79  scalbnl                        
00004c89  aligned_alloc                  
00004c89  memalign                       
00004d89  __aeabi_dmul                   
00004e85  LaunchPad_Init                 
00004ef5  LaunchPad_Input                
00004f13  LaunchPad_LED                  
00004f31  LaunchPad_Output               
00004f7d  free                           
00005061  setvbuf                        
0000513d  open                           
000051f9  add_device                     
00005365  fopen                          
00005401  __aeabi_memcpy                 
00005401  __aeabi_memcpy4                
00005401  __aeabi_memcpy8                
00005401  memcpy                         
0000549d  __aeabi_uldivmod               
00005535  fputc                          
00005535  putc                           
000055c1  __aeabi_cdcmpeq                
000055c1  __aeabi_cdcmple                
00005647  __aeabi_cdrcmple               
000056cd  __aeabi_memclr                 
000056cd  __aeabi_memclr4                
000056cd  __aeabi_memclr8                
000056cf  __aeabi_memset                 
000056cf  __aeabi_memset4                
000056cf  __aeabi_memset8                
000056d5  memset                         
00005749  __TI_closefile                 
0000589d  HOSTrename                     
00005909  HOSTlseek                      
00005971  __TI_decompress_lzss           
000059d9  printf                         
00005a41  frexp                          
00005a41  frexpl                         
00005aa5  fseek                          
00005b09  __TI_wrt_ok                    
00005b6d  HOSTopen                       
00005bcd  close                          
00005c29  HOSTread                       
00005c81  HOSTwrite                      
00005d2f  __TI_ltoa                      
00005dd5  __TI_doflush                   
00005e21  atoi                           
00005e6d  exit                           
00005eb5  __aeabi_d2iz                   
00005efd  HOSTclose                      
00005f41  HOSTunlink                     
00005f85  __TI_auto_init_nobinit_nopinit 
00005fc9  getdevice                      
0000600d  SysTick_Init                   
0000608d  __TI_writemsg                  
000060bb  C$$IO$$                        
000060c5  strncpy                        
000060fd  __TI_cleanup                   
00006131  __TI_readmsg                   
00006165  _c_int00_noargs                
00006199  freopen                        
000061cd  finddevice                     
000061fd  __aeabi_i2d                    
0000622d  remove                         
0000622d  unlink                         
00006281  lseek                          
000062a9  write                          
000062d1  DisableInterrupts              
000062d7  EnableInterrupts               
000062dd  StartCritical                  
000062e7  EndCritical                    
000062ef  WaitForInterrupt               
000062f5  memchr                         
00006331  memccpy                        
0000634d  copysign                       
0000634d  copysignl                      
00006367  strcmp                         
0000637f  strchr                         
00006395  strcpy                         
000063a9  strlen                         
000063bd  wcslen                         
000063cf  __TI_decompress_none           
000063dd  Reset_Handler                  
000063e9  ADC14_IRQHandler               
000063e9  AES256_IRQHandler              
000063e9  BusFault_Handler               
000063e9  COMP_E0_IRQHandler             
000063e9  COMP_E1_IRQHandler             
000063e9  CS_IRQHandler                  
000063e9  DMA_ERR_IRQHandler             
000063e9  DMA_INT0_IRQHandler            
000063e9  DMA_INT1_IRQHandler            
000063e9  DMA_INT2_IRQHandler            
000063e9  DMA_INT3_IRQHandler            
000063e9  DebugMon_Handler               
000063e9  Default_Handler                
000063e9  EUSCIA0_IRQHandler             
000063e9  EUSCIA1_IRQHandler             
000063e9  EUSCIA3_IRQHandler             
000063e9  EUSCIB0_IRQHandler             
000063e9  EUSCIB1_IRQHandler             
000063e9  EUSCIB2_IRQHandler             
000063e9  EUSCIB3_IRQHandler             
000063e9  FLCTL_IRQHandler               
000063e9  FPU_IRQHandler                 
000063e9  HardFault_Handler              
000063e9  MemManage_Handler              
000063e9  NMI_Handler                    
000063e9  PCM_IRQHandler                 
000063e9  PORT1_IRQHandler               
000063e9  PORT2_IRQHandler               
000063e9  PORT3_IRQHandler               
000063e9  PORT4_IRQHandler               
000063e9  PORT5_IRQHandler               
000063e9  PORT6_IRQHandler               
000063e9  PSS_IRQHandler                 
000063e9  PendSV_Handler                 
000063e9  RTC_C_IRQHandler               
000063e9  SVC_Handler                    
000063e9  T32_INT1_IRQHandler            
000063e9  T32_INT2_IRQHandler            
000063e9  T32_INTC_IRQHandler            
000063e9  TA0_0_IRQHandler               
000063e9  TA0_N_IRQHandler               
000063e9  TA1_0_IRQHandler               
000063e9  TA1_N_IRQHandler               
000063e9  TA2_0_IRQHandler               
000063e9  TA2_N_IRQHandler               
000063e9  TA3_0_IRQHandler               
000063e9  TA3_N_IRQHandler               
000063e9  UsageFault_Handler             
000063e9  WDT_A_IRQHandler               
000063eb  __TI_zero_init                 
000063f9  __aeabi_errno_addr             
00006401  malloc                         
00006411  _system_pre_init               
00006415  C$$EXIT                        
00006415  abort                          
00006976  _ctypes_                       
00006a78  defaultMsg                     
00006a84  msgBroadcast                   
00006a90  msgRespond1                    
00006a9c  msgRespond2                    
00006b84  __TI_Handler_Table_Base        
00006b90  __TI_Handler_Table_Limit       
00006b98  __TI_CINIT_Base                
00006ba8  __TI_CINIT_Limit               
20000000  __start___llvm_prf_cnts        
20000000  __stop___llvm_prf_cnts         
20000000  buffer                         
20000400  __CIOBUF_                      
20000520  RxFIFO                         
20000620  __TI_tmpnams                   
200006c0  msgs                           
200006d8  msgReceived                    
200006e4  Messageb                       
200006ec  parmbuf                        
200006f4  Flag                           
200006f8  MainCount                      
200006fc  Message                        
20000700  Messageindexb                  
20000704  RxFifoLost                     
20000708  RxGetI                         
2000070c  RxPutI                         
20000710  Time                           
20000714  receiveBuffer                  
20000718  rotation                       
2000071c  validMsg                       
20000720  vccstate                       
20000724  StartX                         
20000726  StartY                         
20000728  HC12data                       
20000730  _sys_memory                    
20000b30  _ftable                        
20000c20  _device                        
20000c98  _stream                        
20000ce8  ClockFrequency                 
20000cec  Prewait                        
20000cf0  CPMwait                        
20000cf4  Postwait                       
20000cf8  IFlags                         
20000cfc  Crystalstable                  
20000d00  __TI_ft_end                    
20000d04  __aeabi_stdin                  
20000d08  __aeabi_stdout                 
20000d0c  __aeabi_stderr                 
20000d10  __TI_cleanup_ptr               
20000d14  __TI_dtors_ptr                 
20000d18  __TI_enable_exit_profile_output
20000d1c  seqInd                         
20000d1d  btnLatch                       
20000d1e  sendFlg                        
20000d1f  waitFlg                        
20000d20  waitCnt                        
20000d21  oldInput                       
20000d22  thisID                         
20000d24  deviceCnt                      
20000d28  msgSend                        
20000d34  _lock                          
20000d38  _unlock                        
20000d44  idx                            
20000d4a  CurrentX                       
20000d4c  CurrentY                       
20000d54  errno                          
20000d60  SystemCoreClock                
2000fe00  __stack                        
20010000  __STACK_END                    
4000480c  WDTCTL_SYM                     
ffffffff  __TI_pprof_out_hndl            
ffffffff  __TI_prof_data_size            
ffffffff  __TI_prof_data_start           
ffffffff  __binit__                      
ffffffff  __c_args__                     
ffffffff  binit                          
UNDEFED   __mpu_init                     
UNDEFED   _system_post_cinit             

[333 symbols]
