******************************************************************************
                  TI ARM Linker PC v20.2.6                     
******************************************************************************
>> Linked Fri Sep 16 17:32:22 2022

OUTPUT FILE NAME:   <Seeed_HC12.out>
ENTRY POINT SYMBOL: "_c_int00_noargs"  address: 00005d41


MEMORY CONFIGURATION

         name            origin    length      used     unused   attr    fill
----------------------  --------  ---------  --------  --------  ----  --------
  MAIN                  00000000   00040000  00006756  000398aa  R  X
  INFO                  00200000   00004000  00000000  00004000  R  X
  SRAM_CODE             01000000   00010000  00000f2d  0000f0d3  RW X
  SRAM_DATA             20000000   00010000  00000f2d  0000f0d3  RW  


SEGMENT ALLOCATION MAP

run origin  load origin   length   init length attrs members
----------  ----------- ---------- ----------- ----- -------
00000000    00000000    00006758   00006758    r-x
  00000000    00000000    000000e4   000000e4    r-- .intvecs
  000000e4    000000e4    00005f10   00005f10    r-x .text
  00005ff4    00005ff4    000006c2   000006c2    r-- .const
  000066b8    000066b8    000000a0   000000a0    r-- .cinit
20000000    20000000    00000d30   00000000    rw-
  20000000    20000000    0000070d   00000000    rw- .bss
  20000710    20000710    00000400   00000000    rw- .sysmem
  20000b10    20000b10    00000220   00000000    rw- .data
2000fe00    2000fe00    00000200   00000000    rw-
  2000fe00    2000fe00    00000200   00000000    rw- .stack


SECTION ALLOCATION MAP

 output                                  attributes/
section   page    origin      length       input sections
--------  ----  ----------  ----------   ----------------
.intvecs   0    00000000    000000e4     
                  00000000    000000e4     startup_msp432p401r_ccs.obj (.intvecs:retain)

.text      0    000000e4    00005f10     
                  000000e4    000016e4     SSD1306_I2C.obj (.text)
                  000017c8    00000a4e     rtsv7M4_T_le_v4SPD16_eabi.lib : _printfi.c.obj (.text:__TI_printfi)
                  00002216    00000002                                   : _lock.c.obj (.text:_nop)
                  00002218    000007d8     Seeed_HC12main.obj (.text)
                  000029f0    000006e0     UART0.obj (.text)
                  000030d0    000003a4     I2CB1.obj (.text)
                  00003474    00000334     system_msp432p401r.obj (.text)
                  000037a8    00000270     rtsv7M4_T_le_v4SPD16_eabi.lib : _printfi.c.obj (.text:_pconv_a)
                  00003a18    00000218     UART1.obj (.text)
                  00003c30    000001e0     Clock.obj (.text)
                  00003e10    000001d0     rtsv7M4_T_le_v4SPD16_eabi.lib : _printfi.c.obj (.text:_pconv_g)
                  00003fe0    000001b6                                   : fd_add_t2.asm.obj (.text)
                  00004196    00000002                                   : div0.asm.obj (.text)
                  00004198    0000013c                                   : _printfi.c.obj (.text:_pconv_e)
                  000042d4    00000136                                   : fd_div_t2.asm.obj (.text)
                  0000440a    00000002     --HOLE-- [fill = 0]
                  0000440c    00000124                                   : _printfi.c.obj (.text:fcvt)
                  00004530    00000114                                   : fputs.c.obj (.text:fputs)
                  00004644    00000110                                   : fopen.c.obj (.text:_openfile)
                  00004754    00000110                                   : s_scalbn.c.obj (.text:scalbn)
                  00004864    00000100                                   : memory.c.obj (.text:aligned_alloc)
                  00004964    000000fc                                   : fd_mul_t2.asm.obj (.text)
                  00004a60    000000f8     LaunchPad.obj (.text)
                  00004b58    000000e4     rtsv7M4_T_le_v4SPD16_eabi.lib : memory.c.obj (.text:free)
                  00004c3c    000000dc                                   : setvbuf.c.obj (.text:setvbuf)
                  00004d18    000000bc                                   : open.c.obj (.text:open)
                  00004dd4    000000b8                                   : add_device.c.obj (.text:add_device)
                  00004e8c    000000b1                                   : _printfi.c.obj (.text:_ltostr)
                  00004f3d    00000003     --HOLE-- [fill = 0]
                  00004f40    0000009c                                   : fopen.c.obj (.text:fopen)
                  00004fdc    0000009c                                   : memcpy_t2.asm.obj (.text)
                  00005078    00000096                                   : ull_div_t2.asm.obj (.text)
                  0000510e    00000002     --HOLE-- [fill = 0]
                  00005110    0000008c                                   : fputc.c.obj (.text:fputc)
                  0000519c    00000086                                   : fd_cmp_t2.asm.obj (.text:__aeabi_cdcmple)
                  00005222    00000086                                   : fd_cmp_t2.asm.obj (.text:__aeabi_cdrcmple)
                  000052a8    0000007a                                   : memset_t2.asm.obj (.text)
                  00005322    00000002     --HOLE-- [fill = 0]
                  00005324    00000074                                   : fclose.c.obj (.text:__TI_closefile)
                  00005398    00000070                                   : memory.c.obj (.text:split)
                  00005408    0000006e                                   : _printfi.c.obj (.text:_mcpy)
                  00005476    00000002     --HOLE-- [fill = 0]
                  00005478    0000006c                                   : hostrename.c.obj (.text:HOSTrename)
                  000054e4    00000068                                   : hostlseek.c.obj (.text:HOSTlseek)
                  0000554c    00000068                                   : copy_decompress_lzss.c.obj (.text:decompress:lzss:__TI_decompress_lzss)
                  000055b4    00000068                                   : printf.c.obj (.text:printf)
                  0000561c    00000064                                   : s_frexp.c.obj (.text:frexp)
                  00005680    00000064                                   : fseek.c.obj (.text:fseek)
                  000056e4    00000062                                   : _io_perm.c.obj (.text:__TI_wrt_ok)
                  00005746    00000002     --HOLE-- [fill = 0]
                  00005748    00000060                                   : hostopen.c.obj (.text:HOSTopen)
                  000057a8    0000005c                                   : close.c.obj (.text:close)
                  00005804    00000058                                   : hostread.c.obj (.text:HOSTread)
                  0000585c    00000058                                   : hostwrite.c.obj (.text:HOSTwrite)
                  000058b4    00000056                                   : _printfi.c.obj (.text:_pconv_f)
                  0000590a    00000054                                   : _ltoa.c.obj (.text:__TI_ltoa)
                  0000595e    00000052                                   : _printfi.c.obj (.text:_ecpy)
                  000059b0    0000004c                                   : fflush.c.obj (.text:__TI_doflush)
                  000059fc    0000004c                                   : atoi.c.obj (.text:atoi)
                  00005a48    00000048                                   : exit.c.obj (.text:exit)
                  00005a90    00000048                                   : fd_toi_t2.asm.obj (.text)
                  00005ad8    00000044                                   : hostclose.c.obj (.text:HOSTclose)
                  00005b1c    00000044                                   : hostunlink.c.obj (.text:HOSTunlink)
                  00005b60    00000044                                   : autoinit.c.obj (.text:__TI_auto_init_nobinit_nopinit:__TI_auto_init_nobinit_nopinit)
                  00005ba4    00000044                                   : getdevice.c.obj (.text:getdevice)
                  00005be8    00000040     SysTickInts.obj (.text)
                  00005c28    0000003e     rtsv7M4_T_le_v4SPD16_eabi.lib : _printfi.c.obj (.text:_fcpy)
                  00005c66    00000002     --HOLE-- [fill = 0]
                  00005c68    00000038                                   : trgmsg.c.obj (.text:__TI_writemsg)
                  00005ca0    00000036                                   : strncpy.c.obj (.text:strncpy)
                  00005cd6    00000002     --HOLE-- [fill = 0]
                  00005cd8    00000034                                   : fopen.c.obj (.text:__TI_cleanup)
                  00005d0c    00000034                                   : trgmsg.c.obj (.text:__TI_readmsg)
                  00005d40    00000034                                   : boot_cortex_m.c.obj (.text:_c_int00_noargs:_c_int00_noargs)
                  00005d74    00000034                                   : fopen.c.obj (.text:freopen)
                  00005da8    00000030                                   : getdevice.c.obj (.text:finddevice)
                  00005dd8    0000002e                                   : i_tofd_t2.asm.obj (.text)
                  00005e06    00000002     --HOLE-- [fill = 0]
                  00005e08    0000002c                                   : unlink.c.obj (.text:unlink)
                  00005e34    00000028                                   : memory.c.obj (.text:free_list_insert)
                  00005e5c    00000028                                   : lseek.c.obj (.text:lseek)
                  00005e84    00000028                                   : write.c.obj (.text:write)
                  00005eac    00000024     CortexM.obj (.text)
                  00005ed0    00000020     rtsv7M4_T_le_v4SPD16_eabi.lib : memchr.c.obj (.text:memchr)
                  00005ef0    0000001c                                   : memory.c.obj (.text:free_list_remove)
                  00005f0c    0000001c                                   : memccpy.c.obj (.text:memccpy)
                  00005f28    0000001a                                   : s_copysign.c.obj (.text:copysign)
                  00005f42    00000018                                   : strcmp.c.obj (.text:strcmp)
                  00005f5a    00000016                                   : strchr.c.obj (.text:strchr)
                  00005f70    00000014                                   : strcpy.c.obj (.text:strcpy)
                  00005f84    00000014                                   : strlen.c.obj (.text:strlen)
                  00005f98    00000012                                   : wcslen.c.obj (.text:wcslen)
                  00005faa    0000000e                                   : copy_decompress_none.c.obj (.text:decompress:none:__TI_decompress_none)
                  00005fb8    0000000e     startup_msp432p401r_ccs.obj (.text)
                  00005fc6    0000000c     rtsv7M4_T_le_v4SPD16_eabi.lib : copy_zero_init.c.obj (.text:decompress:ZI:__TI_zero_init)
                  00005fd2    00000002     --HOLE-- [fill = 0]
                  00005fd4    00000008                                   : errno.c.obj (.text:__aeabi_errno_addr)
                  00005fdc    00000008                                   : memory.c.obj (.text:malloc)
                  00005fe4    00000004                                   : printf.c.obj (.text:_outc)
                  00005fe8    00000004                                   : printf.c.obj (.text:_outs)
                  00005fec    00000004                                   : pre_init.c.obj (.text:_system_pre_init)
                  00005ff0    00000004                                   : exit.c.obj (.text:abort:abort)

.const     0    00005ff4    000006c2     
                  00005ff4    0000055e     SSD1306_I2C.obj (.const:ASCII)
                  00006552    00000101     rtsv7M4_T_le_v4SPD16_eabi.lib : ctype.c.obj (.const:.string:_ctypes_)
                  00006653    00000008     SSD1306_I2C.obj (.const:.string:postmask)
                  0000665b    00000008     SSD1306_I2C.obj (.const:.string:premask)
                  00006663    00000001     --HOLE-- [fill = 0]
                  00006664    00000008     Seeed_HC12main.obj (.const:defaultMsg)
                  0000666c    00000008     Seeed_HC12main.obj (.const:msgSend)
                  00006674    00000007     SSD1306_I2C.obj (.const:.string:init5)
                  0000667b    00000001     --HOLE-- [fill = 0]
                  0000667c    00000006     Seeed_HC12main.obj (.const:.string)
                  00006682    00000006     Seeed_HC12main.obj (.const:idx)
                  00006688    00000005     SSD1306_I2C.obj (.const:.string:dlist1)
                  0000668d    00000005     SSD1306_I2C.obj (.const:.string:init1)
                  00006692    00000005     SSD1306_I2C.obj (.const:.string:init2)
                  00006697    00000005     SSD1306_I2C.obj (.const:.string:init3)
                  0000669c    00000004     SSD1306_I2C.obj (.const:.string:init4b)
                  000066a0    00000003     SSD1306_I2C.obj (.const:.string:scrollList1b)
                  000066a3    00000003     SSD1306_I2C.obj (.const:.string:scrollList2b)
                  000066a6    00000002     SSD1306_I2C.obj (.const:.string:scrollList1a)
                  000066a8    00000002     SSD1306_I2C.obj (.const:.string:scrollList2a)
                  000066aa    00000002     SSD1306_I2C.obj (.const:.string:scrollList3a)
                  000066ac    00000002     SSD1306_I2C.obj (.const:.string:scrollList3b)
                  000066ae    00000002     SSD1306_I2C.obj (.const:.string:scrollList3c)
                  000066b0    00000002     SSD1306_I2C.obj (.const:.string:scrollList4a)
                  000066b2    00000002     SSD1306_I2C.obj (.const:.string:scrollList4b)
                  000066b4    00000002     SSD1306_I2C.obj (.const:.string:scrollList4c)

.cinit     0    000066b8    000000a0     
                  000066b8    0000007a     (.cinit..data.load) [load image, compression = lzss]
                  00006732    00000002     --HOLE-- [fill = 0]
                  00006734    0000000c     (__TI_handler_table)
                  00006740    00000008     (.cinit..bss.load) [load image, compression = zero_init]
                  00006748    00000010     (__TI_cinit_table)

.init_array 
*          0    00000000    00000000     UNINITIALIZED

.binit     0    00000000    00000000     

.bss       0    20000000    0000070d     UNINITIALIZED
                  20000000    00000400     (.common:buffer)
                  20000400    00000120     rtsv7M4_T_le_v4SPD16_eabi.lib : trgmsg.c.obj (.bss:_CIOBUF_)
                  20000520    00000100     (.common:RxFIFO)
                  20000620    000000a0     (.common:__TI_tmpnams)
                  200006c0    00000008     (.common:Messageb)
                  200006c8    00000008     (.common:msgReceived)
                  200006d0    00000008     (.common:parmbuf)
                  200006d8    00000004     (.common:Flag)
                  200006dc    00000004     (.common:MainCount)
                  200006e0    00000004     (.common:Message)
                  200006e4    00000004     (.common:Messageindexb)
                  200006e8    00000004     (.common:RxFifoLost)
                  200006ec    00000004     (.common:RxGetI)
                  200006f0    00000004     (.common:RxPutI)
                  200006f4    00000004     (.common:Time)
                  200006f8    00000004     (.common:receiveBuffer)
                  200006fc    00000004     (.common:rotation)
                  20000700    00000004     (.common:validMsg)
                  20000704    00000004     (.common:vccstate)
                  20000708    00000002     (.common:StartX)
                  2000070a    00000002     (.common:StartY)
                  2000070c    00000001     (.common:HC12data)

.sysmem    0    20000710    00000400     UNINITIALIZED
                  20000710    00000010     rtsv7M4_T_le_v4SPD16_eabi.lib : memory.c.obj (.sysmem)
                  20000720    000003f0     --HOLE--

.data      0    20000b10    00000220     UNINITIALIZED
                  20000b10    000000f0     rtsv7M4_T_le_v4SPD16_eabi.lib : defs.c.obj (.data:_ftable)
                  20000c00    00000078                                   : host_device.c.obj (.data:_device)
                  20000c78    00000050                                   : host_device.c.obj (.data:_stream)
                  20000cc8    00000018     Clock.obj (.data)
                  20000ce0    00000010     rtsv7M4_T_le_v4SPD16_eabi.lib : defs.c.obj (.data)
                  20000cf0    0000000c                                   : exit.c.obj (.data:$O1$$)
                  20000cfc    0000000c     Seeed_HC12main.obj (.data)
                  20000d08    00000008     rtsv7M4_T_le_v4SPD16_eabi.lib : _lock.c.obj (.data:$O1$$)
                  20000d10    00000008                                   : memory.c.obj (.data:$O1$$)
                  20000d18    00000004     SSD1306_I2C.obj (.data)
                  20000d1c    00000004     rtsv7M4_T_le_v4SPD16_eabi.lib : add_device.c.obj (.data)
                  20000d20    00000004                                   : errno.c.obj (.data)
                  20000d24    00000004                                   : fopen.c.obj (.data)
                  20000d28    00000004                                   : open.c.obj (.data)
                  20000d2c    00000004     system_msp432p401r.obj (.data)

.stack     0    2000fe00    00000200     UNINITIALIZED
                  2000fe00    00000004     rtsv7M4_T_le_v4SPD16_eabi.lib : boot_cortex_m.c.obj (.stack)
                  2000fe04    000001fc     --HOLE--

__llvm_prf_cnts 
*          0    20000000    00000000     UNINITIALIZED

MODULE SUMMARY

       Module                        code    ro data   rw data
       ------                        ----    -------   -------
    .\
       SSD1306_I2C.obj               5860    1443      2080   
       Seeed_HC12main.obj            2008    28        90     
       UART0.obj                     1760    0         24     
       UART1.obj                     536     0         536    
       I2CB1.obj                     932     0         0      
       system_msp432p401r.obj        820     0         8      
       Clock.obj                     480     0         48     
       LaunchPad.obj                 248     0         0      
       startup_msp432p401r_ccs.obj   14      228       0      
       SysTickInts.obj               64      0         0      
       CortexM.obj                   36      0         0      
    +--+-----------------------------+-------+---------+---------+
       Total:                        12758   1699      2786   
                                                              
    C:\ti\ccs1200\ccs\tools\compiler\ti-cgt-arm_20.2.6.LTS\lib\rtsv7M4_T_le_v4SPD16_eabi.lib
       _printfi.c.obj                4851    0         0      
       defs.c.obj                    0       0         832    
       memory.c.obj                  672     0         16     
       trgmsg.c.obj                  108     0         576    
       fopen.c.obj                   532     0         8      
       fd_add_t2.asm.obj             438     0         0      
       host_device.c.obj             0       0         400    
       fd_div_t2.asm.obj             310     0         0      
       fputs.c.obj                   276     0         0      
       s_scalbn.c.obj                272     0         0      
       fd_cmp_t2.asm.obj             268     0         0      
       ctype.c.obj                   0       257       0      
       fd_mul_t2.asm.obj             252     0         0      
       setvbuf.c.obj                 220     0         0      
       open.c.obj                    188     0         8      
       add_device.c.obj              184     0         8      
       memcpy_t2.asm.obj             156     0         0      
       ull_div_t2.asm.obj            150     0         0      
       fputc.c.obj                   140     0         0      
       memset_t2.asm.obj             122     0         0      
       fclose.c.obj                  116     0         0      
       getdevice.c.obj               116     0         0      
       hostopen.c.obj                96      0         16     
       printf.c.obj                  112     0         0      
       hostrename.c.obj              108     0         0      
       copy_decompress_lzss.c.obj    104     0         0      
       hostlseek.c.obj               104     0         0      
       exit.c.obj                    76      0         24     
       fseek.c.obj                   100     0         0      
       s_frexp.c.obj                 100     0         0      
       _io_perm.c.obj                98      0         0      
       close.c.obj                   92      0         0      
       hostread.c.obj                88      0         0      
       hostwrite.c.obj               88      0         0      
       _ltoa.c.obj                   84      0         0      
       atoi.c.obj                    76      0         0      
       fflush.c.obj                  76      0         0      
       fd_toi_t2.asm.obj             72      0         0      
       autoinit.c.obj                68      0         0      
       hostclose.c.obj               68      0         0      
       hostunlink.c.obj              68      0         0      
       strncpy.c.obj                 54      0         0      
       boot_cortex_m.c.obj           52      0         0      
       i_tofd_t2.asm.obj             46      0         0      
       unlink.c.obj                  44      0         0      
       lseek.c.obj                   40      0         0      
       write.c.obj                   40      0         0      
       memchr.c.obj                  32      0         0      
       memccpy.c.obj                 28      0         0      
       s_copysign.c.obj              26      0         0      
       strcmp.c.obj                  24      0         0      
       strchr.c.obj                  22      0         0      
       strcpy.c.obj                  20      0         0      
       strlen.c.obj                  20      0         0      
       _lock.c.obj                   2       0         16     
       wcslen.c.obj                  18      0         0      
       errno.c.obj                   8       0         8      
       copy_decompress_none.c.obj    14      0         0      
       copy_zero_init.c.obj          12      0         0      
       pre_init.c.obj                4       0         0      
       div0.asm.obj                  2       0         0      
    +--+-----------------------------+-------+---------+---------+
       Total:                        11557   257       1912   
                                                              
       Heap:                         0       0         2048   
       Stack:                        0       0         1024   
       Linker Generated:             0       158       0      
    +--+-----------------------------+-------+---------+---------+
       Grand Total:                  24315   2114      7770   


LINKER GENERATED COPY TABLES

__TI_cinit_table @ 00006748 records: 2, size/record: 8, table size: 16
	.data: load addr=000066b8, load size=0000007a bytes, run addr=20000b10, run size=00000220 bytes, compression=lzss
	.bss: load addr=00006740, load size=00000008 bytes, run addr=20000000, run size=0000070d bytes, compression=zero_init


LINKER GENERATED HANDLER TABLE

__TI_handler_table @ 00006734 records: 3, size/record: 4, table size: 12
	index: 0, handler: __TI_decompress_lzss
	index: 1, handler: __TI_decompress_none
	index: 2, handler: __TI_zero_init


GLOBAL SYMBOLS: SORTED ALPHABETICALLY BY Name 

address   name                           
-------   ----                           
00005fc5  ADC14_IRQHandler               
00005fc5  AES256_IRQHandler              
00005fc5  BusFault_Handler               
00005ff1  C$$EXIT                        
00005c97  C$$IO$$                        
00005fc5  COMP_E0_IRQHandler             
00005fc5  COMP_E1_IRQHandler             
20000cd0  CPMwait                        
00005fc5  CS_IRQHandler                  
20000cc8  ClockFrequency                 
00003d85  Clock_Delay1ms                 
00003d5b  Clock_Delay1us                 
00003d47  Clock_GetFreq                  
00003c31  Clock_Init48MHz                
20000cdc  Crystalstable                  
20000d18  CurrentX                       
20000d1a  CurrentY                       
00005fc5  DMA_ERR_IRQHandler             
00005fc5  DMA_INT0_IRQHandler            
00005fc5  DMA_INT1_IRQHandler            
00005fc5  DMA_INT2_IRQHandler            
00005fc5  DMA_INT3_IRQHandler            
00005fc5  DebugMon_Handler               
00005fc5  Default_Handler                
00005ead  DisableInterrupts              
00005fc5  EUSCIA0_IRQHandler             
00005fc5  EUSCIA1_IRQHandler             
00003bb5  EUSCIA2_IRQHandler             
00003bb5  EUSCIA2_IRQHandler             
00005fc5  EUSCIA3_IRQHandler             
00005fc5  EUSCIB0_IRQHandler             
00005fc5  EUSCIB1_IRQHandler             
00005fc5  EUSCIB2_IRQHandler             
00005fc5  EUSCIB3_IRQHandler             
00005eb3  EnableInterrupts               
00005ec3  EndCritical                    
00005fc5  FLCTL_IRQHandler               
00005fc5  FPU_IRQHandler                 
200006d8  Flag                           
00002691  HC12_Init                      
00002655  HC12_ReadAllInput              
2000070c  HC12data                       
00005ad9  HOSTclose                      
000054e5  HOSTlseek                      
00005749  HOSTopen                       
00005805  HOSTread                       
00005479  HOSTrename                     
00005b1d  HOSTunlink                     
0000585d  HOSTwrite                      
00005fc5  HardFault_Handler              
000030d1  I2CB1_Init                     
00003197  I2CB1_Recv                     
000033eb  I2CB1_Recv1                    
0000311f  I2CB1_Send                     
00003213  I2CB1_Send1                    
0000326f  I2CB1_Send2                    
000032df  I2CB1_Send3                    
0000335d  I2CB1_Send4                    
000000e5  I2C_SendData                   
20000cd8  IFlags                         
00004a61  LaunchPad_Init                 
00004ad1  LaunchPad_Input                
00004aef  LaunchPad_LED                  
00004b0d  LaunchPad_Output               
200006dc  MainCount                      
00005fc5  MemManage_Handler              
200006e0  Message                        
200006c0  Messageb                       
200006e4  Messageindexb                  
00005fc5  NMI_Handler                    
00005fc5  PCM_IRQHandler                 
00005fc5  PORT1_IRQHandler               
00005fc5  PORT2_IRQHandler               
00005fc5  PORT3_IRQHandler               
00005fc5  PORT4_IRQHandler               
00005fc5  PORT5_IRQHandler               
00005fc5  PORT6_IRQHandler               
00005fc5  PSS_IRQHandler                 
000022e5  Parse_Check_Msg                
00005fc5  PendSV_Handler                 
20000cd4  Postwait                       
20000ccc  Prewait                        
00005fc5  RTC_C_IRQHandler               
00002293  Read_Msg                       
00005fb9  Reset_Handler                  
20000520  RxFIFO                         
200006e8  RxFifoLost                     
00003a71  RxFifo_Get                     
00003a19  RxFifo_Init                    
00003a2b  RxFifo_Put                     
200006ec  RxGetI                         
200006f0  RxPutI                         
000004a9  SSD1306_ClearBuffer            
00000ed1  SSD1306_Dim                    
00000505  SSD1306_DrawBMP                
000003c5  SSD1306_DrawChar               
00000741  SSD1306_DrawFastHLine          
00000965  SSD1306_DrawFastVLine          
00000d9d  SSD1306_DrawFullImage          
00000241  SSD1306_DrawPixel              
00000469  SSD1306_DrawString             
00000d7b  SSD1306_GetBuffer              
00000c7d  SSD1306_GetPixel               
000001a7  SSD1306_Init                   
00000ebb  SSD1306_InvertDisplay          
00000d7f  SSD1306_OutBuffer              
00000f79  SSD1306_OutChar                
000004dd  SSD1306_OutClear               
00001673  SSD1306_OutHex7                
000012c1  SSD1306_OutSDec                
00001585  SSD1306_OutSFix1               
00001081  SSD1306_OutString              
000010dd  SSD1306_OutUDec                
000016d1  SSD1306_OutUDec16              
00001769  SSD1306_OutUDec2               
000014f7  SSD1306_OutUFix1               
000016a9  SSD1306_OutUHex7               
00000f09  SSD1306_SetCursor              
00000e71  SSD1306_startscrolldiagleft    
00000e2d  SSD1306_startscrolldiagright   
00000df7  SSD1306_startscrollleft        
00000dc5  SSD1306_startscrollright       
00000eb1  SSD1306_stopscroll             
00005fc5  SVC_Handler                    
0000223d  Send_Msg                       
00005eb9  StartCritical                  
20000708  StartX                         
2000070a  StartY                         
00002415  SysTick_Handler                
00002415  SysTick_Handler                
00005be9  SysTick_Init                   
20000d2c  SystemCoreClock                
00003475  SystemCoreClockUpdate          
000036ed  SystemInit                     
00005fc5  T32_INT1_IRQHandler            
00005fc5  T32_INT2_IRQHandler            
00005fc5  T32_INTC_IRQHandler            
00005fc5  TA0_0_IRQHandler               
00005fc5  TA0_N_IRQHandler               
00005fc5  TA1_0_IRQHandler               
00005fc5  TA1_N_IRQHandler               
00005fc5  TA2_0_IRQHandler               
00005fc5  TA2_N_IRQHandler               
00005fc5  TA3_0_IRQHandler               
00005fc5  TA3_N_IRQHandler               
200006f4  Time                           
00002a37  UART0_InChar                   
00002ee1  UART0_InString                 
00002a81  UART0_InUDec                   
00002d95  UART0_InUHex                   
000029f1  UART0_Init                     
00003043  UART0_Initprintf               
00002a47  UART0_OutChar                  
00002b35  UART0_OutSDec                  
00002a63  UART0_OutString                
00002b05  UART0_OutUDec                  
00002ca9  UART0_OutUDec4                 
00002cf1  UART0_OutUDec5                 
00002d23  UART0_OutUFix1                 
00002d4b  UART0_OutUFix2                 
00002e59  UART0_OutUHex                  
00002ec5  UART0_OutUHex2                 
00003be9  UART1_FinishOutput             
00003b87  UART1_InChar                   
00003b73  UART1_InCharNonBlock           
00003aa7  UART1_InStatus                 
00003ab7  UART1_Init                     
00003b13  UART1_InitB                    
00003b99  UART1_OutChar                  
00003bcb  UART1_OutString                
00005fc5  UsageFault_Handler             
4000480c  WDTCTL_SYM                     
00005fc5  WDT_A_IRQHandler               
00005ecb  WaitForInterrupt               
20000400  __CIOBUF_                      
20010000  __STACK_END                    
00000200  __STACK_SIZE                   
00000400  __SYSMEM_SIZE                  
00006748  __TI_CINIT_Base                
00006758  __TI_CINIT_Limit               
00006734  __TI_Handler_Table_Base        
00006740  __TI_Handler_Table_Limit       
00005b61  __TI_auto_init_nobinit_nopinit 
00005cd9  __TI_cleanup                   
20000cf0  __TI_cleanup_ptr               
00005325  __TI_closefile                 
0000554d  __TI_decompress_lzss           
00005fab  __TI_decompress_none           
000059b1  __TI_doflush                   
20000cf4  __TI_dtors_ptr                 
20000cf8  __TI_enable_exit_profile_output
20000ce0  __TI_ft_end                    
0000590b  __TI_ltoa                      
ffffffff  __TI_pprof_out_hndl            
000017c9  __TI_printfi                   
ffffffff  __TI_prof_data_size            
ffffffff  __TI_prof_data_start           
00005d0d  __TI_readmsg                   
00000000  __TI_static_base__             
20000620  __TI_tmpnams                   
00005c69  __TI_writemsg                  
000056e5  __TI_wrt_ok                    
00005fc7  __TI_zero_init                 
0000519d  __aeabi_cdcmpeq                
0000519d  __aeabi_cdcmple                
00005223  __aeabi_cdrcmple               
00005a91  __aeabi_d2iz                   
00003feb  __aeabi_dadd                   
000042d5  __aeabi_ddiv                   
00004965  __aeabi_dmul                   
00003fe1  __aeabi_dsub                   
00005fd5  __aeabi_errno_addr             
00005dd9  __aeabi_i2d                    
00004197  __aeabi_idiv0                  
00004197  __aeabi_ldiv0                  
000052a9  __aeabi_memclr                 
000052a9  __aeabi_memclr4                
000052a9  __aeabi_memclr8                
00004fdd  __aeabi_memcpy                 
00004fdd  __aeabi_memcpy4                
00004fdd  __aeabi_memcpy8                
000052ab  __aeabi_memset                 
000052ab  __aeabi_memset4                
000052ab  __aeabi_memset8                
20000cec  __aeabi_stderr                 
20000ce4  __aeabi_stdin                  
20000ce8  __aeabi_stdout                 
00005079  __aeabi_uldivmod               
ffffffff  __binit__                      
ffffffff  __c_args__                     
UNDEFED   __mpu_init                     
2000fe00  __stack                        
20000000  __start___llvm_prf_cnts        
20000000  __stop___llvm_prf_cnts         
00005d41  _c_int00_noargs                
00006552  _ctypes_                       
20000c00  _device                        
20000b10  _ftable                        
20000d08  _lock                          
00002217  _nop                           
20000c78  _stream                        
20000710  _sys_memory                    
UNDEFED   _system_post_cinit             
00005fed  _system_pre_init               
20000d0c  _unlock                        
00005ff1  abort                          
00004dd5  add_device                     
00004865  aligned_alloc                  
000059fd  atoi                           
ffffffff  binit                          
20000cfd  btnLatch                       
20000000  buffer                         
000057a9  close                          
00005f29  copysign                       
00005f29  copysignl                      
00006664  defaultMsg                     
00003d4d  delay                          
20000d04  device_count                   
20000d20  errno                          
00005a49  exit                           
00002f75  ferror                         
00002f5b  fgetc                          
00005da9  finddevice                     
00004f41  fopen                          
00005111  fputc                          
00004531  fputs                          
00004b59  free                           
00005d75  freopen                        
0000561d  frexp                          
0000561d  frexpl                         
00005681  fseek                          
00005ba5  getdevice                      
00006682  idx                            
00000000  interruptVectors               
00004755  ldexp                          
00004755  ldexpl                         
00005e5d  lseek                          
00002755  main                           
00005fdd  malloc                         
00004865  memalign                       
00005f0d  memccpy                        
00005ed1  memchr                         
00004fdd  memcpy                         
000052b1  memset                         
200006c8  msgReceived                    
0000666c  msgSend                        
20000cff  oldInput                       
00004d19  open                           
00002e9d  outnibble                      
200006d0  parmbuf                        
000055b5  printf                         
00005111  putc                           
200006f8  receiveBuffer                  
00005e09  remove                         
200006fc  rotation                       
00004755  scalbn                         
00004755  scalbnl                        
20000cfe  sendFlg                        
20000cfc  seqInd                         
00004c3d  setvbuf                        
00002219  simple_delay                   
0000016d  ssd1306command                 
00000181  ssd1306command1                
00000195  ssd1306commandList             
00000853  ssd1306drawFastHLineInternal   
00000a7d  ssd1306drawFastVLineInternal   
00005f5b  strchr                         
00005f43  strcmp                         
00005f71  strcpy                         
00005f85  strlen                         
00005ca1  strncpy                        
20000d00  thisID                         
00002f9b  uart_close                     
00003019  uart_lseek                     
00002f8b  uart_open                      
00002fa7  uart_read                      
00003035  uart_rename                    
00003029  uart_unlink                    
00002fd7  uart_write                     
00005e09  unlink                         
20000700  validMsg                       
20000704  vccstate                       
00005f99  wcslen                         
00005e85  write                          


GLOBAL SYMBOLS: SORTED BY Symbol Address 

address   name                           
-------   ----                           
00000000  __TI_static_base__             
00000000  interruptVectors               
000000e5  I2C_SendData                   
0000016d  ssd1306command                 
00000181  ssd1306command1                
00000195  ssd1306commandList             
000001a7  SSD1306_Init                   
00000200  __STACK_SIZE                   
00000241  SSD1306_DrawPixel              
000003c5  SSD1306_DrawChar               
00000400  __SYSMEM_SIZE                  
00000469  SSD1306_DrawString             
000004a9  SSD1306_ClearBuffer            
000004dd  SSD1306_OutClear               
00000505  SSD1306_DrawBMP                
00000741  SSD1306_DrawFastHLine          
00000853  ssd1306drawFastHLineInternal   
00000965  SSD1306_DrawFastVLine          
00000a7d  ssd1306drawFastVLineInternal   
00000c7d  SSD1306_GetPixel               
00000d7b  SSD1306_GetBuffer              
00000d7f  SSD1306_OutBuffer              
00000d9d  SSD1306_DrawFullImage          
00000dc5  SSD1306_startscrollright       
00000df7  SSD1306_startscrollleft        
00000e2d  SSD1306_startscrolldiagright   
00000e71  SSD1306_startscrolldiagleft    
00000eb1  SSD1306_stopscroll             
00000ebb  SSD1306_InvertDisplay          
00000ed1  SSD1306_Dim                    
00000f09  SSD1306_SetCursor              
00000f79  SSD1306_OutChar                
00001081  SSD1306_OutString              
000010dd  SSD1306_OutUDec                
000012c1  SSD1306_OutSDec                
000014f7  SSD1306_OutUFix1               
00001585  SSD1306_OutSFix1               
00001673  SSD1306_OutHex7                
000016a9  SSD1306_OutUHex7               
000016d1  SSD1306_OutUDec16              
00001769  SSD1306_OutUDec2               
000017c9  __TI_printfi                   
00002217  _nop                           
00002219  simple_delay                   
0000223d  Send_Msg                       
00002293  Read_Msg                       
000022e5  Parse_Check_Msg                
00002415  SysTick_Handler                
00002415  SysTick_Handler                
00002655  HC12_ReadAllInput              
00002691  HC12_Init                      
00002755  main                           
000029f1  UART0_Init                     
00002a37  UART0_InChar                   
00002a47  UART0_OutChar                  
00002a63  UART0_OutString                
00002a81  UART0_InUDec                   
00002b05  UART0_OutUDec                  
00002b35  UART0_OutSDec                  
00002ca9  UART0_OutUDec4                 
00002cf1  UART0_OutUDec5                 
00002d23  UART0_OutUFix1                 
00002d4b  UART0_OutUFix2                 
00002d95  UART0_InUHex                   
00002e59  UART0_OutUHex                  
00002e9d  outnibble                      
00002ec5  UART0_OutUHex2                 
00002ee1  UART0_InString                 
00002f5b  fgetc                          
00002f75  ferror                         
00002f8b  uart_open                      
00002f9b  uart_close                     
00002fa7  uart_read                      
00002fd7  uart_write                     
00003019  uart_lseek                     
00003029  uart_unlink                    
00003035  uart_rename                    
00003043  UART0_Initprintf               
000030d1  I2CB1_Init                     
0000311f  I2CB1_Send                     
00003197  I2CB1_Recv                     
00003213  I2CB1_Send1                    
0000326f  I2CB1_Send2                    
000032df  I2CB1_Send3                    
0000335d  I2CB1_Send4                    
000033eb  I2CB1_Recv1                    
00003475  SystemCoreClockUpdate          
000036ed  SystemInit                     
00003a19  RxFifo_Init                    
00003a2b  RxFifo_Put                     
00003a71  RxFifo_Get                     
00003aa7  UART1_InStatus                 
00003ab7  UART1_Init                     
00003b13  UART1_InitB                    
00003b73  UART1_InCharNonBlock           
00003b87  UART1_InChar                   
00003b99  UART1_OutChar                  
00003bb5  EUSCIA2_IRQHandler             
00003bb5  EUSCIA2_IRQHandler             
00003bcb  UART1_OutString                
00003be9  UART1_FinishOutput             
00003c31  Clock_Init48MHz                
00003d47  Clock_GetFreq                  
00003d4d  delay                          
00003d5b  Clock_Delay1us                 
00003d85  Clock_Delay1ms                 
00003fe1  __aeabi_dsub                   
00003feb  __aeabi_dadd                   
00004197  __aeabi_idiv0                  
00004197  __aeabi_ldiv0                  
000042d5  __aeabi_ddiv                   
00004531  fputs                          
00004755  ldexp                          
00004755  ldexpl                         
00004755  scalbn                         
00004755  scalbnl                        
00004865  aligned_alloc                  
00004865  memalign                       
00004965  __aeabi_dmul                   
00004a61  LaunchPad_Init                 
00004ad1  LaunchPad_Input                
00004aef  LaunchPad_LED                  
00004b0d  LaunchPad_Output               
00004b59  free                           
00004c3d  setvbuf                        
00004d19  open                           
00004dd5  add_device                     
00004f41  fopen                          
00004fdd  __aeabi_memcpy                 
00004fdd  __aeabi_memcpy4                
00004fdd  __aeabi_memcpy8                
00004fdd  memcpy                         
00005079  __aeabi_uldivmod               
00005111  fputc                          
00005111  putc                           
0000519d  __aeabi_cdcmpeq                
0000519d  __aeabi_cdcmple                
00005223  __aeabi_cdrcmple               
000052a9  __aeabi_memclr                 
000052a9  __aeabi_memclr4                
000052a9  __aeabi_memclr8                
000052ab  __aeabi_memset                 
000052ab  __aeabi_memset4                
000052ab  __aeabi_memset8                
000052b1  memset                         
00005325  __TI_closefile                 
00005479  HOSTrename                     
000054e5  HOSTlseek                      
0000554d  __TI_decompress_lzss           
000055b5  printf                         
0000561d  frexp                          
0000561d  frexpl                         
00005681  fseek                          
000056e5  __TI_wrt_ok                    
00005749  HOSTopen                       
000057a9  close                          
00005805  HOSTread                       
0000585d  HOSTwrite                      
0000590b  __TI_ltoa                      
000059b1  __TI_doflush                   
000059fd  atoi                           
00005a49  exit                           
00005a91  __aeabi_d2iz                   
00005ad9  HOSTclose                      
00005b1d  HOSTunlink                     
00005b61  __TI_auto_init_nobinit_nopinit 
00005ba5  getdevice                      
00005be9  SysTick_Init                   
00005c69  __TI_writemsg                  
00005c97  C$$IO$$                        
00005ca1  strncpy                        
00005cd9  __TI_cleanup                   
00005d0d  __TI_readmsg                   
00005d41  _c_int00_noargs                
00005d75  freopen                        
00005da9  finddevice                     
00005dd9  __aeabi_i2d                    
00005e09  remove                         
00005e09  unlink                         
00005e5d  lseek                          
00005e85  write                          
00005ead  DisableInterrupts              
00005eb3  EnableInterrupts               
00005eb9  StartCritical                  
00005ec3  EndCritical                    
00005ecb  WaitForInterrupt               
00005ed1  memchr                         
00005f0d  memccpy                        
00005f29  copysign                       
00005f29  copysignl                      
00005f43  strcmp                         
00005f5b  strchr                         
00005f71  strcpy                         
00005f85  strlen                         
00005f99  wcslen                         
00005fab  __TI_decompress_none           
00005fb9  Reset_Handler                  
00005fc5  ADC14_IRQHandler               
00005fc5  AES256_IRQHandler              
00005fc5  BusFault_Handler               
00005fc5  COMP_E0_IRQHandler             
00005fc5  COMP_E1_IRQHandler             
00005fc5  CS_IRQHandler                  
00005fc5  DMA_ERR_IRQHandler             
00005fc5  DMA_INT0_IRQHandler            
00005fc5  DMA_INT1_IRQHandler            
00005fc5  DMA_INT2_IRQHandler            
00005fc5  DMA_INT3_IRQHandler            
00005fc5  DebugMon_Handler               
00005fc5  Default_Handler                
00005fc5  EUSCIA0_IRQHandler             
00005fc5  EUSCIA1_IRQHandler             
00005fc5  EUSCIA3_IRQHandler             
00005fc5  EUSCIB0_IRQHandler             
00005fc5  EUSCIB1_IRQHandler             
00005fc5  EUSCIB2_IRQHandler             
00005fc5  EUSCIB3_IRQHandler             
00005fc5  FLCTL_IRQHandler               
00005fc5  FPU_IRQHandler                 
00005fc5  HardFault_Handler              
00005fc5  MemManage_Handler              
00005fc5  NMI_Handler                    
00005fc5  PCM_IRQHandler                 
00005fc5  PORT1_IRQHandler               
00005fc5  PORT2_IRQHandler               
00005fc5  PORT3_IRQHandler               
00005fc5  PORT4_IRQHandler               
00005fc5  PORT5_IRQHandler               
00005fc5  PORT6_IRQHandler               
00005fc5  PSS_IRQHandler                 
00005fc5  PendSV_Handler                 
00005fc5  RTC_C_IRQHandler               
00005fc5  SVC_Handler                    
00005fc5  T32_INT1_IRQHandler            
00005fc5  T32_INT2_IRQHandler            
00005fc5  T32_INTC_IRQHandler            
00005fc5  TA0_0_IRQHandler               
00005fc5  TA0_N_IRQHandler               
00005fc5  TA1_0_IRQHandler               
00005fc5  TA1_N_IRQHandler               
00005fc5  TA2_0_IRQHandler               
00005fc5  TA2_N_IRQHandler               
00005fc5  TA3_0_IRQHandler               
00005fc5  TA3_N_IRQHandler               
00005fc5  UsageFault_Handler             
00005fc5  WDT_A_IRQHandler               
00005fc7  __TI_zero_init                 
00005fd5  __aeabi_errno_addr             
00005fdd  malloc                         
00005fed  _system_pre_init               
00005ff1  C$$EXIT                        
00005ff1  abort                          
00006552  _ctypes_                       
00006664  defaultMsg                     
0000666c  msgSend                        
00006682  idx                            
00006734  __TI_Handler_Table_Base        
00006740  __TI_Handler_Table_Limit       
00006748  __TI_CINIT_Base                
00006758  __TI_CINIT_Limit               
20000000  __start___llvm_prf_cnts        
20000000  __stop___llvm_prf_cnts         
20000000  buffer                         
20000400  __CIOBUF_                      
20000520  RxFIFO                         
20000620  __TI_tmpnams                   
200006c0  Messageb                       
200006c8  msgReceived                    
200006d0  parmbuf                        
200006d8  Flag                           
200006dc  MainCount                      
200006e0  Message                        
200006e4  Messageindexb                  
200006e8  RxFifoLost                     
200006ec  RxGetI                         
200006f0  RxPutI                         
200006f4  Time                           
200006f8  receiveBuffer                  
200006fc  rotation                       
20000700  validMsg                       
20000704  vccstate                       
20000708  StartX                         
2000070a  StartY                         
2000070c  HC12data                       
20000710  _sys_memory                    
20000b10  _ftable                        
20000c00  _device                        
20000c78  _stream                        
20000cc8  ClockFrequency                 
20000ccc  Prewait                        
20000cd0  CPMwait                        
20000cd4  Postwait                       
20000cd8  IFlags                         
20000cdc  Crystalstable                  
20000ce0  __TI_ft_end                    
20000ce4  __aeabi_stdin                  
20000ce8  __aeabi_stdout                 
20000cec  __aeabi_stderr                 
20000cf0  __TI_cleanup_ptr               
20000cf4  __TI_dtors_ptr                 
20000cf8  __TI_enable_exit_profile_output
20000cfc  seqInd                         
20000cfd  btnLatch                       
20000cfe  sendFlg                        
20000cff  oldInput                       
20000d00  thisID                         
20000d04  device_count                   
20000d08  _lock                          
20000d0c  _unlock                        
20000d18  CurrentX                       
20000d1a  CurrentY                       
20000d20  errno                          
20000d2c  SystemCoreClock                
2000fe00  __stack                        
20010000  __STACK_END                    
4000480c  WDTCTL_SYM                     
ffffffff  __TI_pprof_out_hndl            
ffffffff  __TI_prof_data_size            
ffffffff  __TI_prof_data_start           
ffffffff  __binit__                      
ffffffff  __c_args__                     
ffffffff  binit                          
UNDEFED   __mpu_init                     
UNDEFED   _system_post_cinit             

[324 symbols]
