******************************************************************************
                  TI ARM Linker PC v20.2.6                     
******************************************************************************
>> Linked Tue Sep 20 21:14:30 2022

OUTPUT FILE NAME:   <Seeed_HC12.out>
ENTRY POINT SYMBOL: "_c_int00_noargs"  address: 00006111


MEMORY CONFIGURATION

         name            origin    length      used     unused   attr    fill
----------------------  --------  ---------  --------  --------  ----  --------
  MAIN                  00000000   00040000  00006b52  000394ae  R  X
  INFO                  00200000   00004000  00000000  00004000  R  X
  SRAM_CODE             01000000   00010000  00000f59  0000f0a7  RW X
  SRAM_DATA             20000000   00010000  00000f59  0000f0a7  RW  


SEGMENT ALLOCATION MAP

run origin  load origin   length   init length attrs members
----------  ----------- ---------- ----------- ----- -------
00000000    00000000    00006b58   00006b58    r-x
  00000000    00000000    000000e4   000000e4    r-- .intvecs
  000000e4    000000e4    000062e0   000062e0    r-x .text
  000063c4    000063c4    000006ee   000006ee    r-- .const
  00006ab8    00006ab8    000000a0   000000a0    r-- .cinit
20000000    20000000    00000d5c   00000000    rw-
  20000000    20000000    00000735   00000000    rw- .bss
  20000738    20000738    00000400   00000000    rw- .sysmem
  20000b38    20000b38    00000224   00000000    rw- .data
2000fe00    2000fe00    00000200   00000000    rw-
  2000fe00    2000fe00    00000200   00000000    rw- .stack


SECTION ALLOCATION MAP

 output                                  attributes/
section   page    origin      length       input sections
--------  ----  ----------  ----------   ----------------
.intvecs   0    00000000    000000e4     
                  00000000    000000e4     startup_msp432p401r_ccs.obj (.intvecs:retain)

.text      0    000000e4    000062e0     
                  000000e4    000016e4     SSD1306_I2C.obj (.text)
                  000017c8    00000ba8     Seeed_HC12main.obj (.text)
                  00002370    00000a4e     rtsv7M4_T_le_v4SPD16_eabi.lib : _printfi.c.obj (.text:__TI_printfi)
                  00002dbe    00000002                                   : _lock.c.obj (.text:_nop)
                  00002dc0    000006e0     UART0.obj (.text)
                  000034a0    000003a4     I2CB1.obj (.text)
                  00003844    00000334     system_msp432p401r.obj (.text)
                  00003b78    00000270     rtsv7M4_T_le_v4SPD16_eabi.lib : _printfi.c.obj (.text:_pconv_a)
                  00003de8    00000218     UART1.obj (.text)
                  00004000    000001e0     Clock.obj (.text)
                  000041e0    000001d0     rtsv7M4_T_le_v4SPD16_eabi.lib : _printfi.c.obj (.text:_pconv_g)
                  000043b0    000001b6                                   : fd_add_t2.asm.obj (.text)
                  00004566    00000002                                   : div0.asm.obj (.text)
                  00004568    0000013c                                   : _printfi.c.obj (.text:_pconv_e)
                  000046a4    00000136                                   : fd_div_t2.asm.obj (.text)
                  000047da    00000002     --HOLE-- [fill = 0]
                  000047dc    00000124                                   : _printfi.c.obj (.text:fcvt)
                  00004900    00000114                                   : fputs.c.obj (.text:fputs)
                  00004a14    00000110                                   : fopen.c.obj (.text:_openfile)
                  00004b24    00000110                                   : s_scalbn.c.obj (.text:scalbn)
                  00004c34    00000100                                   : memory.c.obj (.text:aligned_alloc)
                  00004d34    000000fc                                   : fd_mul_t2.asm.obj (.text)
                  00004e30    000000f8     LaunchPad.obj (.text)
                  00004f28    000000e4     rtsv7M4_T_le_v4SPD16_eabi.lib : memory.c.obj (.text:free)
                  0000500c    000000dc                                   : setvbuf.c.obj (.text:setvbuf)
                  000050e8    000000bc                                   : open.c.obj (.text:open)
                  000051a4    000000b8                                   : add_device.c.obj (.text:add_device)
                  0000525c    000000b1                                   : _printfi.c.obj (.text:_ltostr)
                  0000530d    00000003     --HOLE-- [fill = 0]
                  00005310    0000009c                                   : fopen.c.obj (.text:fopen)
                  000053ac    0000009c                                   : memcpy_t2.asm.obj (.text)
                  00005448    00000096                                   : ull_div_t2.asm.obj (.text)
                  000054de    00000002     --HOLE-- [fill = 0]
                  000054e0    0000008c                                   : fputc.c.obj (.text:fputc)
                  0000556c    00000086                                   : fd_cmp_t2.asm.obj (.text:__aeabi_cdcmple)
                  000055f2    00000086                                   : fd_cmp_t2.asm.obj (.text:__aeabi_cdrcmple)
                  00005678    0000007a                                   : memset_t2.asm.obj (.text)
                  000056f2    00000002     --HOLE-- [fill = 0]
                  000056f4    00000074                                   : fclose.c.obj (.text:__TI_closefile)
                  00005768    00000070                                   : memory.c.obj (.text:split)
                  000057d8    0000006e                                   : _printfi.c.obj (.text:_mcpy)
                  00005846    00000002     --HOLE-- [fill = 0]
                  00005848    0000006c                                   : hostrename.c.obj (.text:HOSTrename)
                  000058b4    00000068                                   : hostlseek.c.obj (.text:HOSTlseek)
                  0000591c    00000068                                   : copy_decompress_lzss.c.obj (.text:decompress:lzss:__TI_decompress_lzss)
                  00005984    00000068                                   : printf.c.obj (.text:printf)
                  000059ec    00000064                                   : s_frexp.c.obj (.text:frexp)
                  00005a50    00000064                                   : fseek.c.obj (.text:fseek)
                  00005ab4    00000062                                   : _io_perm.c.obj (.text:__TI_wrt_ok)
                  00005b16    00000002     --HOLE-- [fill = 0]
                  00005b18    00000060                                   : hostopen.c.obj (.text:HOSTopen)
                  00005b78    0000005c                                   : close.c.obj (.text:close)
                  00005bd4    00000058                                   : hostread.c.obj (.text:HOSTread)
                  00005c2c    00000058                                   : hostwrite.c.obj (.text:HOSTwrite)
                  00005c84    00000056                                   : _printfi.c.obj (.text:_pconv_f)
                  00005cda    00000054                                   : _ltoa.c.obj (.text:__TI_ltoa)
                  00005d2e    00000052                                   : _printfi.c.obj (.text:_ecpy)
                  00005d80    0000004c                                   : fflush.c.obj (.text:__TI_doflush)
                  00005dcc    0000004c                                   : atoi.c.obj (.text:atoi)
                  00005e18    00000048                                   : exit.c.obj (.text:exit)
                  00005e60    00000048                                   : fd_toi_t2.asm.obj (.text)
                  00005ea8    00000044                                   : hostclose.c.obj (.text:HOSTclose)
                  00005eec    00000044                                   : hostunlink.c.obj (.text:HOSTunlink)
                  00005f30    00000044                                   : autoinit.c.obj (.text:__TI_auto_init_nobinit_nopinit:__TI_auto_init_nobinit_nopinit)
                  00005f74    00000044                                   : getdevice.c.obj (.text:getdevice)
                  00005fb8    00000040     SysTickInts.obj (.text)
                  00005ff8    0000003e     rtsv7M4_T_le_v4SPD16_eabi.lib : _printfi.c.obj (.text:_fcpy)
                  00006036    00000002     --HOLE-- [fill = 0]
                  00006038    00000038                                   : trgmsg.c.obj (.text:__TI_writemsg)
                  00006070    00000036                                   : strncpy.c.obj (.text:strncpy)
                  000060a6    00000002     --HOLE-- [fill = 0]
                  000060a8    00000034                                   : fopen.c.obj (.text:__TI_cleanup)
                  000060dc    00000034                                   : trgmsg.c.obj (.text:__TI_readmsg)
                  00006110    00000034                                   : boot_cortex_m.c.obj (.text:_c_int00_noargs:_c_int00_noargs)
                  00006144    00000034                                   : fopen.c.obj (.text:freopen)
                  00006178    00000030                                   : getdevice.c.obj (.text:finddevice)
                  000061a8    0000002e                                   : i_tofd_t2.asm.obj (.text)
                  000061d6    00000002     --HOLE-- [fill = 0]
                  000061d8    0000002c                                   : unlink.c.obj (.text:unlink)
                  00006204    00000028                                   : memory.c.obj (.text:free_list_insert)
                  0000622c    00000028                                   : lseek.c.obj (.text:lseek)
                  00006254    00000028                                   : write.c.obj (.text:write)
                  0000627c    00000024     CortexM.obj (.text)
                  000062a0    00000020     rtsv7M4_T_le_v4SPD16_eabi.lib : memchr.c.obj (.text:memchr)
                  000062c0    0000001c                                   : memory.c.obj (.text:free_list_remove)
                  000062dc    0000001c                                   : memccpy.c.obj (.text:memccpy)
                  000062f8    0000001a                                   : s_copysign.c.obj (.text:copysign)
                  00006312    00000018                                   : strcmp.c.obj (.text:strcmp)
                  0000632a    00000016                                   : strchr.c.obj (.text:strchr)
                  00006340    00000014                                   : strcpy.c.obj (.text:strcpy)
                  00006354    00000014                                   : strlen.c.obj (.text:strlen)
                  00006368    00000012                                   : wcslen.c.obj (.text:wcslen)
                  0000637a    0000000e                                   : copy_decompress_none.c.obj (.text:decompress:none:__TI_decompress_none)
                  00006388    0000000e     startup_msp432p401r_ccs.obj (.text)
                  00006396    0000000c     rtsv7M4_T_le_v4SPD16_eabi.lib : copy_zero_init.c.obj (.text:decompress:ZI:__TI_zero_init)
                  000063a2    00000002     --HOLE-- [fill = 0]
                  000063a4    00000008                                   : errno.c.obj (.text:__aeabi_errno_addr)
                  000063ac    00000008                                   : memory.c.obj (.text:malloc)
                  000063b4    00000004                                   : printf.c.obj (.text:_outc)
                  000063b8    00000004                                   : printf.c.obj (.text:_outs)
                  000063bc    00000004                                   : pre_init.c.obj (.text:_system_pre_init)
                  000063c0    00000004                                   : exit.c.obj (.text:abort:abort)

.const     0    000063c4    000006ee     
                  000063c4    0000055e     SSD1306_I2C.obj (.const:ASCII)
                  00006922    00000101     rtsv7M4_T_le_v4SPD16_eabi.lib : ctype.c.obj (.const:.string:_ctypes_)
                  00006a23    00000001     --HOLE-- [fill = 0]
                  00006a24    0000000c     Seeed_HC12main.obj (.const:defaultMsg)
                  00006a30    0000000c     Seeed_HC12main.obj (.const:msgBroadcast)
                  00006a3c    0000000c     Seeed_HC12main.obj (.const:msgDebug)
                  00006a48    0000000c     Seeed_HC12main.obj (.const:msgRespond1)
                  00006a54    0000000c     Seeed_HC12main.obj (.const:msgRespond2)
                  00006a60    00000008     SSD1306_I2C.obj (.const:.string:postmask)
                  00006a68    00000008     SSD1306_I2C.obj (.const:.string:premask)
                  00006a70    00000007     SSD1306_I2C.obj (.const:.string:init5)
                  00006a77    00000001     --HOLE-- [fill = 0]
                  00006a78    00000006     Seeed_HC12main.obj (.const:.string)
                  00006a7e    00000006     Seeed_HC12main.obj (.const:idx)
                  00006a84    00000005     SSD1306_I2C.obj (.const:.string:dlist1)
                  00006a89    00000005     SSD1306_I2C.obj (.const:.string:init1)
                  00006a8e    00000005     SSD1306_I2C.obj (.const:.string:init2)
                  00006a93    00000005     SSD1306_I2C.obj (.const:.string:init3)
                  00006a98    00000004     SSD1306_I2C.obj (.const:.string:init4b)
                  00006a9c    00000003     SSD1306_I2C.obj (.const:.string:scrollList1b)
                  00006a9f    00000003     SSD1306_I2C.obj (.const:.string:scrollList2b)
                  00006aa2    00000002     SSD1306_I2C.obj (.const:.string:scrollList1a)
                  00006aa4    00000002     SSD1306_I2C.obj (.const:.string:scrollList2a)
                  00006aa6    00000002     SSD1306_I2C.obj (.const:.string:scrollList3a)
                  00006aa8    00000002     SSD1306_I2C.obj (.const:.string:scrollList3b)
                  00006aaa    00000002     SSD1306_I2C.obj (.const:.string:scrollList3c)
                  00006aac    00000002     SSD1306_I2C.obj (.const:.string:scrollList4a)
                  00006aae    00000002     SSD1306_I2C.obj (.const:.string:scrollList4b)
                  00006ab0    00000002     SSD1306_I2C.obj (.const:.string:scrollList4c)

.cinit     0    00006ab8    000000a0     
                  00006ab8    00000079     (.cinit..data.load) [load image, compression = lzss]
                  00006b31    00000003     --HOLE-- [fill = 0]
                  00006b34    0000000c     (__TI_handler_table)
                  00006b40    00000008     (.cinit..bss.load) [load image, compression = zero_init]
                  00006b48    00000010     (__TI_cinit_table)

.init_array 
*          0    00000000    00000000     UNINITIALIZED

.binit     0    00000000    00000000     

.bss       0    20000000    00000735     UNINITIALIZED
                  20000000    00000400     (.common:buffer)
                  20000400    00000120     rtsv7M4_T_le_v4SPD16_eabi.lib : trgmsg.c.obj (.bss:_CIOBUF_)
                  20000520    00000100     (.common:RxFIFO)
                  20000620    000000a0     (.common:__TI_tmpnams)
                  200006c0    0000000c     (.common:msgReceived)
                  200006cc    0000000c     (.common:msgSend)
                  200006d8    0000000c     (.common:msgSend2)
                  200006e4    0000000c     (.common:msgSendCpy)
                  200006f0    00000008     (.common:Messageb)
                  200006f8    00000008     (.common:parmbuf)
                  20000700    00000004     (.common:Flag)
                  20000704    00000004     (.common:MainCount)
                  20000708    00000004     (.common:Message)
                  2000070c    00000004     (.common:Messageindexb)
                  20000710    00000004     (.common:RxFifoLost)
                  20000714    00000004     (.common:RxGetI)
                  20000718    00000004     (.common:RxPutI)
                  2000071c    00000004     (.common:Time)
                  20000720    00000004     (.common:receiveBuffer)
                  20000724    00000004     (.common:rotation)
                  20000728    00000004     (.common:validMsg)
                  2000072c    00000004     (.common:vccstate)
                  20000730    00000002     (.common:StartX)
                  20000732    00000002     (.common:StartY)
                  20000734    00000001     (.common:HC12data)

.sysmem    0    20000738    00000400     UNINITIALIZED
                  20000738    00000010     rtsv7M4_T_le_v4SPD16_eabi.lib : memory.c.obj (.sysmem)
                  20000748    000003f0     --HOLE--

.data      0    20000b38    00000224     UNINITIALIZED
                  20000b38    000000f0     rtsv7M4_T_le_v4SPD16_eabi.lib : defs.c.obj (.data:_ftable)
                  20000c28    00000078                                   : host_device.c.obj (.data:_device)
                  20000ca0    00000050                                   : host_device.c.obj (.data:_stream)
                  20000cf0    00000018     Clock.obj (.data)
                  20000d08    00000010     Seeed_HC12main.obj (.data)
                  20000d18    00000010     rtsv7M4_T_le_v4SPD16_eabi.lib : defs.c.obj (.data)
                  20000d28    0000000c                                   : exit.c.obj (.data:$O1$$)
                  20000d34    00000008                                   : _lock.c.obj (.data:$O1$$)
                  20000d3c    00000008                                   : memory.c.obj (.data:$O1$$)
                  20000d44    00000004     SSD1306_I2C.obj (.data)
                  20000d48    00000004     rtsv7M4_T_le_v4SPD16_eabi.lib : add_device.c.obj (.data)
                  20000d4c    00000004                                   : errno.c.obj (.data)
                  20000d50    00000004                                   : fopen.c.obj (.data)
                  20000d54    00000004                                   : open.c.obj (.data)
                  20000d58    00000004     system_msp432p401r.obj (.data)

.stack     0    2000fe00    00000200     UNINITIALIZED
                  2000fe00    00000004     rtsv7M4_T_le_v4SPD16_eabi.lib : boot_cortex_m.c.obj (.stack)
                  2000fe04    000001fc     --HOLE--

__llvm_prf_cnts 
*          0    20000000    00000000     UNINITIALIZED

MODULE SUMMARY

       Module                        code    ro data   rw data
       ------                        ----    -------   -------
    .\
       SSD1306_I2C.obj               5860    1443      2080   
       Seeed_HC12main.obj            2984    72        178    
       UART0.obj                     1760    0         24     
       UART1.obj                     536     0         536    
       I2CB1.obj                     932     0         0      
       system_msp432p401r.obj        820     0         8      
       Clock.obj                     480     0         48     
       LaunchPad.obj                 248     0         0      
       startup_msp432p401r_ccs.obj   14      228       0      
       SysTickInts.obj               64      0         0      
       CortexM.obj                   36      0         0      
    +--+-----------------------------+-------+---------+---------+
       Total:                        13734   1743      2874   
                                                              
    C:\ti\ccs1200\ccs\tools\compiler\ti-cgt-arm_20.2.6.LTS\lib\rtsv7M4_T_le_v4SPD16_eabi.lib
       _printfi.c.obj                4851    0         0      
       defs.c.obj                    0       0         832    
       memory.c.obj                  672     0         16     
       trgmsg.c.obj                  108     0         576    
       fopen.c.obj                   532     0         8      
       fd_add_t2.asm.obj             438     0         0      
       host_device.c.obj             0       0         400    
       fd_div_t2.asm.obj             310     0         0      
       fputs.c.obj                   276     0         0      
       s_scalbn.c.obj                272     0         0      
       fd_cmp_t2.asm.obj             268     0         0      
       ctype.c.obj                   0       257       0      
       fd_mul_t2.asm.obj             252     0         0      
       setvbuf.c.obj                 220     0         0      
       open.c.obj                    188     0         8      
       add_device.c.obj              184     0         8      
       memcpy_t2.asm.obj             156     0         0      
       ull_div_t2.asm.obj            150     0         0      
       fputc.c.obj                   140     0         0      
       memset_t2.asm.obj             122     0         0      
       fclose.c.obj                  116     0         0      
       getdevice.c.obj               116     0         0      
       hostopen.c.obj                96      0         16     
       printf.c.obj                  112     0         0      
       hostrename.c.obj              108     0         0      
       copy_decompress_lzss.c.obj    104     0         0      
       hostlseek.c.obj               104     0         0      
       exit.c.obj                    76      0         24     
       fseek.c.obj                   100     0         0      
       s_frexp.c.obj                 100     0         0      
       _io_perm.c.obj                98      0         0      
       close.c.obj                   92      0         0      
       hostread.c.obj                88      0         0      
       hostwrite.c.obj               88      0         0      
       _ltoa.c.obj                   84      0         0      
       atoi.c.obj                    76      0         0      
       fflush.c.obj                  76      0         0      
       fd_toi_t2.asm.obj             72      0         0      
       autoinit.c.obj                68      0         0      
       hostclose.c.obj               68      0         0      
       hostunlink.c.obj              68      0         0      
       strncpy.c.obj                 54      0         0      
       boot_cortex_m.c.obj           52      0         0      
       i_tofd_t2.asm.obj             46      0         0      
       unlink.c.obj                  44      0         0      
       lseek.c.obj                   40      0         0      
       write.c.obj                   40      0         0      
       memchr.c.obj                  32      0         0      
       memccpy.c.obj                 28      0         0      
       s_copysign.c.obj              26      0         0      
       strcmp.c.obj                  24      0         0      
       strchr.c.obj                  22      0         0      
       strcpy.c.obj                  20      0         0      
       strlen.c.obj                  20      0         0      
       _lock.c.obj                   2       0         16     
       wcslen.c.obj                  18      0         0      
       errno.c.obj                   8       0         8      
       copy_decompress_none.c.obj    14      0         0      
       copy_zero_init.c.obj          12      0         0      
       pre_init.c.obj                4       0         0      
       div0.asm.obj                  2       0         0      
    +--+-----------------------------+-------+---------+---------+
       Total:                        11557   257       1912   
                                                              
       Heap:                         0       0         2048   
       Stack:                        0       0         1024   
       Linker Generated:             0       157       0      
    +--+-----------------------------+-------+---------+---------+
       Grand Total:                  25291   2157      7858   


LINKER GENERATED COPY TABLES

__TI_cinit_table @ 00006b48 records: 2, size/record: 8, table size: 16
	.data: load addr=00006ab8, load size=00000079 bytes, run addr=20000b38, run size=00000224 bytes, compression=lzss
	.bss: load addr=00006b40, load size=00000008 bytes, run addr=20000000, run size=00000735 bytes, compression=zero_init


LINKER GENERATED HANDLER TABLE

__TI_handler_table @ 00006b34 records: 3, size/record: 4, table size: 12
	index: 0, handler: __TI_decompress_lzss
	index: 1, handler: __TI_decompress_none
	index: 2, handler: __TI_zero_init


GLOBAL SYMBOLS: SORTED ALPHABETICALLY BY Name 

address   name                           
-------   ----                           
00006395  ADC14_IRQHandler               
00006395  AES256_IRQHandler              
00006395  BusFault_Handler               
000063c1  C$$EXIT                        
00006067  C$$IO$$                        
00006395  COMP_E0_IRQHandler             
00006395  COMP_E1_IRQHandler             
20000cf8  CPMwait                        
00006395  CS_IRQHandler                  
20000cf0  ClockFrequency                 
00004155  Clock_Delay1ms                 
0000412b  Clock_Delay1us                 
00004117  Clock_GetFreq                  
00004001  Clock_Init48MHz                
20000d04  Crystalstable                  
20000d44  CurrentX                       
20000d46  CurrentY                       
00006395  DMA_ERR_IRQHandler             
00006395  DMA_INT0_IRQHandler            
00006395  DMA_INT1_IRQHandler            
00006395  DMA_INT2_IRQHandler            
00006395  DMA_INT3_IRQHandler            
00006395  DebugMon_Handler               
00006395  Default_Handler                
0000627d  DisableInterrupts              
00006395  EUSCIA0_IRQHandler             
00006395  EUSCIA1_IRQHandler             
00003f85  EUSCIA2_IRQHandler             
00003f85  EUSCIA2_IRQHandler             
00006395  EUSCIA3_IRQHandler             
00006395  EUSCIB0_IRQHandler             
00006395  EUSCIB1_IRQHandler             
00006395  EUSCIB2_IRQHandler             
00006395  EUSCIB3_IRQHandler             
00006283  EnableInterrupts               
00006293  EndCritical                    
00006395  FLCTL_IRQHandler               
00006395  FPU_IRQHandler                 
20000700  Flag                           
00001da9  HC12_Init                      
00001d51  HC12_ReadAllInput              
20000734  HC12data                       
00005ea9  HOSTclose                      
000058b5  HOSTlseek                      
00005b19  HOSTopen                       
00005bd5  HOSTread                       
00005849  HOSTrename                     
00005eed  HOSTunlink                     
00005c2d  HOSTwrite                      
00006395  HardFault_Handler              
000034a1  I2CB1_Init                     
00003567  I2CB1_Recv                     
000037bb  I2CB1_Recv1                    
000034ef  I2CB1_Send                     
000035e3  I2CB1_Send1                    
0000363f  I2CB1_Send2                    
000036af  I2CB1_Send3                    
0000372d  I2CB1_Send4                    
000000e5  I2C_SendData                   
20000d00  IFlags                         
00004e31  LaunchPad_Init                 
00004ea1  LaunchPad_Input                
00004ebf  LaunchPad_LED                  
00004edd  LaunchPad_Output               
20000704  MainCount                      
00006395  MemManage_Handler              
20000708  Message                        
200006f0  Messageb                       
2000070c  Messageindexb                  
00006395  NMI_Handler                    
00006395  PCM_IRQHandler                 
00006395  PORT1_IRQHandler               
00006395  PORT2_IRQHandler               
00006395  PORT3_IRQHandler               
00006395  PORT4_IRQHandler               
00006395  PORT5_IRQHandler               
00006395  PORT6_IRQHandler               
00006395  PSS_IRQHandler                 
000018bf  Parse_Check_Msg                
00006395  PendSV_Handler                 
20000cfc  Postwait                       
20000cf4  Prewait                        
00006395  RTC_C_IRQHandler               
0000186b  Read_Msg                       
00006389  Reset_Handler                  
20000520  RxFIFO                         
20000710  RxFifoLost                     
00003e41  RxFifo_Get                     
00003de9  RxFifo_Init                    
00003dfb  RxFifo_Put                     
20000714  RxGetI                         
20000718  RxPutI                         
000004a9  SSD1306_ClearBuffer            
00000ed1  SSD1306_Dim                    
00000505  SSD1306_DrawBMP                
000003c5  SSD1306_DrawChar               
00000741  SSD1306_DrawFastHLine          
00000965  SSD1306_DrawFastVLine          
00000d9d  SSD1306_DrawFullImage          
00000241  SSD1306_DrawPixel              
00000469  SSD1306_DrawString             
00000d7b  SSD1306_GetBuffer              
00000c7d  SSD1306_GetPixel               
000001a7  SSD1306_Init                   
00000ebb  SSD1306_InvertDisplay          
00000d7f  SSD1306_OutBuffer              
00000f79  SSD1306_OutChar                
000004dd  SSD1306_OutClear               
00001673  SSD1306_OutHex7                
000012c1  SSD1306_OutSDec                
00001585  SSD1306_OutSFix1               
00001081  SSD1306_OutString              
000010dd  SSD1306_OutUDec                
000016d1  SSD1306_OutUDec16              
00001769  SSD1306_OutUDec2               
000014f7  SSD1306_OutUFix1               
000016a9  SSD1306_OutUHex7               
00000f09  SSD1306_SetCursor              
00000e71  SSD1306_startscrolldiagleft    
00000e2d  SSD1306_startscrolldiagright   
00000df7  SSD1306_startscrollleft        
00000dc5  SSD1306_startscrollright       
00000eb1  SSD1306_stopscroll             
00006395  SVC_Handler                    
000017ed  Send_Msg                       
00006289  StartCritical                  
20000730  StartX                         
20000732  StartY                         
00001a11  SysTick_Handler                
00001a11  SysTick_Handler                
00005fb9  SysTick_Init                   
20000d58  SystemCoreClock                
00003845  SystemCoreClockUpdate          
00003abd  SystemInit                     
00006395  T32_INT1_IRQHandler            
00006395  T32_INT2_IRQHandler            
00006395  T32_INTC_IRQHandler            
00006395  TA0_0_IRQHandler               
00006395  TA0_N_IRQHandler               
00006395  TA1_0_IRQHandler               
00006395  TA1_N_IRQHandler               
00006395  TA2_0_IRQHandler               
00006395  TA2_N_IRQHandler               
00006395  TA3_0_IRQHandler               
00006395  TA3_N_IRQHandler               
2000071c  Time                           
00002e07  UART0_InChar                   
000032b1  UART0_InString                 
00002e51  UART0_InUDec                   
00003165  UART0_InUHex                   
00002dc1  UART0_Init                     
00003413  UART0_Initprintf               
00002e17  UART0_OutChar                  
00002f05  UART0_OutSDec                  
00002e33  UART0_OutString                
00002ed5  UART0_OutUDec                  
00003079  UART0_OutUDec4                 
000030c1  UART0_OutUDec5                 
000030f3  UART0_OutUFix1                 
0000311b  UART0_OutUFix2                 
00003229  UART0_OutUHex                  
00003295  UART0_OutUHex2                 
00003fb9  UART1_FinishOutput             
00003f57  UART1_InChar                   
00003f43  UART1_InCharNonBlock           
00003e77  UART1_InStatus                 
00003e87  UART1_Init                     
00003ee3  UART1_InitB                    
00003f69  UART1_OutChar                  
00003f9b  UART1_OutString                
00006395  UsageFault_Handler             
4000480c  WDTCTL_SYM                     
00006395  WDT_A_IRQHandler               
0000629b  WaitForInterrupt               
20000400  __CIOBUF_                      
20010000  __STACK_END                    
00000200  __STACK_SIZE                   
00000400  __SYSMEM_SIZE                  
00006b48  __TI_CINIT_Base                
00006b58  __TI_CINIT_Limit               
00006b34  __TI_Handler_Table_Base        
00006b40  __TI_Handler_Table_Limit       
00005f31  __TI_auto_init_nobinit_nopinit 
000060a9  __TI_cleanup                   
20000d28  __TI_cleanup_ptr               
000056f5  __TI_closefile                 
0000591d  __TI_decompress_lzss           
0000637b  __TI_decompress_none           
00005d81  __TI_doflush                   
20000d2c  __TI_dtors_ptr                 
20000d30  __TI_enable_exit_profile_output
20000d18  __TI_ft_end                    
00005cdb  __TI_ltoa                      
ffffffff  __TI_pprof_out_hndl            
00002371  __TI_printfi                   
ffffffff  __TI_prof_data_size            
ffffffff  __TI_prof_data_start           
000060dd  __TI_readmsg                   
00000000  __TI_static_base__             
20000620  __TI_tmpnams                   
00006039  __TI_writemsg                  
00005ab5  __TI_wrt_ok                    
00006397  __TI_zero_init                 
0000556d  __aeabi_cdcmpeq                
0000556d  __aeabi_cdcmple                
000055f3  __aeabi_cdrcmple               
00005e61  __aeabi_d2iz                   
000043bb  __aeabi_dadd                   
000046a5  __aeabi_ddiv                   
00004d35  __aeabi_dmul                   
000043b1  __aeabi_dsub                   
000063a5  __aeabi_errno_addr             
000061a9  __aeabi_i2d                    
00004567  __aeabi_idiv0                  
00004567  __aeabi_ldiv0                  
00005679  __aeabi_memclr                 
00005679  __aeabi_memclr4                
00005679  __aeabi_memclr8                
000053ad  __aeabi_memcpy                 
000053ad  __aeabi_memcpy4                
000053ad  __aeabi_memcpy8                
0000567b  __aeabi_memset                 
0000567b  __aeabi_memset4                
0000567b  __aeabi_memset8                
20000d24  __aeabi_stderr                 
20000d1c  __aeabi_stdin                  
20000d20  __aeabi_stdout                 
00005449  __aeabi_uldivmod               
ffffffff  __binit__                      
ffffffff  __c_args__                     
UNDEFED   __mpu_init                     
2000fe00  __stack                        
20000000  __start___llvm_prf_cnts        
20000000  __stop___llvm_prf_cnts         
00006111  _c_int00_noargs                
00006922  _ctypes_                       
20000c28  _device                        
20000b38  _ftable                        
20000d34  _lock                          
00002dbf  _nop                           
20000ca0  _stream                        
20000738  _sys_memory                    
UNDEFED   _system_post_cinit             
000063bd  _system_pre_init               
20000d38  _unlock                        
000063c1  abort                          
000051a5  add_device                     
00004c35  aligned_alloc                  
00005dcd  atoi                           
ffffffff  binit                          
20000d09  btnLatch                       
20000000  buffer                         
00005b79  close                          
000062f9  copysign                       
000062f9  copysignl                      
00006a24  defaultMsg                     
0000411d  delay                          
20000d14  deviceCnt                      
20000d4c  errno                          
00005e19  exit                           
00003345  ferror                         
0000332b  fgetc                          
00006179  finddevice                     
00005311  fopen                          
000054e1  fputc                          
00004901  fputs                          
00004f29  free                           
00006145  freopen                        
000059ed  frexp                          
000059ed  frexpl                         
00005a51  fseek                          
00005f75  getdevice                      
00006a7e  idx                            
00000000  interruptVectors               
00004b25  ldexp                          
00004b25  ldexpl                         
0000622d  lseek                          
00001f01  main                           
000063ad  malloc                         
00004c35  memalign                       
000062dd  memccpy                        
000062a1  memchr                         
000053ad  memcpy                         
00005681  memset                         
00006a30  msgBroadcast                   
00006a3c  msgDebug                       
200006c0  msgReceived                    
00006a48  msgRespond1                    
00006a54  msgRespond2                    
200006cc  msgSend                        
200006d8  msgSend2                       
200006e4  msgSendCpy                     
20000d0d  oldInput                       
000050e9  open                           
0000326d  outnibble                      
200006f8  parmbuf                        
00005985  printf                         
000054e1  putc                           
20000720  receiveBuffer                  
000061d9  remove                         
20000724  rotation                       
00004b25  scalbn                         
00004b25  scalbnl                        
20000d0a  sendFlg                        
20000d08  seqInd                         
0000500d  setvbuf                        
000017c9  simple_delay                   
0000016d  ssd1306command                 
00000181  ssd1306command1                
00000195  ssd1306commandList             
00000853  ssd1306drawFastHLineInternal   
00000a7d  ssd1306drawFastVLineInternal   
0000632b  strchr                         
00006313  strcmp                         
00006341  strcpy                         
00006355  strlen                         
00006071  strncpy                        
20000d0e  thisID                         
20000d10  thisIDptr                      
0000336b  uart_close                     
000033e9  uart_lseek                     
0000335b  uart_open                      
00003377  uart_read                      
00003405  uart_rename                    
000033f9  uart_unlink                    
000033a7  uart_write                     
000061d9  unlink                         
20000728  validMsg                       
2000072c  vccstate                       
20000d0c  waitCnt                        
20000d0b  waitFlg                        
00006369  wcslen                         
00006255  write                          


GLOBAL SYMBOLS: SORTED BY Symbol Address 

address   name                           
-------   ----                           
00000000  __TI_static_base__             
00000000  interruptVectors               
000000e5  I2C_SendData                   
0000016d  ssd1306command                 
00000181  ssd1306command1                
00000195  ssd1306commandList             
000001a7  SSD1306_Init                   
00000200  __STACK_SIZE                   
00000241  SSD1306_DrawPixel              
000003c5  SSD1306_DrawChar               
00000400  __SYSMEM_SIZE                  
00000469  SSD1306_DrawString             
000004a9  SSD1306_ClearBuffer            
000004dd  SSD1306_OutClear               
00000505  SSD1306_DrawBMP                
00000741  SSD1306_DrawFastHLine          
00000853  ssd1306drawFastHLineInternal   
00000965  SSD1306_DrawFastVLine          
00000a7d  ssd1306drawFastVLineInternal   
00000c7d  SSD1306_GetPixel               
00000d7b  SSD1306_GetBuffer              
00000d7f  SSD1306_OutBuffer              
00000d9d  SSD1306_DrawFullImage          
00000dc5  SSD1306_startscrollright       
00000df7  SSD1306_startscrollleft        
00000e2d  SSD1306_startscrolldiagright   
00000e71  SSD1306_startscrolldiagleft    
00000eb1  SSD1306_stopscroll             
00000ebb  SSD1306_InvertDisplay          
00000ed1  SSD1306_Dim                    
00000f09  SSD1306_SetCursor              
00000f79  SSD1306_OutChar                
00001081  SSD1306_OutString              
000010dd  SSD1306_OutUDec                
000012c1  SSD1306_OutSDec                
000014f7  SSD1306_OutUFix1               
00001585  SSD1306_OutSFix1               
00001673  SSD1306_OutHex7                
000016a9  SSD1306_OutUHex7               
000016d1  SSD1306_OutUDec16              
00001769  SSD1306_OutUDec2               
000017c9  simple_delay                   
000017ed  Send_Msg                       
0000186b  Read_Msg                       
000018bf  Parse_Check_Msg                
00001a11  SysTick_Handler                
00001a11  SysTick_Handler                
00001d51  HC12_ReadAllInput              
00001da9  HC12_Init                      
00001f01  main                           
00002371  __TI_printfi                   
00002dbf  _nop                           
00002dc1  UART0_Init                     
00002e07  UART0_InChar                   
00002e17  UART0_OutChar                  
00002e33  UART0_OutString                
00002e51  UART0_InUDec                   
00002ed5  UART0_OutUDec                  
00002f05  UART0_OutSDec                  
00003079  UART0_OutUDec4                 
000030c1  UART0_OutUDec5                 
000030f3  UART0_OutUFix1                 
0000311b  UART0_OutUFix2                 
00003165  UART0_InUHex                   
00003229  UART0_OutUHex                  
0000326d  outnibble                      
00003295  UART0_OutUHex2                 
000032b1  UART0_InString                 
0000332b  fgetc                          
00003345  ferror                         
0000335b  uart_open                      
0000336b  uart_close                     
00003377  uart_read                      
000033a7  uart_write                     
000033e9  uart_lseek                     
000033f9  uart_unlink                    
00003405  uart_rename                    
00003413  UART0_Initprintf               
000034a1  I2CB1_Init                     
000034ef  I2CB1_Send                     
00003567  I2CB1_Recv                     
000035e3  I2CB1_Send1                    
0000363f  I2CB1_Send2                    
000036af  I2CB1_Send3                    
0000372d  I2CB1_Send4                    
000037bb  I2CB1_Recv1                    
00003845  SystemCoreClockUpdate          
00003abd  SystemInit                     
00003de9  RxFifo_Init                    
00003dfb  RxFifo_Put                     
00003e41  RxFifo_Get                     
00003e77  UART1_InStatus                 
00003e87  UART1_Init                     
00003ee3  UART1_InitB                    
00003f43  UART1_InCharNonBlock           
00003f57  UART1_InChar                   
00003f69  UART1_OutChar                  
00003f85  EUSCIA2_IRQHandler             
00003f85  EUSCIA2_IRQHandler             
00003f9b  UART1_OutString                
00003fb9  UART1_FinishOutput             
00004001  Clock_Init48MHz                
00004117  Clock_GetFreq                  
0000411d  delay                          
0000412b  Clock_Delay1us                 
00004155  Clock_Delay1ms                 
000043b1  __aeabi_dsub                   
000043bb  __aeabi_dadd                   
00004567  __aeabi_idiv0                  
00004567  __aeabi_ldiv0                  
000046a5  __aeabi_ddiv                   
00004901  fputs                          
00004b25  ldexp                          
00004b25  ldexpl                         
00004b25  scalbn                         
00004b25  scalbnl                        
00004c35  aligned_alloc                  
00004c35  memalign                       
00004d35  __aeabi_dmul                   
00004e31  LaunchPad_Init                 
00004ea1  LaunchPad_Input                
00004ebf  LaunchPad_LED                  
00004edd  LaunchPad_Output               
00004f29  free                           
0000500d  setvbuf                        
000050e9  open                           
000051a5  add_device                     
00005311  fopen                          
000053ad  __aeabi_memcpy                 
000053ad  __aeabi_memcpy4                
000053ad  __aeabi_memcpy8                
000053ad  memcpy                         
00005449  __aeabi_uldivmod               
000054e1  fputc                          
000054e1  putc                           
0000556d  __aeabi_cdcmpeq                
0000556d  __aeabi_cdcmple                
000055f3  __aeabi_cdrcmple               
00005679  __aeabi_memclr                 
00005679  __aeabi_memclr4                
00005679  __aeabi_memclr8                
0000567b  __aeabi_memset                 
0000567b  __aeabi_memset4                
0000567b  __aeabi_memset8                
00005681  memset                         
000056f5  __TI_closefile                 
00005849  HOSTrename                     
000058b5  HOSTlseek                      
0000591d  __TI_decompress_lzss           
00005985  printf                         
000059ed  frexp                          
000059ed  frexpl                         
00005a51  fseek                          
00005ab5  __TI_wrt_ok                    
00005b19  HOSTopen                       
00005b79  close                          
00005bd5  HOSTread                       
00005c2d  HOSTwrite                      
00005cdb  __TI_ltoa                      
00005d81  __TI_doflush                   
00005dcd  atoi                           
00005e19  exit                           
00005e61  __aeabi_d2iz                   
00005ea9  HOSTclose                      
00005eed  HOSTunlink                     
00005f31  __TI_auto_init_nobinit_nopinit 
00005f75  getdevice                      
00005fb9  SysTick_Init                   
00006039  __TI_writemsg                  
00006067  C$$IO$$                        
00006071  strncpy                        
000060a9  __TI_cleanup                   
000060dd  __TI_readmsg                   
00006111  _c_int00_noargs                
00006145  freopen                        
00006179  finddevice                     
000061a9  __aeabi_i2d                    
000061d9  remove                         
000061d9  unlink                         
0000622d  lseek                          
00006255  write                          
0000627d  DisableInterrupts              
00006283  EnableInterrupts               
00006289  StartCritical                  
00006293  EndCritical                    
0000629b  WaitForInterrupt               
000062a1  memchr                         
000062dd  memccpy                        
000062f9  copysign                       
000062f9  copysignl                      
00006313  strcmp                         
0000632b  strchr                         
00006341  strcpy                         
00006355  strlen                         
00006369  wcslen                         
0000637b  __TI_decompress_none           
00006389  Reset_Handler                  
00006395  ADC14_IRQHandler               
00006395  AES256_IRQHandler              
00006395  BusFault_Handler               
00006395  COMP_E0_IRQHandler             
00006395  COMP_E1_IRQHandler             
00006395  CS_IRQHandler                  
00006395  DMA_ERR_IRQHandler             
00006395  DMA_INT0_IRQHandler            
00006395  DMA_INT1_IRQHandler            
00006395  DMA_INT2_IRQHandler            
00006395  DMA_INT3_IRQHandler            
00006395  DebugMon_Handler               
00006395  Default_Handler                
00006395  EUSCIA0_IRQHandler             
00006395  EUSCIA1_IRQHandler             
00006395  EUSCIA3_IRQHandler             
00006395  EUSCIB0_IRQHandler             
00006395  EUSCIB1_IRQHandler             
00006395  EUSCIB2_IRQHandler             
00006395  EUSCIB3_IRQHandler             
00006395  FLCTL_IRQHandler               
00006395  FPU_IRQHandler                 
00006395  HardFault_Handler              
00006395  MemManage_Handler              
00006395  NMI_Handler                    
00006395  PCM_IRQHandler                 
00006395  PORT1_IRQHandler               
00006395  PORT2_IRQHandler               
00006395  PORT3_IRQHandler               
00006395  PORT4_IRQHandler               
00006395  PORT5_IRQHandler               
00006395  PORT6_IRQHandler               
00006395  PSS_IRQHandler                 
00006395  PendSV_Handler                 
00006395  RTC_C_IRQHandler               
00006395  SVC_Handler                    
00006395  T32_INT1_IRQHandler            
00006395  T32_INT2_IRQHandler            
00006395  T32_INTC_IRQHandler            
00006395  TA0_0_IRQHandler               
00006395  TA0_N_IRQHandler               
00006395  TA1_0_IRQHandler               
00006395  TA1_N_IRQHandler               
00006395  TA2_0_IRQHandler               
00006395  TA2_N_IRQHandler               
00006395  TA3_0_IRQHandler               
00006395  TA3_N_IRQHandler               
00006395  UsageFault_Handler             
00006395  WDT_A_IRQHandler               
00006397  __TI_zero_init                 
000063a5  __aeabi_errno_addr             
000063ad  malloc                         
000063bd  _system_pre_init               
000063c1  C$$EXIT                        
000063c1  abort                          
00006922  _ctypes_                       
00006a24  defaultMsg                     
00006a30  msgBroadcast                   
00006a3c  msgDebug                       
00006a48  msgRespond1                    
00006a54  msgRespond2                    
00006a7e  idx                            
00006b34  __TI_Handler_Table_Base        
00006b40  __TI_Handler_Table_Limit       
00006b48  __TI_CINIT_Base                
00006b58  __TI_CINIT_Limit               
20000000  __start___llvm_prf_cnts        
20000000  __stop___llvm_prf_cnts         
20000000  buffer                         
20000400  __CIOBUF_                      
20000520  RxFIFO                         
20000620  __TI_tmpnams                   
200006c0  msgReceived                    
200006cc  msgSend                        
200006d8  msgSend2                       
200006e4  msgSendCpy                     
200006f0  Messageb                       
200006f8  parmbuf                        
20000700  Flag                           
20000704  MainCount                      
20000708  Message                        
2000070c  Messageindexb                  
20000710  RxFifoLost                     
20000714  RxGetI                         
20000718  RxPutI                         
2000071c  Time                           
20000720  receiveBuffer                  
20000724  rotation                       
20000728  validMsg                       
2000072c  vccstate                       
20000730  StartX                         
20000732  StartY                         
20000734  HC12data                       
20000738  _sys_memory                    
20000b38  _ftable                        
20000c28  _device                        
20000ca0  _stream                        
20000cf0  ClockFrequency                 
20000cf4  Prewait                        
20000cf8  CPMwait                        
20000cfc  Postwait                       
20000d00  IFlags                         
20000d04  Crystalstable                  
20000d08  seqInd                         
20000d09  btnLatch                       
20000d0a  sendFlg                        
20000d0b  waitFlg                        
20000d0c  waitCnt                        
20000d0d  oldInput                       
20000d0e  thisID                         
20000d10  thisIDptr                      
20000d14  deviceCnt                      
20000d18  __TI_ft_end                    
20000d1c  __aeabi_stdin                  
20000d20  __aeabi_stdout                 
20000d24  __aeabi_stderr                 
20000d28  __TI_cleanup_ptr               
20000d2c  __TI_dtors_ptr                 
20000d30  __TI_enable_exit_profile_output
20000d34  _lock                          
20000d38  _unlock                        
20000d44  CurrentX                       
20000d46  CurrentY                       
20000d4c  errno                          
20000d58  SystemCoreClock                
2000fe00  __stack                        
20010000  __STACK_END                    
4000480c  WDTCTL_SYM                     
ffffffff  __TI_pprof_out_hndl            
ffffffff  __TI_prof_data_size            
ffffffff  __TI_prof_data_start           
ffffffff  __binit__                      
ffffffff  __c_args__                     
ffffffff  binit                          
UNDEFED   __mpu_init                     
UNDEFED   _system_post_cinit             

[333 symbols]
