******************************************************************************
                  TI ARM Linker PC v20.2.6                     
******************************************************************************
>> Linked Fri Sep 23 15:50:16 2022

OUTPUT FILE NAME:   <Seeed_HC12.out>
ENTRY POINT SYMBOL: "_c_int00_noargs"  address: 0000611d


MEMORY CONFIGURATION

         name            origin    length      used     unused   attr    fill
----------------------  --------  ---------  --------  --------  ----  --------
  MAIN                  00000000   00040000  00006b5e  000394a2  R  X
  INFO                  00200000   00004000  00000000  00004000  R  X
  SRAM_CODE             01000000   00010000  00000f59  0000f0a7  RW X
  SRAM_DATA             20000000   00010000  00000f59  0000f0a7  RW  


SEGMENT ALLOCATION MAP

run origin  load origin   length   init length attrs members
----------  ----------- ---------- ----------- ----- -------
00000000    00000000    00006b60   00006b60    r-x
  00000000    00000000    000000e4   000000e4    r-- .intvecs
  000000e4    000000e4    000062ec   000062ec    r-x .text
  000063d0    000063d0    000006ee   000006ee    r-- .const
  00006ac0    00006ac0    000000a0   000000a0    r-- .cinit
20000000    20000000    00000d5c   00000000    rw-
  20000000    20000000    00000735   00000000    rw- .bss
  20000738    20000738    00000400   00000000    rw- .sysmem
  20000b38    20000b38    00000224   00000000    rw- .data
2000fe00    2000fe00    00000200   00000000    rw-
  2000fe00    2000fe00    00000200   00000000    rw- .stack


SECTION ALLOCATION MAP

 output                                  attributes/
section   page    origin      length       input sections
--------  ----  ----------  ----------   ----------------
.intvecs   0    00000000    000000e4     
                  00000000    000000e4     startup_msp432p401r_ccs.obj (.intvecs:retain)

.text      0    000000e4    000062ec     
                  000000e4    000016e4     SSD1306_I2C.obj (.text)
                  000017c8    00000bb4     Seeed_HC12main.obj (.text)
                  0000237c    00000a4e     rtsv7M4_T_le_v4SPD16_eabi.lib : _printfi.c.obj (.text:__TI_printfi)
                  00002dca    00000002                                   : _lock.c.obj (.text:_nop)
                  00002dcc    000006e0     UART0.obj (.text)
                  000034ac    000003a4     I2CB1.obj (.text)
                  00003850    00000334     system_msp432p401r.obj (.text)
                  00003b84    00000270     rtsv7M4_T_le_v4SPD16_eabi.lib : _printfi.c.obj (.text:_pconv_a)
                  00003df4    00000218     UART1.obj (.text)
                  0000400c    000001e0     Clock.obj (.text)
                  000041ec    000001d0     rtsv7M4_T_le_v4SPD16_eabi.lib : _printfi.c.obj (.text:_pconv_g)
                  000043bc    000001b6                                   : fd_add_t2.asm.obj (.text)
                  00004572    00000002                                   : div0.asm.obj (.text)
                  00004574    0000013c                                   : _printfi.c.obj (.text:_pconv_e)
                  000046b0    00000136                                   : fd_div_t2.asm.obj (.text)
                  000047e6    00000002     --HOLE-- [fill = 0]
                  000047e8    00000124                                   : _printfi.c.obj (.text:fcvt)
                  0000490c    00000114                                   : fputs.c.obj (.text:fputs)
                  00004a20    00000110                                   : fopen.c.obj (.text:_openfile)
                  00004b30    00000110                                   : s_scalbn.c.obj (.text:scalbn)
                  00004c40    00000100                                   : memory.c.obj (.text:aligned_alloc)
                  00004d40    000000fc                                   : fd_mul_t2.asm.obj (.text)
                  00004e3c    000000f8     LaunchPad.obj (.text)
                  00004f34    000000e4     rtsv7M4_T_le_v4SPD16_eabi.lib : memory.c.obj (.text:free)
                  00005018    000000dc                                   : setvbuf.c.obj (.text:setvbuf)
                  000050f4    000000bc                                   : open.c.obj (.text:open)
                  000051b0    000000b8                                   : add_device.c.obj (.text:add_device)
                  00005268    000000b1                                   : _printfi.c.obj (.text:_ltostr)
                  00005319    00000003     --HOLE-- [fill = 0]
                  0000531c    0000009c                                   : fopen.c.obj (.text:fopen)
                  000053b8    0000009c                                   : memcpy_t2.asm.obj (.text)
                  00005454    00000096                                   : ull_div_t2.asm.obj (.text)
                  000054ea    00000002     --HOLE-- [fill = 0]
                  000054ec    0000008c                                   : fputc.c.obj (.text:fputc)
                  00005578    00000086                                   : fd_cmp_t2.asm.obj (.text:__aeabi_cdcmple)
                  000055fe    00000086                                   : fd_cmp_t2.asm.obj (.text:__aeabi_cdrcmple)
                  00005684    0000007a                                   : memset_t2.asm.obj (.text)
                  000056fe    00000002     --HOLE-- [fill = 0]
                  00005700    00000074                                   : fclose.c.obj (.text:__TI_closefile)
                  00005774    00000070                                   : memory.c.obj (.text:split)
                  000057e4    0000006e                                   : _printfi.c.obj (.text:_mcpy)
                  00005852    00000002     --HOLE-- [fill = 0]
                  00005854    0000006c                                   : hostrename.c.obj (.text:HOSTrename)
                  000058c0    00000068                                   : hostlseek.c.obj (.text:HOSTlseek)
                  00005928    00000068                                   : copy_decompress_lzss.c.obj (.text:decompress:lzss:__TI_decompress_lzss)
                  00005990    00000068                                   : printf.c.obj (.text:printf)
                  000059f8    00000064                                   : s_frexp.c.obj (.text:frexp)
                  00005a5c    00000064                                   : fseek.c.obj (.text:fseek)
                  00005ac0    00000062                                   : _io_perm.c.obj (.text:__TI_wrt_ok)
                  00005b22    00000002     --HOLE-- [fill = 0]
                  00005b24    00000060                                   : hostopen.c.obj (.text:HOSTopen)
                  00005b84    0000005c                                   : close.c.obj (.text:close)
                  00005be0    00000058                                   : hostread.c.obj (.text:HOSTread)
                  00005c38    00000058                                   : hostwrite.c.obj (.text:HOSTwrite)
                  00005c90    00000056                                   : _printfi.c.obj (.text:_pconv_f)
                  00005ce6    00000054                                   : _ltoa.c.obj (.text:__TI_ltoa)
                  00005d3a    00000052                                   : _printfi.c.obj (.text:_ecpy)
                  00005d8c    0000004c                                   : fflush.c.obj (.text:__TI_doflush)
                  00005dd8    0000004c                                   : atoi.c.obj (.text:atoi)
                  00005e24    00000048                                   : exit.c.obj (.text:exit)
                  00005e6c    00000048                                   : fd_toi_t2.asm.obj (.text)
                  00005eb4    00000044                                   : hostclose.c.obj (.text:HOSTclose)
                  00005ef8    00000044                                   : hostunlink.c.obj (.text:HOSTunlink)
                  00005f3c    00000044                                   : autoinit.c.obj (.text:__TI_auto_init_nobinit_nopinit:__TI_auto_init_nobinit_nopinit)
                  00005f80    00000044                                   : getdevice.c.obj (.text:getdevice)
                  00005fc4    00000040     SysTickInts.obj (.text)
                  00006004    0000003e     rtsv7M4_T_le_v4SPD16_eabi.lib : _printfi.c.obj (.text:_fcpy)
                  00006042    00000002     --HOLE-- [fill = 0]
                  00006044    00000038                                   : trgmsg.c.obj (.text:__TI_writemsg)
                  0000607c    00000036                                   : strncpy.c.obj (.text:strncpy)
                  000060b2    00000002     --HOLE-- [fill = 0]
                  000060b4    00000034                                   : fopen.c.obj (.text:__TI_cleanup)
                  000060e8    00000034                                   : trgmsg.c.obj (.text:__TI_readmsg)
                  0000611c    00000034                                   : boot_cortex_m.c.obj (.text:_c_int00_noargs:_c_int00_noargs)
                  00006150    00000034                                   : fopen.c.obj (.text:freopen)
                  00006184    00000030                                   : getdevice.c.obj (.text:finddevice)
                  000061b4    0000002e                                   : i_tofd_t2.asm.obj (.text)
                  000061e2    00000002     --HOLE-- [fill = 0]
                  000061e4    0000002c                                   : unlink.c.obj (.text:unlink)
                  00006210    00000028                                   : memory.c.obj (.text:free_list_insert)
                  00006238    00000028                                   : lseek.c.obj (.text:lseek)
                  00006260    00000028                                   : write.c.obj (.text:write)
                  00006288    00000024     CortexM.obj (.text)
                  000062ac    00000020     rtsv7M4_T_le_v4SPD16_eabi.lib : memchr.c.obj (.text:memchr)
                  000062cc    0000001c                                   : memory.c.obj (.text:free_list_remove)
                  000062e8    0000001c                                   : memccpy.c.obj (.text:memccpy)
                  00006304    0000001a                                   : s_copysign.c.obj (.text:copysign)
                  0000631e    00000018                                   : strcmp.c.obj (.text:strcmp)
                  00006336    00000016                                   : strchr.c.obj (.text:strchr)
                  0000634c    00000014                                   : strcpy.c.obj (.text:strcpy)
                  00006360    00000014                                   : strlen.c.obj (.text:strlen)
                  00006374    00000012                                   : wcslen.c.obj (.text:wcslen)
                  00006386    0000000e                                   : copy_decompress_none.c.obj (.text:decompress:none:__TI_decompress_none)
                  00006394    0000000e     startup_msp432p401r_ccs.obj (.text)
                  000063a2    0000000c     rtsv7M4_T_le_v4SPD16_eabi.lib : copy_zero_init.c.obj (.text:decompress:ZI:__TI_zero_init)
                  000063ae    00000002     --HOLE-- [fill = 0]
                  000063b0    00000008                                   : errno.c.obj (.text:__aeabi_errno_addr)
                  000063b8    00000008                                   : memory.c.obj (.text:malloc)
                  000063c0    00000004                                   : printf.c.obj (.text:_outc)
                  000063c4    00000004                                   : printf.c.obj (.text:_outs)
                  000063c8    00000004                                   : pre_init.c.obj (.text:_system_pre_init)
                  000063cc    00000004                                   : exit.c.obj (.text:abort:abort)

.const     0    000063d0    000006ee     
                  000063d0    0000055e     SSD1306_I2C.obj (.const:ASCII)
                  0000692e    00000101     rtsv7M4_T_le_v4SPD16_eabi.lib : ctype.c.obj (.const:.string:_ctypes_)
                  00006a2f    00000001     --HOLE-- [fill = 0]
                  00006a30    0000000c     Seeed_HC12main.obj (.const:defaultMsg)
                  00006a3c    0000000c     Seeed_HC12main.obj (.const:msgBroadcast)
                  00006a48    0000000c     Seeed_HC12main.obj (.const:msgDebug)
                  00006a54    0000000c     Seeed_HC12main.obj (.const:msgRespond1)
                  00006a60    0000000c     Seeed_HC12main.obj (.const:msgRespond2)
                  00006a6c    00000008     SSD1306_I2C.obj (.const:.string:postmask)
                  00006a74    00000008     SSD1306_I2C.obj (.const:.string:premask)
                  00006a7c    00000007     SSD1306_I2C.obj (.const:.string:init5)
                  00006a83    00000001     --HOLE-- [fill = 0]
                  00006a84    00000006     Seeed_HC12main.obj (.const:.string)
                  00006a8a    00000006     Seeed_HC12main.obj (.const:idx)
                  00006a90    00000005     SSD1306_I2C.obj (.const:.string:dlist1)
                  00006a95    00000005     SSD1306_I2C.obj (.const:.string:init1)
                  00006a9a    00000005     SSD1306_I2C.obj (.const:.string:init2)
                  00006a9f    00000005     SSD1306_I2C.obj (.const:.string:init3)
                  00006aa4    00000004     SSD1306_I2C.obj (.const:.string:init4b)
                  00006aa8    00000003     SSD1306_I2C.obj (.const:.string:scrollList1b)
                  00006aab    00000003     SSD1306_I2C.obj (.const:.string:scrollList2b)
                  00006aae    00000002     SSD1306_I2C.obj (.const:.string:scrollList1a)
                  00006ab0    00000002     SSD1306_I2C.obj (.const:.string:scrollList2a)
                  00006ab2    00000002     SSD1306_I2C.obj (.const:.string:scrollList3a)
                  00006ab4    00000002     SSD1306_I2C.obj (.const:.string:scrollList3b)
                  00006ab6    00000002     SSD1306_I2C.obj (.const:.string:scrollList3c)
                  00006ab8    00000002     SSD1306_I2C.obj (.const:.string:scrollList4a)
                  00006aba    00000002     SSD1306_I2C.obj (.const:.string:scrollList4b)
                  00006abc    00000002     SSD1306_I2C.obj (.const:.string:scrollList4c)

.cinit     0    00006ac0    000000a0     
                  00006ac0    00000079     (.cinit..data.load) [load image, compression = lzss]
                  00006b39    00000003     --HOLE-- [fill = 0]
                  00006b3c    0000000c     (__TI_handler_table)
                  00006b48    00000008     (.cinit..bss.load) [load image, compression = zero_init]
                  00006b50    00000010     (__TI_cinit_table)

.init_array 
*          0    00000000    00000000     UNINITIALIZED

.binit     0    00000000    00000000     

.bss       0    20000000    00000735     UNINITIALIZED
                  20000000    00000400     (.common:buffer)
                  20000400    00000120     rtsv7M4_T_le_v4SPD16_eabi.lib : trgmsg.c.obj (.bss:_CIOBUF_)
                  20000520    00000100     (.common:RxFIFO)
                  20000620    000000a0     (.common:__TI_tmpnams)
                  200006c0    0000000c     (.common:msgReceived)
                  200006cc    0000000c     (.common:msgSend)
                  200006d8    0000000c     (.common:msgSend2)
                  200006e4    0000000c     (.common:msgSendCpy)
                  200006f0    00000008     (.common:Messageb)
                  200006f8    00000008     (.common:parmbuf)
                  20000700    00000004     (.common:Flag)
                  20000704    00000004     (.common:MainCount)
                  20000708    00000004     (.common:Message)
                  2000070c    00000004     (.common:Messageindexb)
                  20000710    00000004     (.common:RxFifoLost)
                  20000714    00000004     (.common:RxGetI)
                  20000718    00000004     (.common:RxPutI)
                  2000071c    00000004     (.common:Time)
                  20000720    00000004     (.common:receiveBuffer)
                  20000724    00000004     (.common:rotation)
                  20000728    00000004     (.common:validMsg)
                  2000072c    00000004     (.common:vccstate)
                  20000730    00000002     (.common:StartX)
                  20000732    00000002     (.common:StartY)
                  20000734    00000001     (.common:HC12data)

.sysmem    0    20000738    00000400     UNINITIALIZED
                  20000738    00000010     rtsv7M4_T_le_v4SPD16_eabi.lib : memory.c.obj (.sysmem)
                  20000748    000003f0     --HOLE--

.data      0    20000b38    00000224     UNINITIALIZED
                  20000b38    000000f0     rtsv7M4_T_le_v4SPD16_eabi.lib : defs.c.obj (.data:_ftable)
                  20000c28    00000078                                   : host_device.c.obj (.data:_device)
                  20000ca0    00000050                                   : host_device.c.obj (.data:_stream)
                  20000cf0    00000018     Clock.obj (.data)
                  20000d08    00000010     Seeed_HC12main.obj (.data)
                  20000d18    00000010     rtsv7M4_T_le_v4SPD16_eabi.lib : defs.c.obj (.data)
                  20000d28    0000000c                                   : exit.c.obj (.data:$O1$$)
                  20000d34    00000008                                   : _lock.c.obj (.data:$O1$$)
                  20000d3c    00000008                                   : memory.c.obj (.data:$O1$$)
                  20000d44    00000004     SSD1306_I2C.obj (.data)
                  20000d48    00000004     rtsv7M4_T_le_v4SPD16_eabi.lib : add_device.c.obj (.data)
                  20000d4c    00000004                                   : errno.c.obj (.data)
                  20000d50    00000004                                   : fopen.c.obj (.data)
                  20000d54    00000004                                   : open.c.obj (.data)
                  20000d58    00000004     system_msp432p401r.obj (.data)

.stack     0    2000fe00    00000200     UNINITIALIZED
                  2000fe00    00000004     rtsv7M4_T_le_v4SPD16_eabi.lib : boot_cortex_m.c.obj (.stack)
                  2000fe04    000001fc     --HOLE--

__llvm_prf_cnts 
*          0    20000000    00000000     UNINITIALIZED

MODULE SUMMARY

       Module                        code    ro data   rw data
       ------                        ----    -------   -------
    .\
       SSD1306_I2C.obj               5860    1443      2080   
       Seeed_HC12main.obj            2996    72        178    
       UART0.obj                     1760    0         24     
       UART1.obj                     536     0         536    
       I2CB1.obj                     932     0         0      
       system_msp432p401r.obj        820     0         8      
       Clock.obj                     480     0         48     
       LaunchPad.obj                 248     0         0      
       startup_msp432p401r_ccs.obj   14      228       0      
       SysTickInts.obj               64      0         0      
       CortexM.obj                   36      0         0      
    +--+-----------------------------+-------+---------+---------+
       Total:                        13746   1743      2874   
                                                              
    C:\ti\ccs1200\ccs\tools\compiler\ti-cgt-arm_20.2.6.LTS\lib\rtsv7M4_T_le_v4SPD16_eabi.lib
       _printfi.c.obj                4851    0         0      
       defs.c.obj                    0       0         832    
       memory.c.obj                  672     0         16     
       trgmsg.c.obj                  108     0         576    
       fopen.c.obj                   532     0         8      
       fd_add_t2.asm.obj             438     0         0      
       host_device.c.obj             0       0         400    
       fd_div_t2.asm.obj             310     0         0      
       fputs.c.obj                   276     0         0      
       s_scalbn.c.obj                272     0         0      
       fd_cmp_t2.asm.obj             268     0         0      
       ctype.c.obj                   0       257       0      
       fd_mul_t2.asm.obj             252     0         0      
       setvbuf.c.obj                 220     0         0      
       open.c.obj                    188     0         8      
       add_device.c.obj              184     0         8      
       memcpy_t2.asm.obj             156     0         0      
       ull_div_t2.asm.obj            150     0         0      
       fputc.c.obj                   140     0         0      
       memset_t2.asm.obj             122     0         0      
       fclose.c.obj                  116     0         0      
       getdevice.c.obj               116     0         0      
       hostopen.c.obj                96      0         16     
       printf.c.obj                  112     0         0      
       hostrename.c.obj              108     0         0      
       copy_decompress_lzss.c.obj    104     0         0      
       hostlseek.c.obj               104     0         0      
       exit.c.obj                    76      0         24     
       fseek.c.obj                   100     0         0      
       s_frexp.c.obj                 100     0         0      
       _io_perm.c.obj                98      0         0      
       close.c.obj                   92      0         0      
       hostread.c.obj                88      0         0      
       hostwrite.c.obj               88      0         0      
       _ltoa.c.obj                   84      0         0      
       atoi.c.obj                    76      0         0      
       fflush.c.obj                  76      0         0      
       fd_toi_t2.asm.obj             72      0         0      
       autoinit.c.obj                68      0         0      
       hostclose.c.obj               68      0         0      
       hostunlink.c.obj              68      0         0      
       strncpy.c.obj                 54      0         0      
       boot_cortex_m.c.obj           52      0         0      
       i_tofd_t2.asm.obj             46      0         0      
       unlink.c.obj                  44      0         0      
       lseek.c.obj                   40      0         0      
       write.c.obj                   40      0         0      
       memchr.c.obj                  32      0         0      
       memccpy.c.obj                 28      0         0      
       s_copysign.c.obj              26      0         0      
       strcmp.c.obj                  24      0         0      
       strchr.c.obj                  22      0         0      
       strcpy.c.obj                  20      0         0      
       strlen.c.obj                  20      0         0      
       _lock.c.obj                   2       0         16     
       wcslen.c.obj                  18      0         0      
       errno.c.obj                   8       0         8      
       copy_decompress_none.c.obj    14      0         0      
       copy_zero_init.c.obj          12      0         0      
       pre_init.c.obj                4       0         0      
       div0.asm.obj                  2       0         0      
    +--+-----------------------------+-------+---------+---------+
       Total:                        11557   257       1912   
                                                              
       Heap:                         0       0         2048   
       Stack:                        0       0         1024   
       Linker Generated:             0       157       0      
    +--+-----------------------------+-------+---------+---------+
       Grand Total:                  25303   2157      7858   


LINKER GENERATED COPY TABLES

__TI_cinit_table @ 00006b50 records: 2, size/record: 8, table size: 16
	.data: load addr=00006ac0, load size=00000079 bytes, run addr=20000b38, run size=00000224 bytes, compression=lzss
	.bss: load addr=00006b48, load size=00000008 bytes, run addr=20000000, run size=00000735 bytes, compression=zero_init


LINKER GENERATED HANDLER TABLE

__TI_handler_table @ 00006b3c records: 3, size/record: 4, table size: 12
	index: 0, handler: __TI_decompress_lzss
	index: 1, handler: __TI_decompress_none
	index: 2, handler: __TI_zero_init


GLOBAL SYMBOLS: SORTED ALPHABETICALLY BY Name 

address   name                           
-------   ----                           
000063a1  ADC14_IRQHandler               
000063a1  AES256_IRQHandler              
000063a1  BusFault_Handler               
000063cd  C$$EXIT                        
00006073  C$$IO$$                        
000063a1  COMP_E0_IRQHandler             
000063a1  COMP_E1_IRQHandler             
20000cf8  CPMwait                        
000063a1  CS_IRQHandler                  
20000cf0  ClockFrequency                 
00004161  Clock_Delay1ms                 
00004137  Clock_Delay1us                 
00004123  Clock_GetFreq                  
0000400d  Clock_Init48MHz                
20000d04  Crystalstable                  
20000d44  CurrentX                       
20000d46  CurrentY                       
000063a1  DMA_ERR_IRQHandler             
000063a1  DMA_INT0_IRQHandler            
000063a1  DMA_INT1_IRQHandler            
000063a1  DMA_INT2_IRQHandler            
000063a1  DMA_INT3_IRQHandler            
000063a1  DebugMon_Handler               
000063a1  Default_Handler                
00006289  DisableInterrupts              
000063a1  EUSCIA0_IRQHandler             
000063a1  EUSCIA1_IRQHandler             
00003f91  EUSCIA2_IRQHandler             
00003f91  EUSCIA2_IRQHandler             
000063a1  EUSCIA3_IRQHandler             
000063a1  EUSCIB0_IRQHandler             
000063a1  EUSCIB1_IRQHandler             
000063a1  EUSCIB2_IRQHandler             
000063a1  EUSCIB3_IRQHandler             
0000628f  EnableInterrupts               
0000629f  EndCritical                    
000063a1  FLCTL_IRQHandler               
000063a1  FPU_IRQHandler                 
20000700  Flag                           
00001db9  HC12_Init                      
00001d65  HC12_ReadAllInput              
20000734  HC12data                       
00005eb5  HOSTclose                      
000058c1  HOSTlseek                      
00005b25  HOSTopen                       
00005be1  HOSTread                       
00005855  HOSTrename                     
00005ef9  HOSTunlink                     
00005c39  HOSTwrite                      
000063a1  HardFault_Handler              
000034ad  I2CB1_Init                     
00003573  I2CB1_Recv                     
000037c7  I2CB1_Recv1                    
000034fb  I2CB1_Send                     
000035ef  I2CB1_Send1                    
0000364b  I2CB1_Send2                    
000036bb  I2CB1_Send3                    
00003739  I2CB1_Send4                    
000000e5  I2C_SendData                   
20000d00  IFlags                         
00004e3d  LaunchPad_Init                 
00004ead  LaunchPad_Input                
00004ecb  LaunchPad_LED                  
00004ee9  LaunchPad_Output               
20000704  MainCount                      
000063a1  MemManage_Handler              
20000708  Message                        
200006f0  Messageb                       
2000070c  Messageindexb                  
000063a1  NMI_Handler                    
000063a1  PCM_IRQHandler                 
000063a1  PORT1_IRQHandler               
000063a1  PORT2_IRQHandler               
000063a1  PORT3_IRQHandler               
000063a1  PORT4_IRQHandler               
000063a1  PORT5_IRQHandler               
000063a1  PORT6_IRQHandler               
000063a1  PSS_IRQHandler                 
000018bf  Parse_Check_Msg                
000063a1  PendSV_Handler                 
20000cfc  Postwait                       
20000cf4  Prewait                        
000063a1  RTC_C_IRQHandler               
0000186b  Read_Msg                       
00006395  Reset_Handler                  
20000520  RxFIFO                         
20000710  RxFifoLost                     
00003e4d  RxFifo_Get                     
00003df5  RxFifo_Init                    
00003e07  RxFifo_Put                     
20000714  RxGetI                         
20000718  RxPutI                         
000004a9  SSD1306_ClearBuffer            
00000ed1  SSD1306_Dim                    
00000505  SSD1306_DrawBMP                
000003c5  SSD1306_DrawChar               
00000741  SSD1306_DrawFastHLine          
00000965  SSD1306_DrawFastVLine          
00000d9d  SSD1306_DrawFullImage          
00000241  SSD1306_DrawPixel              
00000469  SSD1306_DrawString             
00000d7b  SSD1306_GetBuffer              
00000c7d  SSD1306_GetPixel               
000001a7  SSD1306_Init                   
00000ebb  SSD1306_InvertDisplay          
00000d7f  SSD1306_OutBuffer              
00000f79  SSD1306_OutChar                
000004dd  SSD1306_OutClear               
00001673  SSD1306_OutHex7                
000012c1  SSD1306_OutSDec                
00001585  SSD1306_OutSFix1               
00001081  SSD1306_OutString              
000010dd  SSD1306_OutUDec                
000016d1  SSD1306_OutUDec16              
00001769  SSD1306_OutUDec2               
000014f7  SSD1306_OutUFix1               
000016a9  SSD1306_OutUHex7               
00000f09  SSD1306_SetCursor              
00000e71  SSD1306_startscrolldiagleft    
00000e2d  SSD1306_startscrolldiagright   
00000df7  SSD1306_startscrollleft        
00000dc5  SSD1306_startscrollright       
00000eb1  SSD1306_stopscroll             
000063a1  SVC_Handler                    
000017ed  Send_Msg                       
00006295  StartCritical                  
20000730  StartX                         
20000732  StartY                         
00001a15  SysTick_Handler                
00001a15  SysTick_Handler                
00005fc5  SysTick_Init                   
20000d58  SystemCoreClock                
00003851  SystemCoreClockUpdate          
00003ac9  SystemInit                     
000063a1  T32_INT1_IRQHandler            
000063a1  T32_INT2_IRQHandler            
000063a1  T32_INTC_IRQHandler            
000063a1  TA0_0_IRQHandler               
000063a1  TA0_N_IRQHandler               
000063a1  TA1_0_IRQHandler               
000063a1  TA1_N_IRQHandler               
000063a1  TA2_0_IRQHandler               
000063a1  TA2_N_IRQHandler               
000063a1  TA3_0_IRQHandler               
000063a1  TA3_N_IRQHandler               
2000071c  Time                           
00002e13  UART0_InChar                   
000032bd  UART0_InString                 
00002e5d  UART0_InUDec                   
00003171  UART0_InUHex                   
00002dcd  UART0_Init                     
0000341f  UART0_Initprintf               
00002e23  UART0_OutChar                  
00002f11  UART0_OutSDec                  
00002e3f  UART0_OutString                
00002ee1  UART0_OutUDec                  
00003085  UART0_OutUDec4                 
000030cd  UART0_OutUDec5                 
000030ff  UART0_OutUFix1                 
00003127  UART0_OutUFix2                 
00003235  UART0_OutUHex                  
000032a1  UART0_OutUHex2                 
00003fc5  UART1_FinishOutput             
00003f63  UART1_InChar                   
00003f4f  UART1_InCharNonBlock           
00003e83  UART1_InStatus                 
00003e93  UART1_Init                     
00003eef  UART1_InitB                    
00003f75  UART1_OutChar                  
00003fa7  UART1_OutString                
000063a1  UsageFault_Handler             
4000480c  WDTCTL_SYM                     
000063a1  WDT_A_IRQHandler               
000062a7  WaitForInterrupt               
20000400  __CIOBUF_                      
20010000  __STACK_END                    
00000200  __STACK_SIZE                   
00000400  __SYSMEM_SIZE                  
00006b50  __TI_CINIT_Base                
00006b60  __TI_CINIT_Limit               
00006b3c  __TI_Handler_Table_Base        
00006b48  __TI_Handler_Table_Limit       
00005f3d  __TI_auto_init_nobinit_nopinit 
000060b5  __TI_cleanup                   
20000d28  __TI_cleanup_ptr               
00005701  __TI_closefile                 
00005929  __TI_decompress_lzss           
00006387  __TI_decompress_none           
00005d8d  __TI_doflush                   
20000d2c  __TI_dtors_ptr                 
20000d30  __TI_enable_exit_profile_output
20000d18  __TI_ft_end                    
00005ce7  __TI_ltoa                      
ffffffff  __TI_pprof_out_hndl            
0000237d  __TI_printfi                   
ffffffff  __TI_prof_data_size            
ffffffff  __TI_prof_data_start           
000060e9  __TI_readmsg                   
00000000  __TI_static_base__             
20000620  __TI_tmpnams                   
00006045  __TI_writemsg                  
00005ac1  __TI_wrt_ok                    
000063a3  __TI_zero_init                 
00005579  __aeabi_cdcmpeq                
00005579  __aeabi_cdcmple                
000055ff  __aeabi_cdrcmple               
00005e6d  __aeabi_d2iz                   
000043c7  __aeabi_dadd                   
000046b1  __aeabi_ddiv                   
00004d41  __aeabi_dmul                   
000043bd  __aeabi_dsub                   
000063b1  __aeabi_errno_addr             
000061b5  __aeabi_i2d                    
00004573  __aeabi_idiv0                  
00004573  __aeabi_ldiv0                  
00005685  __aeabi_memclr                 
00005685  __aeabi_memclr4                
00005685  __aeabi_memclr8                
000053b9  __aeabi_memcpy                 
000053b9  __aeabi_memcpy4                
000053b9  __aeabi_memcpy8                
00005687  __aeabi_memset                 
00005687  __aeabi_memset4                
00005687  __aeabi_memset8                
20000d24  __aeabi_stderr                 
20000d1c  __aeabi_stdin                  
20000d20  __aeabi_stdout                 
00005455  __aeabi_uldivmod               
ffffffff  __binit__                      
ffffffff  __c_args__                     
UNDEFED   __mpu_init                     
2000fe00  __stack                        
20000000  __start___llvm_prf_cnts        
20000000  __stop___llvm_prf_cnts         
0000611d  _c_int00_noargs                
0000692e  _ctypes_                       
20000c28  _device                        
20000b38  _ftable                        
20000d34  _lock                          
00002dcb  _nop                           
20000ca0  _stream                        
20000738  _sys_memory                    
UNDEFED   _system_post_cinit             
000063c9  _system_pre_init               
20000d38  _unlock                        
000063cd  abort                          
000051b1  add_device                     
00004c41  aligned_alloc                  
00005dd9  atoi                           
ffffffff  binit                          
20000d09  btnLatch                       
20000000  buffer                         
00005b85  close                          
00006305  copysign                       
00006305  copysignl                      
00006a30  defaultMsg                     
00004129  delay                          
20000d14  deviceCnt                      
20000d4c  errno                          
00005e25  exit                           
00003351  ferror                         
00003337  fgetc                          
00006185  finddevice                     
0000531d  fopen                          
000054ed  fputc                          
0000490d  fputs                          
00004f35  free                           
00006151  freopen                        
000059f9  frexp                          
000059f9  frexpl                         
00005a5d  fseek                          
00005f81  getdevice                      
00006a8a  idx                            
00000000  interruptVectors               
00004b31  ldexp                          
00004b31  ldexpl                         
00006239  lseek                          
00001f0d  main                           
000063b9  malloc                         
00004c41  memalign                       
000062e9  memccpy                        
000062ad  memchr                         
000053b9  memcpy                         
0000568d  memset                         
00006a3c  msgBroadcast                   
00006a48  msgDebug                       
200006c0  msgReceived                    
00006a54  msgRespond1                    
00006a60  msgRespond2                    
200006cc  msgSend                        
200006d8  msgSend2                       
200006e4  msgSendCpy                     
20000d0d  oldInput                       
000050f5  open                           
00003279  outnibble                      
200006f8  parmbuf                        
00005991  printf                         
000054ed  putc                           
20000720  receiveBuffer                  
000061e5  remove                         
20000724  rotation                       
00004b31  scalbn                         
00004b31  scalbnl                        
20000d0a  sendFlg                        
20000d08  seqInd                         
00005019  setvbuf                        
000017c9  simple_delay                   
0000016d  ssd1306command                 
00000181  ssd1306command1                
00000195  ssd1306commandList             
00000853  ssd1306drawFastHLineInternal   
00000a7d  ssd1306drawFastVLineInternal   
00006337  strchr                         
0000631f  strcmp                         
0000634d  strcpy                         
00006361  strlen                         
0000607d  strncpy                        
20000d0e  thisID                         
20000d10  thisIDptr                      
00003377  uart_close                     
000033f5  uart_lseek                     
00003367  uart_open                      
00003383  uart_read                      
00003411  uart_rename                    
00003405  uart_unlink                    
000033b3  uart_write                     
000061e5  unlink                         
20000728  validMsg                       
2000072c  vccstate                       
20000d0c  waitCnt                        
20000d0b  waitFlg                        
00006375  wcslen                         
00006261  write                          


GLOBAL SYMBOLS: SORTED BY Symbol Address 

address   name                           
-------   ----                           
00000000  __TI_static_base__             
00000000  interruptVectors               
000000e5  I2C_SendData                   
0000016d  ssd1306command                 
00000181  ssd1306command1                
00000195  ssd1306commandList             
000001a7  SSD1306_Init                   
00000200  __STACK_SIZE                   
00000241  SSD1306_DrawPixel              
000003c5  SSD1306_DrawChar               
00000400  __SYSMEM_SIZE                  
00000469  SSD1306_DrawString             
000004a9  SSD1306_ClearBuffer            
000004dd  SSD1306_OutClear               
00000505  SSD1306_DrawBMP                
00000741  SSD1306_DrawFastHLine          
00000853  ssd1306drawFastHLineInternal   
00000965  SSD1306_DrawFastVLine          
00000a7d  ssd1306drawFastVLineInternal   
00000c7d  SSD1306_GetPixel               
00000d7b  SSD1306_GetBuffer              
00000d7f  SSD1306_OutBuffer              
00000d9d  SSD1306_DrawFullImage          
00000dc5  SSD1306_startscrollright       
00000df7  SSD1306_startscrollleft        
00000e2d  SSD1306_startscrolldiagright   
00000e71  SSD1306_startscrolldiagleft    
00000eb1  SSD1306_stopscroll             
00000ebb  SSD1306_InvertDisplay          
00000ed1  SSD1306_Dim                    
00000f09  SSD1306_SetCursor              
00000f79  SSD1306_OutChar                
00001081  SSD1306_OutString              
000010dd  SSD1306_OutUDec                
000012c1  SSD1306_OutSDec                
000014f7  SSD1306_OutUFix1               
00001585  SSD1306_OutSFix1               
00001673  SSD1306_OutHex7                
000016a9  SSD1306_OutUHex7               
000016d1  SSD1306_OutUDec16              
00001769  SSD1306_OutUDec2               
000017c9  simple_delay                   
000017ed  Send_Msg                       
0000186b  Read_Msg                       
000018bf  Parse_Check_Msg                
00001a15  SysTick_Handler                
00001a15  SysTick_Handler                
00001d65  HC12_ReadAllInput              
00001db9  HC12_Init                      
00001f0d  main                           
0000237d  __TI_printfi                   
00002dcb  _nop                           
00002dcd  UART0_Init                     
00002e13  UART0_InChar                   
00002e23  UART0_OutChar                  
00002e3f  UART0_OutString                
00002e5d  UART0_InUDec                   
00002ee1  UART0_OutUDec                  
00002f11  UART0_OutSDec                  
00003085  UART0_OutUDec4                 
000030cd  UART0_OutUDec5                 
000030ff  UART0_OutUFix1                 
00003127  UART0_OutUFix2                 
00003171  UART0_InUHex                   
00003235  UART0_OutUHex                  
00003279  outnibble                      
000032a1  UART0_OutUHex2                 
000032bd  UART0_InString                 
00003337  fgetc                          
00003351  ferror                         
00003367  uart_open                      
00003377  uart_close                     
00003383  uart_read                      
000033b3  uart_write                     
000033f5  uart_lseek                     
00003405  uart_unlink                    
00003411  uart_rename                    
0000341f  UART0_Initprintf               
000034ad  I2CB1_Init                     
000034fb  I2CB1_Send                     
00003573  I2CB1_Recv                     
000035ef  I2CB1_Send1                    
0000364b  I2CB1_Send2                    
000036bb  I2CB1_Send3                    
00003739  I2CB1_Send4                    
000037c7  I2CB1_Recv1                    
00003851  SystemCoreClockUpdate          
00003ac9  SystemInit                     
00003df5  RxFifo_Init                    
00003e07  RxFifo_Put                     
00003e4d  RxFifo_Get                     
00003e83  UART1_InStatus                 
00003e93  UART1_Init                     
00003eef  UART1_InitB                    
00003f4f  UART1_InCharNonBlock           
00003f63  UART1_InChar                   
00003f75  UART1_OutChar                  
00003f91  EUSCIA2_IRQHandler             
00003f91  EUSCIA2_IRQHandler             
00003fa7  UART1_OutString                
00003fc5  UART1_FinishOutput             
0000400d  Clock_Init48MHz                
00004123  Clock_GetFreq                  
00004129  delay                          
00004137  Clock_Delay1us                 
00004161  Clock_Delay1ms                 
000043bd  __aeabi_dsub                   
000043c7  __aeabi_dadd                   
00004573  __aeabi_idiv0                  
00004573  __aeabi_ldiv0                  
000046b1  __aeabi_ddiv                   
0000490d  fputs                          
00004b31  ldexp                          
00004b31  ldexpl                         
00004b31  scalbn                         
00004b31  scalbnl                        
00004c41  aligned_alloc                  
00004c41  memalign                       
00004d41  __aeabi_dmul                   
00004e3d  LaunchPad_Init                 
00004ead  LaunchPad_Input                
00004ecb  LaunchPad_LED                  
00004ee9  LaunchPad_Output               
00004f35  free                           
00005019  setvbuf                        
000050f5  open                           
000051b1  add_device                     
0000531d  fopen                          
000053b9  __aeabi_memcpy                 
000053b9  __aeabi_memcpy4                
000053b9  __aeabi_memcpy8                
000053b9  memcpy                         
00005455  __aeabi_uldivmod               
000054ed  fputc                          
000054ed  putc                           
00005579  __aeabi_cdcmpeq                
00005579  __aeabi_cdcmple                
000055ff  __aeabi_cdrcmple               
00005685  __aeabi_memclr                 
00005685  __aeabi_memclr4                
00005685  __aeabi_memclr8                
00005687  __aeabi_memset                 
00005687  __aeabi_memset4                
00005687  __aeabi_memset8                
0000568d  memset                         
00005701  __TI_closefile                 
00005855  HOSTrename                     
000058c1  HOSTlseek                      
00005929  __TI_decompress_lzss           
00005991  printf                         
000059f9  frexp                          
000059f9  frexpl                         
00005a5d  fseek                          
00005ac1  __TI_wrt_ok                    
00005b25  HOSTopen                       
00005b85  close                          
00005be1  HOSTread                       
00005c39  HOSTwrite                      
00005ce7  __TI_ltoa                      
00005d8d  __TI_doflush                   
00005dd9  atoi                           
00005e25  exit                           
00005e6d  __aeabi_d2iz                   
00005eb5  HOSTclose                      
00005ef9  HOSTunlink                     
00005f3d  __TI_auto_init_nobinit_nopinit 
00005f81  getdevice                      
00005fc5  SysTick_Init                   
00006045  __TI_writemsg                  
00006073  C$$IO$$                        
0000607d  strncpy                        
000060b5  __TI_cleanup                   
000060e9  __TI_readmsg                   
0000611d  _c_int00_noargs                
00006151  freopen                        
00006185  finddevice                     
000061b5  __aeabi_i2d                    
000061e5  remove                         
000061e5  unlink                         
00006239  lseek                          
00006261  write                          
00006289  DisableInterrupts              
0000628f  EnableInterrupts               
00006295  StartCritical                  
0000629f  EndCritical                    
000062a7  WaitForInterrupt               
000062ad  memchr                         
000062e9  memccpy                        
00006305  copysign                       
00006305  copysignl                      
0000631f  strcmp                         
00006337  strchr                         
0000634d  strcpy                         
00006361  strlen                         
00006375  wcslen                         
00006387  __TI_decompress_none           
00006395  Reset_Handler                  
000063a1  ADC14_IRQHandler               
000063a1  AES256_IRQHandler              
000063a1  BusFault_Handler               
000063a1  COMP_E0_IRQHandler             
000063a1  COMP_E1_IRQHandler             
000063a1  CS_IRQHandler                  
000063a1  DMA_ERR_IRQHandler             
000063a1  DMA_INT0_IRQHandler            
000063a1  DMA_INT1_IRQHandler            
000063a1  DMA_INT2_IRQHandler            
000063a1  DMA_INT3_IRQHandler            
000063a1  DebugMon_Handler               
000063a1  Default_Handler                
000063a1  EUSCIA0_IRQHandler             
000063a1  EUSCIA1_IRQHandler             
000063a1  EUSCIA3_IRQHandler             
000063a1  EUSCIB0_IRQHandler             
000063a1  EUSCIB1_IRQHandler             
000063a1  EUSCIB2_IRQHandler             
000063a1  EUSCIB3_IRQHandler             
000063a1  FLCTL_IRQHandler               
000063a1  FPU_IRQHandler                 
000063a1  HardFault_Handler              
000063a1  MemManage_Handler              
000063a1  NMI_Handler                    
000063a1  PCM_IRQHandler                 
000063a1  PORT1_IRQHandler               
000063a1  PORT2_IRQHandler               
000063a1  PORT3_IRQHandler               
000063a1  PORT4_IRQHandler               
000063a1  PORT5_IRQHandler               
000063a1  PORT6_IRQHandler               
000063a1  PSS_IRQHandler                 
000063a1  PendSV_Handler                 
000063a1  RTC_C_IRQHandler               
000063a1  SVC_Handler                    
000063a1  T32_INT1_IRQHandler            
000063a1  T32_INT2_IRQHandler            
000063a1  T32_INTC_IRQHandler            
000063a1  TA0_0_IRQHandler               
000063a1  TA0_N_IRQHandler               
000063a1  TA1_0_IRQHandler               
000063a1  TA1_N_IRQHandler               
000063a1  TA2_0_IRQHandler               
000063a1  TA2_N_IRQHandler               
000063a1  TA3_0_IRQHandler               
000063a1  TA3_N_IRQHandler               
000063a1  UsageFault_Handler             
000063a1  WDT_A_IRQHandler               
000063a3  __TI_zero_init                 
000063b1  __aeabi_errno_addr             
000063b9  malloc                         
000063c9  _system_pre_init               
000063cd  C$$EXIT                        
000063cd  abort                          
0000692e  _ctypes_                       
00006a30  defaultMsg                     
00006a3c  msgBroadcast                   
00006a48  msgDebug                       
00006a54  msgRespond1                    
00006a60  msgRespond2                    
00006a8a  idx                            
00006b3c  __TI_Handler_Table_Base        
00006b48  __TI_Handler_Table_Limit       
00006b50  __TI_CINIT_Base                
00006b60  __TI_CINIT_Limit               
20000000  __start___llvm_prf_cnts        
20000000  __stop___llvm_prf_cnts         
20000000  buffer                         
20000400  __CIOBUF_                      
20000520  RxFIFO                         
20000620  __TI_tmpnams                   
200006c0  msgReceived                    
200006cc  msgSend                        
200006d8  msgSend2                       
200006e4  msgSendCpy                     
200006f0  Messageb                       
200006f8  parmbuf                        
20000700  Flag                           
20000704  MainCount                      
20000708  Message                        
2000070c  Messageindexb                  
20000710  RxFifoLost                     
20000714  RxGetI                         
20000718  RxPutI                         
2000071c  Time                           
20000720  receiveBuffer                  
20000724  rotation                       
20000728  validMsg                       
2000072c  vccstate                       
20000730  StartX                         
20000732  StartY                         
20000734  HC12data                       
20000738  _sys_memory                    
20000b38  _ftable                        
20000c28  _device                        
20000ca0  _stream                        
20000cf0  ClockFrequency                 
20000cf4  Prewait                        
20000cf8  CPMwait                        
20000cfc  Postwait                       
20000d00  IFlags                         
20000d04  Crystalstable                  
20000d08  seqInd                         
20000d09  btnLatch                       
20000d0a  sendFlg                        
20000d0b  waitFlg                        
20000d0c  waitCnt                        
20000d0d  oldInput                       
20000d0e  thisID                         
20000d10  thisIDptr                      
20000d14  deviceCnt                      
20000d18  __TI_ft_end                    
20000d1c  __aeabi_stdin                  
20000d20  __aeabi_stdout                 
20000d24  __aeabi_stderr                 
20000d28  __TI_cleanup_ptr               
20000d2c  __TI_dtors_ptr                 
20000d30  __TI_enable_exit_profile_output
20000d34  _lock                          
20000d38  _unlock                        
20000d44  CurrentX                       
20000d46  CurrentY                       
20000d4c  errno                          
20000d58  SystemCoreClock                
2000fe00  __stack                        
20010000  __STACK_END                    
4000480c  WDTCTL_SYM                     
ffffffff  __TI_pprof_out_hndl            
ffffffff  __TI_prof_data_size            
ffffffff  __TI_prof_data_start           
ffffffff  __binit__                      
ffffffff  __c_args__                     
ffffffff  binit                          
UNDEFED   __mpu_init                     
UNDEFED   _system_post_cinit             

[333 symbols]
