******************************************************************************
                  TI ARM Linker Unix v20.2.6                   
******************************************************************************
>> Linked Wed Aug 31 18:23:24 2022

OUTPUT FILE NAME:   <Seeed_HC12.out>
ENTRY POINT SYMBOL: "_c_int00_noargs"  address: 00005971


MEMORY CONFIGURATION

         name            origin    length      used     unused   attr    fill
----------------------  --------  ---------  --------  --------  ----  --------
  MAIN                  00000000   00040000  00006360  00039ca0  R  X
  INFO                  00200000   00004000  00000000  00004000  R  X
  SRAM_CODE             01000000   00010000  00000f11  0000f0ef  RW X
  SRAM_DATA             20000000   00010000  00000f11  0000f0ef  RW  


SEGMENT ALLOCATION MAP

run origin  load origin   length   init length attrs members
----------  ----------- ---------- ----------- ----- -------
00000000    00000000    00006360   00006360    r-x
  00000000    00000000    000000e4   000000e4    r-- .intvecs
  000000e4    000000e4    00005b40   00005b40    r-x .text
  00005c24    00005c24    000006a4   000006a4    r-- .const
  000062c8    000062c8    00000098   00000098    r-- .cinit
20000000    20000000    00000d14   00000000    rw-
  20000000    20000000    000006fd   00000000    rw- .bss
  20000700    20000700    00000400   00000000    rw- .sysmem
  20000b00    20000b00    00000214   00000000    rw- .data
2000fe00    2000fe00    00000200   00000000    rw-
  2000fe00    2000fe00    00000200   00000000    rw- .stack


SECTION ALLOCATION MAP

 output                                  attributes/
section   page    origin      length       input sections
--------  ----  ----------  ----------   ----------------
.intvecs   0    00000000    000000e4     
                  00000000    000000e4     startup_msp432p401r_ccs.obj (.intvecs:retain)

.text      0    000000e4    00005b40     
                  000000e4    000016e4     SSD1306_I2C.obj (.text)
                  000017c8    00000a4e     rtsv7M4_T_le_v4SPD16_eabi.lib : _printfi.c.obj (.text:__TI_printfi)
                  00002216    00000002                                   : _lock.c.obj (.text:_nop)
                  00002218    000006e0     UART0.obj (.text)
                  000028f8    00000408     Seeed_HC12main.obj (.text)
                  00002d00    000003a4     I2CB1.obj (.text)
                  000030a4    00000334     system_msp432p401r.obj (.text)
                  000033d8    00000270     rtsv7M4_T_le_v4SPD16_eabi.lib : _printfi.c.obj (.text:_pconv_a)
                  00003648    00000218     UART1.obj (.text)
                  00003860    000001e0     Clock.obj (.text)
                  00003a40    000001d0     rtsv7M4_T_le_v4SPD16_eabi.lib : _printfi.c.obj (.text:_pconv_g)
                  00003c10    000001b6                                   : fd_add_t2.asm.obj (.text)
                  00003dc6    00000002                                   : div0.asm.obj (.text)
                  00003dc8    0000013c                                   : _printfi.c.obj (.text:_pconv_e)
                  00003f04    00000136                                   : fd_div_t2.asm.obj (.text)
                  0000403a    00000002     --HOLE-- [fill = 0]
                  0000403c    00000124                                   : _printfi.c.obj (.text:fcvt)
                  00004160    00000114                                   : fputs.c.obj (.text:fputs)
                  00004274    00000110                                   : fopen.c.obj (.text:_openfile)
                  00004384    00000110                                   : s_scalbn.c.obj (.text:scalbn)
                  00004494    00000100                                   : memory.c.obj (.text:aligned_alloc)
                  00004594    000000fc                                   : fd_mul_t2.asm.obj (.text)
                  00004690    000000f8     LaunchPad.obj (.text)
                  00004788    000000e4     rtsv7M4_T_le_v4SPD16_eabi.lib : memory.c.obj (.text:free)
                  0000486c    000000dc                                   : setvbuf.c.obj (.text:setvbuf)
                  00004948    000000bc                                   : open.c.obj (.text:open)
                  00004a04    000000b8                                   : add_device.c.obj (.text:add_device)
                  00004abc    000000b1                                   : _printfi.c.obj (.text:_ltostr)
                  00004b6d    00000003     --HOLE-- [fill = 0]
                  00004b70    0000009c                                   : fopen.c.obj (.text:fopen)
                  00004c0c    0000009c                                   : memcpy_t2.asm.obj (.text)
                  00004ca8    00000096                                   : ull_div_t2.asm.obj (.text)
                  00004d3e    00000002     --HOLE-- [fill = 0]
                  00004d40    0000008c                                   : fputc.c.obj (.text:fputc)
                  00004dcc    00000086                                   : fd_cmp_t2.asm.obj (.text:__aeabi_cdcmple)
                  00004e52    00000086                                   : fd_cmp_t2.asm.obj (.text:__aeabi_cdrcmple)
                  00004ed8    0000007a                                   : memset_t2.asm.obj (.text)
                  00004f52    00000002     --HOLE-- [fill = 0]
                  00004f54    00000074                                   : fclose.c.obj (.text:__TI_closefile)
                  00004fc8    00000070                                   : memory.c.obj (.text:split)
                  00005038    0000006e                                   : _printfi.c.obj (.text:_mcpy)
                  000050a6    00000002     --HOLE-- [fill = 0]
                  000050a8    0000006c                                   : hostrename.c.obj (.text:HOSTrename)
                  00005114    00000068                                   : hostlseek.c.obj (.text:HOSTlseek)
                  0000517c    00000068                                   : copy_decompress_lzss.c.obj (.text:decompress:lzss:__TI_decompress_lzss)
                  000051e4    00000068                                   : printf.c.obj (.text:printf)
                  0000524c    00000064                                   : s_frexp.c.obj (.text:frexp)
                  000052b0    00000064                                   : fseek.c.obj (.text:fseek)
                  00005314    00000062                                   : _io_perm.c.obj (.text:__TI_wrt_ok)
                  00005376    00000002     --HOLE-- [fill = 0]
                  00005378    00000060                                   : hostopen.c.obj (.text:HOSTopen)
                  000053d8    0000005c                                   : close.c.obj (.text:close)
                  00005434    00000058                                   : hostread.c.obj (.text:HOSTread)
                  0000548c    00000058                                   : hostwrite.c.obj (.text:HOSTwrite)
                  000054e4    00000056                                   : _printfi.c.obj (.text:_pconv_f)
                  0000553a    00000054                                   : _ltoa.c.obj (.text:__TI_ltoa)
                  0000558e    00000052                                   : _printfi.c.obj (.text:_ecpy)
                  000055e0    0000004c                                   : fflush.c.obj (.text:__TI_doflush)
                  0000562c    0000004c                                   : atoi.c.obj (.text:atoi)
                  00005678    00000048                                   : exit.c.obj (.text:exit)
                  000056c0    00000048                                   : fd_toi_t2.asm.obj (.text)
                  00005708    00000044                                   : hostclose.c.obj (.text:HOSTclose)
                  0000574c    00000044                                   : hostunlink.c.obj (.text:HOSTunlink)
                  00005790    00000044                                   : autoinit.c.obj (.text:__TI_auto_init_nobinit_nopinit:__TI_auto_init_nobinit_nopinit)
                  000057d4    00000044                                   : getdevice.c.obj (.text:getdevice)
                  00005818    00000040     SysTickInts.obj (.text)
                  00005858    0000003e     rtsv7M4_T_le_v4SPD16_eabi.lib : _printfi.c.obj (.text:_fcpy)
                  00005896    00000002     --HOLE-- [fill = 0]
                  00005898    00000038                                   : trgmsg.c.obj (.text:__TI_writemsg)
                  000058d0    00000036                                   : strncpy.c.obj (.text:strncpy)
                  00005906    00000002     --HOLE-- [fill = 0]
                  00005908    00000034                                   : fopen.c.obj (.text:__TI_cleanup)
                  0000593c    00000034                                   : trgmsg.c.obj (.text:__TI_readmsg)
                  00005970    00000034                                   : boot_cortex_m.c.obj (.text:_c_int00_noargs:_c_int00_noargs)
                  000059a4    00000034                                   : fopen.c.obj (.text:freopen)
                  000059d8    00000030                                   : getdevice.c.obj (.text:finddevice)
                  00005a08    0000002e                                   : i_tofd_t2.asm.obj (.text)
                  00005a36    00000002     --HOLE-- [fill = 0]
                  00005a38    0000002c                                   : unlink.c.obj (.text:unlink)
                  00005a64    00000028                                   : memory.c.obj (.text:free_list_insert)
                  00005a8c    00000028                                   : lseek.c.obj (.text:lseek)
                  00005ab4    00000028                                   : write.c.obj (.text:write)
                  00005adc    00000024     CortexM.obj (.text)
                  00005b00    00000020     rtsv7M4_T_le_v4SPD16_eabi.lib : memchr.c.obj (.text:memchr)
                  00005b20    0000001c                                   : memory.c.obj (.text:free_list_remove)
                  00005b3c    0000001c                                   : memccpy.c.obj (.text:memccpy)
                  00005b58    0000001a                                   : s_copysign.c.obj (.text:copysign)
                  00005b72    00000018                                   : strcmp.c.obj (.text:strcmp)
                  00005b8a    00000016                                   : strchr.c.obj (.text:strchr)
                  00005ba0    00000014                                   : strcpy.c.obj (.text:strcpy)
                  00005bb4    00000014                                   : strlen.c.obj (.text:strlen)
                  00005bc8    00000012                                   : wcslen.c.obj (.text:wcslen)
                  00005bda    0000000e                                   : copy_decompress_none.c.obj (.text:decompress:none:__TI_decompress_none)
                  00005be8    0000000e     startup_msp432p401r_ccs.obj (.text)
                  00005bf6    0000000c     rtsv7M4_T_le_v4SPD16_eabi.lib : copy_zero_init.c.obj (.text:decompress:ZI:__TI_zero_init)
                  00005c02    00000002     --HOLE-- [fill = 0]
                  00005c04    00000008                                   : errno.c.obj (.text:__aeabi_errno_addr)
                  00005c0c    00000008                                   : memory.c.obj (.text:malloc)
                  00005c14    00000004                                   : printf.c.obj (.text:_outc)
                  00005c18    00000004                                   : printf.c.obj (.text:_outs)
                  00005c1c    00000004                                   : pre_init.c.obj (.text:_system_pre_init)
                  00005c20    00000004                                   : exit.c.obj (.text:abort:abort)

.const     0    00005c24    000006a4     
                  00005c24    0000055e     SSD1306_I2C.obj (.const:ASCII)
                  00006182    00000101     rtsv7M4_T_le_v4SPD16_eabi.lib : ctype.c.obj (.const:.string:_ctypes_)
                  00006283    00000008     SSD1306_I2C.obj (.const:.string:postmask)
                  0000628b    00000008     SSD1306_I2C.obj (.const:.string:premask)
                  00006293    00000007     SSD1306_I2C.obj (.const:.string:init5)
                  0000629a    00000005     SSD1306_I2C.obj (.const:.string:dlist1)
                  0000629f    00000005     SSD1306_I2C.obj (.const:.string:init1)
                  000062a4    00000005     SSD1306_I2C.obj (.const:.string:init2)
                  000062a9    00000005     SSD1306_I2C.obj (.const:.string:init3)
                  000062ae    00000004     SSD1306_I2C.obj (.const:.string:init4b)
                  000062b2    00000003     SSD1306_I2C.obj (.const:.string:scrollList1b)
                  000062b5    00000003     SSD1306_I2C.obj (.const:.string:scrollList2b)
                  000062b8    00000002     SSD1306_I2C.obj (.const:.string:scrollList1a)
                  000062ba    00000002     SSD1306_I2C.obj (.const:.string:scrollList2a)
                  000062bc    00000002     SSD1306_I2C.obj (.const:.string:scrollList3a)
                  000062be    00000002     SSD1306_I2C.obj (.const:.string:scrollList3b)
                  000062c0    00000002     SSD1306_I2C.obj (.const:.string:scrollList3c)
                  000062c2    00000002     SSD1306_I2C.obj (.const:.string:scrollList4a)
                  000062c4    00000002     SSD1306_I2C.obj (.const:.string:scrollList4b)
                  000062c6    00000002     SSD1306_I2C.obj (.const:.string:scrollList4c)

.cinit     0    000062c8    00000098     
                  000062c8    00000070     (.cinit..data.load) [load image, compression = lzss]
                  00006338    0000000c     (__TI_handler_table)
                  00006344    00000004     --HOLE-- [fill = 0]
                  00006348    00000008     (.cinit..bss.load) [load image, compression = zero_init]
                  00006350    00000010     (__TI_cinit_table)

.init_array 
*          0    00000000    00000000     UNINITIALIZED

.binit     0    00000000    00000000     

.bss       0    20000000    000006fd     UNINITIALIZED
                  20000000    00000400     (.common:buffer)
                  20000400    00000120     rtsv7M4_T_le_v4SPD16_eabi.lib : trgmsg.c.obj (.bss:_CIOBUF_)
                  20000520    00000100     (.common:RxFIFO)
                  20000620    000000a0     (.common:__TI_tmpnams)
                  200006c0    00000008     (.common:Messageb)
                  200006c8    00000008     (.common:parmbuf)
                  200006d0    00000004     (.common:Flag)
                  200006d4    00000004     (.common:MainCount)
                  200006d8    00000004     (.common:Message)
                  200006dc    00000004     (.common:Messageindexb)
                  200006e0    00000004     (.common:RxFifoLost)
                  200006e4    00000004     (.common:RxGetI)
                  200006e8    00000004     (.common:RxPutI)
                  200006ec    00000004     (.common:Time)
                  200006f0    00000004     (.common:rotation)
                  200006f4    00000004     (.common:vccstate)
                  200006f8    00000002     (.common:StartX)
                  200006fa    00000002     (.common:StartY)
                  200006fc    00000001     (.common:HC12data)

.sysmem    0    20000700    00000400     UNINITIALIZED
                  20000700    00000010     rtsv7M4_T_le_v4SPD16_eabi.lib : memory.c.obj (.sysmem)
                  20000710    000003f0     --HOLE--

.data      0    20000b00    00000214     UNINITIALIZED
                  20000b00    000000f0     rtsv7M4_T_le_v4SPD16_eabi.lib : defs.c.obj (.data:_ftable)
                  20000bf0    00000078                                   : host_device.c.obj (.data:_device)
                  20000c68    00000050                                   : host_device.c.obj (.data:_stream)
                  20000cb8    00000018     Clock.obj (.data)
                  20000cd0    00000010     rtsv7M4_T_le_v4SPD16_eabi.lib : defs.c.obj (.data)
                  20000ce0    0000000c                                   : exit.c.obj (.data:$O1$$)
                  20000cec    00000008                                   : _lock.c.obj (.data:$O1$$)
                  20000cf4    00000008                                   : memory.c.obj (.data:$O1$$)
                  20000cfc    00000004     SSD1306_I2C.obj (.data)
                  20000d00    00000004     rtsv7M4_T_le_v4SPD16_eabi.lib : add_device.c.obj (.data)
                  20000d04    00000004                                   : errno.c.obj (.data)
                  20000d08    00000004                                   : fopen.c.obj (.data)
                  20000d0c    00000004                                   : open.c.obj (.data)
                  20000d10    00000004     system_msp432p401r.obj (.data)

.stack     0    2000fe00    00000200     UNINITIALIZED
                  2000fe00    00000004     rtsv7M4_T_le_v4SPD16_eabi.lib : boot_cortex_m.c.obj (.stack)
                  2000fe04    000001fc     --HOLE--

__llvm_prf_cnts 
*          0    20000000    00000000     UNINITIALIZED

MODULE SUMMARY

       Module                        code    ro data   rw data
       ------                        ----    -------   -------
    ./
       SSD1306_I2C.obj               5860    1443      2080   
       UART0.obj                     1760    0         24     
       UART1.obj                     536     0         536    
       Seeed_HC12main.obj            1032    0         34     
       I2CB1.obj                     932     0         0      
       system_msp432p401r.obj        820     0         8      
       Clock.obj                     480     0         48     
       LaunchPad.obj                 248     0         0      
       startup_msp432p401r_ccs.obj   14      228       0      
       SysTickInts.obj               64      0         0      
       CortexM.obj                   36      0         0      
    +--+-----------------------------+-------+---------+---------+
       Total:                        11782   1671      2730   
                                                              
    /Applications/ti/ccs1200/ccs/tools/compiler/ti-cgt-arm_20.2.6.LTS/lib/rtsv7M4_T_le_v4SPD16_eabi.lib
       _printfi.c.obj                4851    0         0      
       defs.c.obj                    0       0         832    
       memory.c.obj                  672     0         16     
       trgmsg.c.obj                  108     0         576    
       fopen.c.obj                   532     0         8      
       fd_add_t2.asm.obj             438     0         0      
       host_device.c.obj             0       0         400    
       fd_div_t2.asm.obj             310     0         0      
       fputs.c.obj                   276     0         0      
       s_scalbn.c.obj                272     0         0      
       fd_cmp_t2.asm.obj             268     0         0      
       ctype.c.obj                   0       257       0      
       fd_mul_t2.asm.obj             252     0         0      
       setvbuf.c.obj                 220     0         0      
       open.c.obj                    188     0         8      
       add_device.c.obj              184     0         8      
       memcpy_t2.asm.obj             156     0         0      
       ull_div_t2.asm.obj            150     0         0      
       fputc.c.obj                   140     0         0      
       memset_t2.asm.obj             122     0         0      
       fclose.c.obj                  116     0         0      
       getdevice.c.obj               116     0         0      
       hostopen.c.obj                96      0         16     
       printf.c.obj                  112     0         0      
       hostrename.c.obj              108     0         0      
       copy_decompress_lzss.c.obj    104     0         0      
       hostlseek.c.obj               104     0         0      
       exit.c.obj                    76      0         24     
       fseek.c.obj                   100     0         0      
       s_frexp.c.obj                 100     0         0      
       _io_perm.c.obj                98      0         0      
       close.c.obj                   92      0         0      
       hostread.c.obj                88      0         0      
       hostwrite.c.obj               88      0         0      
       _ltoa.c.obj                   84      0         0      
       atoi.c.obj                    76      0         0      
       fflush.c.obj                  76      0         0      
       fd_toi_t2.asm.obj             72      0         0      
       autoinit.c.obj                68      0         0      
       hostclose.c.obj               68      0         0      
       hostunlink.c.obj              68      0         0      
       strncpy.c.obj                 54      0         0      
       boot_cortex_m.c.obj           52      0         0      
       i_tofd_t2.asm.obj             46      0         0      
       unlink.c.obj                  44      0         0      
       lseek.c.obj                   40      0         0      
       write.c.obj                   40      0         0      
       memchr.c.obj                  32      0         0      
       memccpy.c.obj                 28      0         0      
       s_copysign.c.obj              26      0         0      
       strcmp.c.obj                  24      0         0      
       strchr.c.obj                  22      0         0      
       strcpy.c.obj                  20      0         0      
       strlen.c.obj                  20      0         0      
       _lock.c.obj                   2       0         16     
       wcslen.c.obj                  18      0         0      
       errno.c.obj                   8       0         8      
       copy_decompress_none.c.obj    14      0         0      
       copy_zero_init.c.obj          12      0         0      
       pre_init.c.obj                4       0         0      
       div0.asm.obj                  2       0         0      
    +--+-----------------------------+-------+---------+---------+
       Total:                        11557   257       1912   
                                                              
       Heap:                         0       0         2048   
       Stack:                        0       0         1024   
       Linker Generated:             0       148       0      
    +--+-----------------------------+-------+---------+---------+
       Grand Total:                  23339   2076      7714   


LINKER GENERATED COPY TABLES

__TI_cinit_table @ 00006350 records: 2, size/record: 8, table size: 16
	.data: load addr=000062c8, load size=00000070 bytes, run addr=20000b00, run size=00000214 bytes, compression=lzss
	.bss: load addr=00006348, load size=00000008 bytes, run addr=20000000, run size=000006fd bytes, compression=zero_init


LINKER GENERATED HANDLER TABLE

__TI_handler_table @ 00006338 records: 3, size/record: 4, table size: 12
	index: 0, handler: __TI_decompress_lzss
	index: 1, handler: __TI_decompress_none
	index: 2, handler: __TI_zero_init


GLOBAL SYMBOLS: SORTED ALPHABETICALLY BY Name 

address   name                           
-------   ----                           
00005bf5  ADC14_IRQHandler               
00005bf5  AES256_IRQHandler              
00005bf5  BusFault_Handler               
00005c21  C$$EXIT                        
000058c7  C$$IO$$                        
00005bf5  COMP_E0_IRQHandler             
00005bf5  COMP_E1_IRQHandler             
20000cc0  CPMwait                        
00005bf5  CS_IRQHandler                  
20000cb8  ClockFrequency                 
000039b5  Clock_Delay1ms                 
0000398b  Clock_Delay1us                 
00003977  Clock_GetFreq                  
00003861  Clock_Init48MHz                
20000ccc  Crystalstable                  
20000cfc  CurrentX                       
20000cfe  CurrentY                       
00005bf5  DMA_ERR_IRQHandler             
00005bf5  DMA_INT0_IRQHandler            
00005bf5  DMA_INT1_IRQHandler            
00005bf5  DMA_INT2_IRQHandler            
00005bf5  DMA_INT3_IRQHandler            
00005bf5  DebugMon_Handler               
00005bf5  Default_Handler                
00005add  DisableInterrupts              
00005bf5  EUSCIA0_IRQHandler             
00005bf5  EUSCIA1_IRQHandler             
000037e5  EUSCIA2_IRQHandler             
000037e5  EUSCIA2_IRQHandler             
00005bf5  EUSCIA3_IRQHandler             
00005bf5  EUSCIB0_IRQHandler             
00005bf5  EUSCIB1_IRQHandler             
00005bf5  EUSCIB2_IRQHandler             
00005bf5  EUSCIB3_IRQHandler             
00005ae3  EnableInterrupts               
00005af3  EndCritical                    
00005bf5  FLCTL_IRQHandler               
00005bf5  FPU_IRQHandler                 
200006d0  Flag                           
00002a49  HC12_Init                      
00002a1f  HC12_ReadAllInput              
200006fc  HC12data                       
00005709  HOSTclose                      
00005115  HOSTlseek                      
00005379  HOSTopen                       
00005435  HOSTread                       
000050a9  HOSTrename                     
0000574d  HOSTunlink                     
0000548d  HOSTwrite                      
00005bf5  HardFault_Handler              
00002d01  I2CB1_Init                     
00002dc7  I2CB1_Recv                     
0000301b  I2CB1_Recv1                    
00002d4f  I2CB1_Send                     
00002e43  I2CB1_Send1                    
00002e9f  I2CB1_Send2                    
00002f0f  I2CB1_Send3                    
00002f8d  I2CB1_Send4                    
000000e5  I2C_SendData                   
20000cc8  IFlags                         
00004691  LaunchPad_Init                 
00004701  LaunchPad_Input                
0000471f  LaunchPad_LED                  
0000473d  LaunchPad_Output               
200006d4  MainCount                      
00005bf5  MemManage_Handler              
200006d8  Message                        
200006c0  Messageb                       
200006dc  Messageindexb                  
00005bf5  NMI_Handler                    
00005bf5  PCM_IRQHandler                 
00005bf5  PORT1_IRQHandler               
00005bf5  PORT2_IRQHandler               
00005bf5  PORT3_IRQHandler               
00005bf5  PORT4_IRQHandler               
00005bf5  PORT5_IRQHandler               
00005bf5  PORT6_IRQHandler               
00005bf5  PSS_IRQHandler                 
00005bf5  PendSV_Handler                 
20000cc4  Postwait                       
20000cbc  Prewait                        
00005bf5  RTC_C_IRQHandler               
00005be9  Reset_Handler                  
20000520  RxFIFO                         
200006e0  RxFifoLost                     
000036a1  RxFifo_Get                     
00003649  RxFifo_Init                    
0000365b  RxFifo_Put                     
200006e4  RxGetI                         
200006e8  RxPutI                         
000004a9  SSD1306_ClearBuffer            
00000ed1  SSD1306_Dim                    
00000505  SSD1306_DrawBMP                
000003c5  SSD1306_DrawChar               
00000741  SSD1306_DrawFastHLine          
00000965  SSD1306_DrawFastVLine          
00000d9d  SSD1306_DrawFullImage          
00000241  SSD1306_DrawPixel              
00000469  SSD1306_DrawString             
00000d7b  SSD1306_GetBuffer              
00000c7d  SSD1306_GetPixel               
000001a7  SSD1306_Init                   
00000ebb  SSD1306_InvertDisplay          
00000d7f  SSD1306_OutBuffer              
00000f79  SSD1306_OutChar                
000004dd  SSD1306_OutClear               
00001673  SSD1306_OutHex7                
000012c1  SSD1306_OutSDec                
00001585  SSD1306_OutSFix1               
00001081  SSD1306_OutString              
000010dd  SSD1306_OutUDec                
000016d1  SSD1306_OutUDec16              
00001769  SSD1306_OutUDec2               
000014f7  SSD1306_OutUFix1               
000016a9  SSD1306_OutUHex7               
00000f09  SSD1306_SetCursor              
00000e71  SSD1306_startscrolldiagleft    
00000e2d  SSD1306_startscrolldiagright   
00000df7  SSD1306_startscrollleft        
00000dc5  SSD1306_startscrollright       
00000eb1  SSD1306_stopscroll             
00005bf5  SVC_Handler                    
00005ae9  StartCritical                  
200006f8  StartX                         
200006fa  StartY                         
0000291d  SysTick_Handler                
0000291d  SysTick_Handler                
00005819  SysTick_Init                   
20000d10  SystemCoreClock                
000030a5  SystemCoreClockUpdate          
0000331d  SystemInit                     
00005bf5  T32_INT1_IRQHandler            
00005bf5  T32_INT2_IRQHandler            
00005bf5  T32_INTC_IRQHandler            
00005bf5  TA0_0_IRQHandler               
00005bf5  TA0_N_IRQHandler               
00005bf5  TA1_0_IRQHandler               
00005bf5  TA1_N_IRQHandler               
00005bf5  TA2_0_IRQHandler               
00005bf5  TA2_N_IRQHandler               
00005bf5  TA3_0_IRQHandler               
00005bf5  TA3_N_IRQHandler               
200006ec  Time                           
0000225f  UART0_InChar                   
00002709  UART0_InString                 
000022a9  UART0_InUDec                   
000025bd  UART0_InUHex                   
00002219  UART0_Init                     
0000286b  UART0_Initprintf               
0000226f  UART0_OutChar                  
0000235d  UART0_OutSDec                  
0000228b  UART0_OutString                
0000232d  UART0_OutUDec                  
000024d1  UART0_OutUDec4                 
00002519  UART0_OutUDec5                 
0000254b  UART0_OutUFix1                 
00002573  UART0_OutUFix2                 
00002681  UART0_OutUHex                  
000026ed  UART0_OutUHex2                 
00003819  UART1_FinishOutput             
000037b7  UART1_InChar                   
000037a3  UART1_InCharNonBlock           
000036d7  UART1_InStatus                 
000036e7  UART1_Init                     
00003743  UART1_InitB                    
000037c9  UART1_OutChar                  
000037fb  UART1_OutString                
00005bf5  UsageFault_Handler             
4000480c  WDTCTL_SYM                     
00005bf5  WDT_A_IRQHandler               
00005afb  WaitForInterrupt               
20000400  __CIOBUF_                      
20010000  __STACK_END                    
00000200  __STACK_SIZE                   
00000400  __SYSMEM_SIZE                  
00006350  __TI_CINIT_Base                
00006360  __TI_CINIT_Limit               
00006338  __TI_Handler_Table_Base        
00006344  __TI_Handler_Table_Limit       
00005791  __TI_auto_init_nobinit_nopinit 
00005909  __TI_cleanup                   
20000ce0  __TI_cleanup_ptr               
00004f55  __TI_closefile                 
0000517d  __TI_decompress_lzss           
00005bdb  __TI_decompress_none           
000055e1  __TI_doflush                   
20000ce4  __TI_dtors_ptr                 
20000ce8  __TI_enable_exit_profile_output
20000cd0  __TI_ft_end                    
0000553b  __TI_ltoa                      
ffffffff  __TI_pprof_out_hndl            
000017c9  __TI_printfi                   
ffffffff  __TI_prof_data_size            
ffffffff  __TI_prof_data_start           
0000593d  __TI_readmsg                   
00000000  __TI_static_base__             
20000620  __TI_tmpnams                   
00005899  __TI_writemsg                  
00005315  __TI_wrt_ok                    
00005bf7  __TI_zero_init                 
00004dcd  __aeabi_cdcmpeq                
00004dcd  __aeabi_cdcmple                
00004e53  __aeabi_cdrcmple               
000056c1  __aeabi_d2iz                   
00003c1b  __aeabi_dadd                   
00003f05  __aeabi_ddiv                   
00004595  __aeabi_dmul                   
00003c11  __aeabi_dsub                   
00005c05  __aeabi_errno_addr             
00005a09  __aeabi_i2d                    
00003dc7  __aeabi_idiv0                  
00003dc7  __aeabi_ldiv0                  
00004ed9  __aeabi_memclr                 
00004ed9  __aeabi_memclr4                
00004ed9  __aeabi_memclr8                
00004c0d  __aeabi_memcpy                 
00004c0d  __aeabi_memcpy4                
00004c0d  __aeabi_memcpy8                
00004edb  __aeabi_memset                 
00004edb  __aeabi_memset4                
00004edb  __aeabi_memset8                
20000cdc  __aeabi_stderr                 
20000cd4  __aeabi_stdin                  
20000cd8  __aeabi_stdout                 
00004ca9  __aeabi_uldivmod               
ffffffff  __binit__                      
ffffffff  __c_args__                     
UNDEFED   __mpu_init                     
2000fe00  __stack                        
20000000  __start___llvm_prf_cnts        
20000000  __stop___llvm_prf_cnts         
00005971  _c_int00_noargs                
00006182  _ctypes_                       
20000bf0  _device                        
20000b00  _ftable                        
20000cec  _lock                          
00002217  _nop                           
20000c68  _stream                        
20000700  _sys_memory                    
UNDEFED   _system_post_cinit             
00005c1d  _system_pre_init               
20000cf0  _unlock                        
00005c21  abort                          
00004a05  add_device                     
00004495  aligned_alloc                  
0000562d  atoi                           
ffffffff  binit                          
20000000  buffer                         
000053d9  close                          
00005b59  copysign                       
00005b59  copysignl                      
0000397d  delay                          
20000d04  errno                          
00005679  exit                           
0000279d  ferror                         
00002783  fgetc                          
000059d9  finddevice                     
00004b71  fopen                          
00004d41  fputc                          
00004161  fputs                          
00004789  free                           
000059a5  freopen                        
0000524d  frexp                          
0000524d  frexpl                         
000052b1  fseek                          
000057d5  getdevice                      
00000000  interruptVectors               
00004385  ldexp                          
00004385  ldexpl                         
00005a8d  lseek                          
00002af5  main                           
00005c0d  malloc                         
00004495  memalign                       
00005b3d  memccpy                        
00005b01  memchr                         
00004c0d  memcpy                         
00004ee1  memset                         
00004949  open                           
000026c5  outnibble                      
200006c8  parmbuf                        
000051e5  printf                         
00004d41  putc                           
00005a39  remove                         
200006f0  rotation                       
00004385  scalbn                         
00004385  scalbnl                        
0000486d  setvbuf                        
000028f9  simple_delay                   
0000016d  ssd1306command                 
00000181  ssd1306command1                
00000195  ssd1306commandList             
00000853  ssd1306drawFastHLineInternal   
00000a7d  ssd1306drawFastVLineInternal   
00005b8b  strchr                         
00005b73  strcmp                         
00005ba1  strcpy                         
00005bb5  strlen                         
000058d1  strncpy                        
000027c3  uart_close                     
00002841  uart_lseek                     
000027b3  uart_open                      
000027cf  uart_read                      
0000285d  uart_rename                    
00002851  uart_unlink                    
000027ff  uart_write                     
00005a39  unlink                         
200006f4  vccstate                       
00005bc9  wcslen                         
00005ab5  write                          


GLOBAL SYMBOLS: SORTED BY Symbol Address 

address   name                           
-------   ----                           
00000000  __TI_static_base__             
00000000  interruptVectors               
000000e5  I2C_SendData                   
0000016d  ssd1306command                 
00000181  ssd1306command1                
00000195  ssd1306commandList             
000001a7  SSD1306_Init                   
00000200  __STACK_SIZE                   
00000241  SSD1306_DrawPixel              
000003c5  SSD1306_DrawChar               
00000400  __SYSMEM_SIZE                  
00000469  SSD1306_DrawString             
000004a9  SSD1306_ClearBuffer            
000004dd  SSD1306_OutClear               
00000505  SSD1306_DrawBMP                
00000741  SSD1306_DrawFastHLine          
00000853  ssd1306drawFastHLineInternal   
00000965  SSD1306_DrawFastVLine          
00000a7d  ssd1306drawFastVLineInternal   
00000c7d  SSD1306_GetPixel               
00000d7b  SSD1306_GetBuffer              
00000d7f  SSD1306_OutBuffer              
00000d9d  SSD1306_DrawFullImage          
00000dc5  SSD1306_startscrollright       
00000df7  SSD1306_startscrollleft        
00000e2d  SSD1306_startscrolldiagright   
00000e71  SSD1306_startscrolldiagleft    
00000eb1  SSD1306_stopscroll             
00000ebb  SSD1306_InvertDisplay          
00000ed1  SSD1306_Dim                    
00000f09  SSD1306_SetCursor              
00000f79  SSD1306_OutChar                
00001081  SSD1306_OutString              
000010dd  SSD1306_OutUDec                
000012c1  SSD1306_OutSDec                
000014f7  SSD1306_OutUFix1               
00001585  SSD1306_OutSFix1               
00001673  SSD1306_OutHex7                
000016a9  SSD1306_OutUHex7               
000016d1  SSD1306_OutUDec16              
00001769  SSD1306_OutUDec2               
000017c9  __TI_printfi                   
00002217  _nop                           
00002219  UART0_Init                     
0000225f  UART0_InChar                   
0000226f  UART0_OutChar                  
0000228b  UART0_OutString                
000022a9  UART0_InUDec                   
0000232d  UART0_OutUDec                  
0000235d  UART0_OutSDec                  
000024d1  UART0_OutUDec4                 
00002519  UART0_OutUDec5                 
0000254b  UART0_OutUFix1                 
00002573  UART0_OutUFix2                 
000025bd  UART0_InUHex                   
00002681  UART0_OutUHex                  
000026c5  outnibble                      
000026ed  UART0_OutUHex2                 
00002709  UART0_InString                 
00002783  fgetc                          
0000279d  ferror                         
000027b3  uart_open                      
000027c3  uart_close                     
000027cf  uart_read                      
000027ff  uart_write                     
00002841  uart_lseek                     
00002851  uart_unlink                    
0000285d  uart_rename                    
0000286b  UART0_Initprintf               
000028f9  simple_delay                   
0000291d  SysTick_Handler                
0000291d  SysTick_Handler                
00002a1f  HC12_ReadAllInput              
00002a49  HC12_Init                      
00002af5  main                           
00002d01  I2CB1_Init                     
00002d4f  I2CB1_Send                     
00002dc7  I2CB1_Recv                     
00002e43  I2CB1_Send1                    
00002e9f  I2CB1_Send2                    
00002f0f  I2CB1_Send3                    
00002f8d  I2CB1_Send4                    
0000301b  I2CB1_Recv1                    
000030a5  SystemCoreClockUpdate          
0000331d  SystemInit                     
00003649  RxFifo_Init                    
0000365b  RxFifo_Put                     
000036a1  RxFifo_Get                     
000036d7  UART1_InStatus                 
000036e7  UART1_Init                     
00003743  UART1_InitB                    
000037a3  UART1_InCharNonBlock           
000037b7  UART1_InChar                   
000037c9  UART1_OutChar                  
000037e5  EUSCIA2_IRQHandler             
000037e5  EUSCIA2_IRQHandler             
000037fb  UART1_OutString                
00003819  UART1_FinishOutput             
00003861  Clock_Init48MHz                
00003977  Clock_GetFreq                  
0000397d  delay                          
0000398b  Clock_Delay1us                 
000039b5  Clock_Delay1ms                 
00003c11  __aeabi_dsub                   
00003c1b  __aeabi_dadd                   
00003dc7  __aeabi_idiv0                  
00003dc7  __aeabi_ldiv0                  
00003f05  __aeabi_ddiv                   
00004161  fputs                          
00004385  ldexp                          
00004385  ldexpl                         
00004385  scalbn                         
00004385  scalbnl                        
00004495  aligned_alloc                  
00004495  memalign                       
00004595  __aeabi_dmul                   
00004691  LaunchPad_Init                 
00004701  LaunchPad_Input                
0000471f  LaunchPad_LED                  
0000473d  LaunchPad_Output               
00004789  free                           
0000486d  setvbuf                        
00004949  open                           
00004a05  add_device                     
00004b71  fopen                          
00004c0d  __aeabi_memcpy                 
00004c0d  __aeabi_memcpy4                
00004c0d  __aeabi_memcpy8                
00004c0d  memcpy                         
00004ca9  __aeabi_uldivmod               
00004d41  fputc                          
00004d41  putc                           
00004dcd  __aeabi_cdcmpeq                
00004dcd  __aeabi_cdcmple                
00004e53  __aeabi_cdrcmple               
00004ed9  __aeabi_memclr                 
00004ed9  __aeabi_memclr4                
00004ed9  __aeabi_memclr8                
00004edb  __aeabi_memset                 
00004edb  __aeabi_memset4                
00004edb  __aeabi_memset8                
00004ee1  memset                         
00004f55  __TI_closefile                 
000050a9  HOSTrename                     
00005115  HOSTlseek                      
0000517d  __TI_decompress_lzss           
000051e5  printf                         
0000524d  frexp                          
0000524d  frexpl                         
000052b1  fseek                          
00005315  __TI_wrt_ok                    
00005379  HOSTopen                       
000053d9  close                          
00005435  HOSTread                       
0000548d  HOSTwrite                      
0000553b  __TI_ltoa                      
000055e1  __TI_doflush                   
0000562d  atoi                           
00005679  exit                           
000056c1  __aeabi_d2iz                   
00005709  HOSTclose                      
0000574d  HOSTunlink                     
00005791  __TI_auto_init_nobinit_nopinit 
000057d5  getdevice                      
00005819  SysTick_Init                   
00005899  __TI_writemsg                  
000058c7  C$$IO$$                        
000058d1  strncpy                        
00005909  __TI_cleanup                   
0000593d  __TI_readmsg                   
00005971  _c_int00_noargs                
000059a5  freopen                        
000059d9  finddevice                     
00005a09  __aeabi_i2d                    
00005a39  remove                         
00005a39  unlink                         
00005a8d  lseek                          
00005ab5  write                          
00005add  DisableInterrupts              
00005ae3  EnableInterrupts               
00005ae9  StartCritical                  
00005af3  EndCritical                    
00005afb  WaitForInterrupt               
00005b01  memchr                         
00005b3d  memccpy                        
00005b59  copysign                       
00005b59  copysignl                      
00005b73  strcmp                         
00005b8b  strchr                         
00005ba1  strcpy                         
00005bb5  strlen                         
00005bc9  wcslen                         
00005bdb  __TI_decompress_none           
00005be9  Reset_Handler                  
00005bf5  ADC14_IRQHandler               
00005bf5  AES256_IRQHandler              
00005bf5  BusFault_Handler               
00005bf5  COMP_E0_IRQHandler             
00005bf5  COMP_E1_IRQHandler             
00005bf5  CS_IRQHandler                  
00005bf5  DMA_ERR_IRQHandler             
00005bf5  DMA_INT0_IRQHandler            
00005bf5  DMA_INT1_IRQHandler            
00005bf5  DMA_INT2_IRQHandler            
00005bf5  DMA_INT3_IRQHandler            
00005bf5  DebugMon_Handler               
00005bf5  Default_Handler                
00005bf5  EUSCIA0_IRQHandler             
00005bf5  EUSCIA1_IRQHandler             
00005bf5  EUSCIA3_IRQHandler             
00005bf5  EUSCIB0_IRQHandler             
00005bf5  EUSCIB1_IRQHandler             
00005bf5  EUSCIB2_IRQHandler             
00005bf5  EUSCIB3_IRQHandler             
00005bf5  FLCTL_IRQHandler               
00005bf5  FPU_IRQHandler                 
00005bf5  HardFault_Handler              
00005bf5  MemManage_Handler              
00005bf5  NMI_Handler                    
00005bf5  PCM_IRQHandler                 
00005bf5  PORT1_IRQHandler               
00005bf5  PORT2_IRQHandler               
00005bf5  PORT3_IRQHandler               
00005bf5  PORT4_IRQHandler               
00005bf5  PORT5_IRQHandler               
00005bf5  PORT6_IRQHandler               
00005bf5  PSS_IRQHandler                 
00005bf5  PendSV_Handler                 
00005bf5  RTC_C_IRQHandler               
00005bf5  SVC_Handler                    
00005bf5  T32_INT1_IRQHandler            
00005bf5  T32_INT2_IRQHandler            
00005bf5  T32_INTC_IRQHandler            
00005bf5  TA0_0_IRQHandler               
00005bf5  TA0_N_IRQHandler               
00005bf5  TA1_0_IRQHandler               
00005bf5  TA1_N_IRQHandler               
00005bf5  TA2_0_IRQHandler               
00005bf5  TA2_N_IRQHandler               
00005bf5  TA3_0_IRQHandler               
00005bf5  TA3_N_IRQHandler               
00005bf5  UsageFault_Handler             
00005bf5  WDT_A_IRQHandler               
00005bf7  __TI_zero_init                 
00005c05  __aeabi_errno_addr             
00005c0d  malloc                         
00005c1d  _system_pre_init               
00005c21  C$$EXIT                        
00005c21  abort                          
00006182  _ctypes_                       
00006338  __TI_Handler_Table_Base        
00006344  __TI_Handler_Table_Limit       
00006350  __TI_CINIT_Base                
00006360  __TI_CINIT_Limit               
20000000  __start___llvm_prf_cnts        
20000000  __stop___llvm_prf_cnts         
20000000  buffer                         
20000400  __CIOBUF_                      
20000520  RxFIFO                         
20000620  __TI_tmpnams                   
200006c0  Messageb                       
200006c8  parmbuf                        
200006d0  Flag                           
200006d4  MainCount                      
200006d8  Message                        
200006dc  Messageindexb                  
200006e0  RxFifoLost                     
200006e4  RxGetI                         
200006e8  RxPutI                         
200006ec  Time                           
200006f0  rotation                       
200006f4  vccstate                       
200006f8  StartX                         
200006fa  StartY                         
200006fc  HC12data                       
20000700  _sys_memory                    
20000b00  _ftable                        
20000bf0  _device                        
20000c68  _stream                        
20000cb8  ClockFrequency                 
20000cbc  Prewait                        
20000cc0  CPMwait                        
20000cc4  Postwait                       
20000cc8  IFlags                         
20000ccc  Crystalstable                  
20000cd0  __TI_ft_end                    
20000cd4  __aeabi_stdin                  
20000cd8  __aeabi_stdout                 
20000cdc  __aeabi_stderr                 
20000ce0  __TI_cleanup_ptr               
20000ce4  __TI_dtors_ptr                 
20000ce8  __TI_enable_exit_profile_output
20000cec  _lock                          
20000cf0  _unlock                        
20000cfc  CurrentX                       
20000cfe  CurrentY                       
20000d04  errno                          
20000d10  SystemCoreClock                
2000fe00  __stack                        
20010000  __STACK_END                    
4000480c  WDTCTL_SYM                     
ffffffff  __TI_pprof_out_hndl            
ffffffff  __TI_prof_data_size            
ffffffff  __TI_prof_data_start           
ffffffff  __binit__                      
ffffffff  __c_args__                     
ffffffff  binit                          
UNDEFED   __mpu_init                     
UNDEFED   _system_post_cinit             

[309 symbols]
