******************************************************************************
                  TI ARM Linker PC v20.2.6                     
******************************************************************************
>> Linked Wed Sep 14 17:05:21 2022

OUTPUT FILE NAME:   <Seeed_HC12.out>
ENTRY POINT SYMBOL: "_c_int00_noargs"  address: 00005afd


MEMORY CONFIGURATION

         name            origin    length      used     unused   attr    fill
----------------------  --------  ---------  --------  --------  ----  --------
  MAIN                  00000000   00040000  00006500  00039b00  R  X
  INFO                  00200000   00004000  00000000  00004000  R  X
  SRAM_CODE             01000000   00010000  00000f19  0000f0e7  RW X
  SRAM_DATA             20000000   00010000  00000f19  0000f0e7  RW  


SEGMENT ALLOCATION MAP

run origin  load origin   length   init length attrs members
----------  ----------- ---------- ----------- ----- -------
00000000    00000000    00006500   00006500    r-x
  00000000    00000000    000000e4   000000e4    r-- .intvecs
  000000e4    000000e4    00005ccc   00005ccc    r-x .text
  00005db0    00005db0    000006b8   000006b8    r-- .const
  00006468    00006468    00000098   00000098    r-- .cinit
20000000    20000000    00000d20   00000000    rw-
  20000000    20000000    00000701   00000000    rw- .bss
  20000708    20000708    00000400   00000000    rw- .sysmem
  20000b08    20000b08    00000218   00000000    rw- .data
2000fe00    2000fe00    00000200   00000000    rw-
  2000fe00    2000fe00    00000200   00000000    rw- .stack


SECTION ALLOCATION MAP

 output                                  attributes/
section   page    origin      length       input sections
--------  ----  ----------  ----------   ----------------
.intvecs   0    00000000    000000e4     
                  00000000    000000e4     startup_msp432p401r_ccs.obj (.intvecs:retain)

.text      0    000000e4    00005ccc     
                  000000e4    000016e4     SSD1306_I2C.obj (.text)
                  000017c8    00000a4e     rtsv7M4_T_le_v4SPD16_eabi.lib : _printfi.c.obj (.text:__TI_printfi)
                  00002216    00000002                                   : _lock.c.obj (.text:_nop)
                  00002218    000006e0     UART0.obj (.text)
                  000028f8    00000594     Seeed_HC12main.obj (.text)
                  00002e8c    000003a4     I2CB1.obj (.text)
                  00003230    00000334     system_msp432p401r.obj (.text)
                  00003564    00000270     rtsv7M4_T_le_v4SPD16_eabi.lib : _printfi.c.obj (.text:_pconv_a)
                  000037d4    00000218     UART1.obj (.text)
                  000039ec    000001e0     Clock.obj (.text)
                  00003bcc    000001d0     rtsv7M4_T_le_v4SPD16_eabi.lib : _printfi.c.obj (.text:_pconv_g)
                  00003d9c    000001b6                                   : fd_add_t2.asm.obj (.text)
                  00003f52    00000002                                   : div0.asm.obj (.text)
                  00003f54    0000013c                                   : _printfi.c.obj (.text:_pconv_e)
                  00004090    00000136                                   : fd_div_t2.asm.obj (.text)
                  000041c6    00000002     --HOLE-- [fill = 0]
                  000041c8    00000124                                   : _printfi.c.obj (.text:fcvt)
                  000042ec    00000114                                   : fputs.c.obj (.text:fputs)
                  00004400    00000110                                   : fopen.c.obj (.text:_openfile)
                  00004510    00000110                                   : s_scalbn.c.obj (.text:scalbn)
                  00004620    00000100                                   : memory.c.obj (.text:aligned_alloc)
                  00004720    000000fc                                   : fd_mul_t2.asm.obj (.text)
                  0000481c    000000f8     LaunchPad.obj (.text)
                  00004914    000000e4     rtsv7M4_T_le_v4SPD16_eabi.lib : memory.c.obj (.text:free)
                  000049f8    000000dc                                   : setvbuf.c.obj (.text:setvbuf)
                  00004ad4    000000bc                                   : open.c.obj (.text:open)
                  00004b90    000000b8                                   : add_device.c.obj (.text:add_device)
                  00004c48    000000b1                                   : _printfi.c.obj (.text:_ltostr)
                  00004cf9    00000003     --HOLE-- [fill = 0]
                  00004cfc    0000009c                                   : fopen.c.obj (.text:fopen)
                  00004d98    0000009c                                   : memcpy_t2.asm.obj (.text)
                  00004e34    00000096                                   : ull_div_t2.asm.obj (.text)
                  00004eca    00000002     --HOLE-- [fill = 0]
                  00004ecc    0000008c                                   : fputc.c.obj (.text:fputc)
                  00004f58    00000086                                   : fd_cmp_t2.asm.obj (.text:__aeabi_cdcmple)
                  00004fde    00000086                                   : fd_cmp_t2.asm.obj (.text:__aeabi_cdrcmple)
                  00005064    0000007a                                   : memset_t2.asm.obj (.text)
                  000050de    00000002     --HOLE-- [fill = 0]
                  000050e0    00000074                                   : fclose.c.obj (.text:__TI_closefile)
                  00005154    00000070                                   : memory.c.obj (.text:split)
                  000051c4    0000006e                                   : _printfi.c.obj (.text:_mcpy)
                  00005232    00000002     --HOLE-- [fill = 0]
                  00005234    0000006c                                   : hostrename.c.obj (.text:HOSTrename)
                  000052a0    00000068                                   : hostlseek.c.obj (.text:HOSTlseek)
                  00005308    00000068                                   : copy_decompress_lzss.c.obj (.text:decompress:lzss:__TI_decompress_lzss)
                  00005370    00000068                                   : printf.c.obj (.text:printf)
                  000053d8    00000064                                   : s_frexp.c.obj (.text:frexp)
                  0000543c    00000064                                   : fseek.c.obj (.text:fseek)
                  000054a0    00000062                                   : _io_perm.c.obj (.text:__TI_wrt_ok)
                  00005502    00000002     --HOLE-- [fill = 0]
                  00005504    00000060                                   : hostopen.c.obj (.text:HOSTopen)
                  00005564    0000005c                                   : close.c.obj (.text:close)
                  000055c0    00000058                                   : hostread.c.obj (.text:HOSTread)
                  00005618    00000058                                   : hostwrite.c.obj (.text:HOSTwrite)
                  00005670    00000056                                   : _printfi.c.obj (.text:_pconv_f)
                  000056c6    00000054                                   : _ltoa.c.obj (.text:__TI_ltoa)
                  0000571a    00000052                                   : _printfi.c.obj (.text:_ecpy)
                  0000576c    0000004c                                   : fflush.c.obj (.text:__TI_doflush)
                  000057b8    0000004c                                   : atoi.c.obj (.text:atoi)
                  00005804    00000048                                   : exit.c.obj (.text:exit)
                  0000584c    00000048                                   : fd_toi_t2.asm.obj (.text)
                  00005894    00000044                                   : hostclose.c.obj (.text:HOSTclose)
                  000058d8    00000044                                   : hostunlink.c.obj (.text:HOSTunlink)
                  0000591c    00000044                                   : autoinit.c.obj (.text:__TI_auto_init_nobinit_nopinit:__TI_auto_init_nobinit_nopinit)
                  00005960    00000044                                   : getdevice.c.obj (.text:getdevice)
                  000059a4    00000040     SysTickInts.obj (.text)
                  000059e4    0000003e     rtsv7M4_T_le_v4SPD16_eabi.lib : _printfi.c.obj (.text:_fcpy)
                  00005a22    00000002     --HOLE-- [fill = 0]
                  00005a24    00000038                                   : trgmsg.c.obj (.text:__TI_writemsg)
                  00005a5c    00000036                                   : strncpy.c.obj (.text:strncpy)
                  00005a92    00000002     --HOLE-- [fill = 0]
                  00005a94    00000034                                   : fopen.c.obj (.text:__TI_cleanup)
                  00005ac8    00000034                                   : trgmsg.c.obj (.text:__TI_readmsg)
                  00005afc    00000034                                   : boot_cortex_m.c.obj (.text:_c_int00_noargs:_c_int00_noargs)
                  00005b30    00000034                                   : fopen.c.obj (.text:freopen)
                  00005b64    00000030                                   : getdevice.c.obj (.text:finddevice)
                  00005b94    0000002e                                   : i_tofd_t2.asm.obj (.text)
                  00005bc2    00000002     --HOLE-- [fill = 0]
                  00005bc4    0000002c                                   : unlink.c.obj (.text:unlink)
                  00005bf0    00000028                                   : memory.c.obj (.text:free_list_insert)
                  00005c18    00000028                                   : lseek.c.obj (.text:lseek)
                  00005c40    00000028                                   : write.c.obj (.text:write)
                  00005c68    00000024     CortexM.obj (.text)
                  00005c8c    00000020     rtsv7M4_T_le_v4SPD16_eabi.lib : memchr.c.obj (.text:memchr)
                  00005cac    0000001c                                   : memory.c.obj (.text:free_list_remove)
                  00005cc8    0000001c                                   : memccpy.c.obj (.text:memccpy)
                  00005ce4    0000001a                                   : s_copysign.c.obj (.text:copysign)
                  00005cfe    00000018                                   : strcmp.c.obj (.text:strcmp)
                  00005d16    00000016                                   : strchr.c.obj (.text:strchr)
                  00005d2c    00000014                                   : strcpy.c.obj (.text:strcpy)
                  00005d40    00000014                                   : strlen.c.obj (.text:strlen)
                  00005d54    00000012                                   : wcslen.c.obj (.text:wcslen)
                  00005d66    0000000e                                   : copy_decompress_none.c.obj (.text:decompress:none:__TI_decompress_none)
                  00005d74    0000000e     startup_msp432p401r_ccs.obj (.text)
                  00005d82    0000000c     rtsv7M4_T_le_v4SPD16_eabi.lib : copy_zero_init.c.obj (.text:decompress:ZI:__TI_zero_init)
                  00005d8e    00000002     --HOLE-- [fill = 0]
                  00005d90    00000008                                   : errno.c.obj (.text:__aeabi_errno_addr)
                  00005d98    00000008                                   : memory.c.obj (.text:malloc)
                  00005da0    00000004                                   : printf.c.obj (.text:_outc)
                  00005da4    00000004                                   : printf.c.obj (.text:_outs)
                  00005da8    00000004                                   : pre_init.c.obj (.text:_system_pre_init)
                  00005dac    00000004                                   : exit.c.obj (.text:abort:abort)

.const     0    00005db0    000006b8     
                  00005db0    0000055e     SSD1306_I2C.obj (.const:ASCII)
                  0000630e    00000101     rtsv7M4_T_le_v4SPD16_eabi.lib : ctype.c.obj (.const:.string:_ctypes_)
                  0000640f    00000001     --HOLE-- [fill = 0]
                  00006410    0000000c     Seeed_HC12main.obj (.const:msgSend)
                  0000641c    00000008     SSD1306_I2C.obj (.const:.string:postmask)
                  00006424    00000008     SSD1306_I2C.obj (.const:.string:premask)
                  0000642c    00000007     SSD1306_I2C.obj (.const:.string:init5)
                  00006433    00000001     --HOLE-- [fill = 0]
                  00006434    00000006     Seeed_HC12main.obj (.const:.string)
                  0000643a    00000005     SSD1306_I2C.obj (.const:.string:dlist1)
                  0000643f    00000005     SSD1306_I2C.obj (.const:.string:init1)
                  00006444    00000005     SSD1306_I2C.obj (.const:.string:init2)
                  00006449    00000005     SSD1306_I2C.obj (.const:.string:init3)
                  0000644e    00000004     SSD1306_I2C.obj (.const:.string:init4b)
                  00006452    00000003     SSD1306_I2C.obj (.const:.string:scrollList1b)
                  00006455    00000003     SSD1306_I2C.obj (.const:.string:scrollList2b)
                  00006458    00000002     SSD1306_I2C.obj (.const:.string:scrollList1a)
                  0000645a    00000002     SSD1306_I2C.obj (.const:.string:scrollList2a)
                  0000645c    00000002     SSD1306_I2C.obj (.const:.string:scrollList3a)
                  0000645e    00000002     SSD1306_I2C.obj (.const:.string:scrollList3b)
                  00006460    00000002     SSD1306_I2C.obj (.const:.string:scrollList3c)
                  00006462    00000002     SSD1306_I2C.obj (.const:.string:scrollList4a)
                  00006464    00000002     SSD1306_I2C.obj (.const:.string:scrollList4b)
                  00006466    00000002     SSD1306_I2C.obj (.const:.string:scrollList4c)

.cinit     0    00006468    00000098     
                  00006468    00000072     (.cinit..data.load) [load image, compression = lzss]
                  000064da    00000002     --HOLE-- [fill = 0]
                  000064dc    0000000c     (__TI_handler_table)
                  000064e8    00000008     (.cinit..bss.load) [load image, compression = zero_init]
                  000064f0    00000010     (__TI_cinit_table)

.init_array 
*          0    00000000    00000000     UNINITIALIZED

.binit     0    00000000    00000000     

.bss       0    20000000    00000701     UNINITIALIZED
                  20000000    00000400     (.common:buffer)
                  20000400    00000120     rtsv7M4_T_le_v4SPD16_eabi.lib : trgmsg.c.obj (.bss:_CIOBUF_)
                  20000520    00000100     (.common:RxFIFO)
                  20000620    000000a0     (.common:__TI_tmpnams)
                  200006c0    00000008     (.common:Messageb)
                  200006c8    00000008     (.common:parmbuf)
                  200006d0    00000004     (.common:Flag)
                  200006d4    00000004     (.common:MainCount)
                  200006d8    00000004     (.common:Message)
                  200006dc    00000004     (.common:Messageindexb)
                  200006e0    00000004     (.common:RxFifoLost)
                  200006e4    00000004     (.common:RxGetI)
                  200006e8    00000004     (.common:RxPutI)
                  200006ec    00000004     (.common:Time)
                  200006f0    00000004     (.common:receiveBuffer)
                  200006f4    00000004     (.common:rotation)
                  200006f8    00000004     (.common:vccstate)
                  200006fc    00000002     (.common:StartX)
                  200006fe    00000002     (.common:StartY)
                  20000700    00000001     (.common:HC12data)

.sysmem    0    20000708    00000400     UNINITIALIZED
                  20000708    00000010     rtsv7M4_T_le_v4SPD16_eabi.lib : memory.c.obj (.sysmem)
                  20000718    000003f0     --HOLE--

.data      0    20000b08    00000218     UNINITIALIZED
                  20000b08    000000f0     rtsv7M4_T_le_v4SPD16_eabi.lib : defs.c.obj (.data:_ftable)
                  20000bf8    00000078                                   : host_device.c.obj (.data:_device)
                  20000c70    00000050                                   : host_device.c.obj (.data:_stream)
                  20000cc0    00000018     Clock.obj (.data)
                  20000cd8    00000010     rtsv7M4_T_le_v4SPD16_eabi.lib : defs.c.obj (.data)
                  20000ce8    0000000c                                   : exit.c.obj (.data:$O1$$)
                  20000cf4    00000008                                   : _lock.c.obj (.data:$O1$$)
                  20000cfc    00000008                                   : memory.c.obj (.data:$O1$$)
                  20000d04    00000004     SSD1306_I2C.obj (.data)
                  20000d08    00000004     Seeed_HC12main.obj (.data)
                  20000d0c    00000004     rtsv7M4_T_le_v4SPD16_eabi.lib : add_device.c.obj (.data)
                  20000d10    00000004                                   : errno.c.obj (.data)
                  20000d14    00000004                                   : fopen.c.obj (.data)
                  20000d18    00000004                                   : open.c.obj (.data)
                  20000d1c    00000004     system_msp432p401r.obj (.data)

.stack     0    2000fe00    00000200     UNINITIALIZED
                  2000fe00    00000004     rtsv7M4_T_le_v4SPD16_eabi.lib : boot_cortex_m.c.obj (.stack)
                  2000fe04    000001fc     --HOLE--

__llvm_prf_cnts 
*          0    20000000    00000000     UNINITIALIZED

MODULE SUMMARY

       Module                        code    ro data   rw data
       ------                        ----    -------   -------
    .\
       SSD1306_I2C.obj               5860    1443      2080   
       UART0.obj                     1760    0         24     
       Seeed_HC12main.obj            1428    18        50     
       UART1.obj                     536     0         536    
       I2CB1.obj                     932     0         0      
       system_msp432p401r.obj        820     0         8      
       Clock.obj                     480     0         48     
       LaunchPad.obj                 248     0         0      
       startup_msp432p401r_ccs.obj   14      228       0      
       SysTickInts.obj               64      0         0      
       CortexM.obj                   36      0         0      
    +--+-----------------------------+-------+---------+---------+
       Total:                        12178   1689      2746   
                                                              
    C:\ti\ccs1200\ccs\tools\compiler\ti-cgt-arm_20.2.6.LTS\lib\rtsv7M4_T_le_v4SPD16_eabi.lib
       _printfi.c.obj                4851    0         0      
       defs.c.obj                    0       0         832    
       memory.c.obj                  672     0         16     
       trgmsg.c.obj                  108     0         576    
       fopen.c.obj                   532     0         8      
       fd_add_t2.asm.obj             438     0         0      
       host_device.c.obj             0       0         400    
       fd_div_t2.asm.obj             310     0         0      
       fputs.c.obj                   276     0         0      
       s_scalbn.c.obj                272     0         0      
       fd_cmp_t2.asm.obj             268     0         0      
       ctype.c.obj                   0       257       0      
       fd_mul_t2.asm.obj             252     0         0      
       setvbuf.c.obj                 220     0         0      
       open.c.obj                    188     0         8      
       add_device.c.obj              184     0         8      
       memcpy_t2.asm.obj             156     0         0      
       ull_div_t2.asm.obj            150     0         0      
       fputc.c.obj                   140     0         0      
       memset_t2.asm.obj             122     0         0      
       fclose.c.obj                  116     0         0      
       getdevice.c.obj               116     0         0      
       hostopen.c.obj                96      0         16     
       printf.c.obj                  112     0         0      
       hostrename.c.obj              108     0         0      
       copy_decompress_lzss.c.obj    104     0         0      
       hostlseek.c.obj               104     0         0      
       exit.c.obj                    76      0         24     
       fseek.c.obj                   100     0         0      
       s_frexp.c.obj                 100     0         0      
       _io_perm.c.obj                98      0         0      
       close.c.obj                   92      0         0      
       hostread.c.obj                88      0         0      
       hostwrite.c.obj               88      0         0      
       _ltoa.c.obj                   84      0         0      
       atoi.c.obj                    76      0         0      
       fflush.c.obj                  76      0         0      
       fd_toi_t2.asm.obj             72      0         0      
       autoinit.c.obj                68      0         0      
       hostclose.c.obj               68      0         0      
       hostunlink.c.obj              68      0         0      
       strncpy.c.obj                 54      0         0      
       boot_cortex_m.c.obj           52      0         0      
       i_tofd_t2.asm.obj             46      0         0      
       unlink.c.obj                  44      0         0      
       lseek.c.obj                   40      0         0      
       write.c.obj                   40      0         0      
       memchr.c.obj                  32      0         0      
       memccpy.c.obj                 28      0         0      
       s_copysign.c.obj              26      0         0      
       strcmp.c.obj                  24      0         0      
       strchr.c.obj                  22      0         0      
       strcpy.c.obj                  20      0         0      
       strlen.c.obj                  20      0         0      
       _lock.c.obj                   2       0         16     
       wcslen.c.obj                  18      0         0      
       errno.c.obj                   8       0         8      
       copy_decompress_none.c.obj    14      0         0      
       copy_zero_init.c.obj          12      0         0      
       pre_init.c.obj                4       0         0      
       div0.asm.obj                  2       0         0      
    +--+-----------------------------+-------+---------+---------+
       Total:                        11557   257       1912   
                                                              
       Heap:                         0       0         2048   
       Stack:                        0       0         1024   
       Linker Generated:             0       150       0      
    +--+-----------------------------+-------+---------+---------+
       Grand Total:                  23735   2096      7730   


LINKER GENERATED COPY TABLES

__TI_cinit_table @ 000064f0 records: 2, size/record: 8, table size: 16
	.data: load addr=00006468, load size=00000072 bytes, run addr=20000b08, run size=00000218 bytes, compression=lzss
	.bss: load addr=000064e8, load size=00000008 bytes, run addr=20000000, run size=00000701 bytes, compression=zero_init


LINKER GENERATED HANDLER TABLE

__TI_handler_table @ 000064dc records: 3, size/record: 4, table size: 12
	index: 0, handler: __TI_decompress_lzss
	index: 1, handler: __TI_decompress_none
	index: 2, handler: __TI_zero_init


GLOBAL SYMBOLS: SORTED ALPHABETICALLY BY Name 

address   name                           
-------   ----                           
00005d81  ADC14_IRQHandler               
00005d81  AES256_IRQHandler              
00005d81  BusFault_Handler               
00005dad  C$$EXIT                        
00005a53  C$$IO$$                        
00005d81  COMP_E0_IRQHandler             
00005d81  COMP_E1_IRQHandler             
20000cc8  CPMwait                        
00005d81  CS_IRQHandler                  
20000cc0  ClockFrequency                 
00003b41  Clock_Delay1ms                 
00003b17  Clock_Delay1us                 
00003b03  Clock_GetFreq                  
000039ed  Clock_Init48MHz                
20000cd4  Crystalstable                  
20000d04  CurrentX                       
20000d06  CurrentY                       
00005d81  DMA_ERR_IRQHandler             
00005d81  DMA_INT0_IRQHandler            
00005d81  DMA_INT1_IRQHandler            
00005d81  DMA_INT2_IRQHandler            
00005d81  DMA_INT3_IRQHandler            
00005d81  DebugMon_Handler               
00005d81  Default_Handler                
00005c69  DisableInterrupts              
00005d81  EUSCIA0_IRQHandler             
00005d81  EUSCIA1_IRQHandler             
00003971  EUSCIA2_IRQHandler             
00003971  EUSCIA2_IRQHandler             
00005d81  EUSCIA3_IRQHandler             
00005d81  EUSCIB0_IRQHandler             
00005d81  EUSCIB1_IRQHandler             
00005d81  EUSCIB2_IRQHandler             
00005d81  EUSCIB3_IRQHandler             
00005c6f  EnableInterrupts               
00005c7f  EndCritical                    
00005d81  FLCTL_IRQHandler               
00005d81  FPU_IRQHandler                 
200006d0  Flag                           
00002b39  HC12_Init                      
00002ac5  HC12_ReadAllInput              
20000700  HC12data                       
00005895  HOSTclose                      
000052a1  HOSTlseek                      
00005505  HOSTopen                       
000055c1  HOSTread                       
00005235  HOSTrename                     
000058d9  HOSTunlink                     
00005619  HOSTwrite                      
00005d81  HardFault_Handler              
00002e8d  I2CB1_Init                     
00002f53  I2CB1_Recv                     
000031a7  I2CB1_Recv1                    
00002edb  I2CB1_Send                     
00002fcf  I2CB1_Send1                    
0000302b  I2CB1_Send2                    
0000309b  I2CB1_Send3                    
00003119  I2CB1_Send4                    
000000e5  I2C_SendData                   
20000cd0  IFlags                         
0000481d  LaunchPad_Init                 
0000488d  LaunchPad_Input                
000048ab  LaunchPad_LED                  
000048c9  LaunchPad_Output               
200006d4  MainCount                      
00005d81  MemManage_Handler              
200006d8  Message                        
200006c0  Messageb                       
200006dc  Messageindexb                  
00005d81  NMI_Handler                    
00005d81  PCM_IRQHandler                 
00005d81  PORT1_IRQHandler               
00005d81  PORT2_IRQHandler               
00005d81  PORT3_IRQHandler               
00005d81  PORT4_IRQHandler               
00005d81  PORT5_IRQHandler               
00005d81  PORT6_IRQHandler               
00005d81  PSS_IRQHandler                 
00005d81  PendSV_Handler                 
20000ccc  Postwait                       
20000cc4  Prewait                        
00005d81  RTC_C_IRQHandler               
00002aef  Read_Msg                       
00005d75  Reset_Handler                  
20000520  RxFIFO                         
200006e0  RxFifoLost                     
0000382d  RxFifo_Get                     
000037d5  RxFifo_Init                    
000037e7  RxFifo_Put                     
200006e4  RxGetI                         
200006e8  RxPutI                         
000004a9  SSD1306_ClearBuffer            
00000ed1  SSD1306_Dim                    
00000505  SSD1306_DrawBMP                
000003c5  SSD1306_DrawChar               
00000741  SSD1306_DrawFastHLine          
00000965  SSD1306_DrawFastVLine          
00000d9d  SSD1306_DrawFullImage          
00000241  SSD1306_DrawPixel              
00000469  SSD1306_DrawString             
00000d7b  SSD1306_GetBuffer              
00000c7d  SSD1306_GetPixel               
000001a7  SSD1306_Init                   
00000ebb  SSD1306_InvertDisplay          
00000d7f  SSD1306_OutBuffer              
00000f79  SSD1306_OutChar                
000004dd  SSD1306_OutClear               
00001673  SSD1306_OutHex7                
000012c1  SSD1306_OutSDec                
00001585  SSD1306_OutSFix1               
00001081  SSD1306_OutString              
000010dd  SSD1306_OutUDec                
000016d1  SSD1306_OutUDec16              
00001769  SSD1306_OutUDec2               
000014f7  SSD1306_OutUFix1               
000016a9  SSD1306_OutUHex7               
00000f09  SSD1306_SetCursor              
00000e71  SSD1306_startscrolldiagleft    
00000e2d  SSD1306_startscrolldiagright   
00000df7  SSD1306_startscrollleft        
00000dc5  SSD1306_startscrollright       
00000eb1  SSD1306_stopscroll             
00005d81  SVC_Handler                    
0000291d  Send_Msg                       
00005c75  StartCritical                  
200006fc  StartX                         
200006fe  StartY                         
00002979  SysTick_Handler                
00002979  SysTick_Handler                
000059a5  SysTick_Init                   
20000d1c  SystemCoreClock                
00003231  SystemCoreClockUpdate          
000034a9  SystemInit                     
00005d81  T32_INT1_IRQHandler            
00005d81  T32_INT2_IRQHandler            
00005d81  T32_INTC_IRQHandler            
00005d81  TA0_0_IRQHandler               
00005d81  TA0_N_IRQHandler               
00005d81  TA1_0_IRQHandler               
00005d81  TA1_N_IRQHandler               
00005d81  TA2_0_IRQHandler               
00005d81  TA2_N_IRQHandler               
00005d81  TA3_0_IRQHandler               
00005d81  TA3_N_IRQHandler               
200006ec  Time                           
0000225f  UART0_InChar                   
00002709  UART0_InString                 
000022a9  UART0_InUDec                   
000025bd  UART0_InUHex                   
00002219  UART0_Init                     
0000286b  UART0_Initprintf               
0000226f  UART0_OutChar                  
0000235d  UART0_OutSDec                  
0000228b  UART0_OutString                
0000232d  UART0_OutUDec                  
000024d1  UART0_OutUDec4                 
00002519  UART0_OutUDec5                 
0000254b  UART0_OutUFix1                 
00002573  UART0_OutUFix2                 
00002681  UART0_OutUHex                  
000026ed  UART0_OutUHex2                 
000039a5  UART1_FinishOutput             
00003943  UART1_InChar                   
0000392f  UART1_InCharNonBlock           
00003863  UART1_InStatus                 
00003873  UART1_Init                     
000038cf  UART1_InitB                    
00003955  UART1_OutChar                  
00003987  UART1_OutString                
00005d81  UsageFault_Handler             
4000480c  WDTCTL_SYM                     
00005d81  WDT_A_IRQHandler               
00005c87  WaitForInterrupt               
20000400  __CIOBUF_                      
20010000  __STACK_END                    
00000200  __STACK_SIZE                   
00000400  __SYSMEM_SIZE                  
000064f0  __TI_CINIT_Base                
00006500  __TI_CINIT_Limit               
000064dc  __TI_Handler_Table_Base        
000064e8  __TI_Handler_Table_Limit       
0000591d  __TI_auto_init_nobinit_nopinit 
00005a95  __TI_cleanup                   
20000ce8  __TI_cleanup_ptr               
000050e1  __TI_closefile                 
00005309  __TI_decompress_lzss           
00005d67  __TI_decompress_none           
0000576d  __TI_doflush                   
20000cec  __TI_dtors_ptr                 
20000cf0  __TI_enable_exit_profile_output
20000cd8  __TI_ft_end                    
000056c7  __TI_ltoa                      
ffffffff  __TI_pprof_out_hndl            
000017c9  __TI_printfi                   
ffffffff  __TI_prof_data_size            
ffffffff  __TI_prof_data_start           
00005ac9  __TI_readmsg                   
00000000  __TI_static_base__             
20000620  __TI_tmpnams                   
00005a25  __TI_writemsg                  
000054a1  __TI_wrt_ok                    
00005d83  __TI_zero_init                 
00004f59  __aeabi_cdcmpeq                
00004f59  __aeabi_cdcmple                
00004fdf  __aeabi_cdrcmple               
0000584d  __aeabi_d2iz                   
00003da7  __aeabi_dadd                   
00004091  __aeabi_ddiv                   
00004721  __aeabi_dmul                   
00003d9d  __aeabi_dsub                   
00005d91  __aeabi_errno_addr             
00005b95  __aeabi_i2d                    
00003f53  __aeabi_idiv0                  
00003f53  __aeabi_ldiv0                  
00005065  __aeabi_memclr                 
00005065  __aeabi_memclr4                
00005065  __aeabi_memclr8                
00004d99  __aeabi_memcpy                 
00004d99  __aeabi_memcpy4                
00004d99  __aeabi_memcpy8                
00005067  __aeabi_memset                 
00005067  __aeabi_memset4                
00005067  __aeabi_memset8                
20000ce4  __aeabi_stderr                 
20000cdc  __aeabi_stdin                  
20000ce0  __aeabi_stdout                 
00004e35  __aeabi_uldivmod               
ffffffff  __binit__                      
ffffffff  __c_args__                     
UNDEFED   __mpu_init                     
2000fe00  __stack                        
20000000  __start___llvm_prf_cnts        
20000000  __stop___llvm_prf_cnts         
00005afd  _c_int00_noargs                
0000630e  _ctypes_                       
20000bf8  _device                        
20000b08  _ftable                        
20000cf4  _lock                          
00002217  _nop                           
20000c70  _stream                        
20000708  _sys_memory                    
UNDEFED   _system_post_cinit             
00005da9  _system_pre_init               
20000cf8  _unlock                        
00005dad  abort                          
00004b91  add_device                     
00004621  aligned_alloc                  
000057b9  atoi                           
ffffffff  binit                          
20000d09  btnLatch                       
20000000  buffer                         
00005565  close                          
00005ce5  copysign                       
00005ce5  copysignl                      
00003b09  delay                          
20000d10  errno                          
00005805  exit                           
0000279d  ferror                         
00002783  fgetc                          
00005b65  finddevice                     
00004cfd  fopen                          
00004ecd  fputc                          
000042ed  fputs                          
00004915  free                           
00005b31  freopen                        
000053d9  frexp                          
000053d9  frexpl                         
0000543d  fseek                          
00005961  getdevice                      
00000000  interruptVectors               
00004511  ldexp                          
00004511  ldexpl                         
00005c19  lseek                          
00002c05  main                           
00005d99  malloc                         
00004621  memalign                       
00005cc9  memccpy                        
00005c8d  memchr                         
00004d99  memcpy                         
0000506d  memset                         
00006410  msgSend                        
20000d0b  oldInput                       
00004ad5  open                           
000026c5  outnibble                      
200006c8  parmbuf                        
00005371  printf                         
00004ecd  putc                           
200006f0  receiveBuffer                  
00005bc5  remove                         
200006f4  rotation                       
00004511  scalbn                         
00004511  scalbnl                        
20000d0a  sendFlg                        
20000d08  seqInd                         
000049f9  setvbuf                        
000028f9  simple_delay                   
0000016d  ssd1306command                 
00000181  ssd1306command1                
00000195  ssd1306commandList             
00000853  ssd1306drawFastHLineInternal   
00000a7d  ssd1306drawFastVLineInternal   
00005d17  strchr                         
00005cff  strcmp                         
00005d2d  strcpy                         
00005d41  strlen                         
00005a5d  strncpy                        
000027c3  uart_close                     
00002841  uart_lseek                     
000027b3  uart_open                      
000027cf  uart_read                      
0000285d  uart_rename                    
00002851  uart_unlink                    
000027ff  uart_write                     
00005bc5  unlink                         
200006f8  vccstate                       
00005d55  wcslen                         
00005c41  write                          


GLOBAL SYMBOLS: SORTED BY Symbol Address 

address   name                           
-------   ----                           
00000000  __TI_static_base__             
00000000  interruptVectors               
000000e5  I2C_SendData                   
0000016d  ssd1306command                 
00000181  ssd1306command1                
00000195  ssd1306commandList             
000001a7  SSD1306_Init                   
00000200  __STACK_SIZE                   
00000241  SSD1306_DrawPixel              
000003c5  SSD1306_DrawChar               
00000400  __SYSMEM_SIZE                  
00000469  SSD1306_DrawString             
000004a9  SSD1306_ClearBuffer            
000004dd  SSD1306_OutClear               
00000505  SSD1306_DrawBMP                
00000741  SSD1306_DrawFastHLine          
00000853  ssd1306drawFastHLineInternal   
00000965  SSD1306_DrawFastVLine          
00000a7d  ssd1306drawFastVLineInternal   
00000c7d  SSD1306_GetPixel               
00000d7b  SSD1306_GetBuffer              
00000d7f  SSD1306_OutBuffer              
00000d9d  SSD1306_DrawFullImage          
00000dc5  SSD1306_startscrollright       
00000df7  SSD1306_startscrollleft        
00000e2d  SSD1306_startscrolldiagright   
00000e71  SSD1306_startscrolldiagleft    
00000eb1  SSD1306_stopscroll             
00000ebb  SSD1306_InvertDisplay          
00000ed1  SSD1306_Dim                    
00000f09  SSD1306_SetCursor              
00000f79  SSD1306_OutChar                
00001081  SSD1306_OutString              
000010dd  SSD1306_OutUDec                
000012c1  SSD1306_OutSDec                
000014f7  SSD1306_OutUFix1               
00001585  SSD1306_OutSFix1               
00001673  SSD1306_OutHex7                
000016a9  SSD1306_OutUHex7               
000016d1  SSD1306_OutUDec16              
00001769  SSD1306_OutUDec2               
000017c9  __TI_printfi                   
00002217  _nop                           
00002219  UART0_Init                     
0000225f  UART0_InChar                   
0000226f  UART0_OutChar                  
0000228b  UART0_OutString                
000022a9  UART0_InUDec                   
0000232d  UART0_OutUDec                  
0000235d  UART0_OutSDec                  
000024d1  UART0_OutUDec4                 
00002519  UART0_OutUDec5                 
0000254b  UART0_OutUFix1                 
00002573  UART0_OutUFix2                 
000025bd  UART0_InUHex                   
00002681  UART0_OutUHex                  
000026c5  outnibble                      
000026ed  UART0_OutUHex2                 
00002709  UART0_InString                 
00002783  fgetc                          
0000279d  ferror                         
000027b3  uart_open                      
000027c3  uart_close                     
000027cf  uart_read                      
000027ff  uart_write                     
00002841  uart_lseek                     
00002851  uart_unlink                    
0000285d  uart_rename                    
0000286b  UART0_Initprintf               
000028f9  simple_delay                   
0000291d  Send_Msg                       
00002979  SysTick_Handler                
00002979  SysTick_Handler                
00002ac5  HC12_ReadAllInput              
00002aef  Read_Msg                       
00002b39  HC12_Init                      
00002c05  main                           
00002e8d  I2CB1_Init                     
00002edb  I2CB1_Send                     
00002f53  I2CB1_Recv                     
00002fcf  I2CB1_Send1                    
0000302b  I2CB1_Send2                    
0000309b  I2CB1_Send3                    
00003119  I2CB1_Send4                    
000031a7  I2CB1_Recv1                    
00003231  SystemCoreClockUpdate          
000034a9  SystemInit                     
000037d5  RxFifo_Init                    
000037e7  RxFifo_Put                     
0000382d  RxFifo_Get                     
00003863  UART1_InStatus                 
00003873  UART1_Init                     
000038cf  UART1_InitB                    
0000392f  UART1_InCharNonBlock           
00003943  UART1_InChar                   
00003955  UART1_OutChar                  
00003971  EUSCIA2_IRQHandler             
00003971  EUSCIA2_IRQHandler             
00003987  UART1_OutString                
000039a5  UART1_FinishOutput             
000039ed  Clock_Init48MHz                
00003b03  Clock_GetFreq                  
00003b09  delay                          
00003b17  Clock_Delay1us                 
00003b41  Clock_Delay1ms                 
00003d9d  __aeabi_dsub                   
00003da7  __aeabi_dadd                   
00003f53  __aeabi_idiv0                  
00003f53  __aeabi_ldiv0                  
00004091  __aeabi_ddiv                   
000042ed  fputs                          
00004511  ldexp                          
00004511  ldexpl                         
00004511  scalbn                         
00004511  scalbnl                        
00004621  aligned_alloc                  
00004621  memalign                       
00004721  __aeabi_dmul                   
0000481d  LaunchPad_Init                 
0000488d  LaunchPad_Input                
000048ab  LaunchPad_LED                  
000048c9  LaunchPad_Output               
00004915  free                           
000049f9  setvbuf                        
00004ad5  open                           
00004b91  add_device                     
00004cfd  fopen                          
00004d99  __aeabi_memcpy                 
00004d99  __aeabi_memcpy4                
00004d99  __aeabi_memcpy8                
00004d99  memcpy                         
00004e35  __aeabi_uldivmod               
00004ecd  fputc                          
00004ecd  putc                           
00004f59  __aeabi_cdcmpeq                
00004f59  __aeabi_cdcmple                
00004fdf  __aeabi_cdrcmple               
00005065  __aeabi_memclr                 
00005065  __aeabi_memclr4                
00005065  __aeabi_memclr8                
00005067  __aeabi_memset                 
00005067  __aeabi_memset4                
00005067  __aeabi_memset8                
0000506d  memset                         
000050e1  __TI_closefile                 
00005235  HOSTrename                     
000052a1  HOSTlseek                      
00005309  __TI_decompress_lzss           
00005371  printf                         
000053d9  frexp                          
000053d9  frexpl                         
0000543d  fseek                          
000054a1  __TI_wrt_ok                    
00005505  HOSTopen                       
00005565  close                          
000055c1  HOSTread                       
00005619  HOSTwrite                      
000056c7  __TI_ltoa                      
0000576d  __TI_doflush                   
000057b9  atoi                           
00005805  exit                           
0000584d  __aeabi_d2iz                   
00005895  HOSTclose                      
000058d9  HOSTunlink                     
0000591d  __TI_auto_init_nobinit_nopinit 
00005961  getdevice                      
000059a5  SysTick_Init                   
00005a25  __TI_writemsg                  
00005a53  C$$IO$$                        
00005a5d  strncpy                        
00005a95  __TI_cleanup                   
00005ac9  __TI_readmsg                   
00005afd  _c_int00_noargs                
00005b31  freopen                        
00005b65  finddevice                     
00005b95  __aeabi_i2d                    
00005bc5  remove                         
00005bc5  unlink                         
00005c19  lseek                          
00005c41  write                          
00005c69  DisableInterrupts              
00005c6f  EnableInterrupts               
00005c75  StartCritical                  
00005c7f  EndCritical                    
00005c87  WaitForInterrupt               
00005c8d  memchr                         
00005cc9  memccpy                        
00005ce5  copysign                       
00005ce5  copysignl                      
00005cff  strcmp                         
00005d17  strchr                         
00005d2d  strcpy                         
00005d41  strlen                         
00005d55  wcslen                         
00005d67  __TI_decompress_none           
00005d75  Reset_Handler                  
00005d81  ADC14_IRQHandler               
00005d81  AES256_IRQHandler              
00005d81  BusFault_Handler               
00005d81  COMP_E0_IRQHandler             
00005d81  COMP_E1_IRQHandler             
00005d81  CS_IRQHandler                  
00005d81  DMA_ERR_IRQHandler             
00005d81  DMA_INT0_IRQHandler            
00005d81  DMA_INT1_IRQHandler            
00005d81  DMA_INT2_IRQHandler            
00005d81  DMA_INT3_IRQHandler            
00005d81  DebugMon_Handler               
00005d81  Default_Handler                
00005d81  EUSCIA0_IRQHandler             
00005d81  EUSCIA1_IRQHandler             
00005d81  EUSCIA3_IRQHandler             
00005d81  EUSCIB0_IRQHandler             
00005d81  EUSCIB1_IRQHandler             
00005d81  EUSCIB2_IRQHandler             
00005d81  EUSCIB3_IRQHandler             
00005d81  FLCTL_IRQHandler               
00005d81  FPU_IRQHandler                 
00005d81  HardFault_Handler              
00005d81  MemManage_Handler              
00005d81  NMI_Handler                    
00005d81  PCM_IRQHandler                 
00005d81  PORT1_IRQHandler               
00005d81  PORT2_IRQHandler               
00005d81  PORT3_IRQHandler               
00005d81  PORT4_IRQHandler               
00005d81  PORT5_IRQHandler               
00005d81  PORT6_IRQHandler               
00005d81  PSS_IRQHandler                 
00005d81  PendSV_Handler                 
00005d81  RTC_C_IRQHandler               
00005d81  SVC_Handler                    
00005d81  T32_INT1_IRQHandler            
00005d81  T32_INT2_IRQHandler            
00005d81  T32_INTC_IRQHandler            
00005d81  TA0_0_IRQHandler               
00005d81  TA0_N_IRQHandler               
00005d81  TA1_0_IRQHandler               
00005d81  TA1_N_IRQHandler               
00005d81  TA2_0_IRQHandler               
00005d81  TA2_N_IRQHandler               
00005d81  TA3_0_IRQHandler               
00005d81  TA3_N_IRQHandler               
00005d81  UsageFault_Handler             
00005d81  WDT_A_IRQHandler               
00005d83  __TI_zero_init                 
00005d91  __aeabi_errno_addr             
00005d99  malloc                         
00005da9  _system_pre_init               
00005dad  C$$EXIT                        
00005dad  abort                          
0000630e  _ctypes_                       
00006410  msgSend                        
000064dc  __TI_Handler_Table_Base        
000064e8  __TI_Handler_Table_Limit       
000064f0  __TI_CINIT_Base                
00006500  __TI_CINIT_Limit               
20000000  __start___llvm_prf_cnts        
20000000  __stop___llvm_prf_cnts         
20000000  buffer                         
20000400  __CIOBUF_                      
20000520  RxFIFO                         
20000620  __TI_tmpnams                   
200006c0  Messageb                       
200006c8  parmbuf                        
200006d0  Flag                           
200006d4  MainCount                      
200006d8  Message                        
200006dc  Messageindexb                  
200006e0  RxFifoLost                     
200006e4  RxGetI                         
200006e8  RxPutI                         
200006ec  Time                           
200006f0  receiveBuffer                  
200006f4  rotation                       
200006f8  vccstate                       
200006fc  StartX                         
200006fe  StartY                         
20000700  HC12data                       
20000708  _sys_memory                    
20000b08  _ftable                        
20000bf8  _device                        
20000c70  _stream                        
20000cc0  ClockFrequency                 
20000cc4  Prewait                        
20000cc8  CPMwait                        
20000ccc  Postwait                       
20000cd0  IFlags                         
20000cd4  Crystalstable                  
20000cd8  __TI_ft_end                    
20000cdc  __aeabi_stdin                  
20000ce0  __aeabi_stdout                 
20000ce4  __aeabi_stderr                 
20000ce8  __TI_cleanup_ptr               
20000cec  __TI_dtors_ptr                 
20000cf0  __TI_enable_exit_profile_output
20000cf4  _lock                          
20000cf8  _unlock                        
20000d04  CurrentX                       
20000d06  CurrentY                       
20000d08  seqInd                         
20000d09  btnLatch                       
20000d0a  sendFlg                        
20000d0b  oldInput                       
20000d10  errno                          
20000d1c  SystemCoreClock                
2000fe00  __stack                        
20010000  __STACK_END                    
4000480c  WDTCTL_SYM                     
ffffffff  __TI_pprof_out_hndl            
ffffffff  __TI_prof_data_size            
ffffffff  __TI_prof_data_start           
ffffffff  __binit__                      
ffffffff  __c_args__                     
ffffffff  binit                          
UNDEFED   __mpu_init                     
UNDEFED   _system_post_cinit             

[317 symbols]
