<?xml version="1.0" encoding="ISO-8859-1" ?>
<link_info>
   <banner>TI ARM Linker Unix v20.2.6.LTS</banner>
   <copyright>Copyright (c) 1996-2018 Texas Instruments Incorporated</copyright>
   <link_time>0x6328f69a</link_time>
   <link_errors>0x0</link_errors>
   <output_file>MKII_Fitness_BLE.out</output_file>
   <entry_point>
      <name>_c_int00_noargs</name>
      <address>0x7be9</address>
   </entry_point>
   <input_file_list>
      <input_file id="fl-1">
         <path>./</path>
         <kind>object</kind>
         <file>AP.obj</file>
         <name>AP.obj</name>
      </input_file>
      <input_file id="fl-2">
         <path>./</path>
         <kind>object</kind>
         <file>AP_Lab6.obj</file>
         <name>AP_Lab6.obj</name>
      </input_file>
      <input_file id="fl-3">
         <path>./</path>
         <kind>object</kind>
         <file>BSP.obj</file>
         <name>BSP.obj</name>
      </input_file>
      <input_file id="fl-4">
         <path>./</path>
         <kind>object</kind>
         <file>Clock.obj</file>
         <name>Clock.obj</name>
      </input_file>
      <input_file id="fl-5">
         <path>./</path>
         <kind>object</kind>
         <file>CortexM.obj</file>
         <name>CortexM.obj</name>
      </input_file>
      <input_file id="fl-6">
         <path>./</path>
         <kind>object</kind>
         <file>GPIO.obj</file>
         <name>GPIO.obj</name>
      </input_file>
      <input_file id="fl-7">
         <path>./</path>
         <kind>object</kind>
         <file>MK_Fitness_BLEmain.obj</file>
         <name>MK_Fitness_BLEmain.obj</name>
      </input_file>
      <input_file id="fl-8">
         <path>./</path>
         <kind>object</kind>
         <file>Profile.obj</file>
         <name>Profile.obj</name>
      </input_file>
      <input_file id="fl-9">
         <path>./</path>
         <kind>object</kind>
         <file>Texas.obj</file>
         <name>Texas.obj</name>
      </input_file>
      <input_file id="fl-a">
         <path>./</path>
         <kind>object</kind>
         <file>UART0.obj</file>
         <name>UART0.obj</name>
      </input_file>
      <input_file id="fl-b">
         <path>./</path>
         <kind>object</kind>
         <file>UART1.obj</file>
         <name>UART1.obj</name>
      </input_file>
      <input_file id="fl-c">
         <path>./</path>
         <kind>object</kind>
         <file>os.obj</file>
         <name>os.obj</name>
      </input_file>
      <input_file id="fl-d">
         <path>./</path>
         <kind>object</kind>
         <file>osasm.obj</file>
         <name>osasm.obj</name>
      </input_file>
      <input_file id="fl-e">
         <path>./</path>
         <kind>object</kind>
         <file>startup_msp432p401r_ccs.obj</file>
         <name>startup_msp432p401r_ccs.obj</name>
      </input_file>
      <input_file id="fl-f">
         <path>./</path>
         <kind>object</kind>
         <file>system_msp432p401r.obj</file>
         <name>system_msp432p401r.obj</name>
      </input_file>
      <input_file id="fl-13">
         <kind>object</kind>
         <file>&lt;internal&gt;</file>
         <name>&lt;internal&gt;</name>
      </input_file>
      <input_file id="fl-c9">
         <path>/Applications/ti/ccs1200/ccs/tools/compiler/ti-cgt-arm_20.2.6.LTS/lib/</path>
         <kind>archive</kind>
         <file>rtsv7M4_T_le_v4SPD16_eabi.lib</file>
         <name>fopen.c.obj</name>
      </input_file>
      <input_file id="fl-ca">
         <path>/Applications/ti/ccs1200/ccs/tools/compiler/ti-cgt-arm_20.2.6.LTS/lib/</path>
         <kind>archive</kind>
         <file>rtsv7M4_T_le_v4SPD16_eabi.lib</file>
         <name>setvbuf.c.obj</name>
      </input_file>
      <input_file id="fl-cb">
         <path>/Applications/ti/ccs1200/ccs/tools/compiler/ti-cgt-arm_20.2.6.LTS/lib/</path>
         <kind>archive</kind>
         <file>rtsv7M4_T_le_v4SPD16_eabi.lib</file>
         <name>memset_t2.asm.obj</name>
      </input_file>
      <input_file id="fl-cc">
         <path>/Applications/ti/ccs1200/ccs/tools/compiler/ti-cgt-arm_20.2.6.LTS/lib/</path>
         <kind>archive</kind>
         <file>rtsv7M4_T_le_v4SPD16_eabi.lib</file>
         <name>copy_zero_init.c.obj</name>
      </input_file>
      <input_file id="fl-cd">
         <path>/Applications/ti/ccs1200/ccs/tools/compiler/ti-cgt-arm_20.2.6.LTS/lib/</path>
         <kind>archive</kind>
         <file>rtsv7M4_T_le_v4SPD16_eabi.lib</file>
         <name>copy_decompress_none.c.obj</name>
      </input_file>
      <input_file id="fl-ce">
         <path>/Applications/ti/ccs1200/ccs/tools/compiler/ti-cgt-arm_20.2.6.LTS/lib/</path>
         <kind>archive</kind>
         <file>rtsv7M4_T_le_v4SPD16_eabi.lib</file>
         <name>copy_decompress_lzss.c.obj</name>
      </input_file>
      <input_file id="fl-cf">
         <path>/Applications/ti/ccs1200/ccs/tools/compiler/ti-cgt-arm_20.2.6.LTS/lib/</path>
         <kind>archive</kind>
         <file>rtsv7M4_T_le_v4SPD16_eabi.lib</file>
         <name>exit.c.obj</name>
      </input_file>
      <input_file id="fl-d0">
         <path>/Applications/ti/ccs1200/ccs/tools/compiler/ti-cgt-arm_20.2.6.LTS/lib/</path>
         <kind>archive</kind>
         <file>rtsv7M4_T_le_v4SPD16_eabi.lib</file>
         <name>_lock.c.obj</name>
      </input_file>
      <input_file id="fl-d1">
         <path>/Applications/ti/ccs1200/ccs/tools/compiler/ti-cgt-arm_20.2.6.LTS/lib/</path>
         <kind>archive</kind>
         <file>rtsv7M4_T_le_v4SPD16_eabi.lib</file>
         <name>defs.c.obj</name>
      </input_file>
      <input_file id="fl-d2">
         <path>/Applications/ti/ccs1200/ccs/tools/compiler/ti-cgt-arm_20.2.6.LTS/lib/</path>
         <kind>archive</kind>
         <file>rtsv7M4_T_le_v4SPD16_eabi.lib</file>
         <name>memory.c.obj</name>
      </input_file>
      <input_file id="fl-d3">
         <path>/Applications/ti/ccs1200/ccs/tools/compiler/ti-cgt-arm_20.2.6.LTS/lib/</path>
         <kind>archive</kind>
         <file>rtsv7M4_T_le_v4SPD16_eabi.lib</file>
         <name>open.c.obj</name>
      </input_file>
      <input_file id="fl-d4">
         <path>/Applications/ti/ccs1200/ccs/tools/compiler/ti-cgt-arm_20.2.6.LTS/lib/</path>
         <kind>archive</kind>
         <file>rtsv7M4_T_le_v4SPD16_eabi.lib</file>
         <name>add_device.c.obj</name>
      </input_file>
      <input_file id="fl-d5">
         <path>/Applications/ti/ccs1200/ccs/tools/compiler/ti-cgt-arm_20.2.6.LTS/lib/</path>
         <kind>archive</kind>
         <file>rtsv7M4_T_le_v4SPD16_eabi.lib</file>
         <name>boot_cortex_m.c.obj</name>
      </input_file>
      <input_file id="fl-d6">
         <path>/Applications/ti/ccs1200/ccs/tools/compiler/ti-cgt-arm_20.2.6.LTS/lib/</path>
         <kind>archive</kind>
         <file>rtsv7M4_T_le_v4SPD16_eabi.lib</file>
         <name>fclose.c.obj</name>
      </input_file>
      <input_file id="fl-d7">
         <path>/Applications/ti/ccs1200/ccs/tools/compiler/ti-cgt-arm_20.2.6.LTS/lib/</path>
         <kind>archive</kind>
         <file>rtsv7M4_T_le_v4SPD16_eabi.lib</file>
         <name>fflush.c.obj</name>
      </input_file>
      <input_file id="fl-d8">
         <path>/Applications/ti/ccs1200/ccs/tools/compiler/ti-cgt-arm_20.2.6.LTS/lib/</path>
         <kind>archive</kind>
         <file>rtsv7M4_T_le_v4SPD16_eabi.lib</file>
         <name>getdevice.c.obj</name>
      </input_file>
      <input_file id="fl-d9">
         <path>/Applications/ti/ccs1200/ccs/tools/compiler/ti-cgt-arm_20.2.6.LTS/lib/</path>
         <kind>archive</kind>
         <file>rtsv7M4_T_le_v4SPD16_eabi.lib</file>
         <name>memcpy_t2.asm.obj</name>
      </input_file>
      <input_file id="fl-da">
         <path>/Applications/ti/ccs1200/ccs/tools/compiler/ti-cgt-arm_20.2.6.LTS/lib/</path>
         <kind>archive</kind>
         <file>rtsv7M4_T_le_v4SPD16_eabi.lib</file>
         <name>autoinit.c.obj</name>
      </input_file>
      <input_file id="fl-db">
         <path>/Applications/ti/ccs1200/ccs/tools/compiler/ti-cgt-arm_20.2.6.LTS/lib/</path>
         <kind>archive</kind>
         <file>rtsv7M4_T_le_v4SPD16_eabi.lib</file>
         <name>pre_init.c.obj</name>
      </input_file>
      <input_file id="fl-dc">
         <path>/Applications/ti/ccs1200/ccs/tools/compiler/ti-cgt-arm_20.2.6.LTS/lib/</path>
         <kind>archive</kind>
         <file>rtsv7M4_T_le_v4SPD16_eabi.lib</file>
         <name>cpy_tbl.c.obj</name>
      </input_file>
      <input_file id="fl-dd">
         <path>/Applications/ti/ccs1200/ccs/tools/compiler/ti-cgt-arm_20.2.6.LTS/lib/</path>
         <kind>archive</kind>
         <file>rtsv7M4_T_le_v4SPD16_eabi.lib</file>
         <name>args_main.c.obj</name>
      </input_file>
      <input_file id="fl-de">
         <path>/Applications/ti/ccs1200/ccs/tools/compiler/ti-cgt-arm_20.2.6.LTS/lib/</path>
         <kind>archive</kind>
         <file>rtsv7M4_T_le_v4SPD16_eabi.lib</file>
         <name>strchr.c.obj</name>
      </input_file>
      <input_file id="fl-df">
         <path>/Applications/ti/ccs1200/ccs/tools/compiler/ti-cgt-arm_20.2.6.LTS/lib/</path>
         <kind>archive</kind>
         <file>rtsv7M4_T_le_v4SPD16_eabi.lib</file>
         <name>strcmp.c.obj</name>
      </input_file>
      <input_file id="fl-e0">
         <path>/Applications/ti/ccs1200/ccs/tools/compiler/ti-cgt-arm_20.2.6.LTS/lib/</path>
         <kind>archive</kind>
         <file>rtsv7M4_T_le_v4SPD16_eabi.lib</file>
         <name>strncpy.c.obj</name>
      </input_file>
      <input_file id="fl-e1">
         <path>/Applications/ti/ccs1200/ccs/tools/compiler/ti-cgt-arm_20.2.6.LTS/lib/</path>
         <kind>archive</kind>
         <file>rtsv7M4_T_le_v4SPD16_eabi.lib</file>
         <name>write.c.obj</name>
      </input_file>
      <input_file id="fl-e2">
         <path>/Applications/ti/ccs1200/ccs/tools/compiler/ti-cgt-arm_20.2.6.LTS/lib/</path>
         <kind>archive</kind>
         <file>rtsv7M4_T_le_v4SPD16_eabi.lib</file>
         <name>host_device.c.obj</name>
      </input_file>
      <input_file id="fl-e3">
         <path>/Applications/ti/ccs1200/ccs/tools/compiler/ti-cgt-arm_20.2.6.LTS/lib/</path>
         <kind>archive</kind>
         <file>rtsv7M4_T_le_v4SPD16_eabi.lib</file>
         <name>remove.c.obj</name>
      </input_file>
      <input_file id="fl-e4">
         <path>/Applications/ti/ccs1200/ccs/tools/compiler/ti-cgt-arm_20.2.6.LTS/lib/</path>
         <kind>archive</kind>
         <file>rtsv7M4_T_le_v4SPD16_eabi.lib</file>
         <name>close.c.obj</name>
      </input_file>
      <input_file id="fl-e5">
         <path>/Applications/ti/ccs1200/ccs/tools/compiler/ti-cgt-arm_20.2.6.LTS/lib/</path>
         <kind>archive</kind>
         <file>rtsv7M4_T_le_v4SPD16_eabi.lib</file>
         <name>unlink.c.obj</name>
      </input_file>
      <input_file id="fl-e6">
         <path>/Applications/ti/ccs1200/ccs/tools/compiler/ti-cgt-arm_20.2.6.LTS/lib/</path>
         <kind>archive</kind>
         <file>rtsv7M4_T_le_v4SPD16_eabi.lib</file>
         <name>hostclose.c.obj</name>
      </input_file>
      <input_file id="fl-e7">
         <path>/Applications/ti/ccs1200/ccs/tools/compiler/ti-cgt-arm_20.2.6.LTS/lib/</path>
         <kind>archive</kind>
         <file>rtsv7M4_T_le_v4SPD16_eabi.lib</file>
         <name>hostlseek.c.obj</name>
      </input_file>
      <input_file id="fl-e8">
         <path>/Applications/ti/ccs1200/ccs/tools/compiler/ti-cgt-arm_20.2.6.LTS/lib/</path>
         <kind>archive</kind>
         <file>rtsv7M4_T_le_v4SPD16_eabi.lib</file>
         <name>hostopen.c.obj</name>
      </input_file>
      <input_file id="fl-e9">
         <path>/Applications/ti/ccs1200/ccs/tools/compiler/ti-cgt-arm_20.2.6.LTS/lib/</path>
         <kind>archive</kind>
         <file>rtsv7M4_T_le_v4SPD16_eabi.lib</file>
         <name>hostread.c.obj</name>
      </input_file>
      <input_file id="fl-ea">
         <path>/Applications/ti/ccs1200/ccs/tools/compiler/ti-cgt-arm_20.2.6.LTS/lib/</path>
         <kind>archive</kind>
         <file>rtsv7M4_T_le_v4SPD16_eabi.lib</file>
         <name>hostrename.c.obj</name>
      </input_file>
      <input_file id="fl-eb">
         <path>/Applications/ti/ccs1200/ccs/tools/compiler/ti-cgt-arm_20.2.6.LTS/lib/</path>
         <kind>archive</kind>
         <file>rtsv7M4_T_le_v4SPD16_eabi.lib</file>
         <name>hostunlink.c.obj</name>
      </input_file>
      <input_file id="fl-ec">
         <path>/Applications/ti/ccs1200/ccs/tools/compiler/ti-cgt-arm_20.2.6.LTS/lib/</path>
         <kind>archive</kind>
         <file>rtsv7M4_T_le_v4SPD16_eabi.lib</file>
         <name>hostwrite.c.obj</name>
      </input_file>
      <input_file id="fl-ed">
         <path>/Applications/ti/ccs1200/ccs/tools/compiler/ti-cgt-arm_20.2.6.LTS/lib/</path>
         <kind>archive</kind>
         <file>rtsv7M4_T_le_v4SPD16_eabi.lib</file>
         <name>trgmsg.c.obj</name>
      </input_file>
      <input_file id="fl-ee">
         <path>/Applications/ti/ccs1200/ccs/tools/compiler/ti-cgt-arm_20.2.6.LTS/lib/</path>
         <kind>archive</kind>
         <file>rtsv7M4_T_le_v4SPD16_eabi.lib</file>
         <name>strcpy.c.obj</name>
      </input_file>
      <input_file id="fl-ef">
         <path>/Applications/ti/ccs1200/ccs/tools/compiler/ti-cgt-arm_20.2.6.LTS/lib/</path>
         <kind>archive</kind>
         <file>rtsv7M4_T_le_v4SPD16_eabi.lib</file>
         <name>strlen.c.obj</name>
      </input_file>
   </input_file_list>
   <object_component_list>
      <object_component id="oc-26">
         <name>.intvecs:retain</name>
         <load_address>0x0</load_address>
         <run_address>0x0</run_address>
         <size>0xe4</size>
         <input_file_ref idref="fl-e"/>
      </object_component>
      <object_component id="oc-75">
         <name>.text</name>
         <load_address>0xe4</load_address>
         <run_address>0xe4</run_address>
         <size>0x2240</size>
         <input_file_ref idref="fl-3"/>
      </object_component>
      <object_component id="oc-7b">
         <name>.text</name>
         <load_address>0x2324</load_address>
         <run_address>0x2324</run_address>
         <size>0x1118</size>
         <input_file_ref idref="fl-9"/>
      </object_component>
      <object_component id="oc-120">
         <name>.text</name>
         <load_address>0x343c</load_address>
         <run_address>0x343c</run_address>
         <size>0x1018</size>
         <input_file_ref idref="fl-1"/>
      </object_component>
      <object_component id="oc-b1">
         <name>.text</name>
         <load_address>0x4454</load_address>
         <run_address>0x4454</run_address>
         <size>0xc6c</size>
         <input_file_ref idref="fl-7"/>
      </object_component>
      <object_component id="oc-12a">
         <name>.text</name>
         <load_address>0x50c0</load_address>
         <run_address>0x50c0</run_address>
         <size>0x804</size>
         <input_file_ref idref="fl-2"/>
      </object_component>
      <object_component id="oc-106">
         <name>.text</name>
         <load_address>0x58c4</load_address>
         <run_address>0x58c4</run_address>
         <size>0x6e0</size>
         <input_file_ref idref="fl-a"/>
      </object_component>
      <object_component id="oc-cd">
         <name>.text</name>
         <load_address>0x5fa4</load_address>
         <run_address>0x5fa4</run_address>
         <size>0x548</size>
         <input_file_ref idref="fl-c"/>
      </object_component>
      <object_component id="oc-c3">
         <name>.text</name>
         <load_address>0x64ec</load_address>
         <run_address>0x64ec</run_address>
         <size>0x334</size>
         <input_file_ref idref="fl-f"/>
      </object_component>
      <object_component id="oc-81">
         <name>.text</name>
         <load_address>0x6820</load_address>
         <run_address>0x6820</run_address>
         <size>0x218</size>
         <input_file_ref idref="fl-b"/>
      </object_component>
      <object_component id="oc-ed">
         <name>.text</name>
         <load_address>0x6a38</load_address>
         <run_address>0x6a38</run_address>
         <size>0x1e0</size>
         <input_file_ref idref="fl-4"/>
      </object_component>
      <object_component id="oc-187">
         <name>.text</name>
         <load_address>0x6c18</load_address>
         <run_address>0x6c18</run_address>
         <size>0x1b0</size>
         <input_file_ref idref="fl-8"/>
      </object_component>
      <object_component id="oc-2cb">
         <name>.text:_openfile</name>
         <load_address>0x6dc8</load_address>
         <run_address>0x6dc8</run_address>
         <size>0x110</size>
         <input_file_ref idref="fl-c9"/>
      </object_component>
      <object_component id="oc-3c4">
         <name>.text:aligned_alloc</name>
         <load_address>0x6ed8</load_address>
         <run_address>0x6ed8</run_address>
         <size>0x100</size>
         <input_file_ref idref="fl-d2"/>
      </object_component>
      <object_component id="oc-2de">
         <name>.text:free</name>
         <load_address>0x6fd8</load_address>
         <run_address>0x6fd8</run_address>
         <size>0xe4</size>
         <input_file_ref idref="fl-d2"/>
      </object_component>
      <object_component id="oc-21c">
         <name>.text:setvbuf</name>
         <load_address>0x70bc</load_address>
         <run_address>0x70bc</run_address>
         <size>0xdc</size>
         <input_file_ref idref="fl-ca"/>
      </object_component>
      <object_component id="oc-231">
         <name>.text</name>
         <load_address>0x7198</load_address>
         <run_address>0x7198</run_address>
         <size>0xd4</size>
         <input_file_ref idref="fl-6"/>
      </object_component>
      <object_component id="oc-392">
         <name>.text:open</name>
         <load_address>0x726c</load_address>
         <run_address>0x726c</run_address>
         <size>0xbc</size>
         <input_file_ref idref="fl-d3"/>
      </object_component>
      <object_component id="oc-20a">
         <name>.text:add_device</name>
         <load_address>0x7328</load_address>
         <run_address>0x7328</run_address>
         <size>0xb8</size>
         <input_file_ref idref="fl-d4"/>
      </object_component>
      <object_component id="oc-210">
         <name>.text:fopen</name>
         <load_address>0x73e0</load_address>
         <run_address>0x73e0</run_address>
         <size>0x9c</size>
         <input_file_ref idref="fl-c9"/>
      </object_component>
      <object_component id="oc-3a">
         <name>.text</name>
         <load_address>0x747c</load_address>
         <run_address>0x747c</run_address>
         <size>0x9c</size>
         <input_file_ref idref="fl-d9"/>
      </object_component>
      <object_component id="oc-a5">
         <name>.text</name>
         <load_address>0x7518</load_address>
         <run_address>0x7518</run_address>
         <size>0x7a</size>
         <input_file_ref idref="fl-cb"/>
      </object_component>
      <object_component id="oc-330">
         <name>.text:_nop</name>
         <load_address>0x7592</load_address>
         <run_address>0x7592</run_address>
         <size>0x2</size>
         <input_file_ref idref="fl-d0"/>
      </object_component>
      <object_component id="oc-2d7">
         <name>.text:__TI_closefile</name>
         <load_address>0x7594</load_address>
         <run_address>0x7594</run_address>
         <size>0x74</size>
         <input_file_ref idref="fl-d6"/>
      </object_component>
      <object_component id="oc-433">
         <name>.text:split</name>
         <load_address>0x7608</load_address>
         <run_address>0x7608</run_address>
         <size>0x70</size>
         <input_file_ref idref="fl-d2"/>
      </object_component>
      <object_component id="oc-37d">
         <name>.text:HOSTrename</name>
         <load_address>0x7678</load_address>
         <run_address>0x7678</run_address>
         <size>0x6c</size>
         <input_file_ref idref="fl-ea"/>
      </object_component>
      <object_component id="oc-371">
         <name>.text:HOSTlseek</name>
         <load_address>0x76e4</load_address>
         <run_address>0x76e4</run_address>
         <size>0x68</size>
         <input_file_ref idref="fl-e7"/>
      </object_component>
      <object_component id="oc-17">
         <name>.text:decompress:lzss:__TI_decompress_lzss</name>
         <load_address>0x774c</load_address>
         <run_address>0x774c</run_address>
         <size>0x68</size>
         <input_file_ref idref="fl-ce"/>
      </object_component>
      <object_component id="oc-359">
         <name>.text:HOSTopen</name>
         <load_address>0x77b4</load_address>
         <run_address>0x77b4</run_address>
         <size>0x60</size>
         <input_file_ref idref="fl-e8"/>
      </object_component>
      <object_component id="oc-3a8">
         <name>.text:close</name>
         <load_address>0x7814</load_address>
         <run_address>0x7814</run_address>
         <size>0x5c</size>
         <input_file_ref idref="fl-e4"/>
      </object_component>
      <object_component id="oc-365">
         <name>.text:HOSTread</name>
         <load_address>0x7870</load_address>
         <run_address>0x7870</run_address>
         <size>0x58</size>
         <input_file_ref idref="fl-e9"/>
      </object_component>
      <object_component id="oc-36b">
         <name>.text:HOSTwrite</name>
         <load_address>0x78c8</load_address>
         <run_address>0x78c8</run_address>
         <size>0x58</size>
         <input_file_ref idref="fl-ec"/>
      </object_component>
      <object_component id="oc-3a2">
         <name>.text:__TI_doflush</name>
         <load_address>0x7920</load_address>
         <run_address>0x7920</run_address>
         <size>0x4c</size>
         <input_file_ref idref="fl-d7"/>
      </object_component>
      <object_component id="oc-70">
         <name>.text</name>
         <load_address>0x796c</load_address>
         <run_address>0x796c</run_address>
         <size>0x4c</size>
         <input_file_ref idref="fl-d"/>
      </object_component>
      <object_component id="oc-194">
         <name>.text:exit</name>
         <load_address>0x79b8</load_address>
         <run_address>0x79b8</run_address>
         <size>0x48</size>
         <input_file_ref idref="fl-cf"/>
      </object_component>
      <object_component id="oc-35f">
         <name>.text:HOSTclose</name>
         <load_address>0x7a00</load_address>
         <run_address>0x7a00</run_address>
         <size>0x44</size>
         <input_file_ref idref="fl-e6"/>
      </object_component>
      <object_component id="oc-377">
         <name>.text:HOSTunlink</name>
         <load_address>0x7a44</load_address>
         <run_address>0x7a44</run_address>
         <size>0x44</size>
         <input_file_ref idref="fl-eb"/>
      </object_component>
      <object_component id="oc-19a">
         <name>.text:__TI_auto_init_nobinit_nopinit:__TI_auto_init_nobinit_nopinit</name>
         <load_address>0x7a88</load_address>
         <run_address>0x7a88</run_address>
         <size>0x44</size>
         <input_file_ref idref="fl-da"/>
      </object_component>
      <object_component id="oc-414">
         <name>.text:getdevice</name>
         <load_address>0x7acc</load_address>
         <run_address>0x7acc</run_address>
         <size>0x44</size>
         <input_file_ref idref="fl-d8"/>
      </object_component>
      <object_component id="oc-3eb">
         <name>.text:__TI_writemsg</name>
         <load_address>0x7b10</load_address>
         <run_address>0x7b10</run_address>
         <size>0x38</size>
         <input_file_ref idref="fl-ed"/>
      </object_component>
      <object_component id="oc-2bf">
         <name>.text:strncpy</name>
         <load_address>0x7b48</load_address>
         <run_address>0x7b48</run_address>
         <size>0x36</size>
         <input_file_ref idref="fl-e0"/>
      </object_component>
      <object_component id="oc-2ea">
         <name>.text:__TI_cleanup</name>
         <load_address>0x7b80</load_address>
         <run_address>0x7b80</run_address>
         <size>0x34</size>
         <input_file_ref idref="fl-c9"/>
      </object_component>
      <object_component id="oc-3f1">
         <name>.text:__TI_readmsg</name>
         <load_address>0x7bb4</load_address>
         <run_address>0x7bb4</run_address>
         <size>0x34</size>
         <input_file_ref idref="fl-ed"/>
      </object_component>
      <object_component id="oc-58">
         <name>.text:_c_int00_noargs:_c_int00_noargs</name>
         <load_address>0x7be8</load_address>
         <run_address>0x7be8</run_address>
         <size>0x34</size>
         <input_file_ref idref="fl-d5"/>
      </object_component>
      <object_component id="oc-216">
         <name>.text:freopen</name>
         <load_address>0x7c1c</load_address>
         <run_address>0x7c1c</run_address>
         <size>0x34</size>
         <input_file_ref idref="fl-c9"/>
      </object_component>
      <object_component id="oc-2b9">
         <name>.text:finddevice</name>
         <load_address>0x7c50</load_address>
         <run_address>0x7c50</run_address>
         <size>0x30</size>
         <input_file_ref idref="fl-d8"/>
      </object_component>
      <object_component id="oc-3ae">
         <name>.text:unlink</name>
         <load_address>0x7c80</load_address>
         <run_address>0x7c80</run_address>
         <size>0x2c</size>
         <input_file_ref idref="fl-e5"/>
      </object_component>
      <object_component id="oc-3bd">
         <name>.text:free_list_insert</name>
         <load_address>0x7cac</load_address>
         <run_address>0x7cac</run_address>
         <size>0x28</size>
         <input_file_ref idref="fl-d2"/>
      </object_component>
      <object_component id="oc-420">
         <name>.text:write</name>
         <load_address>0x7cd4</load_address>
         <run_address>0x7cd4</run_address>
         <size>0x28</size>
         <input_file_ref idref="fl-e1"/>
      </object_component>
      <object_component id="oc-17e">
         <name>.text</name>
         <load_address>0x7cfc</load_address>
         <run_address>0x7cfc</run_address>
         <size>0x24</size>
         <input_file_ref idref="fl-5"/>
      </object_component>
      <object_component id="oc-3b7">
         <name>.text:free_list_remove</name>
         <load_address>0x7d20</load_address>
         <run_address>0x7d20</run_address>
         <size>0x1c</size>
         <input_file_ref idref="fl-d2"/>
      </object_component>
      <object_component id="oc-34f">
         <name>.text:strcmp</name>
         <load_address>0x7d3c</load_address>
         <run_address>0x7d3c</run_address>
         <size>0x18</size>
         <input_file_ref idref="fl-df"/>
      </object_component>
      <object_component id="oc-454">
         <name>.text:strchr</name>
         <load_address>0x7d54</load_address>
         <run_address>0x7d54</run_address>
         <size>0x16</size>
         <input_file_ref idref="fl-de"/>
      </object_component>
      <object_component id="oc-405">
         <name>.text:strcpy</name>
         <load_address>0x7d6a</load_address>
         <run_address>0x7d6a</run_address>
         <size>0x14</size>
         <input_file_ref idref="fl-ee"/>
      </object_component>
      <object_component id="oc-3e5">
         <name>.text:strlen</name>
         <load_address>0x7d7e</load_address>
         <run_address>0x7d7e</run_address>
         <size>0x14</size>
         <input_file_ref idref="fl-ef"/>
      </object_component>
      <object_component id="oc-1d">
         <name>.text:decompress:none:__TI_decompress_none</name>
         <load_address>0x7d92</load_address>
         <run_address>0x7d92</run_address>
         <size>0xe</size>
         <input_file_ref idref="fl-cd"/>
      </object_component>
      <object_component id="oc-6a">
         <name>.text</name>
         <load_address>0x7da0</load_address>
         <run_address>0x7da0</run_address>
         <size>0xe</size>
         <input_file_ref idref="fl-e"/>
      </object_component>
      <object_component id="oc-4c">
         <name>.text:decompress:ZI:__TI_zero_init</name>
         <load_address>0x7dae</load_address>
         <run_address>0x7dae</run_address>
         <size>0xc</size>
         <input_file_ref idref="fl-cc"/>
      </object_component>
      <object_component id="oc-2e4">
         <name>.text:malloc</name>
         <load_address>0x7dba</load_address>
         <run_address>0x7dba</run_address>
         <size>0x8</size>
         <input_file_ref idref="fl-d2"/>
      </object_component>
      <object_component id="oc-ab">
         <name>.text:_system_pre_init</name>
         <load_address>0x7dc2</load_address>
         <run_address>0x7dc2</run_address>
         <size>0x4</size>
         <input_file_ref idref="fl-db"/>
      </object_component>
      <object_component id="oc-18e">
         <name>.text:abort:abort</name>
         <load_address>0x7dc6</load_address>
         <run_address>0x7dc6</run_address>
         <size>0x4</size>
         <input_file_ref idref="fl-cf"/>
      </object_component>
      <object_component id="oc-e6">
         <name>.const:.string:Font</name>
         <load_address>0x7dca</load_address>
         <run_address>0x7dca</run_address>
         <size>0x4fb</size>
         <input_file_ref idref="fl-3"/>
      </object_component>
      <object_component id="oc-da">
         <name>.const:.string:Rcmd1</name>
         <load_address>0x82c5</load_address>
         <run_address>0x82c5</run_address>
         <size>0x3b</size>
         <input_file_ref idref="fl-3"/>
      </object_component>
      <object_component id="oc-e3">
         <name>.const:.string:Rcmd3</name>
         <load_address>0x8300</load_address>
         <run_address>0x8300</run_address>
         <size>0x2b</size>
         <input_file_ref idref="fl-3"/>
      </object_component>
      <object_component id="oc-25d">
         <name>.const:.string:NPI_StartAdvertisement</name>
         <load_address>0x832b</load_address>
         <run_address>0x832b</run_address>
         <size>0x14</size>
         <input_file_ref idref="fl-1"/>
      </object_component>
      <object_component id="oc-257">
         <name>.const:.string:NPI_SetAdvertisement1</name>
         <load_address>0x833f</load_address>
         <run_address>0x833f</run_address>
         <size>0x11</size>
         <input_file_ref idref="fl-1"/>
      </object_component>
      <object_component id="oc-dd">
         <name>.const:.string:Rcmd2green</name>
         <load_address>0x8350</load_address>
         <run_address>0x8350</run_address>
         <size>0xd</size>
         <input_file_ref idref="fl-3"/>
      </object_component>
      <object_component id="oc-e0">
         <name>.const:.string:Rcmd2red</name>
         <load_address>0x835d</load_address>
         <run_address>0x835d</run_address>
         <size>0xd</size>
         <input_file_ref idref="fl-3"/>
      </object_component>
      <object_component id="oc-23c">
         <name>.const:.string:HCI_EXT_ResetSystemCmd</name>
         <load_address>0x836a</load_address>
         <run_address>0x836a</run_address>
         <size>0x9</size>
         <input_file_ref idref="fl-1"/>
      </object_component>
      <object_component id="oc-266">
         <name>.const:.string:NPI_GetStatus</name>
         <load_address>0x8373</load_address>
         <run_address>0x8373</run_address>
         <size>0x6</size>
         <input_file_ref idref="fl-1"/>
      </object_component>
      <object_component id="oc-269">
         <name>.const:.string:NPI_GetVersion</name>
         <load_address>0x8379</load_address>
         <run_address>0x8379</run_address>
         <size>0x6</size>
         <input_file_ref idref="fl-1"/>
      </object_component>
      <object_component id="oc-244">
         <name>.const:.string:NPI_Register</name>
         <load_address>0x837f</load_address>
         <run_address>0x837f</run_address>
         <size>0x6</size>
         <input_file_ref idref="fl-1"/>
      </object_component>
      <object_component id="oc-4a9">
         <name>.cinit..data.load</name>
         <load_address>0x8388</load_address>
         <run_address>0x8388</run_address>
         <size>0x133</size>
      </object_component>
      <object_component id="oc-4a7">
         <name>__TI_handler_table</name>
         <load_address>0x84bc</load_address>
         <run_address>0x84bc</run_address>
         <size>0xc</size>
      </object_component>
      <object_component id="oc-4aa">
         <name>.cinit..bss.load</name>
         <load_address>0x84c8</load_address>
         <run_address>0x84c8</run_address>
         <size>0x8</size>
      </object_component>
      <object_component id="oc-4a8">
         <name>__TI_cinit_table</name>
         <load_address>0x84d0</load_address>
         <run_address>0x84d0</run_address>
         <size>0x10</size>
      </object_component>
      <object_component id="oc-47b">
         <name>.binit</name>
         <load_address>0x0</load_address>
         <run_address>0x0</run_address>
         <size>0x0</size>
      </object_component>
      <object_component id="oc-241">
         <name>.data:NPI_AddService</name>
         <load_address>0x200024dc</load_address>
         <run_address>0x200024dc</run_address>
         <size>0x9</size>
         <input_file_ref idref="fl-1"/>
      </object_component>
      <object_component id="oc-254">
         <name>.data:NPI_GATTSetDeviceName</name>
         <load_address>0x20002426</load_address>
         <run_address>0x20002426</run_address>
         <size>0x1c</size>
         <input_file_ref idref="fl-1"/>
      </object_component>
      <object_component id="oc-260">
         <name>.data:NPI_GATTSetDeviceNameJacki</name>
         <load_address>0x20002472</load_address>
         <run_address>0x20002472</run_address>
         <size>0x15</size>
         <input_file_ref idref="fl-1"/>
      </object_component>
      <object_component id="oc-25a">
         <name>.data:NPI_SetAdvertisementData</name>
         <load_address>0x200023a0</load_address>
         <run_address>0x200023a0</run_address>
         <size>0x25</size>
         <input_file_ref idref="fl-1"/>
      </object_component>
      <object_component id="oc-263">
         <name>.data:NPI_SetAdvertisementDataJacki</name>
         <load_address>0x20002408</load_address>
         <run_address>0x20002408</run_address>
         <size>0x1e</size>
         <input_file_ref idref="fl-1"/>
      </object_component>
      <object_component id="oc-26f">
         <name>.data:NPI_ReadConfirmation</name>
         <load_address>0x20002487</load_address>
         <run_address>0x20002487</run_address>
         <size>0x15</size>
         <input_file_ref idref="fl-1"/>
      </object_component>
      <object_component id="oc-26c">
         <name>.data:NPI_WriteConfirmation</name>
         <load_address>0x200024ee</load_address>
         <run_address>0x200024ee</run_address>
         <size>0x9</size>
         <input_file_ref idref="fl-1"/>
      </object_component>
      <object_component id="oc-272">
         <name>.data:NPI_CCCDUpdatedConfirmation</name>
         <load_address>0x200024e5</load_address>
         <run_address>0x200024e5</run_address>
         <size>0x9</size>
         <input_file_ref idref="fl-1"/>
      </object_component>
      <object_component id="oc-251">
         <name>.data:NPI_SendNotificationIndication</name>
         <load_address>0x2000249c</load_address>
         <run_address>0x2000249c</run_address>
         <size>0x14</size>
         <input_file_ref idref="fl-1"/>
      </object_component>
      <object_component id="oc-24a">
         <name>.data:NPI_AddCharValue</name>
         <load_address>0x200024c0</load_address>
         <run_address>0x200024c0</run_address>
         <size>0xe</size>
         <input_file_ref idref="fl-1"/>
      </object_component>
      <object_component id="oc-24d">
         <name>.data:NPI_AddCharDescriptor</name>
         <load_address>0x200023e8</load_address>
         <run_address>0x200023e8</run_address>
         <size>0x20</size>
         <input_file_ref idref="fl-1"/>
      </object_component>
      <object_component id="oc-247">
         <name>.data</name>
         <load_address>0x20002508</load_address>
         <run_address>0x20002508</run_address>
         <size>0x8</size>
         <input_file_ref idref="fl-1"/>
      </object_component>
      <object_component id="oc-d7">
         <name>.data</name>
         <load_address>0x200023c8</load_address>
         <run_address>0x200023c8</run_address>
         <size>0x20</size>
         <input_file_ref idref="fl-3"/>
      </object_component>
      <object_component id="oc-1fd">
         <name>.data</name>
         <load_address>0x20002444</load_address>
         <run_address>0x20002444</run_address>
         <size>0x18</size>
         <input_file_ref idref="fl-4"/>
      </object_component>
      <object_component id="oc-16d">
         <name>.data</name>
         <load_address>0x2000245c</load_address>
         <run_address>0x2000245c</run_address>
         <size>0x16</size>
         <input_file_ref idref="fl-7"/>
      </object_component>
      <object_component id="oc-111">
         <name>.data</name>
         <load_address>0x20002510</load_address>
         <run_address>0x20002510</run_address>
         <size>0x4</size>
         <input_file_ref idref="fl-9"/>
      </object_component>
      <object_component id="oc-1cc">
         <name>.data</name>
         <load_address>0x20002520</load_address>
         <run_address>0x20002520</run_address>
         <size>0x4</size>
         <input_file_ref idref="fl-f"/>
      </object_component>
      <object_component id="oc-2d1">
         <name>.data</name>
         <load_address>0x20002518</load_address>
         <run_address>0x20002518</run_address>
         <size>0x4</size>
         <input_file_ref idref="fl-c9"/>
      </object_component>
      <object_component id="oc-28f">
         <name>.data:$O1$$</name>
         <load_address>0x200024d0</load_address>
         <run_address>0x200024d0</run_address>
         <size>0xc</size>
         <input_file_ref idref="fl-cf"/>
      </object_component>
      <object_component id="oc-292">
         <name>.data:$O1$$</name>
         <load_address>0x200024f8</load_address>
         <run_address>0x200024f8</run_address>
         <size>0x8</size>
         <input_file_ref idref="fl-d0"/>
      </object_component>
      <object_component id="oc-222">
         <name>.data:_ftable</name>
         <load_address>0x200021e8</load_address>
         <run_address>0x200021e8</run_address>
         <size>0xf0</size>
         <input_file_ref idref="fl-d1"/>
      </object_component>
      <object_component id="oc-2d2">
         <name>.data</name>
         <load_address>0x200024b0</load_address>
         <run_address>0x200024b0</run_address>
         <size>0x10</size>
         <input_file_ref idref="fl-d1"/>
      </object_component>
      <object_component id="oc-42e">
         <name>.data:$O1$$</name>
         <load_address>0x20002500</load_address>
         <run_address>0x20002500</run_address>
         <size>0x8</size>
         <input_file_ref idref="fl-d2"/>
      </object_component>
      <object_component id="oc-41a">
         <name>.data</name>
         <load_address>0x2000251c</load_address>
         <run_address>0x2000251c</run_address>
         <size>0x4</size>
         <input_file_ref idref="fl-d3"/>
      </object_component>
      <object_component id="oc-2c5">
         <name>.data</name>
         <load_address>0x20002514</load_address>
         <run_address>0x20002514</run_address>
         <size>0x4</size>
         <input_file_ref idref="fl-d4"/>
      </object_component>
      <object_component id="oc-2c6">
         <name>.data:_device</name>
         <load_address>0x200022d8</load_address>
         <run_address>0x200022d8</run_address>
         <size>0x78</size>
         <input_file_ref idref="fl-e2"/>
      </object_component>
      <object_component id="oc-41b">
         <name>.data:_stream</name>
         <load_address>0x20002350</load_address>
         <run_address>0x20002350</run_address>
         <size>0x50</size>
         <input_file_ref idref="fl-e2"/>
      </object_component>
      <object_component id="oc-d4">
         <name>.bss</name>
         <uninitialized>true</uninitialized>
         <run_address>0x20001d20</run_address>
         <size>0x4</size>
         <input_file_ref idref="fl-3"/>
      </object_component>
      <object_component id="oc-116">
         <name>.bss</name>
         <uninitialized>true</uninitialized>
         <run_address>0x20001d24</run_address>
         <size>0x4</size>
         <input_file_ref idref="fl-9"/>
      </object_component>
      <object_component id="oc-133">
         <name>.bss:TrueMsgBuffer</name>
         <uninitialized>true</uninitialized>
         <run_address>0x20001cc0</run_address>
         <size>0x20</size>
         <input_file_ref idref="fl-9"/>
      </object_component>
      <object_component id="oc-136">
         <name>.bss:TestMsgBuffer</name>
         <uninitialized>true</uninitialized>
         <run_address>0x20001ca0</run_address>
         <size>0x20</size>
         <input_file_ref idref="fl-9"/>
      </object_component>
      <object_component id="oc-43e">
         <name>.bss:_CIOBUF_</name>
         <uninitialized>true</uninitialized>
         <run_address>0x20001770</run_address>
         <size>0x120</size>
         <input_file_ref idref="fl-ed"/>
      </object_component>
      <object_component id="oc-23b">
         <name>.common:RecvBuf</name>
         <uninitialized>true</uninitialized>
         <run_address>0x20001ad0</run_address>
         <size>0x80</size>
      </object_component>
      <object_component id="oc-237">
         <name>.common:fcserr</name>
         <uninitialized>true</uninitialized>
         <run_address>0x20001dd0</run_address>
         <size>0x4</size>
      </object_component>
      <object_component id="oc-23f">
         <name>.common:TimeOutErr</name>
         <uninitialized>true</uninitialized>
         <run_address>0x20001dc0</run_address>
         <size>0x4</size>
      </object_component>
      <object_component id="oc-23a">
         <name>.common:NoSOFErr</name>
         <uninitialized>true</uninitialized>
         <run_address>0x20001d80</run_address>
         <size>0x4</size>
      </object_component>
      <object_component id="oc-250">
         <name>.common:CharacteristicList</name>
         <uninitialized>true</uninitialized>
         <run_address>0x20001990</run_address>
         <size>0xa0</size>
      </object_component>
      <object_component id="oc-240">
         <name>.common:NotifyCharacteristicList</name>
         <uninitialized>true</uninitialized>
         <run_address>0x20001bb0</run_address>
         <size>0x50</size>
      </object_component>
      <object_component id="oc-e9">
         <name>.common:Message</name>
         <uninitialized>true</uninitialized>
         <run_address>0x20001cec</run_address>
         <size>0xc</size>
      </object_component>
      <object_component id="oc-ec">
         <name>.common:Messageindex</name>
         <uninitialized>true</uninitialized>
         <run_address>0x20001d74</run_address>
         <size>0x4</size>
      </object_component>
      <object_component id="oc-f6">
         <name>.common:TimeIndex</name>
         <uninitialized>true</uninitialized>
         <run_address>0x20001dbc</run_address>
         <size>0x4</size>
      </object_component>
      <object_component id="oc-f3">
         <name>.common:Ymax</name>
         <uninitialized>true</uninitialized>
         <run_address>0x20001dc4</run_address>
         <size>0x4</size>
      </object_component>
      <object_component id="oc-f4">
         <name>.common:Ymin</name>
         <uninitialized>true</uninitialized>
         <run_address>0x20001dc8</run_address>
         <size>0x4</size>
      </object_component>
      <object_component id="oc-f5">
         <name>.common:Yrange</name>
         <uninitialized>true</uninitialized>
         <run_address>0x20001dcc</run_address>
         <size>0x4</size>
      </object_component>
      <object_component id="oc-f7">
         <name>.common:PlotBGColor</name>
         <uninitialized>true</uninitialized>
         <run_address>0x20001dda</run_address>
         <size>0x2</size>
      </object_component>
      <object_component id="oc-f8">
         <name>.common:PeriodicTask</name>
         <uninitialized>true</uninitialized>
         <run_address>0x20001d84</run_address>
         <size>0x4</size>
      </object_component>
      <object_component id="oc-f9">
         <name>.common:PeriodicTaskB</name>
         <uninitialized>true</uninitialized>
         <run_address>0x20001d8c</run_address>
         <size>0x4</size>
      </object_component>
      <object_component id="oc-fa">
         <name>.common:PeriodicTaskC</name>
         <uninitialized>true</uninitialized>
         <run_address>0x20001d90</run_address>
         <size>0x4</size>
      </object_component>
      <object_component id="oc-177">
         <name>.common:Time</name>
         <uninitialized>true</uninitialized>
         <run_address>0x20001db8</run_address>
         <size>0x4</size>
      </object_component>
      <object_component id="oc-17a">
         <name>.common:Steps</name>
         <uninitialized>true</uninitialized>
         <run_address>0x20001db0</run_address>
         <size>0x4</size>
      </object_component>
      <object_component id="oc-178">
         <name>.common:Magnitude</name>
         <uninitialized>true</uninitialized>
         <run_address>0x20001d70</run_address>
         <size>0x4</size>
      </object_component>
      <object_component id="oc-179">
         <name>.common:EWMA</name>
         <uninitialized>true</uninitialized>
         <run_address>0x20001d30</run_address>
         <size>0x4</size>
      </object_component>
      <object_component id="oc-16c">
         <name>.common:SoundData</name>
         <uninitialized>true</uninitialized>
         <run_address>0x20001ddc</run_address>
         <size>0x2</size>
      </object_component>
      <object_component id="oc-171">
         <name>.common:SoundAvg</name>
         <uninitialized>true</uninitialized>
         <run_address>0x20001da8</run_address>
         <size>0x4</size>
      </object_component>
      <object_component id="oc-169">
         <name>.common:SoundRMS</name>
         <uninitialized>true</uninitialized>
         <run_address>0x20001dac</run_address>
         <size>0x4</size>
      </object_component>
      <object_component id="oc-17d">
         <name>.common:LightData</name>
         <uninitialized>true</uninitialized>
         <run_address>0x20001d64</run_address>
         <size>0x4</size>
      </object_component>
      <object_component id="oc-17c">
         <name>.common:TemperatureData</name>
         <uninitialized>true</uninitialized>
         <run_address>0x20001db4</run_address>
         <size>0x4</size>
      </object_component>
      <object_component id="oc-186">
         <name>.common:TemperatureHalfwordData</name>
         <uninitialized>true</uninitialized>
         <run_address>0x20001dde</run_address>
         <size>0x2</size>
      </object_component>
      <object_component id="oc-172">
         <name>.common:NewData</name>
         <uninitialized>true</uninitialized>
         <run_address>0x20001d7c</run_address>
         <size>0x4</size>
      </object_component>
      <object_component id="oc-17b">
         <name>.common:LCDmutex</name>
         <uninitialized>true</uninitialized>
         <run_address>0x20001d60</run_address>
         <size>0x4</size>
      </object_component>
      <object_component id="oc-184">
         <name>.common:I2Cmutex</name>
         <uninitialized>true</uninitialized>
         <run_address>0x20001d3c</run_address>
         <size>0x4</size>
      </object_component>
      <object_component id="oc-170">
         <name>.common:SoundArray</name>
         <uninitialized>true</uninitialized>
         <run_address>0x20000960</run_address>
         <size>0x7d0</size>
      </object_component>
      <object_component id="oc-176">
         <name>.common:LostTask1Data</name>
         <uninitialized>true</uninitialized>
         <run_address>0x20001d6c</run_address>
         <size>0x4</size>
      </object_component>
      <object_component id="oc-173">
         <name>.common:AccX</name>
         <uninitialized>true</uninitialized>
         <run_address>0x20001dd4</run_address>
         <size>0x2</size>
      </object_component>
      <object_component id="oc-174">
         <name>.common:AccY</name>
         <uninitialized>true</uninitialized>
         <run_address>0x20001dd6</run_address>
         <size>0x2</size>
      </object_component>
      <object_component id="oc-175">
         <name>.common:AccZ</name>
         <uninitialized>true</uninitialized>
         <run_address>0x20001dd8</run_address>
         <size>0x2</size>
      </object_component>
      <object_component id="oc-185">
         <name>.common:Count7</name>
         <uninitialized>true</uninitialized>
         <run_address>0x20001d28</run_address>
         <size>0x4</size>
      </object_component>
      <object_component id="oc-10c">
         <name>.common:edXNum</name>
         <uninitialized>true</uninitialized>
         <run_address>0x20001de0</run_address>
         <size>0x2</size>
      </object_component>
      <object_component id="oc-10f">
         <name>.common:LogicData</name>
         <uninitialized>true</uninitialized>
         <run_address>0x20001de2</run_address>
         <size>0x1</size>
      </object_component>
      <object_component id="oc-110">
         <name>.common:Id</name>
         <uninitialized>true</uninitialized>
         <run_address>0x20001d40</run_address>
         <size>0x4</size>
      </object_component>
      <object_component id="oc-114">
         <name>.common:EncriptedMagicCode</name>
         <uninitialized>true</uninitialized>
         <run_address>0x20001ce0</run_address>
         <size>0xc</size>
      </object_component>
      <object_component id="oc-126">
         <name>.common:TimeBuffer0</name>
         <uninitialized>true</uninitialized>
         <run_address>0x20001130</run_address>
         <size>0x190</size>
      </object_component>
      <object_component id="oc-119">
         <name>.common:Index0</name>
         <uninitialized>true</uninitialized>
         <run_address>0x20001d44</run_address>
         <size>0x4</size>
      </object_component>
      <object_component id="oc-127">
         <name>.common:TimeBuffer1</name>
         <uninitialized>true</uninitialized>
         <run_address>0x200012c0</run_address>
         <size>0x190</size>
      </object_component>
      <object_component id="oc-11f">
         <name>.common:Index1</name>
         <uninitialized>true</uninitialized>
         <run_address>0x20001d48</run_address>
         <size>0x4</size>
      </object_component>
      <object_component id="oc-128">
         <name>.common:TimeBuffer2</name>
         <uninitialized>true</uninitialized>
         <run_address>0x20001450</run_address>
         <size>0x190</size>
      </object_component>
      <object_component id="oc-11e">
         <name>.common:Index2</name>
         <uninitialized>true</uninitialized>
         <run_address>0x20001d4c</run_address>
         <size>0x4</size>
      </object_component>
      <object_component id="oc-129">
         <name>.common:TimeBuffer3</name>
         <uninitialized>true</uninitialized>
         <run_address>0x200015e0</run_address>
         <size>0x190</size>
      </object_component>
      <object_component id="oc-11d">
         <name>.common:Index3</name>
         <uninitialized>true</uninitialized>
         <run_address>0x20001d50</run_address>
         <size>0x4</size>
      </object_component>
      <object_component id="oc-130">
         <name>.common:TimeBuffer4</name>
         <uninitialized>true</uninitialized>
         <run_address>0x20001c28</run_address>
         <size>0x28</size>
      </object_component>
      <object_component id="oc-11c">
         <name>.common:Index4</name>
         <uninitialized>true</uninitialized>
         <run_address>0x20001d54</run_address>
         <size>0x4</size>
      </object_component>
      <object_component id="oc-131">
         <name>.common:TimeBuffer5</name>
         <uninitialized>true</uninitialized>
         <run_address>0x20001c50</run_address>
         <size>0x28</size>
      </object_component>
      <object_component id="oc-11b">
         <name>.common:Index5</name>
         <uninitialized>true</uninitialized>
         <run_address>0x20001d58</run_address>
         <size>0x4</size>
      </object_component>
      <object_component id="oc-132">
         <name>.common:TimeBuffer6</name>
         <uninitialized>true</uninitialized>
         <run_address>0x20001c78</run_address>
         <size>0x28</size>
      </object_component>
      <object_component id="oc-11a">
         <name>.common:Index6</name>
         <uninitialized>true</uninitialized>
         <run_address>0x20001d5c</run_address>
         <size>0x4</size>
      </object_component>
      <object_component id="oc-115">
         <name>.common:PeriodicTask2</name>
         <uninitialized>true</uninitialized>
         <run_address>0x20001d88</run_address>
         <size>0x4</size>
      </object_component>
      <object_component id="oc-209">
         <name>.common:Messageindexb</name>
         <uninitialized>true</uninitialized>
         <run_address>0x20001d78</run_address>
         <size>0x4</size>
      </object_component>
      <object_component id="oc-206">
         <name>.common:Messageb</name>
         <uninitialized>true</uninitialized>
         <run_address>0x20001d08</run_address>
         <size>0x8</size>
      </object_component>
      <object_component id="oc-13f">
         <name>.common:RxPutI</name>
         <uninitialized>true</uninitialized>
         <run_address>0x20001da4</run_address>
         <size>0x4</size>
      </object_component>
      <object_component id="oc-142">
         <name>.common:RxGetI</name>
         <uninitialized>true</uninitialized>
         <run_address>0x20001da0</run_address>
         <size>0x4</size>
      </object_component>
      <object_component id="oc-143">
         <name>.common:RxFifoLost</name>
         <uninitialized>true</uninitialized>
         <run_address>0x20001d9c</run_address>
         <size>0x4</size>
      </object_component>
      <object_component id="oc-144">
         <name>.common:RxFIFO</name>
         <uninitialized>true</uninitialized>
         <run_address>0x20001890</run_address>
         <size>0x100</size>
      </object_component>
      <object_component id="oc-1e5">
         <name>.common:tcbs</name>
         <uninitialized>true</uninitialized>
         <run_address>0x20001b50</run_address>
         <size>0x60</size>
      </object_component>
      <object_component id="oc-ca">
         <name>.common:RunPt</name>
         <uninitialized>true</uninitialized>
         <run_address>0x20001d98</run_address>
         <size>0x4</size>
      </object_component>
      <object_component id="oc-1e6">
         <name>.common:Stacks</name>
         <uninitialized>true</uninitialized>
         <run_address>0x20000000</run_address>
         <size>0x960</size>
      </object_component>
      <object_component id="oc-1e1">
         <name>.common:EventThreadIndex</name>
         <uninitialized>true</uninitialized>
         <run_address>0x20001d34</run_address>
         <size>0x4</size>
      </object_component>
      <object_component id="oc-1e2">
         <name>.common:EventThreadPeriodsReload</name>
         <uninitialized>true</uninitialized>
         <run_address>0x20001d00</run_address>
         <size>0x8</size>
      </object_component>
      <object_component id="oc-1e3">
         <name>.common:EventThreadPeriods</name>
         <uninitialized>true</uninitialized>
         <run_address>0x20001cf8</run_address>
         <size>0x8</size>
      </object_component>
      <object_component id="oc-1e4">
         <name>.common:PeriodicEvents</name>
         <uninitialized>true</uninitialized>
         <run_address>0x20001d10</run_address>
         <size>0x8</size>
      </object_component>
      <object_component id="oc-1e7">
         <name>.common:PutI</name>
         <uninitialized>true</uninitialized>
         <run_address>0x20001d94</run_address>
         <size>0x4</size>
      </object_component>
      <object_component id="oc-1e8">
         <name>.common:GetI</name>
         <uninitialized>true</uninitialized>
         <run_address>0x20001d38</run_address>
         <size>0x4</size>
      </object_component>
      <object_component id="oc-1eb">
         <name>.common:Fifo</name>
         <uninitialized>true</uninitialized>
         <run_address>0x20001c00</run_address>
         <size>0x28</size>
      </object_component>
      <object_component id="oc-1e9">
         <name>.common:CurrentSize</name>
         <uninitialized>true</uninitialized>
         <run_address>0x20001d2c</run_address>
         <size>0x4</size>
      </object_component>
      <object_component id="oc-1ea">
         <name>.common:LostData</name>
         <uninitialized>true</uninitialized>
         <run_address>0x20001d68</run_address>
         <size>0x4</size>
      </object_component>
      <object_component id="oc-3b4">
         <name>.common:__TI_tmpnams</name>
         <uninitialized>true</uninitialized>
         <run_address>0x20001a30</run_address>
         <size>0xa0</size>
      </object_component>
      <object_component id="oc-3f7">
         <name>.common:parmbuf</name>
         <uninitialized>true</uninitialized>
         <run_address>0x20001d18</run_address>
         <size>0x8</size>
      </object_component>
      <object_component id="oc-29">
         <name>.sysmem</name>
         <uninitialized>true</uninitialized>
         <run_address>0x20001de8</run_address>
         <size>0x10</size>
         <input_file_ref idref="fl-d2"/>
      </object_component>
      <object_component id="oc-4ad">
         <name>.sysmem</name>
         <uninitialized>true</uninitialized>
         <run_address>0x20001de8</run_address>
         <size>0x0</size>
      </object_component>
      <object_component id="oc-2c">
         <name>.stack</name>
         <uninitialized>true</uninitialized>
         <run_address>0x2000fe00</run_address>
         <size>0x4</size>
         <input_file_ref idref="fl-d5"/>
      </object_component>
      <object_component id="oc-4ac">
         <name>.stack</name>
         <uninitialized>true</uninitialized>
         <run_address>0x2000fe00</run_address>
         <size>0x0</size>
      </object_component>
      <object_component id="oc-238">
         <name>.debug_info</name>
         <load_address>0x0</load_address>
         <run_address>0x0</run_address>
         <size>0x95a</size>
         <input_file_ref idref="fl-1"/>
      </object_component>
      <object_component id="oc-23d">
         <name>.debug_info</name>
         <load_address>0x95a</load_address>
         <run_address>0x95a</run_address>
         <size>0x183</size>
         <input_file_ref idref="fl-1"/>
      </object_component>
      <object_component id="oc-267">
         <name>.debug_info</name>
         <load_address>0xadd</load_address>
         <run_address>0xadd</run_address>
         <size>0x171</size>
         <input_file_ref idref="fl-1"/>
      </object_component>
      <object_component id="oc-26a">
         <name>.debug_info</name>
         <load_address>0xc4e</load_address>
         <run_address>0xc4e</run_address>
         <size>0x173</size>
         <input_file_ref idref="fl-1"/>
      </object_component>
      <object_component id="oc-242">
         <name>.debug_info</name>
         <load_address>0xdc1</load_address>
         <run_address>0xdc1</run_address>
         <size>0x173</size>
         <input_file_ref idref="fl-1"/>
      </object_component>
      <object_component id="oc-245">
         <name>.debug_info</name>
         <load_address>0xf34</load_address>
         <run_address>0xf34</run_address>
         <size>0x16f</size>
         <input_file_ref idref="fl-1"/>
      </object_component>
      <object_component id="oc-258">
         <name>.debug_info</name>
         <load_address>0x10a3</load_address>
         <run_address>0x10a3</run_address>
         <size>0x181</size>
         <input_file_ref idref="fl-1"/>
      </object_component>
      <object_component id="oc-255">
         <name>.debug_info</name>
         <load_address>0x1224</load_address>
         <run_address>0x1224</run_address>
         <size>0x181</size>
         <input_file_ref idref="fl-1"/>
      </object_component>
      <object_component id="oc-261">
         <name>.debug_info</name>
         <load_address>0x13a5</load_address>
         <run_address>0x13a5</run_address>
         <size>0x18b</size>
         <input_file_ref idref="fl-1"/>
      </object_component>
      <object_component id="oc-25b">
         <name>.debug_info</name>
         <load_address>0x1530</load_address>
         <run_address>0x1530</run_address>
         <size>0x187</size>
         <input_file_ref idref="fl-1"/>
      </object_component>
      <object_component id="oc-264">
         <name>.debug_info</name>
         <load_address>0x16b7</load_address>
         <run_address>0x16b7</run_address>
         <size>0x191</size>
         <input_file_ref idref="fl-1"/>
      </object_component>
      <object_component id="oc-25e">
         <name>.debug_info</name>
         <load_address>0x1848</load_address>
         <run_address>0x1848</run_address>
         <size>0x183</size>
         <input_file_ref idref="fl-1"/>
      </object_component>
      <object_component id="oc-270">
         <name>.debug_info</name>
         <load_address>0x19cb</load_address>
         <run_address>0x19cb</run_address>
         <size>0x17f</size>
         <input_file_ref idref="fl-1"/>
      </object_component>
      <object_component id="oc-26d">
         <name>.debug_info</name>
         <load_address>0x1b4a</load_address>
         <run_address>0x1b4a</run_address>
         <size>0x181</size>
         <input_file_ref idref="fl-1"/>
      </object_component>
      <object_component id="oc-273">
         <name>.debug_info</name>
         <load_address>0x1ccb</load_address>
         <run_address>0x1ccb</run_address>
         <size>0x18d</size>
         <input_file_ref idref="fl-1"/>
      </object_component>
      <object_component id="oc-252">
         <name>.debug_info</name>
         <load_address>0x1e58</load_address>
         <run_address>0x1e58</run_address>
         <size>0x193</size>
         <input_file_ref idref="fl-1"/>
      </object_component>
      <object_component id="oc-24b">
         <name>.debug_info</name>
         <load_address>0x1feb</load_address>
         <run_address>0x1feb</run_address>
         <size>0x177</size>
         <input_file_ref idref="fl-1"/>
      </object_component>
      <object_component id="oc-24e">
         <name>.debug_info</name>
         <load_address>0x2162</load_address>
         <run_address>0x2162</run_address>
         <size>0x182</size>
         <input_file_ref idref="fl-1"/>
      </object_component>
      <object_component id="oc-248">
         <name>.debug_info</name>
         <load_address>0x22e4</load_address>
         <run_address>0x22e4</run_address>
         <size>0x1c2</size>
         <input_file_ref idref="fl-1"/>
      </object_component>
      <object_component id="oc-124">
         <name>.debug_info</name>
         <load_address>0x24a6</load_address>
         <run_address>0x24a6</run_address>
         <size>0x2487</size>
         <input_file_ref idref="fl-1"/>
      </object_component>
      <object_component id="oc-1d2">
         <name>.debug_info</name>
         <load_address>0x492d</load_address>
         <run_address>0x492d</run_address>
         <size>0x37e2</size>
         <input_file_ref idref="fl-1"/>
      </object_component>
      <object_component id="oc-148">
         <name>.debug_info</name>
         <load_address>0x810f</load_address>
         <run_address>0x810f</run_address>
         <size>0x26b</size>
         <input_file_ref idref="fl-1"/>
      </object_component>
      <object_component id="oc-1d7">
         <name>.debug_info</name>
         <load_address>0x837a</load_address>
         <run_address>0x837a</run_address>
         <size>0x1055</size>
         <input_file_ref idref="fl-1"/>
      </object_component>
      <object_component id="oc-2fe">
         <name>.debug_info</name>
         <load_address>0x93cf</load_address>
         <run_address>0x93cf</run_address>
         <size>0x155</size>
         <input_file_ref idref="fl-1"/>
      </object_component>
      <object_component id="oc-35">
         <name>.debug_info</name>
         <load_address>0x9524</load_address>
         <run_address>0x9524</run_address>
         <size>0x84</size>
         <input_file_ref idref="fl-1"/>
      </object_component>
      <object_component id="oc-201">
         <name>.debug_info</name>
         <load_address>0x95a8</load_address>
         <run_address>0x95a8</run_address>
         <size>0x2a4</size>
         <input_file_ref idref="fl-1"/>
      </object_component>
      <object_component id="oc-fc">
         <name>.debug_info</name>
         <load_address>0x984c</load_address>
         <run_address>0x984c</run_address>
         <size>0xbb</size>
         <input_file_ref idref="fl-1"/>
      </object_component>
      <object_component id="oc-277">
         <name>.debug_info</name>
         <load_address>0x9907</load_address>
         <run_address>0x9907</run_address>
         <size>0x48f</size>
         <input_file_ref idref="fl-2"/>
      </object_component>
      <object_component id="oc-12b">
         <name>.debug_info</name>
         <load_address>0x9d96</load_address>
         <run_address>0x9d96</run_address>
         <size>0x123e</size>
         <input_file_ref idref="fl-2"/>
      </object_component>
      <object_component id="oc-329">
         <name>.debug_info</name>
         <load_address>0xafd4</load_address>
         <run_address>0xafd4</run_address>
         <size>0x145</size>
         <input_file_ref idref="fl-2"/>
      </object_component>
      <object_component id="oc-ea">
         <name>.debug_info</name>
         <load_address>0xb119</load_address>
         <run_address>0xb119</run_address>
         <size>0x7d3</size>
         <input_file_ref idref="fl-3"/>
      </object_component>
      <object_component id="oc-d8">
         <name>.debug_info</name>
         <load_address>0xb8ec</load_address>
         <run_address>0xb8ec</run_address>
         <size>0x281</size>
         <input_file_ref idref="fl-3"/>
      </object_component>
      <object_component id="oc-d5">
         <name>.debug_info</name>
         <load_address>0xbb6d</load_address>
         <run_address>0xbb6d</run_address>
         <size>0x1ac</size>
         <input_file_ref idref="fl-3"/>
      </object_component>
      <object_component id="oc-e7">
         <name>.debug_info</name>
         <load_address>0xbd19</load_address>
         <run_address>0xbd19</run_address>
         <size>0x160</size>
         <input_file_ref idref="fl-3"/>
      </object_component>
      <object_component id="oc-db">
         <name>.debug_info</name>
         <load_address>0xbe79</load_address>
         <run_address>0xbe79</run_address>
         <size>0x162</size>
         <input_file_ref idref="fl-3"/>
      </object_component>
      <object_component id="oc-de">
         <name>.debug_info</name>
         <load_address>0xbfdb</load_address>
         <run_address>0xbfdb</run_address>
         <size>0x16c</size>
         <input_file_ref idref="fl-3"/>
      </object_component>
      <object_component id="oc-e1">
         <name>.debug_info</name>
         <load_address>0xc147</load_address>
         <run_address>0xc147</run_address>
         <size>0x168</size>
         <input_file_ref idref="fl-3"/>
      </object_component>
      <object_component id="oc-e4">
         <name>.debug_info</name>
         <load_address>0xc2af</load_address>
         <run_address>0xc2af</run_address>
         <size>0x162</size>
         <input_file_ref idref="fl-3"/>
      </object_component>
      <object_component id="oc-76">
         <name>.debug_info</name>
         <load_address>0xc411</load_address>
         <run_address>0xc411</run_address>
         <size>0x729e</size>
         <input_file_ref idref="fl-3"/>
      </object_component>
      <object_component id="oc-101">
         <name>.debug_info</name>
         <load_address>0x136af</load_address>
         <run_address>0x136af</run_address>
         <size>0x56</size>
         <input_file_ref idref="fl-3"/>
      </object_component>
      <object_component id="oc-1fe">
         <name>.debug_info</name>
         <load_address>0x13705</load_address>
         <run_address>0x13705</run_address>
         <size>0x21d</size>
         <input_file_ref idref="fl-4"/>
      </object_component>
      <object_component id="oc-ee">
         <name>.debug_info</name>
         <load_address>0x13922</load_address>
         <run_address>0x13922</run_address>
         <size>0x6bb</size>
         <input_file_ref idref="fl-4"/>
      </object_component>
      <object_component id="oc-17f">
         <name>.debug_info</name>
         <load_address>0x13fdd</load_address>
         <run_address>0x13fdd</run_address>
         <size>0x67c</size>
         <input_file_ref idref="fl-5"/>
      </object_component>
      <object_component id="oc-232">
         <name>.debug_info</name>
         <load_address>0x14659</load_address>
         <run_address>0x14659</run_address>
         <size>0x247</size>
         <input_file_ref idref="fl-6"/>
      </object_component>
      <object_component id="oc-16a">
         <name>.debug_info</name>
         <load_address>0x148a0</load_address>
         <run_address>0x148a0</run_address>
         <size>0x121a</size>
         <input_file_ref idref="fl-7"/>
      </object_component>
      <object_component id="oc-16e">
         <name>.debug_info</name>
         <load_address>0x15aba</load_address>
         <run_address>0x15aba</run_address>
         <size>0x195</size>
         <input_file_ref idref="fl-7"/>
      </object_component>
      <object_component id="oc-b3">
         <name>.debug_info</name>
         <load_address>0x15c4f</load_address>
         <run_address>0x15c4f</run_address>
         <size>0x17cc</size>
         <input_file_ref idref="fl-7"/>
      </object_component>
      <object_component id="oc-280">
         <name>.debug_info</name>
         <load_address>0x1741b</load_address>
         <run_address>0x1741b</run_address>
         <size>0x3f</size>
         <input_file_ref idref="fl-7"/>
      </object_component>
      <object_component id="oc-287">
         <name>.debug_info</name>
         <load_address>0x1745a</load_address>
         <run_address>0x1745a</run_address>
         <size>0x51</size>
         <input_file_ref idref="fl-7"/>
      </object_component>
      <object_component id="oc-188">
         <name>.debug_info</name>
         <load_address>0x174ab</load_address>
         <run_address>0x174ab</run_address>
         <size>0x35b</size>
         <input_file_ref idref="fl-8"/>
      </object_component>
      <object_component id="oc-10d">
         <name>.debug_info</name>
         <load_address>0x17806</load_address>
         <run_address>0x17806</run_address>
         <size>0xd21</size>
         <input_file_ref idref="fl-9"/>
      </object_component>
      <object_component id="oc-112">
         <name>.debug_info</name>
         <load_address>0x18527</load_address>
         <run_address>0x18527</run_address>
         <size>0x10a</size>
         <input_file_ref idref="fl-9"/>
      </object_component>
      <object_component id="oc-117">
         <name>.debug_info</name>
         <load_address>0x18631</load_address>
         <run_address>0x18631</run_address>
         <size>0x10c</size>
         <input_file_ref idref="fl-9"/>
      </object_component>
      <object_component id="oc-134">
         <name>.debug_info</name>
         <load_address>0x1873d</load_address>
         <run_address>0x1873d</run_address>
         <size>0x11b</size>
         <input_file_ref idref="fl-9"/>
      </object_component>
      <object_component id="oc-137">
         <name>.debug_info</name>
         <load_address>0x18858</load_address>
         <run_address>0x18858</run_address>
         <size>0x11b</size>
         <input_file_ref idref="fl-9"/>
      </object_component>
      <object_component id="oc-7d">
         <name>.debug_info</name>
         <load_address>0x18973</load_address>
         <run_address>0x18973</run_address>
         <size>0x2616</size>
         <input_file_ref idref="fl-9"/>
      </object_component>
      <object_component id="oc-13a">
         <name>.debug_info</name>
         <load_address>0x1af89</load_address>
         <run_address>0x1af89</run_address>
         <size>0x3f</size>
         <input_file_ref idref="fl-9"/>
      </object_component>
      <object_component id="oc-207">
         <name>.debug_info</name>
         <load_address>0x1afc8</load_address>
         <run_address>0x1afc8</run_address>
         <size>0x80e</size>
         <input_file_ref idref="fl-a"/>
      </object_component>
      <object_component id="oc-107">
         <name>.debug_info</name>
         <load_address>0x1b7d6</load_address>
         <run_address>0x1b7d6</run_address>
         <size>0x2849</size>
         <input_file_ref idref="fl-a"/>
      </object_component>
      <object_component id="oc-2b4">
         <name>.debug_info</name>
         <load_address>0x1e01f</load_address>
         <run_address>0x1e01f</run_address>
         <size>0xcc</size>
         <input_file_ref idref="fl-a"/>
      </object_component>
      <object_component id="oc-226">
         <name>.debug_info</name>
         <load_address>0x1e0eb</load_address>
         <run_address>0x1e0eb</run_address>
         <size>0x2c</size>
         <input_file_ref idref="fl-a"/>
      </object_component>
      <object_component id="oc-140">
         <name>.debug_info</name>
         <load_address>0x1e117</load_address>
         <run_address>0x1e117</run_address>
         <size>0x652</size>
         <input_file_ref idref="fl-b"/>
      </object_component>
      <object_component id="oc-85">
         <name>.debug_info</name>
         <load_address>0x1e769</load_address>
         <run_address>0x1e769</run_address>
         <size>0xeb7</size>
         <input_file_ref idref="fl-b"/>
      </object_component>
      <object_component id="oc-cb">
         <name>.debug_info</name>
         <load_address>0x1f620</load_address>
         <run_address>0x1f620</run_address>
         <size>0x88b</size>
         <input_file_ref idref="fl-c"/>
      </object_component>
      <object_component id="oc-ce">
         <name>.debug_info</name>
         <load_address>0x1feab</load_address>
         <run_address>0x1feab</run_address>
         <size>0xa60</size>
         <input_file_ref idref="fl-c"/>
      </object_component>
      <object_component id="oc-1dc">
         <name>.debug_info</name>
         <load_address>0x2090b</load_address>
         <run_address>0x2090b</run_address>
         <size>0x8a</size>
         <input_file_ref idref="fl-c"/>
      </object_component>
      <object_component id="oc-71">
         <name>.debug_info</name>
         <load_address>0x20995</load_address>
         <run_address>0x20995</run_address>
         <size>0x162</size>
         <input_file_ref idref="fl-d"/>
      </object_component>
      <object_component id="oc-89">
         <name>.debug_info</name>
         <load_address>0x20af7</load_address>
         <run_address>0x20af7</run_address>
         <size>0x307</size>
         <input_file_ref idref="fl-e"/>
      </object_component>
      <object_component id="oc-27">
         <name>.debug_info</name>
         <load_address>0x20dfe</load_address>
         <run_address>0x20dfe</run_address>
         <size>0x133</size>
         <input_file_ref idref="fl-e"/>
      </object_component>
      <object_component id="oc-6b">
         <name>.debug_info</name>
         <load_address>0x20f31</load_address>
         <run_address>0x20f31</run_address>
         <size>0x1fa</size>
         <input_file_ref idref="fl-e"/>
      </object_component>
      <object_component id="oc-1cd">
         <name>.debug_info</name>
         <load_address>0x2112b</load_address>
         <run_address>0x2112b</run_address>
         <size>0x12c</size>
         <input_file_ref idref="fl-f"/>
      </object_component>
      <object_component id="oc-c4">
         <name>.debug_info</name>
         <load_address>0x21257</load_address>
         <run_address>0x21257</run_address>
         <size>0x29e</size>
         <input_file_ref idref="fl-f"/>
      </object_component>
      <object_component id="oc-2d6">
         <name>.debug_info</name>
         <load_address>0x214f5</load_address>
         <run_address>0x214f5</run_address>
         <size>0x3f5</size>
         <input_file_ref idref="fl-c9"/>
      </object_component>
      <object_component id="oc-2cd">
         <name>.debug_info</name>
         <load_address>0x218ea</load_address>
         <run_address>0x218ea</run_address>
         <size>0x20e</size>
         <input_file_ref idref="fl-c9"/>
      </object_component>
      <object_component id="oc-2eb">
         <name>.debug_info</name>
         <load_address>0x21af8</load_address>
         <run_address>0x21af8</run_address>
         <size>0x176</size>
         <input_file_ref idref="fl-c9"/>
      </object_component>
      <object_component id="oc-217">
         <name>.debug_info</name>
         <load_address>0x21c6e</load_address>
         <run_address>0x21c6e</run_address>
         <size>0x1e4</size>
         <input_file_ref idref="fl-c9"/>
      </object_component>
      <object_component id="oc-212">
         <name>.debug_info</name>
         <load_address>0x21e52</load_address>
         <run_address>0x21e52</run_address>
         <size>0x1cd</size>
         <input_file_ref idref="fl-c9"/>
      </object_component>
      <object_component id="oc-14f">
         <name>.debug_info</name>
         <load_address>0x2201f</load_address>
         <run_address>0x2201f</run_address>
         <size>0x2c</size>
         <input_file_ref idref="fl-c9"/>
      </object_component>
      <object_component id="oc-39d">
         <name>.debug_info</name>
         <load_address>0x2204b</load_address>
         <run_address>0x2204b</run_address>
         <size>0xb2</size>
         <input_file_ref idref="fl-c9"/>
      </object_component>
      <object_component id="oc-2f1">
         <name>.debug_info</name>
         <load_address>0x220fd</load_address>
         <run_address>0x220fd</run_address>
         <size>0x374</size>
         <input_file_ref idref="fl-ca"/>
      </object_component>
      <object_component id="oc-21e">
         <name>.debug_info</name>
         <load_address>0x22471</load_address>
         <run_address>0x22471</run_address>
         <size>0x20b</size>
         <input_file_ref idref="fl-ca"/>
      </object_component>
      <object_component id="oc-2f2">
         <name>.debug_info</name>
         <load_address>0x2267c</load_address>
         <run_address>0x2267c</run_address>
         <size>0xbf</size>
         <input_file_ref idref="fl-ca"/>
      </object_component>
      <object_component id="oc-a6">
         <name>.debug_info</name>
         <load_address>0x2273b</load_address>
         <run_address>0x2273b</run_address>
         <size>0x147</size>
         <input_file_ref idref="fl-cb"/>
      </object_component>
      <object_component id="oc-a4">
         <name>.debug_info</name>
         <load_address>0x22882</load_address>
[...]
         <name>OS_AddThreads</name>
         <value>0x6101</value>
         <object_component_ref idref="oc-cd"/>
      </symbol>
      <symbol id="sm-96a">
         <name>OS_Init</name>
         <value>0x5fa7</value>
         <object_component_ref idref="oc-cd"/>
      </symbol>
      <symbol id="sm-96b">
         <name>OS_InitSemaphore</name>
         <value>0x6389</value>
         <object_component_ref idref="oc-cd"/>
      </symbol>
      <symbol id="sm-96c">
         <name>OS_FIFO_Get</name>
         <value>0x6499</value>
         <object_component_ref idref="oc-cd"/>
      </symbol>
      <symbol id="sm-96d">
         <name>OS_Sleep</name>
         <value>0x636d</value>
         <object_component_ref idref="oc-cd"/>
      </symbol>
      <symbol id="sm-96e">
         <name>OS_FIFO_Init</name>
         <value>0x6425</value>
         <object_component_ref idref="oc-cd"/>
      </symbol>
      <symbol id="sm-96f">
         <name>DummyEventThread</name>
         <value>0x5fa5</value>
         <object_component_ref idref="oc-cd"/>
      </symbol>
      <symbol id="sm-970">
         <name>OS_Signal</name>
         <value>0x63d9</value>
         <object_component_ref idref="oc-cd"/>
      </symbol>
      <symbol id="sm-971">
         <name>OS_Suspend</name>
         <value>0x6355</value>
         <object_component_ref idref="oc-cd"/>
      </symbol>
      <symbol id="sm-972">
         <name>OS_AddPeriodicEventThread</name>
         <value>0x619f</value>
         <object_component_ref idref="oc-cd"/>
      </symbol>
      <symbol id="sm-973">
         <name>SetInitialStack</name>
         <value>0x5ff9</value>
         <object_component_ref idref="oc-cd"/>
      </symbol>
      <symbol id="sm-97e">
         <name>SysTick_Handler</name>
         <value>0x7971</value>
         <object_component_ref idref="oc-70"/>
      </symbol>
      <symbol id="sm-97f">
         <name>StartOS</name>
         <value>0x7999</value>
         <object_component_ref idref="oc-70"/>
      </symbol>
      <symbol id="sm-994">
         <name>Reset_Handler</name>
         <value>0x7da1</value>
         <object_component_ref idref="oc-6a"/>
      </symbol>
      <symbol id="sm-995">
         <name>Default_Handler</name>
         <value>0x7dad</value>
         <object_component_ref idref="oc-6a"/>
      </symbol>
      <symbol id="sm-996">
         <name>interruptVectors</name>
         <value>0x0</value>
         <object_component_ref idref="oc-26"/>
      </symbol>
      <symbol id="sm-9de">
         <name>SystemInit</name>
         <value>0x6765</value>
         <object_component_ref idref="oc-c3"/>
      </symbol>
      <symbol id="sm-9df">
         <name>SystemCoreClockUpdate</name>
         <value>0x64ed</value>
         <object_component_ref idref="oc-c3"/>
      </symbol>
      <symbol id="sm-9e0">
         <name>SystemCoreClock</name>
         <value>0x20002520</value>
         <object_component_ref idref="oc-1cc"/>
      </symbol>
      <symbol id="sm-a3c">
         <name>__TI_cleanup</name>
         <value>0x7b81</value>
         <object_component_ref idref="oc-2ea"/>
      </symbol>
      <symbol id="sm-a3d">
         <name>freopen</name>
         <value>0x7c1d</value>
         <object_component_ref idref="oc-216"/>
      </symbol>
      <symbol id="sm-a3e">
         <name>fopen</name>
         <value>0x73e1</value>
         <object_component_ref idref="oc-210"/>
      </symbol>
      <symbol id="sm-a5f">
         <name>setvbuf</name>
         <value>0x70bd</value>
         <object_component_ref idref="oc-21c"/>
      </symbol>
      <symbol id="sm-a6e">
         <name>__aeabi_memset</name>
         <value>0x751b</value>
         <object_component_ref idref="oc-a5"/>
      </symbol>
      <symbol id="sm-a6f">
         <name>memset</name>
         <value>0x7521</value>
         <object_component_ref idref="oc-a5"/>
      </symbol>
      <symbol id="sm-a70">
         <name>__aeabi_memset8</name>
         <value>0x751b</value>
         <object_component_ref idref="oc-a5"/>
      </symbol>
      <symbol id="sm-a71">
         <name>__aeabi_memset4</name>
         <value>0x751b</value>
         <object_component_ref idref="oc-a5"/>
      </symbol>
      <symbol id="sm-a72">
         <name>__aeabi_memclr8</name>
         <value>0x7519</value>
         <object_component_ref idref="oc-a5"/>
      </symbol>
      <symbol id="sm-a73">
         <name>__aeabi_memclr4</name>
         <value>0x7519</value>
         <object_component_ref idref="oc-a5"/>
      </symbol>
      <symbol id="sm-a74">
         <name>__aeabi_memclr</name>
         <value>0x7519</value>
         <object_component_ref idref="oc-a5"/>
      </symbol>
      <symbol id="sm-a8b">
         <name>__TI_zero_init</name>
         <value>0x7daf</value>
         <object_component_ref idref="oc-4c"/>
      </symbol>
      <symbol id="sm-aa2">
         <name>__TI_decompress_none</name>
         <value>0x7d93</value>
         <object_component_ref idref="oc-1d"/>
      </symbol>
      <symbol id="sm-ac5">
         <name>__TI_decompress_lzss</name>
         <value>0x774d</value>
         <object_component_ref idref="oc-17"/>
      </symbol>
      <symbol id="sm-aeb">
         <name>C$$EXIT</name>
         <value>0x7dc7</value>
         <object_component_ref idref="oc-18e"/>
      </symbol>
      <symbol id="sm-aec">
         <name>abort</name>
         <value>0x7dc7</value>
         <object_component_ref idref="oc-18e"/>
      </symbol>
      <symbol id="sm-aed">
         <name>__TI_dtors_ptr</name>
         <value>0x200024d4</value>
         <object_component_ref idref="oc-28f"/>
      </symbol>
      <symbol id="sm-aee">
         <name>__TI_cleanup_ptr</name>
         <value>0x200024d0</value>
         <object_component_ref idref="oc-28f"/>
      </symbol>
      <symbol id="sm-aef">
         <name>__TI_enable_exit_profile_output</name>
         <value>0x200024d8</value>
         <object_component_ref idref="oc-28f"/>
      </symbol>
      <symbol id="sm-af0">
         <name>exit</name>
         <value>0x79b9</value>
         <object_component_ref idref="oc-194"/>
      </symbol>
      <symbol id="sm-b05">
         <name>_nop</name>
         <value>0x7593</value>
         <object_component_ref idref="oc-330"/>
      </symbol>
      <symbol id="sm-b06">
         <name>_lock</name>
         <value>0x200024f8</value>
         <object_component_ref idref="oc-292"/>
      </symbol>
      <symbol id="sm-b07">
         <name>_unlock</name>
         <value>0x200024fc</value>
         <object_component_ref idref="oc-292"/>
      </symbol>
      <symbol id="sm-b1c">
         <name>__TI_tmpnams</name>
         <value>0x20001a30</value>
      </symbol>
      <symbol id="sm-b1d">
         <name>__aeabi_stdout</name>
         <value>0x200024b8</value>
         <object_component_ref idref="oc-2d2"/>
      </symbol>
      <symbol id="sm-b1e">
         <name>__aeabi_stderr</name>
         <value>0x200024bc</value>
         <object_component_ref idref="oc-2d2"/>
      </symbol>
      <symbol id="sm-b1f">
         <name>__aeabi_stdin</name>
         <value>0x200024b4</value>
         <object_component_ref idref="oc-2d2"/>
      </symbol>
      <symbol id="sm-b20">
         <name>_ftable</name>
         <value>0x200021e8</value>
         <object_component_ref idref="oc-222"/>
      </symbol>
      <symbol id="sm-b21">
         <name>__TI_ft_end</name>
         <value>0x200024b0</value>
         <object_component_ref idref="oc-2d2"/>
      </symbol>
      <symbol id="sm-ba5">
         <name>_sys_memory</name>
         <value>0x20001de8</value>
         <object_component_ref idref="oc-29"/>
      </symbol>
      <symbol id="sm-ba6">
         <name>free</name>
         <value>0x6fd9</value>
         <object_component_ref idref="oc-2de"/>
      </symbol>
      <symbol id="sm-ba7">
         <name>memalign</name>
         <value>0x6ed9</value>
         <object_component_ref idref="oc-3c4"/>
      </symbol>
      <symbol id="sm-ba8">
         <name>malloc</name>
         <value>0x7dbb</value>
         <object_component_ref idref="oc-2e4"/>
      </symbol>
      <symbol id="sm-ba9">
         <name>aligned_alloc</name>
         <value>0x6ed9</value>
         <object_component_ref idref="oc-3c4"/>
      </symbol>
      <symbol id="sm-bcb">
         <name>open</name>
         <value>0x726d</value>
         <object_component_ref idref="oc-392"/>
      </symbol>
      <symbol id="sm-bf0">
         <name>add_device</name>
         <value>0x7329</value>
         <object_component_ref idref="oc-20a"/>
      </symbol>
      <symbol id="sm-c03">
         <name>__stack</name>
         <value>0x2000fe00</value>
         <object_component_ref idref="oc-2c"/>
      </symbol>
      <symbol id="sm-c04">
         <name>_c_int00_noargs</name>
         <value>0x7be9</value>
         <object_component_ref idref="oc-58"/>
      </symbol>
      <symbol id="sm-c19">
         <name>__TI_closefile</name>
         <value>0x7595</value>
         <object_component_ref idref="oc-2d7"/>
      </symbol>
      <symbol id="sm-c29">
         <name>__TI_doflush</name>
         <value>0x7921</value>
         <object_component_ref idref="oc-3a2"/>
      </symbol>
      <symbol id="sm-c47">
         <name>finddevice</name>
         <value>0x7c51</value>
         <object_component_ref idref="oc-2b9"/>
      </symbol>
      <symbol id="sm-c48">
         <name>getdevice</name>
         <value>0x7acd</value>
         <object_component_ref idref="oc-414"/>
      </symbol>
      <symbol id="sm-c63">
         <name>memcpy</name>
         <value>0x747d</value>
         <object_component_ref idref="oc-3a"/>
      </symbol>
      <symbol id="sm-c64">
         <name>__aeabi_memcpy</name>
         <value>0x747d</value>
         <object_component_ref idref="oc-3a"/>
      </symbol>
      <symbol id="sm-c65">
         <name>__aeabi_memcpy8</name>
         <value>0x747d</value>
         <object_component_ref idref="oc-3a"/>
      </symbol>
      <symbol id="sm-c66">
         <name>__aeabi_memcpy4</name>
         <value>0x747d</value>
         <object_component_ref idref="oc-3a"/>
      </symbol>
      <symbol id="sm-c8e">
         <name>__TI_auto_init_nobinit_nopinit</name>
         <value>0x7a89</value>
         <object_component_ref idref="oc-19a"/>
      </symbol>
      <symbol id="sm-c98">
         <name>_system_pre_init</name>
         <value>0x7dc3</value>
         <object_component_ref idref="oc-ab"/>
      </symbol>
      <symbol id="sm-caa">
         <name>strchr</name>
         <value>0x7d55</value>
         <object_component_ref idref="oc-454"/>
      </symbol>
      <symbol id="sm-cb9">
         <name>strcmp</name>
         <value>0x7d3d</value>
         <object_component_ref idref="oc-34f"/>
      </symbol>
      <symbol id="sm-cc9">
         <name>strncpy</name>
         <value>0x7b49</value>
         <object_component_ref idref="oc-2bf"/>
      </symbol>
      <symbol id="sm-cd9">
         <name>write</name>
         <value>0x7cd5</value>
         <object_component_ref idref="oc-420"/>
      </symbol>
      <symbol id="sm-cea">
         <name>_stream</name>
         <value>0x20002350</value>
         <object_component_ref idref="oc-41b"/>
      </symbol>
      <symbol id="sm-ceb">
         <name>_device</name>
         <value>0x200022d8</value>
         <object_component_ref idref="oc-2c6"/>
      </symbol>
      <symbol id="sm-d00">
         <name>close</name>
         <value>0x7815</value>
         <object_component_ref idref="oc-3a8"/>
      </symbol>
      <symbol id="sm-d10">
         <name>unlink</name>
         <value>0x7c81</value>
         <object_component_ref idref="oc-3ae"/>
      </symbol>
      <symbol id="sm-d21">
         <name>HOSTclose</name>
         <value>0x7a01</value>
         <object_component_ref idref="oc-35f"/>
      </symbol>
      <symbol id="sm-d32">
         <name>HOSTlseek</name>
         <value>0x76e5</value>
         <object_component_ref idref="oc-371"/>
      </symbol>
      <symbol id="sm-d44">
         <name>parmbuf</name>
         <value>0x20001d18</value>
      </symbol>
      <symbol id="sm-d45">
         <name>HOSTopen</name>
         <value>0x77b5</value>
         <object_component_ref idref="oc-359"/>
      </symbol>
      <symbol id="sm-d56">
         <name>HOSTread</name>
         <value>0x7871</value>
         <object_component_ref idref="oc-365"/>
      </symbol>
      <symbol id="sm-d67">
         <name>HOSTrename</name>
         <value>0x7679</value>
         <object_component_ref idref="oc-37d"/>
      </symbol>
      <symbol id="sm-d78">
         <name>HOSTunlink</name>
         <value>0x7a45</value>
         <object_component_ref idref="oc-377"/>
      </symbol>
      <symbol id="sm-d89">
         <name>HOSTwrite</name>
         <value>0x78c9</value>
         <object_component_ref idref="oc-36b"/>
      </symbol>
      <symbol id="sm-dad">
         <name>__TI_readmsg</name>
         <value>0x7bb5</value>
         <object_component_ref idref="oc-3f1"/>
      </symbol>
      <symbol id="sm-dae">
         <name>C$$IO$$</name>
         <value>0x7b3f</value>
         <object_component_ref idref="oc-3eb"/>
      </symbol>
      <symbol id="sm-daf">
         <name>__CIOBUF_</name>
         <value>0x20001770</value>
         <object_component_ref idref="oc-43e"/>
      </symbol>
      <symbol id="sm-db0">
         <name>__TI_writemsg</name>
         <value>0x7b11</value>
         <object_component_ref idref="oc-3eb"/>
      </symbol>
      <symbol id="sm-dbe">
         <name>strcpy</name>
         <value>0x7d6b</value>
         <object_component_ref idref="oc-405"/>
      </symbol>
      <symbol id="sm-dcc">
         <name>strlen</name>
         <value>0x7d7f</value>
         <object_component_ref idref="oc-3e5"/>
      </symbol>
      <symbol id="sm-dcd">
         <name>__TI_static_base__</name>
         <value>0x0</value>
      </symbol>
      <symbol id="sm-dd0">
         <name>__mpu_init</name>
         <value>0x0</value>
      </symbol>
      <symbol id="sm-dd1">
         <name>_system_post_cinit</name>
         <value>0x0</value>
      </symbol>
      <symbol id="sm-dd2">
         <name>NMI_Handler</name>
         <value>0x7dad</value>
      </symbol>
      <symbol id="sm-dd3">
         <name>HardFault_Handler</name>
         <value>0x7dad</value>
      </symbol>
      <symbol id="sm-dd4">
         <name>MemManage_Handler</name>
         <value>0x7dad</value>
      </symbol>
      <symbol id="sm-dd5">
         <name>BusFault_Handler</name>
         <value>0x7dad</value>
      </symbol>
      <symbol id="sm-dd6">
         <name>UsageFault_Handler</name>
         <value>0x7dad</value>
      </symbol>
      <symbol id="sm-dd7">
         <name>SVC_Handler</name>
         <value>0x7dad</value>
      </symbol>
      <symbol id="sm-dd8">
         <name>DebugMon_Handler</name>
         <value>0x7dad</value>
      </symbol>
      <symbol id="sm-dd9">
         <name>PendSV_Handler</name>
         <value>0x7dad</value>
      </symbol>
      <symbol id="sm-dda">
         <name>SysTick_Handler</name>
         <value>0x7971</value>
      </symbol>
      <symbol id="sm-ddb">
         <name>PSS_IRQHandler</name>
         <value>0x7dad</value>
      </symbol>
      <symbol id="sm-ddc">
         <name>CS_IRQHandler</name>
         <value>0x7dad</value>
      </symbol>
      <symbol id="sm-ddd">
         <name>PCM_IRQHandler</name>
         <value>0x7dad</value>
      </symbol>
      <symbol id="sm-dde">
         <name>WDT_A_IRQHandler</name>
         <value>0x7dad</value>
      </symbol>
      <symbol id="sm-ddf">
         <name>FPU_IRQHandler</name>
         <value>0x7dad</value>
      </symbol>
      <symbol id="sm-de0">
         <name>FLCTL_IRQHandler</name>
         <value>0x7dad</value>
      </symbol>
      <symbol id="sm-de1">
         <name>COMP_E0_IRQHandler</name>
         <value>0x7dad</value>
      </symbol>
      <symbol id="sm-de2">
         <name>COMP_E1_IRQHandler</name>
         <value>0x7dad</value>
      </symbol>
      <symbol id="sm-de3">
         <name>TA0_0_IRQHandler</name>
         <value>0x7dad</value>
      </symbol>
      <symbol id="sm-de4">
         <name>TA0_N_IRQHandler</name>
         <value>0x7dad</value>
      </symbol>
      <symbol id="sm-de5">
         <name>TA1_0_IRQHandler</name>
         <value>0x1c45</value>
      </symbol>
      <symbol id="sm-de6">
         <name>TA1_N_IRQHandler</name>
         <value>0x7dad</value>
      </symbol>
      <symbol id="sm-de7">
         <name>TA2_0_IRQHandler</name>
         <value>0x1cf9</value>
      </symbol>
      <symbol id="sm-de8">
         <name>TA2_N_IRQHandler</name>
         <value>0x7dad</value>
      </symbol>
      <symbol id="sm-de9">
         <name>TA3_0_IRQHandler</name>
         <value>0x2457</value>
      </symbol>
      <symbol id="sm-dea">
         <name>TA3_N_IRQHandler</name>
         <value>0x7dad</value>
      </symbol>
      <symbol id="sm-deb">
         <name>EUSCIA0_IRQHandler</name>
         <value>0x7dad</value>
      </symbol>
      <symbol id="sm-dec">
         <name>EUSCIA1_IRQHandler</name>
         <value>0x7dad</value>
      </symbol>
      <symbol id="sm-ded">
         <name>EUSCIA2_IRQHandler</name>
         <value>0x69bd</value>
      </symbol>
      <symbol id="sm-dee">
         <name>EUSCIA3_IRQHandler</name>
         <value>0x7dad</value>
      </symbol>
      <symbol id="sm-def">
         <name>EUSCIB0_IRQHandler</name>
         <value>0x7dad</value>
      </symbol>
      <symbol id="sm-df0">
         <name>EUSCIB1_IRQHandler</name>
         <value>0x7dad</value>
      </symbol>
      <symbol id="sm-df1">
         <name>EUSCIB2_IRQHandler</name>
         <value>0x7dad</value>
      </symbol>
      <symbol id="sm-df2">
         <name>EUSCIB3_IRQHandler</name>
         <value>0x7dad</value>
      </symbol>
      <symbol id="sm-df3">
         <name>ADC14_IRQHandler</name>
         <value>0x7dad</value>
      </symbol>
      <symbol id="sm-df4">
         <name>T32_INT1_IRQHandler</name>
         <value>0x1b6f</value>
      </symbol>
      <symbol id="sm-df5">
         <name>T32_INT2_IRQHandler</name>
         <value>0x7dad</value>
      </symbol>
      <symbol id="sm-df6">
         <name>T32_INTC_IRQHandler</name>
         <value>0x7dad</value>
      </symbol>
      <symbol id="sm-df7">
         <name>AES256_IRQHandler</name>
         <value>0x7dad</value>
      </symbol>
      <symbol id="sm-df8">
         <name>RTC_C_IRQHandler</name>
         <value>0x7dad</value>
      </symbol>
      <symbol id="sm-df9">
         <name>DMA_ERR_IRQHandler</name>
         <value>0x7dad</value>
      </symbol>
      <symbol id="sm-dfa">
         <name>DMA_INT3_IRQHandler</name>
         <value>0x7dad</value>
      </symbol>
      <symbol id="sm-dfb">
         <name>DMA_INT2_IRQHandler</name>
         <value>0x7dad</value>
      </symbol>
      <symbol id="sm-dfc">
         <name>DMA_INT1_IRQHandler</name>
         <value>0x7dad</value>
      </symbol>
      <symbol id="sm-dfd">
         <name>DMA_INT0_IRQHandler</name>
         <value>0x7dad</value>
      </symbol>
      <symbol id="sm-dfe">
         <name>PORT1_IRQHandler</name>
         <value>0x7dad</value>
      </symbol>
      <symbol id="sm-dff">
         <name>PORT2_IRQHandler</name>
         <value>0x7dad</value>
      </symbol>
      <symbol id="sm-e00">
         <name>PORT3_IRQHandler</name>
         <value>0x7dad</value>
      </symbol>
      <symbol id="sm-e01">
         <name>PORT4_IRQHandler</name>
         <value>0x7dad</value>
      </symbol>
      <symbol id="sm-e02">
         <name>PORT5_IRQHandler</name>
         <value>0x7dad</value>
      </symbol>
      <symbol id="sm-e03">
         <name>PORT6_IRQHandler</name>
         <value>0x7dad</value>
      </symbol>
      <symbol id="sm-e04">
         <name>remove</name>
         <value>0x7c81</value>
      </symbol>
   </symbol_table>
   <title>Link successful</title>
</link_info>
