******************************************************************************
                  TI ARM Linker PC v20.2.6                     
******************************************************************************
>> Linked Thu Aug 25 18:43:58 2022

OUTPUT FILE NAME:   <OPT3001.out>
ENTRY POINT SYMBOL: "_c_int00_noargs"  address: 00001fa5


MEMORY CONFIGURATION

         name            origin    length      used     unused   attr    fill
----------------------  --------  ---------  --------  --------  ----  --------
  MAIN                  00000000   00040000  0000222e  0003ddd2  R  X
  INFO                  00200000   00004000  00000000  00004000  R  X
  SRAM_CODE             01000000   00010000  000009e4  0000f61c  RW X
  SRAM_DATA             20000000   00010000  000009e4  0000f61c  RW  


SEGMENT ALLOCATION MAP

run origin  load origin   length   init length attrs members
----------  ----------- ---------- ----------- ----- -------
00000000    00000000    00002230   00002230    r-x
  00000000    00000000    000000e4   000000e4    r-- .intvecs
  000000e4    000000e4    000020b2   000020b2    r-x .text
  00002198    00002198    00000098   00000098    r-- .cinit
20000000    20000000    000007e4   00000000    rw-
  20000000    20000000    00000400   00000000    rw- .sysmem
  20000400    20000400    0000020c   00000000    rw- .data
  2000060c    2000060c    000001d8   00000000    rw- .bss
2000fe00    2000fe00    00000200   00000000    rw-
  2000fe00    2000fe00    00000200   00000000    rw- .stack


SECTION ALLOCATION MAP

 output                                  attributes/
section   page    origin      length       input sections
--------  ----  ----------  ----------   ----------------
.intvecs   0    00000000    000000e4     
                  00000000    000000e4     startup_msp432p401r_ccs.obj (.intvecs:retain)

.text      0    000000e4    000020b2     
                  000000e4    000006e0     UART0.obj (.text)
                  000007c4    000003a4     I2CB1.obj (.text)
                  00000b68    00000334     system_msp432p401r.obj (.text)
                  00000e9c    000001e0     Clock.obj (.text)
                  0000107c    00000168     OPT3001.obj (.text)
                  000011e4    00000110     rtsv7M4_T_le_v4SPD16_eabi.lib : fopen.c.obj (.text:_openfile)
                  000012f4    00000100                                   : memory.c.obj (.text:aligned_alloc)
                  000013f4    000000e4                                   : memory.c.obj (.text:free)
                  000014d8    000000dc                                   : setvbuf.c.obj (.text:setvbuf)
                  000015b4    000000c0     OPT3001_TestMain.obj (.text)
                  00001674    000000bc     rtsv7M4_T_le_v4SPD16_eabi.lib : open.c.obj (.text:open)
                  00001730    000000b8                                   : add_device.c.obj (.text:add_device)
                  000017e8    0000009c                                   : fopen.c.obj (.text:fopen)
                  00001884    0000009c                                   : memcpy_t2.asm.obj (.text)
                  00001920    0000007a                                   : memset_t2.asm.obj (.text)
                  0000199a    00000002                                   : _lock.c.obj (.text:_nop)
                  0000199c    00000074                                   : fclose.c.obj (.text:__TI_closefile)
                  00001a10    00000070                                   : memory.c.obj (.text:split)
                  00001a80    0000006c                                   : hostrename.c.obj (.text:HOSTrename)
                  00001aec    00000068                                   : hostlseek.c.obj (.text:HOSTlseek)
                  00001b54    00000068                                   : copy_decompress_lzss.c.obj (.text:decompress:lzss:__TI_decompress_lzss)
                  00001bbc    00000060                                   : hostopen.c.obj (.text:HOSTopen)
                  00001c1c    0000005c                                   : close.c.obj (.text:close)
                  00001c78    00000058                                   : hostread.c.obj (.text:HOSTread)
                  00001cd0    00000058                                   : hostwrite.c.obj (.text:HOSTwrite)
                  00001d28    0000004c                                   : fflush.c.obj (.text:__TI_doflush)
                  00001d74    00000048                                   : exit.c.obj (.text:exit)
                  00001dbc    00000044                                   : hostclose.c.obj (.text:HOSTclose)
                  00001e00    00000044                                   : hostunlink.c.obj (.text:HOSTunlink)
                  00001e44    00000044                                   : autoinit.c.obj (.text:__TI_auto_init_nobinit_nopinit:__TI_auto_init_nobinit_nopinit)
                  00001e88    00000044                                   : getdevice.c.obj (.text:getdevice)
                  00001ecc    00000038                                   : trgmsg.c.obj (.text:__TI_writemsg)
                  00001f04    00000036                                   : strncpy.c.obj (.text:strncpy)
                  00001f3a    00000002     --HOLE-- [fill = 0]
                  00001f3c    00000034                                   : fopen.c.obj (.text:__TI_cleanup)
                  00001f70    00000034                                   : trgmsg.c.obj (.text:__TI_readmsg)
                  00001fa4    00000034                                   : boot_cortex_m.c.obj (.text:_c_int00_noargs:_c_int00_noargs)
                  00001fd8    00000034                                   : fopen.c.obj (.text:freopen)
                  0000200c    00000030                                   : getdevice.c.obj (.text:finddevice)
                  0000203c    0000002c                                   : unlink.c.obj (.text:unlink)
                  00002068    00000028                                   : memory.c.obj (.text:free_list_insert)
                  00002090    00000028                                   : write.c.obj (.text:write)
                  000020b8    00000024     CortexM.obj (.text)
                  000020dc    0000001c     rtsv7M4_T_le_v4SPD16_eabi.lib : copy_zero_init.c.obj (.text:decompress:ZI:__TI_zero_init_nomemset:__TI_zero_init_nomemset)
                  000020f8    0000001c                                   : memory.c.obj (.text:free_list_remove)
                  00002114    00000018                                   : strcmp.c.obj (.text:strcmp)
                  0000212c    00000016                                   : strchr.c.obj (.text:strchr)
                  00002142    00000014                                   : strcpy.c.obj (.text:strcpy)
                  00002156    00000014                                   : strlen.c.obj (.text:strlen)
                  0000216a    0000000e                                   : copy_decompress_none.c.obj (.text:decompress:none:__TI_decompress_none)
                  00002178    0000000e     startup_msp432p401r_ccs.obj (.text)
                  00002186    00000008     rtsv7M4_T_le_v4SPD16_eabi.lib : memory.c.obj (.text:malloc)
                  0000218e    00000004                                   : pre_init.c.obj (.text:_system_pre_init)
                  00002192    00000004                                   : exit.c.obj (.text:abort:abort)

.cinit     0    00002198    00000098     
                  00002198    00000070     (.cinit..data.load) [load image, compression = lzss]
                  00002208    0000000c     (__TI_handler_table)
                  00002214    00000004     --HOLE-- [fill = 0]
                  00002218    00000008     (.cinit..bss.load) [load image, compression = zero_init]
                  00002220    00000010     (__TI_cinit_table)

.init_array 
*          0    00000000    00000000     UNINITIALIZED

.binit     0    00000000    00000000     

.sysmem    0    20000000    00000400     UNINITIALIZED
                  20000000    00000010     rtsv7M4_T_le_v4SPD16_eabi.lib : memory.c.obj (.sysmem)
                  20000010    000003f0     --HOLE--

.data      0    20000400    0000020c     UNINITIALIZED
                  20000400    000000f0     rtsv7M4_T_le_v4SPD16_eabi.lib : defs.c.obj (.data:_ftable)
                  200004f0    00000078                                   : host_device.c.obj (.data:_device)
                  20000568    00000050                                   : host_device.c.obj (.data:_stream)
                  200005b8    00000018     Clock.obj (.data)
                  200005d0    00000010     rtsv7M4_T_le_v4SPD16_eabi.lib : defs.c.obj (.data)
                  200005e0    0000000c                                   : exit.c.obj (.data:$O1$$)
                  200005ec    00000008                                   : _lock.c.obj (.data:$O1$$)
                  200005f4    00000008                                   : memory.c.obj (.data:$O1$$)
                  200005fc    00000004                                   : add_device.c.obj (.data)
                  20000600    00000004                                   : fopen.c.obj (.data)
                  20000604    00000004                                   : open.c.obj (.data)
                  20000608    00000004     system_msp432p401r.obj (.data)

.bss       0    2000060c    000001d8     UNINITIALIZED
                  2000060c    00000120     rtsv7M4_T_le_v4SPD16_eabi.lib : trgmsg.c.obj (.bss:_CIOBUF_)
                  2000072c    000000a0     (.common:__TI_tmpnams)
                  200007cc    00000008     (.common:Messageb)
                  200007d4    00000008     (.common:parmbuf)
                  200007dc    00000004     (.common:Messageindexb)
                  200007e0    00000002     (.common:Light)
                  200007e2    00000002     (.common:sensorConfig)

.stack     0    2000fe00    00000200     UNINITIALIZED
                  2000fe00    00000004     rtsv7M4_T_le_v4SPD16_eabi.lib : boot_cortex_m.c.obj (.stack)
                  2000fe04    000001fc     --HOLE--

__llvm_prf_cnts 
*          0    20000000    00000000     UNINITIALIZED

MODULE SUMMARY

       Module                        code   ro data   rw data
       ------                        ----   -------   -------
    ..\
       I2CB1.obj                     932    0         0      
    +--+-----------------------------+------+---------+---------+
       Total:                        932    0         0      
                                                             
    .\
       UART0.obj                     1760   0         24     
       system_msp432p401r.obj        820    0         8      
       Clock.obj                     480    0         48     
       OPT3001.obj                   360    0         4      
       startup_msp432p401r_ccs.obj   14     228       0      
       OPT3001_TestMain.obj          192    0         4      
       CortexM.obj                   36     0         0      
    +--+-----------------------------+------+---------+---------+
       Total:                        3662   228       88     
                                                             
    C:\ti\ccs1200\ccs\tools\compiler\ti-cgt-arm_20.2.6.LTS\lib\rtsv7M4_T_le_v4SPD16_eabi.lib
       defs.c.obj                    0      0         832    
       memory.c.obj                  672    0         16     
       trgmsg.c.obj                  108    0         576    
       fopen.c.obj                   532    0         8      
       host_device.c.obj             0      0         400    
       setvbuf.c.obj                 220    0         0      
       open.c.obj                    188    0         8      
       add_device.c.obj              184    0         8      
       memcpy_t2.asm.obj             156    0         0      
       memset_t2.asm.obj             122    0         0      
       fclose.c.obj                  116    0         0      
       getdevice.c.obj               116    0         0      
       hostopen.c.obj                96     0         16     
       hostrename.c.obj              108    0         0      
       copy_decompress_lzss.c.obj    104    0         0      
       hostlseek.c.obj               104    0         0      
       exit.c.obj                    76     0         24     
       close.c.obj                   92     0         0      
       hostread.c.obj                88     0         0      
       hostwrite.c.obj               88     0         0      
       fflush.c.obj                  76     0         0      
       autoinit.c.obj                68     0         0      
       hostclose.c.obj               68     0         0      
       hostunlink.c.obj              68     0         0      
       strncpy.c.obj                 54     0         0      
       boot_cortex_m.c.obj           52     0         0      
       unlink.c.obj                  44     0         0      
       write.c.obj                   40     0         0      
       copy_zero_init.c.obj          28     0         0      
       strcmp.c.obj                  24     0         0      
       strchr.c.obj                  22     0         0      
       strcpy.c.obj                  20     0         0      
       strlen.c.obj                  20     0         0      
       _lock.c.obj                   2      0         16     
       copy_decompress_none.c.obj    14     0         0      
       pre_init.c.obj                4      0         0      
    +--+-----------------------------+------+---------+---------+
       Total:                        3774   0         1904   
                                                             
       Heap:                         0      0         2048   
       Stack:                        0      0         1024   
       Linker Generated:             0      148       0      
    +--+-----------------------------+------+---------+---------+
       Grand Total:                  8368   376       5064   


LINKER GENERATED COPY TABLES

__TI_cinit_table @ 00002220 records: 2, size/record: 8, table size: 16
	.data: load addr=00002198, load size=00000070 bytes, run addr=20000400, run size=0000020c bytes, compression=lzss
	.bss: load addr=00002218, load size=00000008 bytes, run addr=2000060c, run size=000001d8 bytes, compression=zero_init


LINKER GENERATED HANDLER TABLE

__TI_handler_table @ 00002208 records: 3, size/record: 4, table size: 12
	index: 0, handler: __TI_decompress_lzss
	index: 1, handler: __TI_decompress_none
	index: 2, handler: __TI_zero_init


GLOBAL SYMBOLS: SORTED ALPHABETICALLY BY Name 

address   name                           
-------   ----                           
00002185  ADC14_IRQHandler               
00002185  AES256_IRQHandler              
00002185  BusFault_Handler               
00002193  C$$EXIT                        
00001efb  C$$IO$$                        
00002185  COMP_E0_IRQHandler             
00002185  COMP_E1_IRQHandler             
200005c0  CPMwait                        
00002185  CS_IRQHandler                  
200005b8  ClockFrequency                 
00000ff1  Clock_Delay1ms                 
00000fc7  Clock_Delay1us                 
00000fb3  Clock_GetFreq                  
00000e9d  Clock_Init48MHz                
200005cc  Crystalstable                  
00002185  DMA_ERR_IRQHandler             
00002185  DMA_INT0_IRQHandler            
00002185  DMA_INT1_IRQHandler            
00002185  DMA_INT2_IRQHandler            
00002185  DMA_INT3_IRQHandler            
00002185  DebugMon_Handler               
00002185  Default_Handler                
000020b9  DisableInterrupts              
00002185  EUSCIA0_IRQHandler             
00002185  EUSCIA1_IRQHandler             
00002185  EUSCIA2_IRQHandler             
00002185  EUSCIA3_IRQHandler             
00002185  EUSCIB0_IRQHandler             
00002185  EUSCIB1_IRQHandler             
00002185  EUSCIB2_IRQHandler             
00002185  EUSCIB3_IRQHandler             
000020bf  EnableInterrupts               
000020cf  EndCritical                    
00002185  FLCTL_IRQHandler               
00002185  FPU_IRQHandler                 
00001dbd  HOSTclose                      
00001aed  HOSTlseek                      
00001bbd  HOSTopen                       
00001c79  HOSTread                       
00001a81  HOSTrename                     
00001e01  HOSTunlink                     
00001cd1  HOSTwrite                      
00002185  HardFault_Handler              
000007c5  I2CB1_Init                     
0000088b  I2CB1_Recv                     
00000adf  I2CB1_Recv1                    
00000813  I2CB1_Send                     
00000907  I2CB1_Send1                    
00000963  I2CB1_Send2                    
000009d3  I2CB1_Send3                    
00000a51  I2CB1_Send4                    
200005c8  IFlags                         
200007e0  Light                          
00002185  MemManage_Handler              
200007cc  Messageb                       
200007dc  Messageindexb                  
00002185  NMI_Handler                    
0000112d  OPT3001_Init                   
000011c1  OPT3001_ReadLight              
00002185  PCM_IRQHandler                 
00002185  PORT1_IRQHandler               
00002185  PORT2_IRQHandler               
00002185  PORT3_IRQHandler               
00002185  PORT4_IRQHandler               
00002185  PORT5_IRQHandler               
00002185  PORT6_IRQHandler               
00002185  PSS_IRQHandler                 
00002185  PendSV_Handler                 
200005c4  Postwait                       
200005bc  Prewait                        
00002185  RTC_C_IRQHandler               
00002179  Reset_Handler                  
00002185  SVC_Handler                    
000020c5  StartCritical                  
00002185  SysTick_Handler                
20000608  SystemCoreClock                
00000b69  SystemCoreClockUpdate          
00000de1  SystemInit                     
00002185  T32_INT1_IRQHandler            
00002185  T32_INT2_IRQHandler            
00002185  T32_INTC_IRQHandler            
00002185  TA0_0_IRQHandler               
00002185  TA0_N_IRQHandler               
00002185  TA1_0_IRQHandler               
00002185  TA1_N_IRQHandler               
00002185  TA2_0_IRQHandler               
00002185  TA2_N_IRQHandler               
00002185  TA3_0_IRQHandler               
00002185  TA3_N_IRQHandler               
0000012b  UART0_InChar                   
000005d5  UART0_InString                 
00000175  UART0_InUDec                   
00000489  UART0_InUHex                   
000000e5  UART0_Init                     
00000737  UART0_Initprintf               
0000013b  UART0_OutChar                  
00000229  UART0_OutSDec                  
00000157  UART0_OutString                
000001f9  UART0_OutUDec                  
0000039d  UART0_OutUDec4                 
000003e5  UART0_OutUDec5                 
00000417  UART0_OutUFix1                 
0000043f  UART0_OutUFix2                 
0000054d  UART0_OutUHex                  
000005b9  UART0_OutUHex2                 
000015d7  UartClear                      
000015b5  UartSetCur                     
00002185  UsageFault_Handler             
4000480c  WDTCTL_SYM                     
00002185  WDT_A_IRQHandler               
000020d7  WaitForInterrupt               
2000060c  __CIOBUF_                      
20010000  __STACK_END                    
00000200  __STACK_SIZE                   
00000400  __SYSMEM_SIZE                  
00002220  __TI_CINIT_Base                
00002230  __TI_CINIT_Limit               
00002208  __TI_Handler_Table_Base        
00002214  __TI_Handler_Table_Limit       
00001e45  __TI_auto_init_nobinit_nopinit 
00001f3d  __TI_cleanup                   
200005e0  __TI_cleanup_ptr               
0000199d  __TI_closefile                 
00001b55  __TI_decompress_lzss           
0000216b  __TI_decompress_none           
00001d29  __TI_doflush                   
200005e4  __TI_dtors_ptr                 
200005e8  __TI_enable_exit_profile_output
200005d0  __TI_ft_end                    
ffffffff  __TI_pprof_out_hndl            
ffffffff  __TI_prof_data_size            
ffffffff  __TI_prof_data_start           
00001f71  __TI_readmsg                   
00000000  __TI_static_base__             
2000072c  __TI_tmpnams                   
00001ecd  __TI_writemsg                  
000020dd  __TI_zero_init_nomemset        
00001921  __aeabi_memclr                 
00001921  __aeabi_memclr4                
00001921  __aeabi_memclr8                
00001885  __aeabi_memcpy                 
00001885  __aeabi_memcpy4                
00001885  __aeabi_memcpy8                
00001923  __aeabi_memset                 
00001923  __aeabi_memset4                
00001923  __aeabi_memset8                
200005dc  __aeabi_stderr                 
200005d4  __aeabi_stdin                  
200005d8  __aeabi_stdout                 
ffffffff  __binit__                      
ffffffff  __c_args__                     
UNDEFED   __mpu_init                     
2000fe00  __stack                        
20000000  __start___llvm_prf_cnts        
20000000  __stop___llvm_prf_cnts         
00001fa5  _c_int00_noargs                
200004f0  _device                        
20000400  _ftable                        
200005ec  _lock                          
0000199b  _nop                           
20000568  _stream                        
20000000  _sys_memory                    
UNDEFED   _system_post_cinit             
0000218f  _system_pre_init               
200005f0  _unlock                        
00002193  abort                          
00001731  add_device                     
000012f5  aligned_alloc                  
ffffffff  binit                          
00001c1d  close                          
00000fb9  delay                          
00001d75  exit                           
00000669  ferror                         
0000064f  fgetc                          
0000200d  finddevice                     
000017e9  fopen                          
000013f5  free                           
00001fd9  freopen                        
00001e89  getdevice                      
00000000  interruptVectors               
000015e1  main                           
00002187  malloc                         
000012f5  memalign                       
00001885  memcpy                         
00001929  memset                         
00001675  open                           
00000591  outnibble                      
200007d4  parmbuf                        
0000203d  remove                         
200007e2  sensorConfig                   
000014d9  setvbuf                        
0000212d  strchr                         
00002115  strcmp                         
00002143  strcpy                         
00002157  strlen                         
00001f05  strncpy                        
0000068f  uart_close                     
0000070d  uart_lseek                     
0000067f  uart_open                      
0000069b  uart_read                      
00000729  uart_rename                    
0000071d  uart_unlink                    
000006cb  uart_write                     
0000203d  unlink                         
00002091  write                          


GLOBAL SYMBOLS: SORTED BY Symbol Address 

address   name                           
-------   ----                           
00000000  __TI_static_base__             
00000000  interruptVectors               
000000e5  UART0_Init                     
0000012b  UART0_InChar                   
0000013b  UART0_OutChar                  
00000157  UART0_OutString                
00000175  UART0_InUDec                   
000001f9  UART0_OutUDec                  
00000200  __STACK_SIZE                   
00000229  UART0_OutSDec                  
0000039d  UART0_OutUDec4                 
000003e5  UART0_OutUDec5                 
00000400  __SYSMEM_SIZE                  
00000417  UART0_OutUFix1                 
0000043f  UART0_OutUFix2                 
00000489  UART0_InUHex                   
0000054d  UART0_OutUHex                  
00000591  outnibble                      
000005b9  UART0_OutUHex2                 
000005d5  UART0_InString                 
0000064f  fgetc                          
00000669  ferror                         
0000067f  uart_open                      
0000068f  uart_close                     
0000069b  uart_read                      
000006cb  uart_write                     
0000070d  uart_lseek                     
0000071d  uart_unlink                    
00000729  uart_rename                    
00000737  UART0_Initprintf               
000007c5  I2CB1_Init                     
00000813  I2CB1_Send                     
0000088b  I2CB1_Recv                     
00000907  I2CB1_Send1                    
00000963  I2CB1_Send2                    
000009d3  I2CB1_Send3                    
00000a51  I2CB1_Send4                    
00000adf  I2CB1_Recv1                    
00000b69  SystemCoreClockUpdate          
00000de1  SystemInit                     
00000e9d  Clock_Init48MHz                
00000fb3  Clock_GetFreq                  
00000fb9  delay                          
00000fc7  Clock_Delay1us                 
00000ff1  Clock_Delay1ms                 
0000112d  OPT3001_Init                   
000011c1  OPT3001_ReadLight              
000012f5  aligned_alloc                  
000012f5  memalign                       
000013f5  free                           
000014d9  setvbuf                        
000015b5  UartSetCur                     
000015d7  UartClear                      
000015e1  main                           
00001675  open                           
00001731  add_device                     
000017e9  fopen                          
00001885  __aeabi_memcpy                 
00001885  __aeabi_memcpy4                
00001885  __aeabi_memcpy8                
00001885  memcpy                         
00001921  __aeabi_memclr                 
00001921  __aeabi_memclr4                
00001921  __aeabi_memclr8                
00001923  __aeabi_memset                 
00001923  __aeabi_memset4                
00001923  __aeabi_memset8                
00001929  memset                         
0000199b  _nop                           
0000199d  __TI_closefile                 
00001a81  HOSTrename                     
00001aed  HOSTlseek                      
00001b55  __TI_decompress_lzss           
00001bbd  HOSTopen                       
00001c1d  close                          
00001c79  HOSTread                       
00001cd1  HOSTwrite                      
00001d29  __TI_doflush                   
00001d75  exit                           
00001dbd  HOSTclose                      
00001e01  HOSTunlink                     
00001e45  __TI_auto_init_nobinit_nopinit 
00001e89  getdevice                      
00001ecd  __TI_writemsg                  
00001efb  C$$IO$$                        
00001f05  strncpy                        
00001f3d  __TI_cleanup                   
00001f71  __TI_readmsg                   
00001fa5  _c_int00_noargs                
00001fd9  freopen                        
0000200d  finddevice                     
0000203d  remove                         
0000203d  unlink                         
00002091  write                          
000020b9  DisableInterrupts              
000020bf  EnableInterrupts               
000020c5  StartCritical                  
000020cf  EndCritical                    
000020d7  WaitForInterrupt               
000020dd  __TI_zero_init_nomemset        
00002115  strcmp                         
0000212d  strchr                         
00002143  strcpy                         
00002157  strlen                         
0000216b  __TI_decompress_none           
00002179  Reset_Handler                  
00002185  ADC14_IRQHandler               
00002185  AES256_IRQHandler              
00002185  BusFault_Handler               
00002185  COMP_E0_IRQHandler             
00002185  COMP_E1_IRQHandler             
00002185  CS_IRQHandler                  
00002185  DMA_ERR_IRQHandler             
00002185  DMA_INT0_IRQHandler            
00002185  DMA_INT1_IRQHandler            
00002185  DMA_INT2_IRQHandler            
00002185  DMA_INT3_IRQHandler            
00002185  DebugMon_Handler               
00002185  Default_Handler                
00002185  EUSCIA0_IRQHandler             
00002185  EUSCIA1_IRQHandler             
00002185  EUSCIA2_IRQHandler             
00002185  EUSCIA3_IRQHandler             
00002185  EUSCIB0_IRQHandler             
00002185  EUSCIB1_IRQHandler             
00002185  EUSCIB2_IRQHandler             
00002185  EUSCIB3_IRQHandler             
00002185  FLCTL_IRQHandler               
00002185  FPU_IRQHandler                 
00002185  HardFault_Handler              
00002185  MemManage_Handler              
00002185  NMI_Handler                    
00002185  PCM_IRQHandler                 
00002185  PORT1_IRQHandler               
00002185  PORT2_IRQHandler               
00002185  PORT3_IRQHandler               
00002185  PORT4_IRQHandler               
00002185  PORT5_IRQHandler               
00002185  PORT6_IRQHandler               
00002185  PSS_IRQHandler                 
00002185  PendSV_Handler                 
00002185  RTC_C_IRQHandler               
00002185  SVC_Handler                    
00002185  SysTick_Handler                
00002185  T32_INT1_IRQHandler            
00002185  T32_INT2_IRQHandler            
00002185  T32_INTC_IRQHandler            
00002185  TA0_0_IRQHandler               
00002185  TA0_N_IRQHandler               
00002185  TA1_0_IRQHandler               
00002185  TA1_N_IRQHandler               
00002185  TA2_0_IRQHandler               
00002185  TA2_N_IRQHandler               
00002185  TA3_0_IRQHandler               
00002185  TA3_N_IRQHandler               
00002185  UsageFault_Handler             
00002185  WDT_A_IRQHandler               
00002187  malloc                         
0000218f  _system_pre_init               
00002193  C$$EXIT                        
00002193  abort                          
00002208  __TI_Handler_Table_Base        
00002214  __TI_Handler_Table_Limit       
00002220  __TI_CINIT_Base                
00002230  __TI_CINIT_Limit               
20000000  __start___llvm_prf_cnts        
20000000  __stop___llvm_prf_cnts         
20000000  _sys_memory                    
20000400  _ftable                        
200004f0  _device                        
20000568  _stream                        
200005b8  ClockFrequency                 
200005bc  Prewait                        
200005c0  CPMwait                        
200005c4  Postwait                       
200005c8  IFlags                         
200005cc  Crystalstable                  
200005d0  __TI_ft_end                    
200005d4  __aeabi_stdin                  
200005d8  __aeabi_stdout                 
200005dc  __aeabi_stderr                 
200005e0  __TI_cleanup_ptr               
200005e4  __TI_dtors_ptr                 
200005e8  __TI_enable_exit_profile_output
200005ec  _lock                          
200005f0  _unlock                        
20000608  SystemCoreClock                
2000060c  __CIOBUF_                      
2000072c  __TI_tmpnams                   
200007cc  Messageb                       
200007d4  parmbuf                        
200007dc  Messageindexb                  
200007e0  Light                          
200007e2  sensorConfig                   
2000fe00  __stack                        
20010000  __STACK_END                    
4000480c  WDTCTL_SYM                     
ffffffff  __TI_pprof_out_hndl            
ffffffff  __TI_prof_data_size            
ffffffff  __TI_prof_data_start           
ffffffff  __binit__                      
ffffffff  __c_args__                     
ffffffff  binit                          
UNDEFED   __mpu_init                     
UNDEFED   _system_post_cinit             

[205 symbols]
