******************************************************************************
                  TI ARM Linker PC v20.2.6                     
******************************************************************************
>> Linked Thu Aug 25 18:44:19 2022

OUTPUT FILE NAME:   <StepperMotorRobot.out>
ENTRY POINT SYMBOL: "_c_int00_noargs"  address: 000009e1


MEMORY CONFIGURATION

         name            origin    length      used     unused   attr    fill
----------------------  --------  ---------  --------  --------  ----  --------
  MAIN                  00000000   00040000  00000ba0  0003f460  R  X
  INFO                  00200000   00004000  00000000  00004000  R  X
  SRAM_CODE             01000000   00010000  00000220  0000fde0  RW X
  SRAM_DATA             20000000   00010000  00000220  0000fde0  RW  


SEGMENT ALLOCATION MAP

run origin  load origin   length   init length attrs members
----------  ----------- ---------- ----------- ----- -------
00000000    00000000    00000ba0   00000ba0    r-x
  00000000    00000000    000000e4   000000e4    r-- .intvecs
  000000e4    000000e4    00000994   00000994    r-x .text
  00000a78    00000a78    000000f0   000000f0    r-- .const
  00000b68    00000b68    00000038   00000038    r-- .cinit
20000000    20000000    00000020   00000000    rw-
  20000000    20000000    0000001c   00000000    rw- .data
  2000001c    2000001c    00000004   00000000    rw- .bss
2000fe00    2000fe00    00000200   00000000    rw-
  2000fe00    2000fe00    00000200   00000000    rw- .stack


SECTION ALLOCATION MAP

 output                                  attributes/
section   page    origin      length       input sections
--------  ----  ----------  ----------   ----------------
.intvecs   0    00000000    000000e4     
                  00000000    000000e4     startup_msp432p401r_ccs.obj (.intvecs:retain)

.text      0    000000e4    00000994     
                  000000e4    00000334     system_msp432p401r.obj (.text)
                  00000418    000001e0     Clock.obj (.text)
                  000005f8    00000168     StepperMotorRobotmain.obj (.text)
                  00000760    000000f8     LaunchPad.obj (.text)
                  00000858    0000009c     rtsv7M4_T_le_v4SPD16_eabi.lib : memcpy_t2.asm.obj (.text)
                  000008f4    00000068                                   : copy_decompress_lzss.c.obj (.text:decompress:lzss:__TI_decompress_lzss)
                  0000095c    00000044                                   : autoinit.c.obj (.text:__TI_auto_init_nobinit_nopinit:__TI_auto_init_nobinit_nopinit)
                  000009a0    00000040     SysTickInts.obj (.text)
                  000009e0    00000034     rtsv7M4_T_le_v4SPD16_eabi.lib : boot_cortex_m.c.obj (.text:_c_int00_noargs:_c_int00_noargs)
                  00000a14    00000024     CortexM.obj (.text)
                  00000a38    0000001c     rtsv7M4_T_le_v4SPD16_eabi.lib : copy_zero_init.c.obj (.text:decompress:ZI:__TI_zero_init_nomemset:__TI_zero_init_nomemset)
                  00000a54    0000000e                                   : copy_decompress_none.c.obj (.text:decompress:none:__TI_decompress_none)
                  00000a62    0000000e     startup_msp432p401r_ccs.obj (.text)
                  00000a70    00000004     rtsv7M4_T_le_v4SPD16_eabi.lib : pre_init.c.obj (.text:_system_pre_init)
                  00000a74    00000004                                   : exit.c.obj (.text:abort:abort)

.const     0    00000a78    000000f0     
                  00000a78    000000f0     StepperMotorRobotmain.obj (.const:Fsm)

.cinit     0    00000b68    00000038     
                  00000b68    0000000d     (.cinit..data.load) [load image, compression = lzss]
                  00000b75    00000003     --HOLE-- [fill = 0]
                  00000b78    0000000c     (__TI_handler_table)
                  00000b84    00000004     --HOLE-- [fill = 0]
                  00000b88    00000008     (.cinit..bss.load) [load image, compression = zero_init]
                  00000b90    00000010     (__TI_cinit_table)

.init_array 
*          0    00000000    00000000     UNINITIALIZED

.binit     0    00000000    00000000     

.data      0    20000000    0000001c     UNINITIALIZED
                  20000000    00000018     Clock.obj (.data)
                  20000018    00000004     system_msp432p401r.obj (.data)

.bss       0    2000001c    00000004     UNINITIALIZED
                  2000001c    00000004     (.common:cState)

.stack     0    2000fe00    00000200     UNINITIALIZED
                  2000fe00    00000004     rtsv7M4_T_le_v4SPD16_eabi.lib : boot_cortex_m.c.obj (.stack)
                  2000fe04    000001fc     --HOLE--

__llvm_prf_cnts 
*          0    20000000    00000000     UNINITIALIZED

MODULE SUMMARY

       Module                        code   ro data   rw data
       ------                        ----   -------   -------
    .\
       system_msp432p401r.obj        820    0         8      
       StepperMotorRobotmain.obj     360    240       8      
       Clock.obj                     480    0         48     
       LaunchPad.obj                 248    0         0      
       startup_msp432p401r_ccs.obj   14     228       0      
       SysTickInts.obj               64     0         0      
       CortexM.obj                   36     0         0      
    +--+-----------------------------+------+---------+---------+
       Total:                        2022   468       64     
                                                             
    C:\ti\ccs1200\ccs\tools\compiler\ti-cgt-arm_20.2.6.LTS\lib\rtsv7M4_T_le_v4SPD16_eabi.lib
       memcpy_t2.asm.obj             156    0         0      
       copy_decompress_lzss.c.obj    104    0         0      
       autoinit.c.obj                68     0         0      
       boot_cortex_m.c.obj           52     0         0      
       copy_zero_init.c.obj          28     0         0      
       copy_decompress_none.c.obj    14     0         0      
       exit.c.obj                    4      0         0      
       pre_init.c.obj                4      0         0      
    +--+-----------------------------+------+---------+---------+
       Total:                        430    0         0      
                                                             
       Stack:                        0      0         1024   
       Linker Generated:             0      49        0      
    +--+-----------------------------+------+---------+---------+
       Grand Total:                  2452   517       1088   


LINKER GENERATED COPY TABLES

__TI_cinit_table @ 00000b90 records: 2, size/record: 8, table size: 16
	.data: load addr=00000b68, load size=0000000d bytes, run addr=20000000, run size=0000001c bytes, compression=lzss
	.bss: load addr=00000b88, load size=00000008 bytes, run addr=2000001c, run size=00000004 bytes, compression=zero_init


LINKER GENERATED HANDLER TABLE

__TI_handler_table @ 00000b78 records: 3, size/record: 4, table size: 12
	index: 0, handler: __TI_decompress_lzss
	index: 1, handler: __TI_decompress_none
	index: 2, handler: __TI_zero_init


GLOBAL SYMBOLS: SORTED ALPHABETICALLY BY Name 

address   name                          
-------   ----                          
00000a6f  ADC14_IRQHandler              
00000a6f  AES256_IRQHandler             
00000a6f  BusFault_Handler              
00000a75  C$$EXIT                       
00000a6f  COMP_E0_IRQHandler            
00000a6f  COMP_E1_IRQHandler            
20000008  CPMwait                       
00000a6f  CS_IRQHandler                 
20000000  ClockFrequency                
0000056d  Clock_Delay1ms                
00000543  Clock_Delay1us                
0000052f  Clock_GetFreq                 
00000419  Clock_Init48MHz               
20000014  Crystalstable                 
00000a6f  DMA_ERR_IRQHandler            
00000a6f  DMA_INT0_IRQHandler           
00000a6f  DMA_INT1_IRQHandler           
00000a6f  DMA_INT2_IRQHandler           
00000a6f  DMA_INT3_IRQHandler           
00000a6f  DebugMon_Handler              
00000a6f  Default_Handler               
00000a15  DisableInterrupts             
00000a6f  EUSCIA0_IRQHandler            
00000a6f  EUSCIA1_IRQHandler            
00000a6f  EUSCIA2_IRQHandler            
00000a6f  EUSCIA3_IRQHandler            
00000a6f  EUSCIB0_IRQHandler            
00000a6f  EUSCIB1_IRQHandler            
00000a6f  EUSCIB2_IRQHandler            
00000a6f  EUSCIB3_IRQHandler            
00000a1b  EnableInterrupts              
00000a2b  EndCritical                   
00000a6f  FLCTL_IRQHandler              
00000a6f  FPU_IRQHandler                
00000a78  Fsm                           
00000a6f  HardFault_Handler             
20000010  IFlags                        
00000761  LaunchPad_Init                
000007d1  LaunchPad_Input               
000007ef  LaunchPad_LED                 
0000080d  LaunchPad_Output              
00000a6f  MemManage_Handler             
00000a6f  NMI_Handler                   
00000a6f  PCM_IRQHandler                
00000a6f  PORT1_IRQHandler              
00000a6f  PORT2_IRQHandler              
00000a6f  PORT3_IRQHandler              
00000a6f  PORT4_IRQHandler              
00000a6f  PORT5_IRQHandler              
00000a6f  PORT6_IRQHandler              
00000a6f  PSS_IRQHandler                
00000a6f  PendSV_Handler                
2000000c  Postwait                      
20000004  Prewait                       
00000a6f  RTC_C_IRQHandler              
00000a63  Reset_Handler                 
00000a6f  SVC_Handler                   
00000a21  StartCritical                 
000006cb  SysTick_Handler               
000006cb  SysTick_Handler               
000009a1  SysTick_Init                  
20000018  SystemCoreClock               
000000e5  SystemCoreClockUpdate         
0000035d  SystemInit                    
00000a6f  T32_INT1_IRQHandler           
00000a6f  T32_INT2_IRQHandler           
00000a6f  T32_INTC_IRQHandler           
00000a6f  TA0_0_IRQHandler              
00000a6f  TA0_N_IRQHandler              
00000a6f  TA1_0_IRQHandler              
00000a6f  TA1_N_IRQHandler              
00000a6f  TA2_0_IRQHandler              
00000a6f  TA2_N_IRQHandler              
00000a6f  TA3_0_IRQHandler              
00000a6f  TA3_N_IRQHandler              
00000a6f  UsageFault_Handler            
4000480c  WDTCTL_SYM                    
00000a6f  WDT_A_IRQHandler              
00000a33  WaitForInterrupt              
20010000  __STACK_END                   
00000200  __STACK_SIZE                  
00000b90  __TI_CINIT_Base               
00000ba0  __TI_CINIT_Limit              
00000b78  __TI_Handler_Table_Base       
00000b84  __TI_Handler_Table_Limit      
0000095d  __TI_auto_init_nobinit_nopinit
000008f5  __TI_decompress_lzss          
00000a55  __TI_decompress_none          
ffffffff  __TI_pprof_out_hndl           
ffffffff  __TI_prof_data_size           
ffffffff  __TI_prof_data_start          
00000000  __TI_static_base__            
00000a39  __TI_zero_init_nomemset       
00000859  __aeabi_memcpy                
00000859  __aeabi_memcpy4               
00000859  __aeabi_memcpy8               
ffffffff  __binit__                     
ffffffff  __c_args__                    
UNDEFED   __mpu_init                    
2000fe00  __stack                       
20000000  __start___llvm_prf_cnts       
20000000  __stop___llvm_prf_cnts        
000009e1  _c_int00_noargs               
UNDEFED   _system_post_cinit            
00000a71  _system_pre_init              
00000a75  abort                         
ffffffff  binit                         
2000001c  cState                        
00000535  delay                         
00000000  interruptVectors              
000005f9  main                          
00000859  memcpy                        


GLOBAL SYMBOLS: SORTED BY Symbol Address 

address   name                          
-------   ----                          
00000000  __TI_static_base__            
00000000  interruptVectors              
000000e5  SystemCoreClockUpdate         
00000200  __STACK_SIZE                  
0000035d  SystemInit                    
00000419  Clock_Init48MHz               
0000052f  Clock_GetFreq                 
00000535  delay                         
00000543  Clock_Delay1us                
0000056d  Clock_Delay1ms                
000005f9  main                          
000006cb  SysTick_Handler               
000006cb  SysTick_Handler               
00000761  LaunchPad_Init                
000007d1  LaunchPad_Input               
000007ef  LaunchPad_LED                 
0000080d  LaunchPad_Output              
00000859  __aeabi_memcpy                
00000859  __aeabi_memcpy4               
00000859  __aeabi_memcpy8               
00000859  memcpy                        
000008f5  __TI_decompress_lzss          
0000095d  __TI_auto_init_nobinit_nopinit
000009a1  SysTick_Init                  
000009e1  _c_int00_noargs               
00000a15  DisableInterrupts             
00000a1b  EnableInterrupts              
00000a21  StartCritical                 
00000a2b  EndCritical                   
00000a33  WaitForInterrupt              
00000a39  __TI_zero_init_nomemset       
00000a55  __TI_decompress_none          
00000a63  Reset_Handler                 
00000a6f  ADC14_IRQHandler              
00000a6f  AES256_IRQHandler             
00000a6f  BusFault_Handler              
00000a6f  COMP_E0_IRQHandler            
00000a6f  COMP_E1_IRQHandler            
00000a6f  CS_IRQHandler                 
00000a6f  DMA_ERR_IRQHandler            
00000a6f  DMA_INT0_IRQHandler           
00000a6f  DMA_INT1_IRQHandler           
00000a6f  DMA_INT2_IRQHandler           
00000a6f  DMA_INT3_IRQHandler           
00000a6f  DebugMon_Handler              
00000a6f  Default_Handler               
00000a6f  EUSCIA0_IRQHandler            
00000a6f  EUSCIA1_IRQHandler            
00000a6f  EUSCIA2_IRQHandler            
00000a6f  EUSCIA3_IRQHandler            
00000a6f  EUSCIB0_IRQHandler            
00000a6f  EUSCIB1_IRQHandler            
00000a6f  EUSCIB2_IRQHandler            
00000a6f  EUSCIB3_IRQHandler            
00000a6f  FLCTL_IRQHandler              
00000a6f  FPU_IRQHandler                
00000a6f  HardFault_Handler             
00000a6f  MemManage_Handler             
00000a6f  NMI_Handler                   
00000a6f  PCM_IRQHandler                
00000a6f  PORT1_IRQHandler              
00000a6f  PORT2_IRQHandler              
00000a6f  PORT3_IRQHandler              
00000a6f  PORT4_IRQHandler              
00000a6f  PORT5_IRQHandler              
00000a6f  PORT6_IRQHandler              
00000a6f  PSS_IRQHandler                
00000a6f  PendSV_Handler                
00000a6f  RTC_C_IRQHandler              
00000a6f  SVC_Handler                   
00000a6f  T32_INT1_IRQHandler           
00000a6f  T32_INT2_IRQHandler           
00000a6f  T32_INTC_IRQHandler           
00000a6f  TA0_0_IRQHandler              
00000a6f  TA0_N_IRQHandler              
00000a6f  TA1_0_IRQHandler              
00000a6f  TA1_N_IRQHandler              
00000a6f  TA2_0_IRQHandler              
00000a6f  TA2_N_IRQHandler              
00000a6f  TA3_0_IRQHandler              
00000a6f  TA3_N_IRQHandler              
00000a6f  UsageFault_Handler            
00000a6f  WDT_A_IRQHandler              
00000a71  _system_pre_init              
00000a75  C$$EXIT                       
00000a75  abort                         
00000a78  Fsm                           
00000b78  __TI_Handler_Table_Base       
00000b84  __TI_Handler_Table_Limit      
00000b90  __TI_CINIT_Base               
00000ba0  __TI_CINIT_Limit              
20000000  ClockFrequency                
20000000  __start___llvm_prf_cnts       
20000000  __stop___llvm_prf_cnts        
20000004  Prewait                       
20000008  CPMwait                       
2000000c  Postwait                      
20000010  IFlags                        
20000014  Crystalstable                 
20000018  SystemCoreClock               
2000001c  cState                        
2000fe00  __stack                       
20010000  __STACK_END                   
4000480c  WDTCTL_SYM                    
ffffffff  __TI_pprof_out_hndl           
ffffffff  __TI_prof_data_size           
ffffffff  __TI_prof_data_start          
ffffffff  __binit__                     
ffffffff  __c_args__                    
ffffffff  binit                         
UNDEFED   __mpu_init                    
UNDEFED   _system_post_cinit            

[112 symbols]
