******************************************************************************
                  TI ARM Linker Unix v20.2.6                   
******************************************************************************
>> Linked Mon Sep 19 18:09:06 2022

OUTPUT FILE NAME:   <Flash.out>
ENTRY POINT SYMBOL: "_c_int00_noargs"  address: 00003005


MEMORY CONFIGURATION

         name            origin    length      used     unused   attr    fill
----------------------  --------  ---------  --------  --------  ----  --------
  MAIN                  00000000   00040000  00003272  0003cd8e  R  X
  INFO                  00200000   00004000  00000000  00004000  R  X
  SRAM_CODE             01000000   00010000  00000a50  0000f5b0  RW X
  SRAM_DATA             20000000   00010000  00000a50  0000f5b0  RW  


SEGMENT ALLOCATION MAP

run origin  load origin   length   init length attrs members
----------  ----------- ---------- ----------- ----- -------
00000000    00000000    00003278   00003278    r-x
  00000000    00000000    000000e4   000000e4    r-- .intvecs
  000000e4    000000e4    000030ee   000030ee    r-x .text
  000031d8    000031d8    000000a0   000000a0    r-- .cinit
20000000    20000000    00000850   00000000    rw-
  20000000    20000000    00000400   00000000    rw- .sysmem
  20000400    20000400    0000022c   00000000    rw- .bss
  2000062c    2000062c    00000224   00000000    rw- .data
2000fe00    2000fe00    00000200   00000000    rw-
  2000fe00    2000fe00    00000200   00000000    rw- .stack


SECTION ALLOCATION MAP

 output                                  attributes/
section   page    origin      length       input sections
--------  ----  ----------  ----------   ----------------
.intvecs   0    00000000    000000e4     
                  00000000    000000e4     startup_msp432p401r_ccs.obj (.intvecs:retain)

.text      0    000000e4    000030ee     
                  000000e4    000009e8     FlashProgram.obj (.text)
                  00000acc    0000081e     FlashTestMain.obj (.text)
                  000012ea    00000002     rtsv7M4_T_le_v4SPD16_eabi.lib : _lock.c.obj (.text:_nop)
                  000012ec    000006e0     UART0.obj (.text)
                  000019cc    00000334     Scoreboard.obj (.text)
                  00001d00    0000032c     system_msp432p401r.obj (.text)
                  0000202c    000001e0     Clock.obj (.text)
                  0000220c    00000110     rtsv7M4_T_le_v4SPD16_eabi.lib : fopen.c.obj (.text:_openfile)
                  0000231c    00000100                                   : memory.c.obj (.text:aligned_alloc)
                  0000241c    000000f8     LaunchPad.obj (.text)
                  00002514    000000e4     rtsv7M4_T_le_v4SPD16_eabi.lib : memory.c.obj (.text:free)
                  000025f8    000000dc                                   : setvbuf.c.obj (.text:setvbuf)
                  000026d4    000000bc                                   : open.c.obj (.text:open)
                  00002790    000000b8                                   : add_device.c.obj (.text:add_device)
                  00002848    0000009c                                   : fopen.c.obj (.text:fopen)
                  000028e4    0000009c                                   : memcpy_t2.asm.obj (.text)
                  00002980    0000007a                                   : memset_t2.asm.obj (.text)
                  000029fa    00000002     --HOLE-- [fill = 0]
                  000029fc    00000074                                   : fclose.c.obj (.text:__TI_closefile)
                  00002a70    00000070                                   : memory.c.obj (.text:split)
                  00002ae0    0000006c                                   : hostrename.c.obj (.text:HOSTrename)
                  00002b4c    00000068                                   : hostlseek.c.obj (.text:HOSTlseek)
                  00002bb4    00000068                                   : copy_decompress_lzss.c.obj (.text:decompress:lzss:__TI_decompress_lzss)
                  00002c1c    00000060                                   : hostopen.c.obj (.text:HOSTopen)
                  00002c7c    0000005c                                   : close.c.obj (.text:close)
                  00002cd8    00000058                                   : hostread.c.obj (.text:HOSTread)
                  00002d30    00000058                                   : hostwrite.c.obj (.text:HOSTwrite)
                  00002d88    0000004c                                   : fflush.c.obj (.text:__TI_doflush)
                  00002dd4    00000048                                   : exit.c.obj (.text:exit)
                  00002e1c    00000044                                   : hostclose.c.obj (.text:HOSTclose)
                  00002e60    00000044                                   : hostunlink.c.obj (.text:HOSTunlink)
                  00002ea4    00000044                                   : autoinit.c.obj (.text:__TI_auto_init_nobinit_nopinit:__TI_auto_init_nobinit_nopinit)
                  00002ee8    00000044                                   : getdevice.c.obj (.text:getdevice)
                  00002f2c    00000038                                   : trgmsg.c.obj (.text:__TI_writemsg)
                  00002f64    00000036                                   : strncpy.c.obj (.text:strncpy)
                  00002f9a    00000002     --HOLE-- [fill = 0]
                  00002f9c    00000034                                   : fopen.c.obj (.text:__TI_cleanup)
                  00002fd0    00000034                                   : trgmsg.c.obj (.text:__TI_readmsg)
                  00003004    00000034                                   : boot_cortex_m.c.obj (.text:_c_int00_noargs:_c_int00_noargs)
                  00003038    00000034                                   : fopen.c.obj (.text:freopen)
                  0000306c    00000030                                   : getdevice.c.obj (.text:finddevice)
                  0000309c    0000002c                                   : unlink.c.obj (.text:unlink)
                  000030c8    00000028                                   : memory.c.obj (.text:free_list_insert)
                  000030f0    00000028                                   : write.c.obj (.text:write)
                  00003118    0000001c                                   : copy_zero_init.c.obj (.text:decompress:ZI:__TI_zero_init_nomemset:__TI_zero_init_nomemset)
                  00003134    0000001c                                   : memory.c.obj (.text:free_list_remove)
                  00003150    00000018                                   : strcmp.c.obj (.text:strcmp)
                  00003168    00000016                                   : strchr.c.obj (.text:strchr)
                  0000317e    00000014                                   : strcpy.c.obj (.text:strcpy)
                  00003192    00000014                                   : strlen.c.obj (.text:strlen)
                  000031a6    0000000e                                   : copy_decompress_none.c.obj (.text:decompress:none:__TI_decompress_none)
                  000031b4    0000000e     startup_msp432p401r_ccs.obj (.text)
                  000031c2    00000008     rtsv7M4_T_le_v4SPD16_eabi.lib : memory.c.obj (.text:malloc)
                  000031ca    00000004                                   : pre_init.c.obj (.text:_system_pre_init)
                  000031ce    00000004                                   : exit.c.obj (.text:abort:abort)

.cinit     0    000031d8    000000a0     
                  000031d8    0000007a     (.cinit..data.load) [load image, compression = lzss]
                  00003252    00000002     --HOLE-- [fill = 0]
                  00003254    0000000c     (__TI_handler_table)
                  00003260    00000008     (.cinit..bss.load) [load image, compression = zero_init]
                  00003268    00000010     (__TI_cinit_table)

.init_array 
*          0    00000000    00000000     UNINITIALIZED

.binit     0    00000000    00000000     

.sysmem    0    20000000    00000400     UNINITIALIZED
                  20000000    00000010     rtsv7M4_T_le_v4SPD16_eabi.lib : memory.c.obj (.sysmem)
                  20000010    000003f0     --HOLE--

.bss       0    20000400    0000022c     UNINITIALIZED
                  20000400    00000120     rtsv7M4_T_le_v4SPD16_eabi.lib : trgmsg.c.obj (.bss:_CIOBUF_)
                  20000520    000000a0     (.common:__TI_tmpnams)
                  200005c0    00000028     Scoreboard.obj (.bss:RAMScoreboard)
                  200005e8    00000028     (.common:DataArray)
                  20000610    00000008     (.common:Messageb)
                  20000618    00000008     (.common:parmbuf)
                  20000620    00000004     Scoreboard.obj (.bss)
                  20000624    00000004     (.common:Messageindexb)
                  20000628    00000004     (.common:SuccessfulWrites)

.data      0    2000062c    00000224     UNINITIALIZED
                  2000062c    000000f0     rtsv7M4_T_le_v4SPD16_eabi.lib : defs.c.obj (.data:_ftable)
                  2000071c    00000078                                   : host_device.c.obj (.data:_device)
                  20000794    00000050                                   : host_device.c.obj (.data:_stream)
                  200007e4    00000018     Clock.obj (.data)
                  200007fc    00000014     FlashTestMain.obj (.data)
                  20000810    00000010     rtsv7M4_T_le_v4SPD16_eabi.lib : defs.c.obj (.data)
                  20000820    0000000c                                   : exit.c.obj (.data:$O1$$)
                  2000082c    00000008                                   : _lock.c.obj (.data:$O1$$)
                  20000834    00000008                                   : memory.c.obj (.data:$O1$$)
                  2000083c    00000004     Scoreboard.obj (.data)
                  20000840    00000004     rtsv7M4_T_le_v4SPD16_eabi.lib : add_device.c.obj (.data)
                  20000844    00000004                                   : fopen.c.obj (.data)
                  20000848    00000004                                   : open.c.obj (.data)
                  2000084c    00000004     system_msp432p401r.obj (.data)

.stack     0    2000fe00    00000200     UNINITIALIZED
                  2000fe00    00000004     rtsv7M4_T_le_v4SPD16_eabi.lib : boot_cortex_m.c.obj (.stack)
                  2000fe04    000001fc     --HOLE--

__llvm_prf_cnts 
*          0    20000000    00000000     UNINITIALIZED

MODULE SUMMARY

       Module                        code    ro data   rw data
       ------                        ----    -------   -------
    ../
       UART0.obj                     1760    0         24     
    +--+-----------------------------+-------+---------+---------+
       Total:                        1760    0         24     
                                                              
    ./
       FlashProgram.obj              2536    0         0      
       FlashTestMain.obj             2078    0         128    
       Scoreboard.obj                820     0         96     
       system_msp432p401r.obj        812     0         8      
       Clock.obj                     480     0         48     
       LaunchPad.obj                 248     0         0      
       startup_msp432p401r_ccs.obj   14      228       0      
    +--+-----------------------------+-------+---------+---------+
       Total:                        6988    228       280    
                                                              
    /Applications/ti/ccs1200/ccs/tools/compiler/ti-cgt-arm_20.2.6.LTS/lib/rtsv7M4_T_le_v4SPD16_eabi.lib
       defs.c.obj                    0       0         832    
       memory.c.obj                  672     0         16     
       trgmsg.c.obj                  108     0         576    
       fopen.c.obj                   532     0         8      
       host_device.c.obj             0       0         400    
       setvbuf.c.obj                 220     0         0      
       open.c.obj                    188     0         8      
       add_device.c.obj              184     0         8      
       memcpy_t2.asm.obj             156     0         0      
       memset_t2.asm.obj             122     0         0      
       fclose.c.obj                  116     0         0      
       getdevice.c.obj               116     0         0      
       hostopen.c.obj                96      0         16     
       hostrename.c.obj              108     0         0      
       copy_decompress_lzss.c.obj    104     0         0      
       hostlseek.c.obj               104     0         0      
       exit.c.obj                    76      0         24     
       close.c.obj                   92      0         0      
       hostread.c.obj                88      0         0      
       hostwrite.c.obj               88      0         0      
       fflush.c.obj                  76      0         0      
       autoinit.c.obj                68      0         0      
       hostclose.c.obj               68      0         0      
       hostunlink.c.obj              68      0         0      
       strncpy.c.obj                 54      0         0      
       boot_cortex_m.c.obj           52      0         0      
       unlink.c.obj                  44      0         0      
       write.c.obj                   40      0         0      
       copy_zero_init.c.obj          28      0         0      
       strcmp.c.obj                  24      0         0      
       strchr.c.obj                  22      0         0      
       strcpy.c.obj                  20      0         0      
       strlen.c.obj                  20      0         0      
       _lock.c.obj                   2       0         16     
       copy_decompress_none.c.obj    14      0         0      
       pre_init.c.obj                4       0         0      
    +--+-----------------------------+-------+---------+---------+
       Total:                        3774    0         1904   
                                                              
       Heap:                         0       0         2048   
       Stack:                        0       0         1024   
       Linker Generated:             0       158       0      
    +--+-----------------------------+-------+---------+---------+
       Grand Total:                  12522   386       5280   


LINKER GENERATED COPY TABLES

__TI_cinit_table @ 00003268 records: 2, size/record: 8, table size: 16
	.data: load addr=000031d8, load size=0000007a bytes, run addr=2000062c, run size=00000224 bytes, compression=lzss
	.bss: load addr=00003260, load size=00000008 bytes, run addr=20000400, run size=0000022c bytes, compression=zero_init


LINKER GENERATED HANDLER TABLE

__TI_handler_table @ 00003254 records: 3, size/record: 4, table size: 12
	index: 0, handler: __TI_decompress_lzss
	index: 1, handler: __TI_decompress_none
	index: 2, handler: __TI_zero_init


GLOBAL SYMBOLS: SORTED ALPHABETICALLY BY Name 

address   name                           
-------   ----                           
000031c1  ADC14_IRQHandler               
000031c1  AES256_IRQHandler              
000031c1  BusFault_Handler               
000031cf  C$$EXIT                        
00002f5b  C$$IO$$                        
000031c1  COMP_E0_IRQHandler             
000031c1  COMP_E1_IRQHandler             
200007ec  CPMwait                        
000031c1  CS_IRQHandler                  
200007e4  ClockFrequency                 
00002181  Clock_Delay1ms                 
00002157  Clock_Delay1us                 
00002143  Clock_GetFreq                  
0000202d  Clock_Init48MHz                
200007f8  Crystalstable                  
000031c1  DMA_ERR_IRQHandler             
000031c1  DMA_INT0_IRQHandler            
000031c1  DMA_INT1_IRQHandler            
000031c1  DMA_INT2_IRQHandler            
000031c1  DMA_INT3_IRQHandler            
200005e8  DataArray                      
000031c1  DebugMon_Handler               
000031c1  Default_Handler                
000031c1  EUSCIA0_IRQHandler             
000031c1  EUSCIA1_IRQHandler             
000031c1  EUSCIA2_IRQHandler             
000031c1  EUSCIA3_IRQHandler             
000031c1  EUSCIB0_IRQHandler             
000031c1  EUSCIB1_IRQHandler             
000031c1  EUSCIB2_IRQHandler             
000031c1  EUSCIB3_IRQHandler             
000031c1  FLCTL_IRQHandler               
000031c1  FPU_IRQHandler                 
200007fc  FlashPtr                       
000008c9  Flash_Erase                    
0000040d  Flash_FastWrite                
00000187  Flash_Init                     
00000193  Flash_Write                    
000003a9  Flash_WriteArray               
00002e1d  HOSTclose                      
00002b4d  HOSTlseek                      
00002c1d  HOSTopen                       
00002cd9  HOSTread                       
00002ae1  HOSTrename                     
00002e61  HOSTunlink                     
00002d31  HOSTwrite                      
000031c1  HardFault_Handler              
200007f4  IFlags                         
0000241d  LaunchPad_Init                 
0000248d  LaunchPad_Input                
000024ab  LaunchPad_LED                  
000024c9  LaunchPad_Output               
000031c1  MemManage_Handler              
20000610  Messageb                       
20000624  Messageindexb                  
000031c1  NMI_Handler                    
000031c1  PCM_IRQHandler                 
000031c1  PORT1_IRQHandler               
000031c1  PORT2_IRQHandler               
000031c1  PORT3_IRQHandler               
000031c1  PORT4_IRQHandler               
000031c1  PORT5_IRQHandler               
000031c1  PORT6_IRQHandler               
000031c1  PSS_IRQHandler                 
000031c1  PendSV_Handler                 
200007f0  Postwait                       
200007e8  Prewait                        
000031c1  RTC_C_IRQHandler               
000031b5  Reset_Handler                  
000031c1  SVC_Handler                    
00001ceb  Scoreboard_Get                 
000019eb  Scoreboard_Init                
00001b5d  Scoreboard_Record              
20000628  SuccessfulWrites               
000031c1  SysTick_Handler                
2000084c  SystemCoreClock                
00001d01  SystemCoreClockUpdate          
00001f75  SystemInit                     
000031c1  T32_INT1_IRQHandler            
000031c1  T32_INT2_IRQHandler            
000031c1  T32_INTC_IRQHandler            
000031c1  TA0_0_IRQHandler               
000031c1  TA0_N_IRQHandler               
000031c1  TA1_0_IRQHandler               
000031c1  TA1_N_IRQHandler               
000031c1  TA2_0_IRQHandler               
000031c1  TA2_N_IRQHandler               
000031c1  TA3_0_IRQHandler               
000031c1  TA3_N_IRQHandler               
00001333  UART0_InChar                   
000017dd  UART0_InString                 
0000137d  UART0_InUDec                   
00001691  UART0_InUHex                   
000012ed  UART0_Init                     
0000193f  UART0_Initprintf               
00001343  UART0_OutChar                  
00001431  UART0_OutSDec                  
0000135f  UART0_OutString                
00001401  UART0_OutUDec                  
000015a5  UART0_OutUDec4                 
000015ed  UART0_OutUDec5                 
0000161f  UART0_OutUFix1                 
00001647  UART0_OutUFix2                 
00001755  UART0_OutUHex                  
000017c1  UART0_OutUHex2                 
000031c1  UsageFault_Handler             
4000480c  WDTCTL_SYM                     
000031c1  WDT_A_IRQHandler               
20000400  __CIOBUF_                      
20010000  __STACK_END                    
00000200  __STACK_SIZE                   
00000400  __SYSMEM_SIZE                  
00003268  __TI_CINIT_Base                
00003278  __TI_CINIT_Limit               
00003254  __TI_Handler_Table_Base        
00003260  __TI_Handler_Table_Limit       
00002ea5  __TI_auto_init_nobinit_nopinit 
00002f9d  __TI_cleanup                   
20000820  __TI_cleanup_ptr               
000029fd  __TI_closefile                 
00002bb5  __TI_decompress_lzss           
000031a7  __TI_decompress_none           
00002d89  __TI_doflush                   
20000824  __TI_dtors_ptr                 
20000828  __TI_enable_exit_profile_output
20000810  __TI_ft_end                    
ffffffff  __TI_pprof_out_hndl            
ffffffff  __TI_prof_data_size            
ffffffff  __TI_prof_data_start           
00002fd1  __TI_readmsg                   
00000000  __TI_static_base__             
20000520  __TI_tmpnams                   
00002f2d  __TI_writemsg                  
00003119  __TI_zero_init_nomemset        
00002981  __aeabi_memclr                 
00002981  __aeabi_memclr4                
00002981  __aeabi_memclr8                
000028e5  __aeabi_memcpy                 
000028e5  __aeabi_memcpy4                
000028e5  __aeabi_memcpy8                
00002983  __aeabi_memset                 
00002983  __aeabi_memset4                
00002983  __aeabi_memset8                
2000081c  __aeabi_stderr                 
20000814  __aeabi_stdin                  
20000818  __aeabi_stdout                 
ffffffff  __binit__                      
ffffffff  __c_args__                     
UNDEFED   __mpu_init                     
2000fe00  __stack                        
20000000  __start___llvm_prf_cnts        
20000000  __stop___llvm_prf_cnts         
00003005  _c_int00_noargs                
2000071c  _device                        
2000062c  _ftable                        
2000082c  _lock                          
000012eb  _nop                           
20000794  _stream                        
20000000  _sys_memory                    
UNDEFED   _system_post_cinit             
000031cb  _system_pre_init               
20000830  _unlock                        
000031cf  abort                          
00002791  add_device                     
0000231d  aligned_alloc                  
ffffffff  binit                          
00002c7d  close                          
00002149  delay                          
00002dd5  exit                           
00001871  ferror                         
00001857  fgetc                          
0000306d  finddevice                     
00002849  fopen                          
00002515  free                           
00003039  freopen                        
00002ee9  getdevice                      
00000b9d  getnewscore                    
00000000  interruptVectors               
00000b41  isletter                       
00000c67  longtermtest                   
00000e01  main                           
000031c3  malloc                         
0000231d  memalign                       
000028e5  memcpy                         
00002989  memset                         
000026d5  open                           
00001799  outnibble                      
20000618  parmbuf                        
00000acd  printscores                    
0000309d  remove                         
000025f9  setvbuf                        
00003169  strchr                         
00003151  strcmp                         
0000317f  strcpy                         
00003193  strlen                         
00002f65  strncpy                        
00000b73  touppercase                    
00001897  uart_close                     
00001915  uart_lseek                     
00001887  uart_open                      
000018a3  uart_read                      
00001931  uart_rename                    
00001925  uart_unlink                    
000018d3  uart_write                     
0000309d  unlink                         
000030f1  write                          


GLOBAL SYMBOLS: SORTED BY Symbol Address 

address   name                           
-------   ----                           
00000000  __TI_static_base__             
00000000  interruptVectors               
00000187  Flash_Init                     
00000193  Flash_Write                    
00000200  __STACK_SIZE                   
000003a9  Flash_WriteArray               
00000400  __SYSMEM_SIZE                  
0000040d  Flash_FastWrite                
000008c9  Flash_Erase                    
00000acd  printscores                    
00000b41  isletter                       
00000b73  touppercase                    
00000b9d  getnewscore                    
00000c67  longtermtest                   
00000e01  main                           
000012eb  _nop                           
000012ed  UART0_Init                     
00001333  UART0_InChar                   
00001343  UART0_OutChar                  
0000135f  UART0_OutString                
0000137d  UART0_InUDec                   
00001401  UART0_OutUDec                  
00001431  UART0_OutSDec                  
000015a5  UART0_OutUDec4                 
000015ed  UART0_OutUDec5                 
0000161f  UART0_OutUFix1                 
00001647  UART0_OutUFix2                 
00001691  UART0_InUHex                   
00001755  UART0_OutUHex                  
00001799  outnibble                      
000017c1  UART0_OutUHex2                 
000017dd  UART0_InString                 
00001857  fgetc                          
00001871  ferror                         
00001887  uart_open                      
00001897  uart_close                     
000018a3  uart_read                      
000018d3  uart_write                     
00001915  uart_lseek                     
00001925  uart_unlink                    
00001931  uart_rename                    
0000193f  UART0_Initprintf               
000019eb  Scoreboard_Init                
00001b5d  Scoreboard_Record              
00001ceb  Scoreboard_Get                 
00001d01  SystemCoreClockUpdate          
00001f75  SystemInit                     
0000202d  Clock_Init48MHz                
00002143  Clock_GetFreq                  
00002149  delay                          
00002157  Clock_Delay1us                 
00002181  Clock_Delay1ms                 
0000231d  aligned_alloc                  
0000231d  memalign                       
0000241d  LaunchPad_Init                 
0000248d  LaunchPad_Input                
000024ab  LaunchPad_LED                  
000024c9  LaunchPad_Output               
00002515  free                           
000025f9  setvbuf                        
000026d5  open                           
00002791  add_device                     
00002849  fopen                          
000028e5  __aeabi_memcpy                 
000028e5  __aeabi_memcpy4                
000028e5  __aeabi_memcpy8                
000028e5  memcpy                         
00002981  __aeabi_memclr                 
00002981  __aeabi_memclr4                
00002981  __aeabi_memclr8                
00002983  __aeabi_memset                 
00002983  __aeabi_memset4                
00002983  __aeabi_memset8                
00002989  memset                         
000029fd  __TI_closefile                 
00002ae1  HOSTrename                     
00002b4d  HOSTlseek                      
00002bb5  __TI_decompress_lzss           
00002c1d  HOSTopen                       
00002c7d  close                          
00002cd9  HOSTread                       
00002d31  HOSTwrite                      
00002d89  __TI_doflush                   
00002dd5  exit                           
00002e1d  HOSTclose                      
00002e61  HOSTunlink                     
00002ea5  __TI_auto_init_nobinit_nopinit 
00002ee9  getdevice                      
00002f2d  __TI_writemsg                  
00002f5b  C$$IO$$                        
00002f65  strncpy                        
00002f9d  __TI_cleanup                   
00002fd1  __TI_readmsg                   
00003005  _c_int00_noargs                
00003039  freopen                        
0000306d  finddevice                     
0000309d  remove                         
0000309d  unlink                         
000030f1  write                          
00003119  __TI_zero_init_nomemset        
00003151  strcmp                         
00003169  strchr                         
0000317f  strcpy                         
00003193  strlen                         
000031a7  __TI_decompress_none           
000031b5  Reset_Handler                  
000031c1  ADC14_IRQHandler               
000031c1  AES256_IRQHandler              
000031c1  BusFault_Handler               
000031c1  COMP_E0_IRQHandler             
000031c1  COMP_E1_IRQHandler             
000031c1  CS_IRQHandler                  
000031c1  DMA_ERR_IRQHandler             
000031c1  DMA_INT0_IRQHandler            
000031c1  DMA_INT1_IRQHandler            
000031c1  DMA_INT2_IRQHandler            
000031c1  DMA_INT3_IRQHandler            
000031c1  DebugMon_Handler               
000031c1  Default_Handler                
000031c1  EUSCIA0_IRQHandler             
000031c1  EUSCIA1_IRQHandler             
000031c1  EUSCIA2_IRQHandler             
000031c1  EUSCIA3_IRQHandler             
000031c1  EUSCIB0_IRQHandler             
000031c1  EUSCIB1_IRQHandler             
000031c1  EUSCIB2_IRQHandler             
000031c1  EUSCIB3_IRQHandler             
000031c1  FLCTL_IRQHandler               
000031c1  FPU_IRQHandler                 
000031c1  HardFault_Handler              
000031c1  MemManage_Handler              
000031c1  NMI_Handler                    
000031c1  PCM_IRQHandler                 
000031c1  PORT1_IRQHandler               
000031c1  PORT2_IRQHandler               
000031c1  PORT3_IRQHandler               
000031c1  PORT4_IRQHandler               
000031c1  PORT5_IRQHandler               
000031c1  PORT6_IRQHandler               
000031c1  PSS_IRQHandler                 
000031c1  PendSV_Handler                 
000031c1  RTC_C_IRQHandler               
000031c1  SVC_Handler                    
000031c1  SysTick_Handler                
000031c1  T32_INT1_IRQHandler            
000031c1  T32_INT2_IRQHandler            
000031c1  T32_INTC_IRQHandler            
000031c1  TA0_0_IRQHandler               
000031c1  TA0_N_IRQHandler               
000031c1  TA1_0_IRQHandler               
000031c1  TA1_N_IRQHandler               
000031c1  TA2_0_IRQHandler               
000031c1  TA2_N_IRQHandler               
000031c1  TA3_0_IRQHandler               
000031c1  TA3_N_IRQHandler               
000031c1  UsageFault_Handler             
000031c1  WDT_A_IRQHandler               
000031c3  malloc                         
000031cb  _system_pre_init               
000031cf  C$$EXIT                        
000031cf  abort                          
00003254  __TI_Handler_Table_Base        
00003260  __TI_Handler_Table_Limit       
00003268  __TI_CINIT_Base                
00003278  __TI_CINIT_Limit               
20000000  __start___llvm_prf_cnts        
20000000  __stop___llvm_prf_cnts         
20000000  _sys_memory                    
20000400  __CIOBUF_                      
20000520  __TI_tmpnams                   
200005e8  DataArray                      
20000610  Messageb                       
20000618  parmbuf                        
20000624  Messageindexb                  
20000628  SuccessfulWrites               
2000062c  _ftable                        
2000071c  _device                        
20000794  _stream                        
200007e4  ClockFrequency                 
200007e8  Prewait                        
200007ec  CPMwait                        
200007f0  Postwait                       
200007f4  IFlags                         
200007f8  Crystalstable                  
200007fc  FlashPtr                       
20000810  __TI_ft_end                    
20000814  __aeabi_stdin                  
20000818  __aeabi_stdout                 
2000081c  __aeabi_stderr                 
20000820  __TI_cleanup_ptr               
20000824  __TI_dtors_ptr                 
20000828  __TI_enable_exit_profile_output
2000082c  _lock                          
20000830  _unlock                        
2000084c  SystemCoreClock                
2000fe00  __stack                        
20010000  __STACK_END                    
4000480c  WDTCTL_SYM                     
ffffffff  __TI_pprof_out_hndl            
ffffffff  __TI_prof_data_size            
ffffffff  __TI_prof_data_start           
ffffffff  __binit__                      
ffffffff  __c_args__                     
ffffffff  binit                          
UNDEFED   __mpu_init                     
UNDEFED   _system_post_cinit             

[206 symbols]
