<?xml version="1.0" encoding="ISO-8859-1" ?>
<link_info>
   <banner>TI ARM Linker PC v20.2.6.LTS</banner>
   <copyright>Copyright (c) 1996-2018 Texas Instruments Incorporated</copyright>
   <link_time>0x63080922</link_time>
   <link_errors>0x0</link_errors>
   <output_file>Flash.out</output_file>
   <entry_point>
      <name>_c_int00_noargs</name>
      <address>0x3005</address>
   </entry_point>
   <input_file_list>
      <input_file id="fl-2">
         <path>.\</path>
         <kind>object</kind>
         <file>Clock.obj</file>
         <name>Clock.obj</name>
      </input_file>
      <input_file id="fl-3">
         <path>.\</path>
         <kind>object</kind>
         <file>FlashProgram.obj</file>
         <name>FlashProgram.obj</name>
      </input_file>
      <input_file id="fl-4">
         <path>.\</path>
         <kind>object</kind>
         <file>FlashTestMain.obj</file>
         <name>FlashTestMain.obj</name>
      </input_file>
      <input_file id="fl-5">
         <path>.\</path>
         <kind>object</kind>
         <file>LaunchPad.obj</file>
         <name>LaunchPad.obj</name>
      </input_file>
      <input_file id="fl-6">
         <path>.\</path>
         <kind>object</kind>
         <file>Scoreboard.obj</file>
         <name>Scoreboard.obj</name>
      </input_file>
      <input_file id="fl-7">
         <path>..\</path>
         <kind>object</kind>
         <file>UART0.obj</file>
         <name>UART0.obj</name>
      </input_file>
      <input_file id="fl-8">
         <path>.\</path>
         <kind>object</kind>
         <file>startup_msp432p401r_ccs.obj</file>
         <name>startup_msp432p401r_ccs.obj</name>
      </input_file>
      <input_file id="fl-9">
         <path>.\</path>
         <kind>object</kind>
         <file>system_msp432p401r.obj</file>
         <name>system_msp432p401r.obj</name>
      </input_file>
      <input_file id="fl-d">
         <kind>object</kind>
         <file>&lt;internal&gt;</file>
         <name>&lt;internal&gt;</name>
      </input_file>
      <input_file id="fl-c3">
         <path>C:\ti\ccs1200\ccs\tools\compiler\ti-cgt-arm_20.2.6.LTS\lib\</path>
         <kind>archive</kind>
         <file>rtsv7M4_T_le_v4SPD16_eabi.lib</file>
         <name>fopen.c.obj</name>
      </input_file>
      <input_file id="fl-c4">
         <path>C:\ti\ccs1200\ccs\tools\compiler\ti-cgt-arm_20.2.6.LTS\lib\</path>
         <kind>archive</kind>
         <file>rtsv7M4_T_le_v4SPD16_eabi.lib</file>
         <name>setvbuf.c.obj</name>
      </input_file>
      <input_file id="fl-c5">
         <path>C:\ti\ccs1200\ccs\tools\compiler\ti-cgt-arm_20.2.6.LTS\lib\</path>
         <kind>archive</kind>
         <file>rtsv7M4_T_le_v4SPD16_eabi.lib</file>
         <name>memset_t2.asm.obj</name>
      </input_file>
      <input_file id="fl-c6">
         <path>C:\ti\ccs1200\ccs\tools\compiler\ti-cgt-arm_20.2.6.LTS\lib\</path>
         <kind>archive</kind>
         <file>rtsv7M4_T_le_v4SPD16_eabi.lib</file>
         <name>copy_zero_init.c.obj</name>
      </input_file>
      <input_file id="fl-c7">
         <path>C:\ti\ccs1200\ccs\tools\compiler\ti-cgt-arm_20.2.6.LTS\lib\</path>
         <kind>archive</kind>
         <file>rtsv7M4_T_le_v4SPD16_eabi.lib</file>
         <name>copy_decompress_none.c.obj</name>
      </input_file>
      <input_file id="fl-c8">
         <path>C:\ti\ccs1200\ccs\tools\compiler\ti-cgt-arm_20.2.6.LTS\lib\</path>
         <kind>archive</kind>
         <file>rtsv7M4_T_le_v4SPD16_eabi.lib</file>
         <name>copy_decompress_lzss.c.obj</name>
      </input_file>
      <input_file id="fl-c9">
         <path>C:\ti\ccs1200\ccs\tools\compiler\ti-cgt-arm_20.2.6.LTS\lib\</path>
         <kind>archive</kind>
         <file>rtsv7M4_T_le_v4SPD16_eabi.lib</file>
         <name>exit.c.obj</name>
      </input_file>
      <input_file id="fl-ca">
         <path>C:\ti\ccs1200\ccs\tools\compiler\ti-cgt-arm_20.2.6.LTS\lib\</path>
         <kind>archive</kind>
         <file>rtsv7M4_T_le_v4SPD16_eabi.lib</file>
         <name>_lock.c.obj</name>
      </input_file>
      <input_file id="fl-cb">
         <path>C:\ti\ccs1200\ccs\tools\compiler\ti-cgt-arm_20.2.6.LTS\lib\</path>
         <kind>archive</kind>
         <file>rtsv7M4_T_le_v4SPD16_eabi.lib</file>
         <name>defs.c.obj</name>
      </input_file>
      <input_file id="fl-cc">
         <path>C:\ti\ccs1200\ccs\tools\compiler\ti-cgt-arm_20.2.6.LTS\lib\</path>
         <kind>archive</kind>
         <file>rtsv7M4_T_le_v4SPD16_eabi.lib</file>
         <name>memory.c.obj</name>
      </input_file>
      <input_file id="fl-cd">
         <path>C:\ti\ccs1200\ccs\tools\compiler\ti-cgt-arm_20.2.6.LTS\lib\</path>
         <kind>archive</kind>
         <file>rtsv7M4_T_le_v4SPD16_eabi.lib</file>
         <name>open.c.obj</name>
      </input_file>
      <input_file id="fl-ce">
         <path>C:\ti\ccs1200\ccs\tools\compiler\ti-cgt-arm_20.2.6.LTS\lib\</path>
         <kind>archive</kind>
         <file>rtsv7M4_T_le_v4SPD16_eabi.lib</file>
         <name>add_device.c.obj</name>
      </input_file>
      <input_file id="fl-cf">
         <path>C:\ti\ccs1200\ccs\tools\compiler\ti-cgt-arm_20.2.6.LTS\lib\</path>
         <kind>archive</kind>
         <file>rtsv7M4_T_le_v4SPD16_eabi.lib</file>
         <name>boot_cortex_m.c.obj</name>
      </input_file>
      <input_file id="fl-d0">
         <path>C:\ti\ccs1200\ccs\tools\compiler\ti-cgt-arm_20.2.6.LTS\lib\</path>
         <kind>archive</kind>
         <file>rtsv7M4_T_le_v4SPD16_eabi.lib</file>
         <name>fclose.c.obj</name>
      </input_file>
      <input_file id="fl-d1">
         <path>C:\ti\ccs1200\ccs\tools\compiler\ti-cgt-arm_20.2.6.LTS\lib\</path>
         <kind>archive</kind>
         <file>rtsv7M4_T_le_v4SPD16_eabi.lib</file>
         <name>fflush.c.obj</name>
      </input_file>
      <input_file id="fl-d2">
         <path>C:\ti\ccs1200\ccs\tools\compiler\ti-cgt-arm_20.2.6.LTS\lib\</path>
         <kind>archive</kind>
         <file>rtsv7M4_T_le_v4SPD16_eabi.lib</file>
         <name>getdevice.c.obj</name>
      </input_file>
      <input_file id="fl-d3">
         <path>C:\ti\ccs1200\ccs\tools\compiler\ti-cgt-arm_20.2.6.LTS\lib\</path>
         <kind>archive</kind>
         <file>rtsv7M4_T_le_v4SPD16_eabi.lib</file>
         <name>memcpy_t2.asm.obj</name>
      </input_file>
      <input_file id="fl-d4">
         <path>C:\ti\ccs1200\ccs\tools\compiler\ti-cgt-arm_20.2.6.LTS\lib\</path>
         <kind>archive</kind>
         <file>rtsv7M4_T_le_v4SPD16_eabi.lib</file>
         <name>autoinit.c.obj</name>
      </input_file>
      <input_file id="fl-d5">
         <path>C:\ti\ccs1200\ccs\tools\compiler\ti-cgt-arm_20.2.6.LTS\lib\</path>
         <kind>archive</kind>
         <file>rtsv7M4_T_le_v4SPD16_eabi.lib</file>
         <name>pre_init.c.obj</name>
      </input_file>
      <input_file id="fl-d6">
         <path>C:\ti\ccs1200\ccs\tools\compiler\ti-cgt-arm_20.2.6.LTS\lib\</path>
         <kind>archive</kind>
         <file>rtsv7M4_T_le_v4SPD16_eabi.lib</file>
         <name>cpy_tbl.c.obj</name>
      </input_file>
      <input_file id="fl-d7">
         <path>C:\ti\ccs1200\ccs\tools\compiler\ti-cgt-arm_20.2.6.LTS\lib\</path>
         <kind>archive</kind>
         <file>rtsv7M4_T_le_v4SPD16_eabi.lib</file>
         <name>args_main.c.obj</name>
      </input_file>
      <input_file id="fl-d8">
         <path>C:\ti\ccs1200\ccs\tools\compiler\ti-cgt-arm_20.2.6.LTS\lib\</path>
         <kind>archive</kind>
         <file>rtsv7M4_T_le_v4SPD16_eabi.lib</file>
         <name>strchr.c.obj</name>
      </input_file>
      <input_file id="fl-d9">
         <path>C:\ti\ccs1200\ccs\tools\compiler\ti-cgt-arm_20.2.6.LTS\lib\</path>
         <kind>archive</kind>
         <file>rtsv7M4_T_le_v4SPD16_eabi.lib</file>
         <name>strcmp.c.obj</name>
      </input_file>
      <input_file id="fl-da">
         <path>C:\ti\ccs1200\ccs\tools\compiler\ti-cgt-arm_20.2.6.LTS\lib\</path>
         <kind>archive</kind>
         <file>rtsv7M4_T_le_v4SPD16_eabi.lib</file>
         <name>strncpy.c.obj</name>
      </input_file>
      <input_file id="fl-db">
         <path>C:\ti\ccs1200\ccs\tools\compiler\ti-cgt-arm_20.2.6.LTS\lib\</path>
         <kind>archive</kind>
         <file>rtsv7M4_T_le_v4SPD16_eabi.lib</file>
         <name>write.c.obj</name>
      </input_file>
      <input_file id="fl-dc">
         <path>C:\ti\ccs1200\ccs\tools\compiler\ti-cgt-arm_20.2.6.LTS\lib\</path>
         <kind>archive</kind>
         <file>rtsv7M4_T_le_v4SPD16_eabi.lib</file>
         <name>host_device.c.obj</name>
      </input_file>
      <input_file id="fl-dd">
         <path>C:\ti\ccs1200\ccs\tools\compiler\ti-cgt-arm_20.2.6.LTS\lib\</path>
         <kind>archive</kind>
         <file>rtsv7M4_T_le_v4SPD16_eabi.lib</file>
         <name>remove.c.obj</name>
      </input_file>
      <input_file id="fl-de">
         <path>C:\ti\ccs1200\ccs\tools\compiler\ti-cgt-arm_20.2.6.LTS\lib\</path>
         <kind>archive</kind>
         <file>rtsv7M4_T_le_v4SPD16_eabi.lib</file>
         <name>close.c.obj</name>
      </input_file>
      <input_file id="fl-df">
         <path>C:\ti\ccs1200\ccs\tools\compiler\ti-cgt-arm_20.2.6.LTS\lib\</path>
         <kind>archive</kind>
         <file>rtsv7M4_T_le_v4SPD16_eabi.lib</file>
         <name>unlink.c.obj</name>
      </input_file>
      <input_file id="fl-e0">
         <path>C:\ti\ccs1200\ccs\tools\compiler\ti-cgt-arm_20.2.6.LTS\lib\</path>
         <kind>archive</kind>
         <file>rtsv7M4_T_le_v4SPD16_eabi.lib</file>
         <name>hostclose.c.obj</name>
      </input_file>
      <input_file id="fl-e1">
         <path>C:\ti\ccs1200\ccs\tools\compiler\ti-cgt-arm_20.2.6.LTS\lib\</path>
         <kind>archive</kind>
         <file>rtsv7M4_T_le_v4SPD16_eabi.lib</file>
         <name>hostlseek.c.obj</name>
      </input_file>
      <input_file id="fl-e2">
         <path>C:\ti\ccs1200\ccs\tools\compiler\ti-cgt-arm_20.2.6.LTS\lib\</path>
         <kind>archive</kind>
         <file>rtsv7M4_T_le_v4SPD16_eabi.lib</file>
         <name>hostopen.c.obj</name>
      </input_file>
      <input_file id="fl-e3">
         <path>C:\ti\ccs1200\ccs\tools\compiler\ti-cgt-arm_20.2.6.LTS\lib\</path>
         <kind>archive</kind>
         <file>rtsv7M4_T_le_v4SPD16_eabi.lib</file>
         <name>hostread.c.obj</name>
      </input_file>
      <input_file id="fl-e4">
         <path>C:\ti\ccs1200\ccs\tools\compiler\ti-cgt-arm_20.2.6.LTS\lib\</path>
         <kind>archive</kind>
         <file>rtsv7M4_T_le_v4SPD16_eabi.lib</file>
         <name>hostrename.c.obj</name>
      </input_file>
      <input_file id="fl-e5">
         <path>C:\ti\ccs1200\ccs\tools\compiler\ti-cgt-arm_20.2.6.LTS\lib\</path>
         <kind>archive</kind>
         <file>rtsv7M4_T_le_v4SPD16_eabi.lib</file>
         <name>hostunlink.c.obj</name>
      </input_file>
      <input_file id="fl-e6">
         <path>C:\ti\ccs1200\ccs\tools\compiler\ti-cgt-arm_20.2.6.LTS\lib\</path>
         <kind>archive</kind>
         <file>rtsv7M4_T_le_v4SPD16_eabi.lib</file>
         <name>hostwrite.c.obj</name>
      </input_file>
      <input_file id="fl-e7">
         <path>C:\ti\ccs1200\ccs\tools\compiler\ti-cgt-arm_20.2.6.LTS\lib\</path>
         <kind>archive</kind>
         <file>rtsv7M4_T_le_v4SPD16_eabi.lib</file>
         <name>trgmsg.c.obj</name>
      </input_file>
      <input_file id="fl-e8">
         <path>C:\ti\ccs1200\ccs\tools\compiler\ti-cgt-arm_20.2.6.LTS\lib\</path>
         <kind>archive</kind>
         <file>rtsv7M4_T_le_v4SPD16_eabi.lib</file>
         <name>strcpy.c.obj</name>
      </input_file>
      <input_file id="fl-e9">
         <path>C:\ti\ccs1200\ccs\tools\compiler\ti-cgt-arm_20.2.6.LTS\lib\</path>
         <kind>archive</kind>
         <file>rtsv7M4_T_le_v4SPD16_eabi.lib</file>
         <name>strlen.c.obj</name>
      </input_file>
   </input_file_list>
   <object_component_list>
      <object_component id="oc-26">
         <name>.intvecs:retain</name>
         <load_address>0x0</load_address>
         <run_address>0x0</run_address>
         <size>0xe4</size>
         <input_file_ref idref="fl-8"/>
      </object_component>
      <object_component id="oc-e2">
         <name>.text</name>
         <load_address>0xe4</load_address>
         <run_address>0xe4</run_address>
         <size>0x9e8</size>
         <input_file_ref idref="fl-3"/>
      </object_component>
      <object_component id="oc-9a">
         <name>.text</name>
         <load_address>0xacc</load_address>
         <run_address>0xacc</run_address>
         <size>0x81e</size>
         <input_file_ref idref="fl-4"/>
      </object_component>
      <object_component id="oc-227">
         <name>.text:_nop</name>
         <load_address>0x12ea</load_address>
         <run_address>0x12ea</run_address>
         <size>0x2</size>
         <input_file_ref idref="fl-ca"/>
      </object_component>
      <object_component id="oc-d6">
         <name>.text</name>
         <load_address>0x12ec</load_address>
         <run_address>0x12ec</run_address>
         <size>0x6e0</size>
         <input_file_ref idref="fl-7"/>
      </object_component>
      <object_component id="oc-dc">
         <name>.text</name>
         <load_address>0x19cc</load_address>
         <run_address>0x19cc</run_address>
         <size>0x334</size>
         <input_file_ref idref="fl-6"/>
      </object_component>
      <object_component id="oc-ac">
         <name>.text</name>
         <load_address>0x1d00</load_address>
         <run_address>0x1d00</run_address>
         <size>0x32c</size>
         <input_file_ref idref="fl-9"/>
      </object_component>
      <object_component id="oc-eb">
         <name>.text</name>
         <load_address>0x202c</load_address>
         <run_address>0x202c</run_address>
         <size>0x1e0</size>
         <input_file_ref idref="fl-2"/>
      </object_component>
      <object_component id="oc-1e4">
         <name>.text:_openfile</name>
         <load_address>0x220c</load_address>
         <run_address>0x220c</run_address>
         <size>0x110</size>
         <input_file_ref idref="fl-c3"/>
      </object_component>
      <object_component id="oc-2bb">
         <name>.text:aligned_alloc</name>
         <load_address>0x231c</load_address>
         <run_address>0x231c</run_address>
         <size>0x100</size>
         <input_file_ref idref="fl-cc"/>
      </object_component>
      <object_component id="oc-f1">
         <name>.text</name>
         <load_address>0x241c</load_address>
         <run_address>0x241c</run_address>
         <size>0xf8</size>
         <input_file_ref idref="fl-5"/>
      </object_component>
      <object_component id="oc-1f7">
         <name>.text:free</name>
         <load_address>0x2514</load_address>
         <run_address>0x2514</run_address>
         <size>0xe4</size>
         <input_file_ref idref="fl-cc"/>
      </object_component>
      <object_component id="oc-15f">
         <name>.text:setvbuf</name>
         <load_address>0x25f8</load_address>
         <run_address>0x25f8</run_address>
         <size>0xdc</size>
         <input_file_ref idref="fl-c4"/>
      </object_component>
      <object_component id="oc-289">
         <name>.text:open</name>
         <load_address>0x26d4</load_address>
         <run_address>0x26d4</run_address>
         <size>0xbc</size>
         <input_file_ref idref="fl-cd"/>
      </object_component>
      <object_component id="oc-14d">
         <name>.text:add_device</name>
         <load_address>0x2790</load_address>
         <run_address>0x2790</run_address>
         <size>0xb8</size>
         <input_file_ref idref="fl-ce"/>
      </object_component>
      <object_component id="oc-153">
         <name>.text:fopen</name>
         <load_address>0x2848</load_address>
         <run_address>0x2848</run_address>
         <size>0x9c</size>
         <input_file_ref idref="fl-c3"/>
      </object_component>
      <object_component id="oc-3a">
         <name>.text</name>
         <load_address>0x28e4</load_address>
         <run_address>0x28e4</run_address>
         <size>0x9c</size>
         <input_file_ref idref="fl-d3"/>
      </object_component>
      <object_component id="oc-8e">
         <name>.text</name>
         <load_address>0x2980</load_address>
         <run_address>0x2980</run_address>
         <size>0x7a</size>
         <input_file_ref idref="fl-c5"/>
      </object_component>
      <object_component id="oc-1f0">
         <name>.text:__TI_closefile</name>
         <load_address>0x29fc</load_address>
         <run_address>0x29fc</run_address>
         <size>0x74</size>
         <input_file_ref idref="fl-d0"/>
      </object_component>
      <object_component id="oc-32a">
         <name>.text:split</name>
         <load_address>0x2a70</load_address>
         <run_address>0x2a70</run_address>
         <size>0x70</size>
         <input_file_ref idref="fl-cc"/>
      </object_component>
      <object_component id="oc-274">
         <name>.text:HOSTrename</name>
         <load_address>0x2ae0</load_address>
         <run_address>0x2ae0</run_address>
         <size>0x6c</size>
         <input_file_ref idref="fl-e4"/>
      </object_component>
      <object_component id="oc-268">
         <name>.text:HOSTlseek</name>
         <load_address>0x2b4c</load_address>
         <run_address>0x2b4c</run_address>
         <size>0x68</size>
         <input_file_ref idref="fl-e1"/>
      </object_component>
      <object_component id="oc-17">
         <name>.text:decompress:lzss:__TI_decompress_lzss</name>
         <load_address>0x2bb4</load_address>
         <run_address>0x2bb4</run_address>
         <size>0x68</size>
         <input_file_ref idref="fl-c8"/>
      </object_component>
      <object_component id="oc-250">
         <name>.text:HOSTopen</name>
         <load_address>0x2c1c</load_address>
         <run_address>0x2c1c</run_address>
         <size>0x60</size>
         <input_file_ref idref="fl-e2"/>
      </object_component>
      <object_component id="oc-29f">
         <name>.text:close</name>
         <load_address>0x2c7c</load_address>
         <run_address>0x2c7c</run_address>
         <size>0x5c</size>
         <input_file_ref idref="fl-de"/>
      </object_component>
      <object_component id="oc-25c">
         <name>.text:HOSTread</name>
         <load_address>0x2cd8</load_address>
         <run_address>0x2cd8</run_address>
         <size>0x58</size>
         <input_file_ref idref="fl-e3"/>
      </object_component>
      <object_component id="oc-262">
         <name>.text:HOSTwrite</name>
         <load_address>0x2d30</load_address>
         <run_address>0x2d30</run_address>
         <size>0x58</size>
         <input_file_ref idref="fl-e6"/>
      </object_component>
      <object_component id="oc-299">
         <name>.text:__TI_doflush</name>
         <load_address>0x2d88</load_address>
         <run_address>0x2d88</run_address>
         <size>0x4c</size>
         <input_file_ref idref="fl-d1"/>
      </object_component>
      <object_component id="oc-107">
         <name>.text:exit</name>
         <load_address>0x2dd4</load_address>
         <run_address>0x2dd4</run_address>
         <size>0x48</size>
         <input_file_ref idref="fl-c9"/>
      </object_component>
      <object_component id="oc-256">
         <name>.text:HOSTclose</name>
         <load_address>0x2e1c</load_address>
         <run_address>0x2e1c</run_address>
         <size>0x44</size>
         <input_file_ref idref="fl-e0"/>
      </object_component>
      <object_component id="oc-26e">
         <name>.text:HOSTunlink</name>
         <load_address>0x2e60</load_address>
         <run_address>0x2e60</run_address>
         <size>0x44</size>
         <input_file_ref idref="fl-e5"/>
      </object_component>
      <object_component id="oc-10d">
         <name>.text:__TI_auto_init_nobinit_nopinit:__TI_auto_init_nobinit_nopinit</name>
         <load_address>0x2ea4</load_address>
         <run_address>0x2ea4</run_address>
         <size>0x44</size>
         <input_file_ref idref="fl-d4"/>
      </object_component>
      <object_component id="oc-30b">
         <name>.text:getdevice</name>
         <load_address>0x2ee8</load_address>
         <run_address>0x2ee8</run_address>
         <size>0x44</size>
         <input_file_ref idref="fl-d2"/>
      </object_component>
      <object_component id="oc-2e2">
         <name>.text:__TI_writemsg</name>
         <load_address>0x2f2c</load_address>
         <run_address>0x2f2c</run_address>
         <size>0x38</size>
         <input_file_ref idref="fl-e7"/>
      </object_component>
      <object_component id="oc-1d8">
         <name>.text:strncpy</name>
         <load_address>0x2f64</load_address>
         <run_address>0x2f64</run_address>
         <size>0x36</size>
         <input_file_ref idref="fl-da"/>
      </object_component>
      <object_component id="oc-203">
         <name>.text:__TI_cleanup</name>
         <load_address>0x2f9c</load_address>
         <run_address>0x2f9c</run_address>
         <size>0x34</size>
         <input_file_ref idref="fl-c3"/>
      </object_component>
      <object_component id="oc-2e8">
         <name>.text:__TI_readmsg</name>
         <load_address>0x2fd0</load_address>
         <run_address>0x2fd0</run_address>
         <size>0x34</size>
         <input_file_ref idref="fl-e7"/>
      </object_component>
      <object_component id="oc-58">
         <name>.text:_c_int00_noargs:_c_int00_noargs</name>
         <load_address>0x3004</load_address>
         <run_address>0x3004</run_address>
         <size>0x34</size>
         <input_file_ref idref="fl-cf"/>
      </object_component>
      <object_component id="oc-159">
         <name>.text:freopen</name>
         <load_address>0x3038</load_address>
         <run_address>0x3038</run_address>
         <size>0x34</size>
         <input_file_ref idref="fl-c3"/>
      </object_component>
      <object_component id="oc-1d2">
         <name>.text:finddevice</name>
         <load_address>0x306c</load_address>
         <run_address>0x306c</run_address>
         <size>0x30</size>
         <input_file_ref idref="fl-d2"/>
      </object_component>
      <object_component id="oc-2a5">
         <name>.text:unlink</name>
         <load_address>0x309c</load_address>
         <run_address>0x309c</run_address>
         <size>0x2c</size>
         <input_file_ref idref="fl-df"/>
      </object_component>
      <object_component id="oc-2b4">
         <name>.text:free_list_insert</name>
         <load_address>0x30c8</load_address>
         <run_address>0x30c8</run_address>
         <size>0x28</size>
         <input_file_ref idref="fl-cc"/>
      </object_component>
      <object_component id="oc-317">
         <name>.text:write</name>
         <load_address>0x30f0</load_address>
         <run_address>0x30f0</run_address>
         <size>0x28</size>
         <input_file_ref idref="fl-db"/>
      </object_component>
      <object_component id="oc-46">
         <name>.text:decompress:ZI:__TI_zero_init_nomemset:__TI_zero_init_nomemset</name>
         <load_address>0x3118</load_address>
         <run_address>0x3118</run_address>
         <size>0x1c</size>
         <input_file_ref idref="fl-c6"/>
      </object_component>
      <object_component id="oc-2ae">
         <name>.text:free_list_remove</name>
         <load_address>0x3134</load_address>
         <run_address>0x3134</run_address>
         <size>0x1c</size>
         <input_file_ref idref="fl-cc"/>
      </object_component>
      <object_component id="oc-246">
         <name>.text:strcmp</name>
         <load_address>0x3150</load_address>
         <run_address>0x3150</run_address>
         <size>0x18</size>
         <input_file_ref idref="fl-d9"/>
      </object_component>
      <object_component id="oc-34b">
         <name>.text:strchr</name>
         <load_address>0x3168</load_address>
         <run_address>0x3168</run_address>
         <size>0x16</size>
         <input_file_ref idref="fl-d8"/>
      </object_component>
      <object_component id="oc-2fc">
         <name>.text:strcpy</name>
         <load_address>0x317e</load_address>
         <run_address>0x317e</run_address>
         <size>0x14</size>
         <input_file_ref idref="fl-e8"/>
      </object_component>
      <object_component id="oc-2dc">
         <name>.text:strlen</name>
         <load_address>0x3192</load_address>
         <run_address>0x3192</run_address>
         <size>0x14</size>
         <input_file_ref idref="fl-e9"/>
      </object_component>
      <object_component id="oc-1d">
         <name>.text:decompress:none:__TI_decompress_none</name>
         <load_address>0x31a6</load_address>
         <run_address>0x31a6</run_address>
         <size>0xe</size>
         <input_file_ref idref="fl-c7"/>
      </object_component>
      <object_component id="oc-6a">
         <name>.text</name>
         <load_address>0x31b4</load_address>
         <run_address>0x31b4</run_address>
         <size>0xe</size>
         <input_file_ref idref="fl-8"/>
      </object_component>
      <object_component id="oc-1fd">
         <name>.text:malloc</name>
         <load_address>0x31c2</load_address>
         <run_address>0x31c2</run_address>
         <size>0x8</size>
         <input_file_ref idref="fl-cc"/>
      </object_component>
      <object_component id="oc-94">
         <name>.text:_system_pre_init</name>
         <load_address>0x31ca</load_address>
         <run_address>0x31ca</run_address>
         <size>0x4</size>
         <input_file_ref idref="fl-d5"/>
      </object_component>
      <object_component id="oc-101">
         <name>.text:abort:abort</name>
         <load_address>0x31ce</load_address>
         <run_address>0x31ce</run_address>
         <size>0x4</size>
         <input_file_ref idref="fl-c9"/>
      </object_component>
      <object_component id="oc-3a0">
         <name>.cinit..data.load</name>
         <load_address>0x31d8</load_address>
         <run_address>0x31d8</run_address>
         <size>0x7a</size>
      </object_component>
      <object_component id="oc-39e">
         <name>__TI_handler_table</name>
         <load_address>0x3254</load_address>
         <run_address>0x3254</run_address>
         <size>0xc</size>
      </object_component>
      <object_component id="oc-3a1">
         <name>.cinit..bss.load</name>
         <load_address>0x3260</load_address>
         <run_address>0x3260</run_address>
         <size>0x8</size>
      </object_component>
      <object_component id="oc-39f">
         <name>__TI_cinit_table</name>
         <load_address>0x3268</load_address>
         <run_address>0x3268</run_address>
         <size>0x10</size>
      </object_component>
      <object_component id="oc-372">
         <name>.binit</name>
         <load_address>0x0</load_address>
         <run_address>0x0</run_address>
         <size>0x0</size>
      </object_component>
      <object_component id="oc-182">
         <name>.data</name>
         <load_address>0x200007e4</load_address>
         <run_address>0x200007e4</run_address>
         <size>0x18</size>
         <input_file_ref idref="fl-2"/>
      </object_component>
      <object_component id="oc-e8">
         <name>.data</name>
         <load_address>0x200007fc</load_address>
         <run_address>0x200007fc</run_address>
         <size>0x14</size>
         <input_file_ref idref="fl-4"/>
      </object_component>
      <object_component id="oc-176">
         <name>.data</name>
         <load_address>0x2000083c</load_address>
         <run_address>0x2000083c</run_address>
         <size>0x4</size>
         <input_file_ref idref="fl-6"/>
      </object_component>
      <object_component id="oc-13f">
         <name>.data</name>
         <load_address>0x2000084c</load_address>
         <run_address>0x2000084c</run_address>
         <size>0x4</size>
         <input_file_ref idref="fl-9"/>
      </object_component>
      <object_component id="oc-1ea">
         <name>.data</name>
         <load_address>0x20000844</load_address>
         <run_address>0x20000844</run_address>
         <size>0x4</size>
         <input_file_ref idref="fl-c3"/>
      </object_component>
      <object_component id="oc-18f">
         <name>.data:$O1$$</name>
         <load_address>0x20000820</load_address>
         <run_address>0x20000820</run_address>
         <size>0xc</size>
         <input_file_ref idref="fl-c9"/>
      </object_component>
      <object_component id="oc-192">
         <name>.data:$O1$$</name>
         <load_address>0x2000082c</load_address>
         <run_address>0x2000082c</run_address>
         <size>0x8</size>
         <input_file_ref idref="fl-ca"/>
      </object_component>
      <object_component id="oc-165">
         <name>.data:_ftable</name>
         <load_address>0x2000062c</load_address>
         <run_address>0x2000062c</run_address>
         <size>0xf0</size>
         <input_file_ref idref="fl-cb"/>
      </object_component>
      <object_component id="oc-1eb">
         <name>.data</name>
         <load_address>0x20000810</load_address>
         <run_address>0x20000810</run_address>
         <size>0x10</size>
         <input_file_ref idref="fl-cb"/>
      </object_component>
      <object_component id="oc-325">
         <name>.data:$O1$$</name>
         <load_address>0x20000834</load_address>
         <run_address>0x20000834</run_address>
         <size>0x8</size>
         <input_file_ref idref="fl-cc"/>
      </object_component>
      <object_component id="oc-311">
         <name>.data</name>
         <load_address>0x20000848</load_address>
         <run_address>0x20000848</run_address>
         <size>0x4</size>
         <input_file_ref idref="fl-cd"/>
      </object_component>
      <object_component id="oc-1de">
         <name>.data</name>
         <load_address>0x20000840</load_address>
         <run_address>0x20000840</run_address>
         <size>0x4</size>
         <input_file_ref idref="fl-ce"/>
      </object_component>
      <object_component id="oc-1df">
         <name>.data:_device</name>
         <load_address>0x2000071c</load_address>
         <run_address>0x2000071c</run_address>
         <size>0x78</size>
         <input_file_ref idref="fl-dc"/>
      </object_component>
      <object_component id="oc-312">
         <name>.data:_stream</name>
         <load_address>0x20000794</load_address>
         <run_address>0x20000794</run_address>
         <size>0x50</size>
         <input_file_ref idref="fl-dc"/>
      </object_component>
      <object_component id="oc-179">
         <name>.bss</name>
         <uninitialized>true</uninitialized>
         <run_address>0x20000620</run_address>
         <size>0x4</size>
         <input_file_ref idref="fl-6"/>
      </object_component>
      <object_component id="oc-173">
         <name>.bss:RAMScoreboard</name>
         <uninitialized>true</uninitialized>
         <run_address>0x200005c0</run_address>
         <size>0x28</size>
         <input_file_ref idref="fl-6"/>
      </object_component>
      <object_component id="oc-335">
         <name>.bss:_CIOBUF_</name>
         <uninitialized>true</uninitialized>
         <run_address>0x20000400</run_address>
         <size>0x120</size>
         <input_file_ref idref="fl-e7"/>
      </object_component>
      <object_component id="oc-f7">
         <name>.common:DataArray</name>
         <uninitialized>true</uninitialized>
         <run_address>0x200005e8</run_address>
         <size>0x28</size>
      </object_component>
      <object_component id="oc-fa">
         <name>.common:SuccessfulWrites</name>
         <uninitialized>true</uninitialized>
         <run_address>0x20000628</run_address>
         <size>0x4</size>
      </object_component>
      <object_component id="oc-14c">
         <name>.common:Messageindexb</name>
         <uninitialized>true</uninitialized>
         <run_address>0x20000624</run_address>
         <size>0x4</size>
      </object_component>
      <object_component id="oc-149">
         <name>.common:Messageb</name>
         <uninitialized>true</uninitialized>
         <run_address>0x20000610</run_address>
         <size>0x8</size>
      </object_component>
      <object_component id="oc-2ab">
         <name>.common:__TI_tmpnams</name>
         <uninitialized>true</uninitialized>
         <run_address>0x20000520</run_address>
         <size>0xa0</size>
      </object_component>
      <object_component id="oc-2ee">
         <name>.common:parmbuf</name>
         <uninitialized>true</uninitialized>
         <run_address>0x20000618</run_address>
         <size>0x8</size>
      </object_component>
      <object_component id="oc-29">
         <name>.sysmem</name>
         <uninitialized>true</uninitialized>
         <run_address>0x20000000</run_address>
         <size>0x10</size>
         <input_file_ref idref="fl-cc"/>
      </object_component>
      <object_component id="oc-3a4">
         <name>.sysmem</name>
         <uninitialized>true</uninitialized>
         <run_address>0x20000000</run_address>
         <size>0x0</size>
      </object_component>
      <object_component id="oc-2c">
         <name>.stack</name>
         <uninitialized>true</uninitialized>
         <run_address>0x2000fe00</run_address>
         <size>0x4</size>
         <input_file_ref idref="fl-cf"/>
      </object_component>
      <object_component id="oc-3a3">
         <name>.stack</name>
         <uninitialized>true</uninitialized>
         <run_address>0x2000fe00</run_address>
         <size>0x0</size>
      </object_component>
      <object_component id="oc-148">
         <name>.debug_info</name>
         <load_address>0x0</load_address>
         <run_address>0x0</run_address>
         <size>0x540</size>
         <input_file_ref idref="fl-2"/>
      </object_component>
      <object_component id="oc-183">
         <name>.debug_info</name>
         <load_address>0x540</load_address>
         <run_address>0x540</run_address>
         <size>0x19c</size>
         <input_file_ref idref="fl-2"/>
      </object_component>
      <object_component id="oc-ed">
         <name>.debug_info</name>
         <load_address>0x6dc</load_address>
         <run_address>0x6dc</run_address>
         <size>0x3f6</size>
         <input_file_ref idref="fl-2"/>
      </object_component>
      <object_component id="oc-1b2">
         <name>.debug_info</name>
         <load_address>0xad2</load_address>
         <run_address>0xad2</run_address>
         <size>0x37e2</size>
         <input_file_ref idref="fl-2"/>
      </object_component>
      <object_component id="oc-b5">
         <name>.debug_info</name>
         <load_address>0x42b4</load_address>
         <run_address>0x42b4</run_address>
         <size>0x26b</size>
         <input_file_ref idref="fl-2"/>
      </object_component>
      <object_component id="oc-1b7">
         <name>.debug_info</name>
         <load_address>0x451f</load_address>
         <run_address>0x451f</run_address>
         <size>0x1055</size>
         <input_file_ref idref="fl-2"/>
      </object_component>
      <object_component id="oc-35">
         <name>.debug_info</name>
         <load_address>0x5574</load_address>
         <run_address>0x5574</run_address>
         <size>0x84</size>
         <input_file_ref idref="fl-2"/>
      </object_component>
      <object_component id="oc-143">
         <name>.debug_info</name>
         <load_address>0x55f8</load_address>
         <run_address>0x55f8</run_address>
         <size>0x2a4</size>
         <input_file_ref idref="fl-2"/>
      </object_component>
      <object_component id="oc-fc">
         <name>.debug_info</name>
         <load_address>0x589c</load_address>
         <run_address>0x589c</run_address>
         <size>0xbb</size>
         <input_file_ref idref="fl-2"/>
      </object_component>
      <object_component id="oc-17f">
         <name>.debug_info</name>
         <load_address>0x5957</load_address>
         <run_address>0x5957</run_address>
         <size>0x29a</size>
         <input_file_ref idref="fl-3"/>
      </object_component>
      <object_component id="oc-e3">
         <name>.debug_info</name>
         <load_address>0x5bf1</load_address>
         <run_address>0x5bf1</run_address>
         <size>0xce7</size>
         <input_file_ref idref="fl-3"/>
      </object_component>
      <object_component id="oc-f8">
         <name>.debug_info</name>
         <load_address>0x68d8</load_address>
         <run_address>0x68d8</run_address>
         <size>0x636</size>
         <input_file_ref idref="fl-4"/>
      </object_component>
      <object_component id="oc-e9">
         <name>.debug_info</name>
         <load_address>0x6f0e</load_address>
         <run_address>0x6f0e</run_address>
         <size>0xd2</size>
         <input_file_ref idref="fl-4"/>
      </object_component>
      <object_component id="oc-9b">
         <name>.debug_info</name>
         <load_address>0x6fe0</load_address>
         <run_address>0x6fe0</run_address>
         <size>0xd55</size>
         <input_file_ref idref="fl-4"/>
      </object_component>
      <object_component id="oc-189">
         <name>.debug_info</name>
         <load_address>0x7d35</load_address>
         <run_address>0x7d35</run_address>
         <size>0x8a</size>
         <input_file_ref idref="fl-4"/>
      </object_component>
      <object_component id="oc-f5">
         <name>.debug_info</name>
         <load_address>0x7dbf</load_address>
         <run_address>0x7dbf</run_address>
         <size>0x37e</size>
         <input_file_ref idref="fl-5"/>
      </object_component>
      <object_component id="oc-17d">
         <name>.debug_info</name>
         <load_address>0x813d</load_address>
         <run_address>0x813d</run_address>
         <size>0x2d1</size>
         <input_file_ref idref="fl-6"/>
      </object_component>
      <object_component id="oc-177">
         <name>.debug_info</name>
         <load_address>0x840e</load_address>
         <run_address>0x840e</run_address>
         <size>0xd2</size>
         <input_file_ref idref="fl-6"/>
      </object_component>
      <object_component id="oc-17a">
         <name>.debug_info</name>
         <load_address>0x84e0</load_address>
         <run_address>0x84e0</run_address>
         <size>0xce</size>
         <input_file_ref idref="fl-6"/>
      </object_component>
      <object_component id="oc-174">
         <name>.debug_info</name>
         <load_address>0x85ae</load_address>
         <run_address>0x85ae</run_address>
         <size>0xd8</size>
         <input_file_ref idref="fl-6"/>
      </object_component>
      <object_component id="oc-de">
         <name>.debug_info</name>
         <load_address>0x8686</load_address>
         <run_address>0x8686</run_address>
         <size>0x3d5</size>
         <input_file_ref idref="fl-6"/>
      </object_component>
      <object_component id="oc-14a">
         <name>.debug_info</name>
         <load_address>0x8a5b</load_address>
         <run_address>0x8a5b</run_address>
         <size>0x79d</size>
         <input_file_ref idref="fl-7"/>
      </object_component>
      <object_component id="oc-d8">
         <name>.debug_info</name>
         <load_address>0x91f8</load_address>
         <run_address>0x91f8</run_address>
         <size>0x1c84</size>
         <input_file_ref idref="fl-7"/>
      </object_component>
      <object_component id="oc-1be">
         <name>.debug_info</name>
         <load_address>0xae7c</load_address>
         <run_address>0xae7c</run_address>
         <size>0x37e2</size>
         <input_file_ref idref="fl-7"/>
      </object_component>
      <object_component id="oc-1c8">
         <name>.debug_info</name>
         <load_address>0xe65e</load_address>
         <run_address>0xe65e</run_address>
         <size>0x26b</size>
         <input_file_ref idref="fl-7"/>
      </object_component>
      <object_component id="oc-1c3">
         <name>.debug_info</name>
         <load_address>0xe8c9</load_address>
         <run_address>0xe8c9</run_address>
         <size>0x1055</size>
         <input_file_ref idref="fl-7"/>
      </object_component>
      <object_component id="oc-214">
         <name>.debug_info</name>
         <load_address>0xf91e</load_address>
         <run_address>0xf91e</run_address>
         <size>0x297</size>
         <input_file_ref idref="fl-7"/>
      </object_component>
      <object_component id="oc-169">
         <name>.debug_info</name>
         <load_address>0xfbb5</load_address>
         <run_address>0xfbb5</run_address>
         <size>0xbb</size>
         <input_file_ref idref="fl-7"/>
      </object_component>
      <object_component id="oc-1cd">
         <name>.debug_info</name>
         <load_address>0xfc70</load_address>
         <run_address>0xfc70</run_address>
         <size>0xcc</size>
         <input_file_ref idref="fl-7"/>
      </object_component>
      <object_component id="oc-16e">
         <name>.debug_info</name>
         <load_address>0xfd3c</load_address>
         <run_address>0xfd3c</run_address>
         <size>0x2c</size>
         <input_file_ref idref="fl-7"/>
      </object_component>
      <object_component id="oc-72">
         <name>.debug_info</name>
         <load_address>0xfd68</load_address>
         <run_address>0xfd68</run_address>
         <size>0x2c0</size>
         <input_file_ref idref="fl-8"/>
      </object_component>
      <object_component id="oc-27">
         <name>.debug_info</name>
         <load_address>0x10028</load_address>
         <run_address>0x10028</run_address>
         <size>0xec</size>
         <input_file_ref idref="fl-8"/>
      </object_component>
      <object_component id="oc-6c">
         <name>.debug_info</name>
         <load_address>0x10114</load_address>
         <run_address>0x10114</run_address>
         <size>0x1b3</size>
         <input_file_ref idref="fl-8"/>
      </object_component>
      <object_component id="oc-140">
         <name>.debug_info</name>
         <load_address>0x102c7</load_address>
         <run_address>0x102c7</run_address>
         <size>0xe5</size>
         <input_file_ref idref="fl-9"/>
      </object_component>
      <object_component id="oc-ad">
         <name>.debug_info</name>
         <load_address>0x103ac</load_address>
         <run_address>0x103ac</run_address>
         <size>0x257</size>
         <input_file_ref idref="fl-9"/>
      </object_component>
      <object_component id="oc-1ef">
         <name>.debug_info</name>
         <load_address>0x10603</load_address>
         <run_address>0x10603</run_address>
         <size>0x3f5</size>
         <input_file_ref idref="fl-c3"/>
      </object_component>
      <object_component id="oc-1e5">
         <name>.debug_info</name>
         <load_address>0x109f8</load_address>
         <run_address>0x109f8</run_address>
         <size>0x20e</size>
         <input_file_ref idref="fl-c3"/>
      </object_component>
      <object_component id="oc-204">
         <name>.debug_info</name>
         <load_address>0x10c06</load_address>
         <run_address>0x10c06</run_address>
         <size>0x176</size>
         <input_file_ref idref="fl-c3"/>
      </object_component>
      <object_component id="oc-15b">
         <name>.debug_info</name>
         <load_address>0x10d7c</load_address>
         <run_address>0x10d7c</run_address>
         <size>0x1e4</size>
         <input_file_ref idref="fl-c3"/>
      </object_component>
      <object_component id="oc-155">
         <name>.debug_info</name>
         <load_address>0x10f60</load_address>
         <run_address>0x10f60</run_address>
         <size>0x1cd</size>
         <input_file_ref idref="fl-c3"/>
      </object_component>
      <object_component id="oc-bc">
         <name>.debug_info</name>
         <load_address>0x1112d</load_address>
         <run_address>0x1112d</run_address>
         <size>0x2c</size>
         <input_file_ref idref="fl-c3"/>
      </object_component>
      <object_component id="oc-294">
         <name>.debug_info</name>
         <load_address>0x11159</load_address>
         <run_address>0x11159</run_address>
         <size>0xb2</size>
         <input_file_ref idref="fl-c3"/>
      </object_component>
      <object_component id="oc-20a">
         <name>.debug_info</name>
         <load_address>0x1120b</load_address>
         <run_address>0x1120b</run_address>
         <size>0x374</size>
         <input_file_ref idref="fl-c4"/>
      </object_component>
      <object_component id="oc-162">
         <name>.debug_info</name>
         <load_address>0x1157f</load_address>
         <run_address>0x1157f</run_address>
         <size>0x20b</size>
         <input_file_ref idref="fl-c4"/>
      </object_component>
      <object_component id="oc-20b">
         <name>.debug_info</name>
         <load_address>0x1178a</load_address>
         <run_address>0x1178a</run_address>
         <size>0xbf</size>
         <input_file_ref idref="fl-c4"/>
      </object_component>
      <object_component id="oc-8f">
         <name>.debug_info</name>
         <load_address>0x11849</load_address>
         <run_address>0x11849</run_address>
         <size>0x147</size>
         <input_file_ref idref="fl-c5"/>
      </object_component>
      <object_component id="oc-8d">
         <name>.debug_info</name>
         <load_address>0x11990</load_address>
         <run_address>0x11990</run_address>
         <size>0x2d4</size>
         <input_file_ref idref="fl-c6"/>
      </object_component>
      <object_component id="oc-4a">
         <name>.debug_info</name>
         <load_address>0x11c64</load_address>
         <run_address>0x11c64</run_address>
         <size>0x1d2</size>
         <input_file_ref idref="fl-c6"/>
      </object_component>
      <object_component id="oc-88">
         <name>.debug_info</name>
         <load_address>0x11e36</load_address>
         <run_address>0x11e36</run_address>
         <size>0x46</size>
         <input_file_ref idref="fl-c6"/>
      </object_component>
      <object_component id="oc-cd">
         <name>.debug_info</name>
         <load_address>0x11e7c</load_address>
         <run_address>0x11e7c</run_address>
         <size>0x2c</size>
         <input_file_ref idref="fl-c6"/>
      </object_component>
      <object_component id="oc-45">
         <name>.debug_info</name>
         <load_address>0x11ea8</load_address>
         <run_address>0x11ea8</run_address>
         <size>0x2a8</size>
         <input_file_ref idref="fl-c7"/>
      </object_component>
      <object_component id="oc-21">
         <name>.debug_info</name>
         <load_address>0x12150</load_address>
         <run_address>0x12150</run_address>
         <size>0x1ea</size>
         <input_file_ref idref="fl-c7"/>
      </object_component>
      <object_component id="oc-40">
         <name>.debug_info</name>
         <load_address>0x1233a</load_address>
         <run_address>0x1233a</run_address>
         <size>0x46</size>
         <input_file_ref idref="fl-c7"/>
      </object_component>
      <object_component id="oc-80">
         <name>.debug_info</name>
         <load_address>0x12380</load_address>
         <run_address>0x12380</run_address>
         <size>0x2c</size>
         <input_file_ref idref="fl-c7"/>
      </object_component>
      <object_component id="oc-7e">
         <name>.debug_info</name>
         <load_address>0x123ac</load_address>
         <run_address>0x123ac</run_address>
         <size>0x29e</size>
         <input_file_ref idref="fl-c8"/>
      </object_component>
      <object_component id="oc-1a">
         <name>.debug_info</name>
         <load_address>0x1264a</load_address>
         <run_address>0x1264a</run_address>
         <size>0x250</size>
         <input_file_ref idref="fl-c8"/>
      </object_component>
      <object_component id="oc-30">
         <name>.debug_info</name>
         <load_address>0x1289a</load_address>
         <run_address>0x1289a</run_address>
         <size>0x60</size>
         <input_file_ref idref="fl-c8"/>
      </object_component>
      <object_component id="oc-c6">
         <name>.debug_info</name>
         <load_address>0x128fa</load_address>
         <run_address>0x128fa</run_address>
         <size>0x46</size>
         <input_file_ref idref="fl-c8"/>
      </object_component>
      <object_component id="oc-79">
         <name>.debug_info</name>
         <load_address>0x12940</load_address>
         <run_address>0x12940</run_address>
         <size>0x39</size>
         <input_file_ref idref="fl-c8"/>
      </object_component>
      <object_component id="oc-196">
         <name>.debug_info</name>
         <load_address>0x12979</load_address>
         <run_address>0x12979</run_address>
         <size>0x3ad</size>
         <input_file_ref idref="fl-c9"/>
      </object_component>
      <object_component id="oc-190">
         <name>.debug_info</name>
         <load_address>0x12d26</load_address>
         <run_address>0x12d26</run_address>
         <size>0x190</size>
         <input_file_ref idref="fl-c9"/>
      </object_component>
      <object_component id="oc-104">
         <name>.debug_info</name>
         <load_address>0x12eb6</load_address>
         <run_address>0x12eb6</run_address>
         <size>0x122</size>
         <input_file_ref idref="fl-c9"/>
      </object_component>
      <object_component id="oc-10a">
         <name>.debug_info</name>
         <load_address>0x12fd8</load_address>
         <run_address>0x12fd8</run_address>
         <size>0x184</size>
         <input_file_ref idref="fl-c9"/>
      </object_component>
      <object_component id="oc-22f">
         <name>.debug_info</name>
         <load_address>0x1315c</load_address>
         <run_address>0x1315c</run_address>
         <size>0x2c9</size>
         <input_file_ref idref="fl-ca"/>
      </object_component>
      <object_component id="oc-193">
         <name>.debug_info</name>
         <load_address>0x13425</load_address>
         <run_address>0x13425</run_address>
         <size>0x11e</size>
         <input_file_ref idref="fl-ca"/>
      </object_component>
      <object_component id="oc-228">
         <name>.debug_info</name>
         <load_address>0x13543</load_address>
         <run_address>0x13543</run_address>
         <size>0x12e</size>
         <input_file_ref idref="fl-ca"/>
      </object_component>
      <object_component id="oc-212">
         <name>.debug_info</name>
         <load_address>0x13671</load_address>
         <run_address>0x13671</run_address>
         <size>0x144</size>
         <input_file_ref idref="fl-cb"/>
      </object_component>
      <object_component id="oc-166">
         <name>.debug_info</name>
         <load_address>0x137b5</load_address>
         <run_address>0x137b5</run_address>
         <size>0x102</size>
         <input_file_ref idref="fl-cb"/>
      </object_component>
      <object_component id="oc-1ec">
         <name>.debug_info</name>
         <load_address>0x138b7</load_address>
         <run_address>0x138b7</run_address>
         <size>0x18f</size>
         <input_file_ref idref="fl-cb"/>
      </object_component>
      <object_component id="oc-75">
         <name>.debug_info</name>
         <load_address>0x13a46</load_address>
         <run_address>0x13a46</run_address>
         <size>0x3b2</size>
         <input_file_ref idref="fl-cc"/>
      </object_component>
      <object_component id="oc-2a">
         <name>.debug_info</name>
         <load_address>0x13df8</load_address>
         <run_address>0x13df8</run_address>
         <size>0x10c</size>
         <input_file_ref idref="fl-cc"/>
      </object_component>
      <object_component id="oc-326">
         <name>.debug_info</name>
         <load_address>0x13f04</load_address>
         <run_address>0x13f04</run_address>
         <size>0x13f</size>
         <input_file_ref idref="fl-cc"/>
      </object_component>
      <object_component id="oc-1ff">
         <name>.debug_info</name>
         <load_address>0x14043</load_address>
         <run_address>0x14043</run_address>
         <size>0x168</size>
         <input_file_ref idref="fl-cc"/>
      </object_component>
      <object_component id="oc-2b1">
         <name>.debug_info</name>
         <load_address>0x141ab</load_address>
         <run_address>0x141ab</run_address>
         <size>0x18e</size>
         <input_file_ref idref="fl-cc"/>
      </object_component>
      <object_component id="oc-2b6">
         <name>.debug_info</name>
         <load_address>0x14339</load_address>
         <run_address>0x14339</run_address>
         <size>0x19f</size>
         <input_file_ref idref="fl-cc"/>
      </object_component>
      <object_component id="oc-1f8">
         <name>.debug_info</name>
         <load_address>0x144d8</load_address>
         <run_address>0x144d8</run_address>
         <size>0x203</size>
         <input_file_ref idref="fl-cc"/>
      </object_component>
      <object_component id="oc-32c">
         <name>.debug_info</name>
         <load_address>0x146db</load_address>
         <run_address>0x146db</run_address>
         <size>0x1db</size>
         <input_file_ref idref="fl-cc"/>
      </object_component>
      <object_component id="oc-2be">
         <name>.debug_info</name>
         <load_address>0x148b6</load_address>
         <run_address>0x148b6</run_address>
         <size>0x299</size>
         <input_file_ref idref="fl-cc"/>
      </object_component>
      <object_component id="oc-c1">
         <name>.debug_info</name>
         <load_address>0x14b4f</load_address>
         <run_address>0x14b4f</run_address>
         <size>0xb2</size>
         <input_file_ref idref="fl-cc"/>
      </object_component>
      <object_component id="oc-316">
         <name>.debug_info</name>
         <load_address>0x14c01</load_address>
         <run_address>0x14c01</run_address>
         <size>0x402</size>
         <input_file_ref idref="fl-cd"/>
      </object_component>
      <object_component id="oc-28b">
         <name>.debug_info</name>
         <load_address>0x15003</load_address>
         <run_address>0x15003</run_address>
         <size>0x245</size>
         <input_file_ref idref="fl-cd"/>
      </object_component>
      <object_component id="oc-306">
         <name>.debug_info</name>
         <load_address>0x15248</load_address>
         <run_address>0x15248</run_address>
         <size>0x120</size>
         <input_file_ref idref="fl-cd"/>
      </object_component>
      <object_component id="oc-1e3">
         <name>.debug_info</name>
         <load_address>0x15368</load_address>
         <run_address>0x15368</run_address>
         <size>0x445</size>
         <input_file_ref idref="fl-ce"/>
      </object_component>
      <object_component id="oc-14e">
         <name>.debug_info</name>
         <load_address>0x157ad</load_address>
         <run_address>0x157ad</run_address>
         <size>0x2db</size>
         <input_file_ref idref="fl-ce"/>
      </object_component>
      <object_component id="oc-284">
         <name>.debug_info</name>
         <load_address>0x15a88</load_address>
         <run_address>0x15a88</run_address>
         <size>0xea</size>
         <input_file_ref idref="fl-ce"/>
      </object_component>
      <object_component id="oc-27f">
         <name>.debug_info</name>
         <load_address>0x15b72</load_address>
         <run_address>0x15b72</run_address>
         <size>0x2c</size>
         <input_file_ref idref="fl-ce"/>
      </object_component>
      <object_component id="oc-2d">
         <name>.debug_info</name>
         <load_address>0x15b9e</load_address>
         <run_address>0x15b9e</run_address>
         <size>0x10b</size>
         <input_file_ref idref="fl-cf"/>
      </object_component>
      <object_component id="oc-59">
         <name>.debug_info</name>
         <load_address>0x15ca9</load_address>
         <run_address>0x15ca9</run_address>
         <size>0x1a9</size>
         <input_file_ref idref="fl-cf"/>
      </object_component>
      <object_component id="oc-2ad">
         <name>.debug_info</name>
         <load_address>0x15e52</load_address>
         <run_address>0x15e52</run_address>
         <size>0x3a5</size>
         <input_file_ref idref="fl-d0"/>
      </object_component>
      <object_component id="oc-1f3">
         <name>.debug_info</name>
         <load_address>0x161f7</load_address>
         <run_address>0x161f7</run_address>
         <size>0x1f3</size>
         <input_file_ref idref="fl-d0"/>
      </object_component>
      <object_component id="oc-31e">
         <name>.debug_info</name>
         <load_address>0x163ea</load_address>
         <run_address>0x163ea</run_address>
         <size>0x347</size>
         <input_file_ref idref="fl-d1"/>
      </object_component>
      <object_component id="oc-29c">
         <name>.debug_info</name>
         <load_address>0x16731</load_address>
         <run_address>0x16731</run_address>
         <size>0x18a</size>
         <input_file_ref idref="fl-d1"/>
      </object_component>
      <object_component id="oc-24d">
         <name>.debug_info</name>
         <load_address>0x168bb</load_address>
         <run_address>0x168bb</run_address>
         <size>0x42c</size>
         <input_file_ref idref="fl-d2"/>
      </object_component>
      <object_component id="oc-1d5">
         <name>.debug_info</name>
         <load_address>0x16ce7</load_address>
         <run_address>0x16ce7</run_address>
         <size>0x192</size>
         <input_file_ref idref="fl-d2"/>
      </object_component>
      <object_component id="oc-30c">
         <name>.debug_info</name>
         <load_address>0x16e79</load_address>
         <run_address>0x16e79</run_address>
         <size>0x1eb</size>
         <input_file_ref idref="fl-d2"/>
      </object_component>
      <object_component id="oc-3b">
         <name>.debug_info</name>
         <load_address>0x17064</load_address>
         <run_address>0x17064</run_address>
         <size>0x119</size>
         <input_file_ref idref="fl-d3"/>
      </object_component>
      <object_component id="oc-199">
         <name>.debug_info</name>
         <load_address>0x1717d</load_address>
         <run_address>0x1717d</run_address>
         <size>0x4b3</size>
         <input_file_ref idref="fl-d4"/>
      </object_component>
      <object_component id="oc-10e">
         <name>.debug_info</name>
         <load_address>0x17630</load_address>
         <run_address>0x17630</run_address>
         <size>0x1a6</size>
         <input_file_ref idref="fl-d4"/>
      </object_component>
      <object_component id="oc-235">
         <name>.debug_info</name>
         <load_address>0x177d6</load_address>
         <run_address>0x177d6</run_address>
         <size>0x39</size>
         <input_file_ref idref="fl-d4"/>
      </object_component>
      <object_component id="oc-2ca">
         <name>.debug_info</name>
         <load_address>0x1780f</load_address>
         <run_address>0x1780f</run_address>
         <size>0x39</size>
         <input_file_ref idref="fl-d4"/>
      </object_component>
      <object_component id="oc-23a">
         <name>.debug_info</name>
         <load_address>0x17848</load_address>
         <run_address>0x17848</run_address>
         <size>0x39</size>
         <input_file_ref idref="fl-d4"/>
      </object_component>
      <object_component id="oc-23f">
         <name>.debug_info</name>
         <load_address>0x17881</load_address>
         <run_address>0x17881</run_address>
         <size>0xcd</size>
         <input_file_ref idref="fl-d4"/>
      </object_component>
      <object_component id="oc-97">
         <name>.debug_info</name>
         <load_address>0x1794e</load_address>
         <run_address>0x1794e</run_address>
         <size>0x153</size>
         <input_file_ref idref="fl-d5"/>
      </object_component>
      <object_component id="oc-36a">
         <name>.debug_info</name>
         <load_address>0x17aa1</load_address>
         <run_address>0x17aa1</run_address>
         <size>0x29a</size>
         <input_file_ref idref="fl-d8"/>
      </object_component>
      <object_component id="oc-34c">
         <name>.debug_info</name>
         <load_address>0x17d3b</load_address>
         <run_address>0x17d3b</run_address>
         <size>0x262</size>
         <input_file_ref idref="fl-d8"/>
      </object_component>
      <object_component id="oc-2d7">
         <name>.debug_info</name>
         <load_address>0x17f9d</load_address>
         <run_address>0x17f9d</run_address>
         <size>0x28a</size>
         <input_file_ref idref="fl-d9"/>
      </object_component>
      <object_component id="oc-249">
         <name>.debug_info</name>
         <load_address>0x18227</load_address>
         <run_address>0x18227</run_address>
         <size>0x273</size>
         <input_file_ref idref="fl-d9"/>
      </object_component>
      <object_component id="oc-24f">
         <name>.debug_info</name>
         <load_address>0x1849a</load_address>
         <run_address>0x1849a</run_address>
         <size>0x2af</size>
         <input_file_ref idref="fl-da"/>
      </object_component>
      <object_component id="oc-1db">
         <name>.debug_info</name>
         <load_address>0x18749</load_address>
         <run_address>0x18749</run_address>
         <size>0x277</size>
         <input_file_ref idref="fl-da"/>
      </object_component>
      <object_component id="oc-357">
         <name>.debug_info</name>
         <load_address>0x189c0</load_address>
         <run_address>0x189c0</run_address>
         <size>0x397</size>
         <input_file_ref idref="fl-db"/>
      </object_component>
      <object_component id="oc-31b">
         <name>.debug_info</name>
         <load_address>0x18d57</load_address>
         <run_address>0x18d57</run_address>
         <size>0x18f</size>
         <input_file_ref idref="fl-db"/>
      </object_component>
      <object_component id="oc-27c">
         <name>.debug_info</name>
         <load_address>0x18ee6</load_address>
         <run_address>0x18ee6</run_address>
         <size>0x337</size>
         <input_file_ref idref="fl-dc"/>
      </object_component>
      <object_component id="oc-1e0">
         <name>.debug_info</name>
         <load_address>0x1921d</load_address>
         <run_address>0x1921d</run_address>
         <size>0x109</size>
         <input_file_ref idref="fl-dc"/>
      </object_component>
      <object_component id="oc-313">
         <name>.debug_info</name>
         <load_address>0x19326</load_address>
         <run_address>0x19326</run_address>
         <size>0x109</size>
         <input_file_ref idref="fl-dc"/>
      </object_component>
      <object_component id="oc-320">
         <name>.debug_info</name>
         <load_address>0x1942f</load_address>
         <run_address>0x1942f</run_address>
         <size>0x3cf</size>
         <input_file_ref idref="fl-de"/>
      </object_component>
      <object_component id="oc-2a0">
         <name>.debug_info</name>
         <load_address>0x197fe</load_address>
         <run_address>0x197fe</run_address>
         <size>0x195</size>
         <input_file_ref idref="fl-de"/>
      </object_component>
      <object_component id="oc-322">
         <name>.debug_info</name>
         <load_address>0x19993</load_address>
         <run_address>0x19993</run_address>
         <size>0x3d1</size>
         <input_file_ref idref="fl-df"/>
      </object_component>
      <object_component id="oc-2a7">
         <name>.debug_info</name>
         <load_address>0x19d64</load_address>
         <run_address>0x19d64</run_address>
         <size>0x1a5</size>
         <input_file_ref idref="fl-df"/>
      </object_component>
      <object_component id="oc-2f3">
         <name>.debug_info</name>
         <load_address>0x19f09</load_address>
         <run_address>0x19f09</run_address>
         <size>0x373</size>
         <input_file_ref idref="fl-e0"/>
      </object_component>
      <object_component id="oc-259">
         <name>.debug_info</name>
         <load_address>0x1a27c</load_address>
         <run_address>0x1a27c</run_address>
         <size>0x1bc</size>
         <input_file_ref idref="fl-e0"/>
      </object_component>
      <object_component id="oc-2f9">
         <name>.debug_info</name>
         <load_address>0x1a438</load_address>
         <run_address>0x1a438</run_address>
         <size>0x378</size>
         <input_file_ref idref="fl-e1"/>
      </object_component>
      <object_component id="oc-26b">
         <name>.debug_info</name>
         <load_address>0x1a7b0</load_address>
         <run_address>0x1a7b0</run_address>
         <size>0x210</size>
         <input_file_ref idref="fl-e1"/>
      </object_component>
      <object_component id="oc-2ef">
         <name>.debug_info</name>
         <load_address>0x1a9c0</load_address>
         <run_address>0x1a9c0</run_address>
         <size>0x3a3</size>
         <input_file_ref idref="fl-e2"/>
      </object_component>
      <object_component id="oc-251">
         <name>.debug_info</name>
         <load_address>0x1ad63</load_address>
         <run_address>0x1ad63</run_address>
         <size>0x20c</size>
         <input_file_ref idref="fl-e2"/>
      </object_component>
      <object_component id="oc-2f5">
         <name>.debug_info</name>
         <load_address>0x1af6f</load_address>
         <run_address>0x1af6f</run_address>
         <size>0x377</size>
         <input_file_ref idref="fl-e3"/>
      </object_component>
      <object_component id="oc-260">
         <name>.debug_info</name>
         <load_address>0x1b2e6</load_address>
         <run_address>0x1b2e6</run_address>
         <size>0x1fb</size>
         <input_file_ref idref="fl-e3"/>
      </object_component>
      <object_component id="oc-303">
         <name>.debug_info</name>
         <load_address>0x1b4e1</load_address>
         <run_address>0x1b4e1</run_address>
         <size>0x3d5</size>
         <input_file_ref idref="fl-e4"/>
      </object_component>
      <object_component id="oc-278">
         <name>.debug_info</name>
         <load_address>0x1b8b6</load_address>
         <run_address>0x1b8b6</run_address>
         <size>0x236</size>
         <input_file_ref idref="fl-e4"/>
      </object_component>
      <object_component id="oc-2fb">
         <name>.debug_info</name>
         <load_address>0x1baec</load_address>
         <run_address>0x1baec</run_address>
         <size>0x396</size>
         <input_file_ref idref="fl-e5"/>
      </object_component>
      <object_component id="oc-272">
         <name>.debug_info</name>
         <load_address>0x1be82</load_address>
         <run_address>0x1be82</run_address>
         <size>0x1c6</size>
         <input_file_ref idref="fl-e5"/>
      </object_component>
      <object_component id="oc-2f7">
         <name>.debug_info</name>
         <load_address>0x1c048</load_address>
         <run_address>0x1c048</run_address>
         <size>0x378</size>
         <input_file_ref idref="fl-e6"/>
      </object_component>
      <object_component id="oc-263">
         <name>.debug_info</name>
         <load_address>0x1c3c0</load_address>
         <run_address>0x1c3c0</run_address>
         <size>0x200</size>
         <input_file_ref idref="fl-e6"/>
      </object_component>
      <object_component id="oc-339">
         <name>.debug_info</name>
         <load_address>0x1c5c0</load_address>
         <run_address>0x1c5c0</run_address>
         <size>0x2bb</size>
         <input_file_ref idref="fl-e7"/>
      </object_component>
      <object_component id="oc-336">
         <name>.debug_info</name>
         <load_address>0x1c87b</load_address>
         <run_address>0x1c87b</run_address>
         <size>0x108</size>
         <input_file_ref idref="fl-e7"/>
      </object_component>
      <object_component id="oc-2e3">
         <name>.debug_info</name>
         <load_address>0x1c983</load_address>
         <run_address>0x1c983</run_address>
         <size>0x1df</size>
         <input_file_ref idref="fl-e7"/>
      </object_component>
      <object_component id="oc-2ea">
         <name>.debug_info</name>
         <load_address>0x1cb62</load_address>
         <run_address>0x1cb62</run_address>
         <size>0x19a</size>
         <input_file_ref idref="fl-e7"/>
      </object_component>
      <object_component id="oc-348">
         <name>.debug_info</name>
         <load_address>0x1ccfc</load_address>
         <run_address>0x1ccfc</run_address>
         <size>0x2a4</size>
         <input_file_ref idref="fl-e8"/>
      </object_component>
      <object_component id="oc-2fe">
         <name>.debug_info</name>
         <load_address>0x1cfa0</load_address>
         <run_address>0x1cfa0</run_address>
         <size>0x24d</size>
         <input_file_ref idref="fl-e8"/>
      </object_component>
      <object_component id="oc-334">
         <name>.debug_info</name>
         <load_address>0x1d1ed</load_address>
         <run_address>0x1d1ed</run_address>
         <size>0x28f</size>
         <input_file_ref idref="fl-e9"/>
      </object_component>
      <object_component id="oc-2dd">
         <name>.debug_info</name>
         <load_address>0x1d47c</load_address>
         <run_address>0x1d47c</run_address>
         <size>0x245</size>
         <input_file_ref idref="fl-e9"/>
      </object_component>
      <object_component id="oc-3a5">
         <name>.debug_info</name>
         <load_address>0x1d6c1</load_address>
         <run_address>0x1d6c1</run_address>
         <size>0x98</size>
      </object_component>
      <object_component id="oc-1b1">
         <name>.debug_line</name>
         <load_address>0x0</load_address>
         <run_address>0x0</run_address>
         <size>0x20</size>
         <input_file_ref idref="fl-2"/>
      </object_component>
      <object_component id="oc-224">
         <name>.debug_line</name>
         <load_address>0x20</load_address>
         <run_address>0x20</run_address>
         <size>0x4d</size>
         <input_file_ref idref="fl-2"/>
      </object_component>
      <object_component id="oc-ef">
         <name>.debug_line</name>
         <load_address>0x6d</load_address>
         <run_address>0x6d</run_address>
         <size>0x11a</size>
         <input_file_ref idref="fl-2"/>
      </object_component>
      <object_component id="oc-1b5">
         <name>.debug_line</name>
         <load_address>0x187</load_address>
         <run_address>0x187</run_address>
         <size>0x58</size>
         <input_file_ref idref="fl-2"/>
      </object_component>
      <object_component id="oc-b8">
         <name>.debug_line</name>
         <load_address>0x1df</load_address>
         <run_address>0x1df</run_address>
         <size>0x6f</size>
         <input_file_ref idref="fl-2"/>
      </object_component>
      <object_component id="oc-1ba">
         <name>.debug_line</name>
         <load_address>0x24e</load_address>
         <run_address>0x24e</run_address>
         <size>0x5b</size>
         <input_file_ref idref="fl-2"/>
      </object_component>
      <object_component id="oc-38">
         <name>.debug_line</name>
         <load_address>0x2a9</load_address>
         <run_address>0x2a9</run_address>
         <size>0x20</size>
         <input_file_ref idref="fl-2"/>
      </object_component>
      <object_component id="oc-146">
         <name>.debug_line</name>
         <load_address>0x2c9</load_address>
         <run_address>0x2c9</run_address>
         <size>0x73</size>
         <input_file_ref idref="fl-2"/>
      </object_component>
      <object_component id="oc-ff">
         <name>.debug_line</name>
         <load_address>0x33c</load_address>
         <run_address>0x33c</run_address>
         <size>0x70</size>
         <input_file_ref idref="fl-2"/>
      </object_component>
      <object_component id="oc-222">
         <name>.debug_line</name>
         <load_address>0x3ac</load_address>
         <run_address>0x3ac</run_address>
         <size>0x20</size>
         <input_file_ref idref="fl-3"/>
      </object_component>
      <object_component id="oc-e6">
         <name>.debug_line</name>
         <load_address>0x3cc</load_address>
         <run_address>0x3cc</run_address>
         <size>0x56a</size>
         <input_file_ref idref="fl-3"/>
      </object_component>
      <object_component id="oc-188">
         <name>.debug_line</name>
         <load_address>0x936</load_address>
         <run_address>0x936</run_address>
         <size>0xa8</size>
         <input_file_ref idref="fl-4"/>
      </object_component>
      <object_component id="oc-181">
         <name>.debug_line</name>
         <load_address>0x9de</load_address>
         <run_address>0x9de</run_address>
         <size>0x36</size>
         <input_file_ref idref="fl-4"/>
      </object_component>
      <object_component id="oc-9e">
         <name>.debug_line</name>
         <load_address>0xa14</load_address>
         <run_address>0xa14</run_address>
         <size>0x202</size>
         <input_file_ref idref="fl-4"/>
      </object_component>
      <object_component id="oc-18c">
         <name>.debug_line</name>
         <load_address>0xc16</load_address>
         <run_address>0xc16</run_address>
         <size>0x33</size>
         <input_file_ref idref="fl-4"/>
      </object_component>
      <object_component id="oc-f4">
         <name>.debug_line</name>
         <load_address>0xc49</load_address>
         <run_address>0xc49</run_address>
         <size>0xc3</size>
         <input_file_ref idref="fl-5"/>
      </object_component>
      <object_component id="oc-220">
         <name>.debug_line</name>
         <load_address>0xd0c</load_address>
         <run_address>0xd0c</run_address>
         <size>0x3c</size>
         <input_file_ref idref="fl-6"/>
      </object_component>
      <object_component id="oc-21c">
         <name>.debug_line</name>
         <load_address>0xd48</load_address>
         <run_address>0xd48</run_address>
         <size>0x33</size>
         <input_file_ref idref="fl-6"/>
      </object_component>
      <object_component id="oc-21e">
         <name>.debug_line</name>
         <load_address>0xd7b</load_address>
         <run_address>0xd7b</run_address>
         <size>0x33</size>
         <input_file_ref idref="fl-6"/>
      </object_component>
      <object_component id="oc-21a">
         <name>.debug_line</name>
         <load_address>0xdae</load_address>
         <run_address>0xdae</run_address>
         <size>0x33</size>
         <input_file_ref idref="fl-6"/>
      </object_component>
      <object_component id="oc-e1">
         <name>.debug_line</name>
         <load_address>0xde1</load_address>
         <run_address>0xde1</run_address>
         <size>0x14e</size>
         <input_file_ref idref="fl-6"/>
      </object_component>
      <object_component id="oc-1bd">
         <name>.debug_line</name>
         <load_address>0xf2f</load_address>
         <run_address>0xf2f</run_address>
         <size>0xe8</size>
         <input_file_ref idref="fl-7"/>
      </object_component>
      <object_component id="oc-d7">
         <name>.debug_line</name>
         <load_address>0x1017</load_address>
         <run_address>0x1017</run_address>
         <size>0x4f9</size>
         <input_file_ref idref="fl-7"/>
      </object_component>
      <object_component id="oc-1c1">
         <name>.debug_line</name>
         <load_address>0x1510</load_address>
         <run_address>0x1510</run_address>
         <size>0x57</size>
         <input_file_ref idref="fl-7"/>
      </object_component>
      <object_component id="oc-1cb">
         <name>.debug_line</name>
         <load_address>0x1567</load_address>
         <run_address>0x1567</run_address>
         <size>0x6f</size>
         <input_file_ref idref="fl-7"/>
      </object_component>
      <object_component id="oc-1c6">
         <name>.debug_line</name>
         <load_address>0x15d6</load_address>
         <run_address>0x15d6</run_address>
         <size>0x5a</size>
         <input_file_ref idref="fl-7"/>
      </object_component>
      <object_component id="oc-217">
         <name>.debug_line</name>
         <load_address>0x1630</load_address>
         <run_address>0x1630</run_address>
         <size>0x73</size>
         <input_file_ref idref="fl-7"/>
      </object_component>
      <object_component id="oc-16c">
         <name>.debug_line</name>
         <load_address>0x16a3</load_address>
         <run_address>0x16a3</run_address>
         <size>0x70</size>
         <input_file_ref idref="fl-7"/>
      </object_component>
      <object_component id="oc-1d0">
         <name>.debug_line</name>
         <load_address>0x1713</load_address>
         <run_address>0x1713</run_address>
         <size>0x6a</size>
         <input_file_ref idref="fl-7"/>
      </object_component>
      <object_component id="oc-171">
         <name>.debug_line</name>
         <load_address>0x177d</load_address>
         <run_address>0x177d</run_address>
         <size>0x69</size>
         <input_file_ref idref="fl-7"/>
      </object_component>
      <object_component id="oc-b4">
         <name>.debug_line</name>
         <load_address>0x17e6</load_address>
         <run_address>0x17e6</run_address>
         <size>0x40</size>
         <input_file_ref idref="fl-8"/>
      </object_component>
      <object_component id="oc-71">
         <name>.debug_line</name>
         <load_address>0x1826</load_address>
         <run_address>0x1826</run_address>
         <size>0x40</size>
         <input_file_ref idref="fl-8"/>
      </object_component>
      <object_component id="oc-6b">
         <name>.debug_line</name>
         <load_address>0x1866</load_address>
         <run_address>0x1866</run_address>
         <size>0x71</size>
         <input_file_ref idref="fl-8"/>
      </object_component>
      <object_component id="oc-1af">
         <name>.debug_line</name>
         <load_address>0x18d7</load_address>
         <run_address>0x18d7</run_address>
         <size>0x3b</size>
         <input_file_ref idref="fl-9"/>
      </object_component>
[...]
         <name>outnibble</name>
         <value>0x1799</value>
         <object_component_ref idref="oc-d6"/>
      </symbol>
      <symbol id="sm-2d5">
         <name>uart_open</name>
         <value>0x1887</value>
         <object_component_ref idref="oc-d6"/>
      </symbol>
      <symbol id="sm-2d6">
         <name>UART0_OutSDec</name>
         <value>0x1431</value>
         <object_component_ref idref="oc-d6"/>
      </symbol>
      <symbol id="sm-2d7">
         <name>UART0_Init</name>
         <value>0x12ed</value>
         <object_component_ref idref="oc-d6"/>
      </symbol>
      <symbol id="sm-2d8">
         <name>uart_close</name>
         <value>0x1897</value>
         <object_component_ref idref="oc-d6"/>
      </symbol>
      <symbol id="sm-2d9">
         <name>fgetc</name>
         <value>0x1857</value>
         <object_component_ref idref="oc-d6"/>
      </symbol>
      <symbol id="sm-2da">
         <name>UART0_OutChar</name>
         <value>0x1343</value>
         <object_component_ref idref="oc-d6"/>
      </symbol>
      <symbol id="sm-2db">
         <name>UART0_InUDec</name>
         <value>0x137d</value>
         <object_component_ref idref="oc-d6"/>
      </symbol>
      <symbol id="sm-2dc">
         <name>UART0_InUHex</name>
         <value>0x1691</value>
         <object_component_ref idref="oc-d6"/>
      </symbol>
      <symbol id="sm-2f1">
         <name>Reset_Handler</name>
         <value>0x31b5</value>
         <object_component_ref idref="oc-6a"/>
      </symbol>
      <symbol id="sm-2f2">
         <name>Default_Handler</name>
         <value>0x31c1</value>
         <object_component_ref idref="oc-6a"/>
      </symbol>
      <symbol id="sm-2f3">
         <name>interruptVectors</name>
         <value>0x0</value>
         <object_component_ref idref="oc-26"/>
      </symbol>
      <symbol id="sm-339">
         <name>SystemInit</name>
         <value>0x1f75</value>
         <object_component_ref idref="oc-ac"/>
      </symbol>
      <symbol id="sm-33a">
         <name>SystemCoreClockUpdate</name>
         <value>0x1d01</value>
         <object_component_ref idref="oc-ac"/>
      </symbol>
      <symbol id="sm-33b">
         <name>SystemCoreClock</name>
         <value>0x2000084c</value>
         <object_component_ref idref="oc-13f"/>
      </symbol>
      <symbol id="sm-397">
         <name>__TI_cleanup</name>
         <value>0x2f9d</value>
         <object_component_ref idref="oc-203"/>
      </symbol>
      <symbol id="sm-398">
         <name>freopen</name>
         <value>0x3039</value>
         <object_component_ref idref="oc-159"/>
      </symbol>
      <symbol id="sm-399">
         <name>fopen</name>
         <value>0x2849</value>
         <object_component_ref idref="oc-153"/>
      </symbol>
      <symbol id="sm-3ba">
         <name>setvbuf</name>
         <value>0x25f9</value>
         <object_component_ref idref="oc-15f"/>
      </symbol>
      <symbol id="sm-3c9">
         <name>__aeabi_memset</name>
         <value>0x2983</value>
         <object_component_ref idref="oc-8e"/>
      </symbol>
      <symbol id="sm-3ca">
         <name>memset</name>
         <value>0x2989</value>
         <object_component_ref idref="oc-8e"/>
      </symbol>
      <symbol id="sm-3cb">
         <name>__aeabi_memset8</name>
         <value>0x2983</value>
         <object_component_ref idref="oc-8e"/>
      </symbol>
      <symbol id="sm-3cc">
         <name>__aeabi_memset4</name>
         <value>0x2983</value>
         <object_component_ref idref="oc-8e"/>
      </symbol>
      <symbol id="sm-3cd">
         <name>__aeabi_memclr8</name>
         <value>0x2981</value>
         <object_component_ref idref="oc-8e"/>
      </symbol>
      <symbol id="sm-3ce">
         <name>__aeabi_memclr4</name>
         <value>0x2981</value>
         <object_component_ref idref="oc-8e"/>
      </symbol>
      <symbol id="sm-3cf">
         <name>__aeabi_memclr</name>
         <value>0x2981</value>
         <object_component_ref idref="oc-8e"/>
      </symbol>
      <symbol id="sm-3e8">
         <name>__TI_zero_init_nomemset</name>
         <value>0x3119</value>
         <object_component_ref idref="oc-46"/>
      </symbol>
      <symbol id="sm-3ff">
         <name>__TI_decompress_none</name>
         <value>0x31a7</value>
         <object_component_ref idref="oc-1d"/>
      </symbol>
      <symbol id="sm-422">
         <name>__TI_decompress_lzss</name>
         <value>0x2bb5</value>
         <object_component_ref idref="oc-17"/>
      </symbol>
      <symbol id="sm-448">
         <name>C$$EXIT</name>
         <value>0x31cf</value>
         <object_component_ref idref="oc-101"/>
      </symbol>
      <symbol id="sm-449">
         <name>abort</name>
         <value>0x31cf</value>
         <object_component_ref idref="oc-101"/>
      </symbol>
      <symbol id="sm-44a">
         <name>__TI_dtors_ptr</name>
         <value>0x20000824</value>
         <object_component_ref idref="oc-18f"/>
      </symbol>
      <symbol id="sm-44b">
         <name>__TI_cleanup_ptr</name>
         <value>0x20000820</value>
         <object_component_ref idref="oc-18f"/>
      </symbol>
      <symbol id="sm-44c">
         <name>__TI_enable_exit_profile_output</name>
         <value>0x20000828</value>
         <object_component_ref idref="oc-18f"/>
      </symbol>
      <symbol id="sm-44d">
         <name>exit</name>
         <value>0x2dd5</value>
         <object_component_ref idref="oc-107"/>
      </symbol>
      <symbol id="sm-462">
         <name>_nop</name>
         <value>0x12eb</value>
         <object_component_ref idref="oc-227"/>
      </symbol>
      <symbol id="sm-463">
         <name>_lock</name>
         <value>0x2000082c</value>
         <object_component_ref idref="oc-192"/>
      </symbol>
      <symbol id="sm-464">
         <name>_unlock</name>
         <value>0x20000830</value>
         <object_component_ref idref="oc-192"/>
      </symbol>
      <symbol id="sm-479">
         <name>__TI_tmpnams</name>
         <value>0x20000520</value>
      </symbol>
      <symbol id="sm-47a">
         <name>__aeabi_stdout</name>
         <value>0x20000818</value>
         <object_component_ref idref="oc-1eb"/>
      </symbol>
      <symbol id="sm-47b">
         <name>__aeabi_stderr</name>
         <value>0x2000081c</value>
         <object_component_ref idref="oc-1eb"/>
      </symbol>
      <symbol id="sm-47c">
         <name>__aeabi_stdin</name>
         <value>0x20000814</value>
         <object_component_ref idref="oc-1eb"/>
      </symbol>
      <symbol id="sm-47d">
         <name>_ftable</name>
         <value>0x2000062c</value>
         <object_component_ref idref="oc-165"/>
      </symbol>
      <symbol id="sm-47e">
         <name>__TI_ft_end</name>
         <value>0x20000810</value>
         <object_component_ref idref="oc-1eb"/>
      </symbol>
      <symbol id="sm-502">
         <name>_sys_memory</name>
         <value>0x20000000</value>
         <object_component_ref idref="oc-29"/>
      </symbol>
      <symbol id="sm-503">
         <name>free</name>
         <value>0x2515</value>
         <object_component_ref idref="oc-1f7"/>
      </symbol>
      <symbol id="sm-504">
         <name>memalign</name>
         <value>0x231d</value>
         <object_component_ref idref="oc-2bb"/>
      </symbol>
      <symbol id="sm-505">
         <name>malloc</name>
         <value>0x31c3</value>
         <object_component_ref idref="oc-1fd"/>
      </symbol>
      <symbol id="sm-506">
         <name>aligned_alloc</name>
         <value>0x231d</value>
         <object_component_ref idref="oc-2bb"/>
      </symbol>
      <symbol id="sm-528">
         <name>open</name>
         <value>0x26d5</value>
         <object_component_ref idref="oc-289"/>
      </symbol>
      <symbol id="sm-54d">
         <name>add_device</name>
         <value>0x2791</value>
         <object_component_ref idref="oc-14d"/>
      </symbol>
      <symbol id="sm-560">
         <name>__stack</name>
         <value>0x2000fe00</value>
         <object_component_ref idref="oc-2c"/>
      </symbol>
      <symbol id="sm-561">
         <name>_c_int00_noargs</name>
         <value>0x3005</value>
         <object_component_ref idref="oc-58"/>
      </symbol>
      <symbol id="sm-576">
         <name>__TI_closefile</name>
         <value>0x29fd</value>
         <object_component_ref idref="oc-1f0"/>
      </symbol>
      <symbol id="sm-586">
         <name>__TI_doflush</name>
         <value>0x2d89</value>
         <object_component_ref idref="oc-299"/>
      </symbol>
      <symbol id="sm-5a4">
         <name>finddevice</name>
         <value>0x306d</value>
         <object_component_ref idref="oc-1d2"/>
      </symbol>
      <symbol id="sm-5a5">
         <name>getdevice</name>
         <value>0x2ee9</value>
         <object_component_ref idref="oc-30b"/>
      </symbol>
      <symbol id="sm-5c0">
         <name>memcpy</name>
         <value>0x28e5</value>
         <object_component_ref idref="oc-3a"/>
      </symbol>
      <symbol id="sm-5c1">
         <name>__aeabi_memcpy</name>
         <value>0x28e5</value>
         <object_component_ref idref="oc-3a"/>
      </symbol>
      <symbol id="sm-5c2">
         <name>__aeabi_memcpy8</name>
         <value>0x28e5</value>
         <object_component_ref idref="oc-3a"/>
      </symbol>
      <symbol id="sm-5c3">
         <name>__aeabi_memcpy4</name>
         <value>0x28e5</value>
         <object_component_ref idref="oc-3a"/>
      </symbol>
      <symbol id="sm-5eb">
         <name>__TI_auto_init_nobinit_nopinit</name>
         <value>0x2ea5</value>
         <object_component_ref idref="oc-10d"/>
      </symbol>
      <symbol id="sm-5f5">
         <name>_system_pre_init</name>
         <value>0x31cb</value>
         <object_component_ref idref="oc-94"/>
      </symbol>
      <symbol id="sm-607">
         <name>strchr</name>
         <value>0x3169</value>
         <object_component_ref idref="oc-34b"/>
      </symbol>
      <symbol id="sm-616">
         <name>strcmp</name>
         <value>0x3151</value>
         <object_component_ref idref="oc-246"/>
      </symbol>
      <symbol id="sm-626">
         <name>strncpy</name>
         <value>0x2f65</value>
         <object_component_ref idref="oc-1d8"/>
      </symbol>
      <symbol id="sm-636">
         <name>write</name>
         <value>0x30f1</value>
         <object_component_ref idref="oc-317"/>
      </symbol>
      <symbol id="sm-647">
         <name>_stream</name>
         <value>0x20000794</value>
         <object_component_ref idref="oc-312"/>
      </symbol>
      <symbol id="sm-648">
         <name>_device</name>
         <value>0x2000071c</value>
         <object_component_ref idref="oc-1df"/>
      </symbol>
      <symbol id="sm-65d">
         <name>close</name>
         <value>0x2c7d</value>
         <object_component_ref idref="oc-29f"/>
      </symbol>
      <symbol id="sm-66d">
         <name>unlink</name>
         <value>0x309d</value>
         <object_component_ref idref="oc-2a5"/>
      </symbol>
      <symbol id="sm-67e">
         <name>HOSTclose</name>
         <value>0x2e1d</value>
         <object_component_ref idref="oc-256"/>
      </symbol>
      <symbol id="sm-68f">
         <name>HOSTlseek</name>
         <value>0x2b4d</value>
         <object_component_ref idref="oc-268"/>
      </symbol>
      <symbol id="sm-6a1">
         <name>parmbuf</name>
         <value>0x20000618</value>
      </symbol>
      <symbol id="sm-6a2">
         <name>HOSTopen</name>
         <value>0x2c1d</value>
         <object_component_ref idref="oc-250"/>
      </symbol>
      <symbol id="sm-6b3">
         <name>HOSTread</name>
         <value>0x2cd9</value>
         <object_component_ref idref="oc-25c"/>
      </symbol>
      <symbol id="sm-6c4">
         <name>HOSTrename</name>
         <value>0x2ae1</value>
         <object_component_ref idref="oc-274"/>
      </symbol>
      <symbol id="sm-6d5">
         <name>HOSTunlink</name>
         <value>0x2e61</value>
         <object_component_ref idref="oc-26e"/>
      </symbol>
      <symbol id="sm-6e6">
         <name>HOSTwrite</name>
         <value>0x2d31</value>
         <object_component_ref idref="oc-262"/>
      </symbol>
      <symbol id="sm-70a">
         <name>__TI_readmsg</name>
         <value>0x2fd1</value>
         <object_component_ref idref="oc-2e8"/>
      </symbol>
      <symbol id="sm-70b">
         <name>C$$IO$$</name>
         <value>0x2f5b</value>
         <object_component_ref idref="oc-2e2"/>
      </symbol>
      <symbol id="sm-70c">
         <name>__CIOBUF_</name>
         <value>0x20000400</value>
         <object_component_ref idref="oc-335"/>
      </symbol>
      <symbol id="sm-70d">
         <name>__TI_writemsg</name>
         <value>0x2f2d</value>
         <object_component_ref idref="oc-2e2"/>
      </symbol>
      <symbol id="sm-71b">
         <name>strcpy</name>
         <value>0x317f</value>
         <object_component_ref idref="oc-2fc"/>
      </symbol>
      <symbol id="sm-729">
         <name>strlen</name>
         <value>0x3193</value>
         <object_component_ref idref="oc-2dc"/>
      </symbol>
      <symbol id="sm-72a">
         <name>__TI_static_base__</name>
         <value>0x0</value>
      </symbol>
      <symbol id="sm-72d">
         <name>__mpu_init</name>
         <value>0x0</value>
      </symbol>
      <symbol id="sm-72e">
         <name>_system_post_cinit</name>
         <value>0x0</value>
      </symbol>
      <symbol id="sm-72f">
         <name>NMI_Handler</name>
         <value>0x31c1</value>
      </symbol>
      <symbol id="sm-730">
         <name>HardFault_Handler</name>
         <value>0x31c1</value>
      </symbol>
      <symbol id="sm-731">
         <name>MemManage_Handler</name>
         <value>0x31c1</value>
      </symbol>
      <symbol id="sm-732">
         <name>BusFault_Handler</name>
         <value>0x31c1</value>
      </symbol>
      <symbol id="sm-733">
         <name>UsageFault_Handler</name>
         <value>0x31c1</value>
      </symbol>
      <symbol id="sm-734">
         <name>SVC_Handler</name>
         <value>0x31c1</value>
      </symbol>
      <symbol id="sm-735">
         <name>DebugMon_Handler</name>
         <value>0x31c1</value>
      </symbol>
      <symbol id="sm-736">
         <name>PendSV_Handler</name>
         <value>0x31c1</value>
      </symbol>
      <symbol id="sm-737">
         <name>SysTick_Handler</name>
         <value>0x31c1</value>
      </symbol>
      <symbol id="sm-738">
         <name>PSS_IRQHandler</name>
         <value>0x31c1</value>
      </symbol>
      <symbol id="sm-739">
         <name>CS_IRQHandler</name>
         <value>0x31c1</value>
      </symbol>
      <symbol id="sm-73a">
         <name>PCM_IRQHandler</name>
         <value>0x31c1</value>
      </symbol>
      <symbol id="sm-73b">
         <name>WDT_A_IRQHandler</name>
         <value>0x31c1</value>
      </symbol>
      <symbol id="sm-73c">
         <name>FPU_IRQHandler</name>
         <value>0x31c1</value>
      </symbol>
      <symbol id="sm-73d">
         <name>FLCTL_IRQHandler</name>
         <value>0x31c1</value>
      </symbol>
      <symbol id="sm-73e">
         <name>COMP_E0_IRQHandler</name>
         <value>0x31c1</value>
      </symbol>
      <symbol id="sm-73f">
         <name>COMP_E1_IRQHandler</name>
         <value>0x31c1</value>
      </symbol>
      <symbol id="sm-740">
         <name>TA0_0_IRQHandler</name>
         <value>0x31c1</value>
      </symbol>
      <symbol id="sm-741">
         <name>TA0_N_IRQHandler</name>
         <value>0x31c1</value>
      </symbol>
      <symbol id="sm-742">
         <name>TA1_0_IRQHandler</name>
         <value>0x31c1</value>
      </symbol>
      <symbol id="sm-743">
         <name>TA1_N_IRQHandler</name>
         <value>0x31c1</value>
      </symbol>
      <symbol id="sm-744">
         <name>TA2_0_IRQHandler</name>
         <value>0x31c1</value>
      </symbol>
      <symbol id="sm-745">
         <name>TA2_N_IRQHandler</name>
         <value>0x31c1</value>
      </symbol>
      <symbol id="sm-746">
         <name>TA3_0_IRQHandler</name>
         <value>0x31c1</value>
      </symbol>
      <symbol id="sm-747">
         <name>TA3_N_IRQHandler</name>
         <value>0x31c1</value>
      </symbol>
      <symbol id="sm-748">
         <name>EUSCIA0_IRQHandler</name>
         <value>0x31c1</value>
      </symbol>
      <symbol id="sm-749">
         <name>EUSCIA1_IRQHandler</name>
         <value>0x31c1</value>
      </symbol>
      <symbol id="sm-74a">
         <name>EUSCIA2_IRQHandler</name>
         <value>0x31c1</value>
      </symbol>
      <symbol id="sm-74b">
         <name>EUSCIA3_IRQHandler</name>
         <value>0x31c1</value>
      </symbol>
      <symbol id="sm-74c">
         <name>EUSCIB0_IRQHandler</name>
         <value>0x31c1</value>
      </symbol>
      <symbol id="sm-74d">
         <name>EUSCIB1_IRQHandler</name>
         <value>0x31c1</value>
      </symbol>
      <symbol id="sm-74e">
         <name>EUSCIB2_IRQHandler</name>
         <value>0x31c1</value>
      </symbol>
      <symbol id="sm-74f">
         <name>EUSCIB3_IRQHandler</name>
         <value>0x31c1</value>
      </symbol>
      <symbol id="sm-750">
         <name>ADC14_IRQHandler</name>
         <value>0x31c1</value>
      </symbol>
      <symbol id="sm-751">
         <name>T32_INT1_IRQHandler</name>
         <value>0x31c1</value>
      </symbol>
      <symbol id="sm-752">
         <name>T32_INT2_IRQHandler</name>
         <value>0x31c1</value>
      </symbol>
      <symbol id="sm-753">
         <name>T32_INTC_IRQHandler</name>
         <value>0x31c1</value>
      </symbol>
      <symbol id="sm-754">
         <name>AES256_IRQHandler</name>
         <value>0x31c1</value>
      </symbol>
      <symbol id="sm-755">
         <name>RTC_C_IRQHandler</name>
         <value>0x31c1</value>
      </symbol>
      <symbol id="sm-756">
         <name>DMA_ERR_IRQHandler</name>
         <value>0x31c1</value>
      </symbol>
      <symbol id="sm-757">
         <name>DMA_INT3_IRQHandler</name>
         <value>0x31c1</value>
      </symbol>
      <symbol id="sm-758">
         <name>DMA_INT2_IRQHandler</name>
         <value>0x31c1</value>
      </symbol>
      <symbol id="sm-759">
         <name>DMA_INT1_IRQHandler</name>
         <value>0x31c1</value>
      </symbol>
      <symbol id="sm-75a">
         <name>DMA_INT0_IRQHandler</name>
         <value>0x31c1</value>
      </symbol>
      <symbol id="sm-75b">
         <name>PORT1_IRQHandler</name>
         <value>0x31c1</value>
      </symbol>
      <symbol id="sm-75c">
         <name>PORT2_IRQHandler</name>
         <value>0x31c1</value>
      </symbol>
      <symbol id="sm-75d">
         <name>PORT3_IRQHandler</name>
         <value>0x31c1</value>
      </symbol>
      <symbol id="sm-75e">
         <name>PORT4_IRQHandler</name>
         <value>0x31c1</value>
      </symbol>
      <symbol id="sm-75f">
         <name>PORT5_IRQHandler</name>
         <value>0x31c1</value>
      </symbol>
      <symbol id="sm-760">
         <name>PORT6_IRQHandler</name>
         <value>0x31c1</value>
      </symbol>
      <symbol id="sm-761">
         <name>remove</name>
         <value>0x309d</value>
      </symbol>
   </symbol_table>
   <title>Link successful</title>
</link_info>
