******************************************************************************
                  TI ARM Linker PC v20.2.2                     
******************************************************************************
>> Linked Wed Aug 19 23:10:53 2020

OUTPUT FILE NAME:   <Lab1_MSP432.out>
ENTRY POINT SYMBOL: "_c_int00_noargs"  address: 00004561


MEMORY CONFIGURATION

         name            origin    length      used     unused   attr    fill
----------------------  --------  ---------  --------  --------  ----  --------
  MAIN                  00000000   00040000  00004b9d  0003b463  R  X
  INFO                  00200000   00004000  00000000  00004000  R  X
  SRAM_CODE             01000000   00010000  00000b1b  0000f4e5  RW X
  SRAM_DATA             20000000   00010000  00000b1b  0000f4e5  RW  


SEGMENT ALLOCATION MAP

run origin  load origin   length   init length attrs members
----------  ----------- ---------- ----------- ----- -------
00000000    00000000    00004ba0   00004ba0    r-x
  00000000    00000000    00000144   00000144    r-- .intvecs
  00000144    00000144    00004496   00004496    r-x .text
  000045da    000045da    0000057b   0000057b    r-- .const
  00004b58    00004b58    00000048   00000048    r-- .cinit
20000000    20000000    0000091c   00000000    rw-
  20000000    20000000    000008bf   00000000    rw- .bss
  200008c0    200008c0    0000005c   00000000    rw- .data
2000fe00    2000fe00    00000200   00000000    rw-
  2000fe00    2000fe00    00000200   00000000    rw- .stack


SECTION ALLOCATION MAP

 output                                  attributes/
section   page    origin      length       input sections
--------  ----  ----------  ----------   ----------------
.intvecs   0    00000000    00000144     
                  00000000    00000144     startup_msp432p401r_ccs.obj (.intvecs:retain)

.text      0    00000144    00004496     
                  00000144    000023a8     BSP.obj (.text)
                  000024ec    00001130     Texas.obj (.text)
                  0000361c    0000082c     Lab1.obj (.text)
                  00003e48    00000328     system_msp432p401r.obj (.text)
                  00004170    000001b0     Profile.obj (.text)
                  00004320    0000009c     rtsv7M4_T_le_v4SPD16_eabi.lib : memcpy_t2.asm.obj (.text)
                  000043bc    0000007a                                   : memset_t2.asm.obj (.text)
                  00004436    00000002     --HOLE-- [fill = 0]
                  00004438    0000007a     startup_msp432p401r_ccs.obj (.text)
                  000044b2    00000068     rtsv7M4_T_le_v4SPD16_eabi.lib : copy_decompress_lzss.c.obj (.text:decompress:lzss:__TI_decompress_lzss)
                  0000451a    00000002     --HOLE-- [fill = 0]
                  0000451c    00000044                                   : autoinit.c.obj (.text:__TI_auto_init_nobinit_nopinit:__TI_auto_init_nobinit_nopinit)
                  00004560    00000034                                   : boot_cortex_m.c.obj (.text:_c_int00_noargs:_c_int00_noargs)
                  00004594    00000024     CortexM.obj (.text)
                  000045b8    0000000e     rtsv7M4_T_le_v4SPD16_eabi.lib : copy_decompress_none.c.obj (.text:decompress:none:__TI_decompress_none)
                  000045c6    0000000c                                   : copy_zero_init.c.obj (.text:decompress:ZI:__TI_zero_init)
                  000045d2    00000004                                   : pre_init.c.obj (.text:_system_pre_init)
                  000045d6    00000004                                   : exit.c.obj (.text:abort:abort)

.const     0    000045da    0000057b     
                  000045da    000004fb     BSP.obj (.const:.string:Font)
                  00004ad5    0000003b     BSP.obj (.const:.string:Rcmd1)
                  00004b10    0000002b     BSP.obj (.const:.string:Rcmd3)
                  00004b3b    0000000d     BSP.obj (.const:.string:Rcmd2green)
                  00004b48    0000000d     BSP.obj (.const:.string:Rcmd2red)

.cinit     0    00004b58    00000048     
                  00004b58    00000023     (.cinit..data.load) [load image, compression = lzss]
                  00004b7b    00000001     --HOLE-- [fill = 0]
                  00004b7c    0000000c     (__TI_handler_table)
                  00004b88    00000008     (.cinit..bss.load) [load image, compression = zero_init]
                  00004b90    00000010     (__TI_cinit_table)

.init_array 
*          0    00000000    00000000     UNINITIALIZED

.binit     0    00000000    00000000     

.bss       0    20000000    000008bf     UNINITIALIZED
                  20000000    000007d0     (.common:SoundArray)
                  200007d0    0000000c     (.common:EncriptedMagicCode)
                  200007dc    0000000c     (.common:Message)
                  200007e8    00000008     (.common:Messageb)
                  200007f0    00000004     BSP.obj (.bss)
                  200007f4    00000004     (.common:EWMA)
                  200007f8    00000004     (.common:Id)
                  200007fc    00000004     (.common:Index0)
                  20000800    00000004     (.common:Index1)
                  20000804    00000004     (.common:Index2)
                  20000808    00000004     (.common:Index3)
                  2000080c    00000004     (.common:Index4)
                  20000810    00000004     (.common:Index5)
                  20000814    00000004     (.common:Last0)
                  20000818    00000004     (.common:Last1)
                  2000081c    00000004     (.common:Last2)
                  20000820    00000004     (.common:Last3)
                  20000824    00000004     (.common:Last4)
                  20000828    00000004     (.common:Last5)
                  2000082c    00000004     (.common:LightData)
                  20000830    00000004     (.common:Magnitude)
                  20000834    00000004     (.common:Max0)
                  20000838    00000004     (.common:Max1)
                  2000083c    00000004     (.common:Max2)
                  20000840    00000004     (.common:Max3)
                  20000844    00000004     (.common:Max4)
                  20000848    00000004     (.common:Max5)
                  2000084c    00000004     (.common:Messageindex)
                  20000850    00000004     (.common:Messageindexb)
                  20000854    00000004     (.common:Min0)
                  20000858    00000004     (.common:Min1)
                  2000085c    00000004     (.common:Min2)
                  20000860    00000004     (.common:Min3)
                  20000864    00000004     (.common:Min4)
                  20000868    00000004     (.common:Min5)
                  2000086c    00000004     (.common:PeriodicTask)
                  20000870    00000004     (.common:PeriodicTask2)
                  20000874    00000004     (.common:PeriodicTaskB)
                  20000878    00000004     (.common:PeriodicTaskC)
                  2000087c    00000004     (.common:SoundRMS)
                  20000880    00000004     (.common:Steps)
                  20000884    00000004     (.common:Sum0)
                  20000888    00000004     (.common:Sum1)
                  2000088c    00000004     (.common:Sum2)
                  20000890    00000004     (.common:Sum3)
                  20000894    00000004     (.common:Sum4)
                  20000898    00000004     (.common:Sum5)
                  2000089c    00000004     (.common:Task2Failures)
                  200008a0    00000004     (.common:Time)
                  200008a4    00000004     (.common:TimeIndex)
                  200008a8    00000004     (.common:Ymax)
                  200008ac    00000004     (.common:Ymin)
                  200008b0    00000004     (.common:Yrange)
                  200008b4    00000002     (.common:AccX)
                  200008b6    00000002     (.common:AccY)
                  200008b8    00000002     (.common:AccZ)
                  200008ba    00000002     (.common:PlotBGColor)
                  200008bc    00000002     (.common:SoundData)
                  200008be    00000001     (.common:LogicData)

.data      0    200008c0    0000005c     UNINITIALIZED
                  200008c0    00000034     BSP.obj (.data)
                  200008f4    0000001e     Lab1.obj (.data)
                  20000912    00000002     --HOLE--
                  20000914    00000004     Texas.obj (.data)
                  20000918    00000004     system_msp432p401r.obj (.data)

.stack     0    2000fe00    00000200     UNINITIALIZED
                  2000fe00    00000004     rtsv7M4_T_le_v4SPD16_eabi.lib : boot_cortex_m.c.obj (.stack)
                  2000fe04    000001fc     --HOLE--

__llvm_prf_cnts 
*          0    20000000    00000000     UNINITIALIZED

MODULE SUMMARY

       Module                        code    ro data   rw data
       ------                        ----    -------   -------
    .\
       BSP.obj                       9128    1403      204    
       Lab1.obj                      2092    0         4132   
       Texas.obj                     4400    0         314    
       system_msp432p401r.obj        808     0         8      
       startup_msp432p401r_ccs.obj   122     324       0      
       Profile.obj                   432     0         0      
       CortexM.obj                   36      0         0      
    +--+-----------------------------+-------+---------+---------+
       Total:                        17018   1727      4658   
                                                              
    C:\ti\ccs1010\ccs\tools\compiler\ti-cgt-arm_20.2.2.LTS\lib\rtsv7M4_T_le_v4SPD16_eabi.lib
       memcpy_t2.asm.obj             156     0         0      
       memset_t2.asm.obj             122     0         0      
       copy_decompress_lzss.c.obj    104     0         0      
       autoinit.c.obj                68      0         0      
       boot_cortex_m.c.obj           52      0         0      
       copy_decompress_none.c.obj    14      0         0      
       copy_zero_init.c.obj          12      0         0      
       exit.c.obj                    4       0         0      
       pre_init.c.obj                4       0         0      
    +--+-----------------------------+-------+---------+---------+
       Total:                        536     0         0      
                                                              
       Stack:                        0       0         1024   
       Linker Generated:             0       71        0      
    +--+-----------------------------+-------+---------+---------+
       Grand Total:                  17554   1798      5682   


LINKER GENERATED COPY TABLES

__TI_cinit_table @ 00004b90 records: 2, size/record: 8, table size: 16
	.data: load addr=00004b58, load size=00000023 bytes, run addr=200008c0, run size=0000005c bytes, compression=lzss
	.bss: load addr=00004b88, load size=00000008 bytes, run addr=20000000, run size=000008bf bytes, compression=zero_init


LINKER GENERATED HANDLER TABLE

__TI_handler_table @ 00004b7c records: 3, size/record: 4, table size: 12
	index: 0, handler: __TI_decompress_lzss
	index: 1, handler: __TI_decompress_none
	index: 2, handler: __TI_zero_init


GLOBAL SYMBOLS: SORTED ALPHABETICALLY BY Name 

address   name                          
-------   ----                          
00004491  ADC14_IRQHandler              
00004499  AES256_IRQHandler             
200008b4  AccX                          
200008b6  AccY                          
200008b8  AccZ                          
200008f9  AlgorithmState                
00000695  BSP_Accelerometer_Init        
000006f1  BSP_Accelerometer_Input       
00000145  BSP_Button1_Init              
0000016f  BSP_Button1_Input             
00000175  BSP_Button2_Init              
0000019f  BSP_Button2_Input             
000005b1  BSP_Buzzer_Init               
00000651  BSP_Buzzer_Set                
00001c7f  BSP_Clock_GetFreq             
00001b61  BSP_Clock_InitFastest         
00001ea9  BSP_Delay1ms                  
000001d1  BSP_Joystick_Init             
0000023f  BSP_Joystick_Input            
00000e6d  BSP_LCD_Color565              
00000ed1  BSP_LCD_DrawBitmap            
00001245  BSP_LCD_DrawChar              
000010cf  BSP_LCD_DrawCharS             
00000c6d  BSP_LCD_DrawFastHLine         
00000b9b  BSP_LCD_DrawFastVLine         
00000b41  BSP_LCD_DrawPixel             
000013b7  BSP_LCD_DrawString            
00001939  BSP_LCD_Drawaxes              
00000d61  BSP_LCD_FillRect              
00000d29  BSP_LCD_FillScreen            
00000a6d  BSP_LCD_Init                  
000016b3  BSP_LCD_OutUDec               
0000174d  BSP_LCD_OutUDec4              
000017cd  BSP_LCD_OutUDec5              
0000184d  BSP_LCD_OutUFix2_1            
000018b9  BSP_LCD_OutUHex2              
00001b1d  BSP_LCD_PlotIncrement         
00001aa9  BSP_LCD_PlotPoint             
0000168d  BSP_LCD_SetCursor             
00000ea1  BSP_LCD_SwapColor             
00002339  BSP_LightSensor_End           
000021d5  BSP_LightSensor_Init          
000022ed  BSP_LightSensor_Input         
00002319  BSP_LightSensor_Start         
00000763  BSP_Microphone_Init           
0000079d  BSP_Microphone_Input          
00001c85  BSP_PeriodicTask_Init         
00001d0d  BSP_PeriodicTask_InitB        
00001dc1  BSP_PeriodicTask_InitC        
00001cfd  BSP_PeriodicTask_Stop         
00001d99  BSP_PeriodicTask_StopB        
00001e4d  BSP_PeriodicTask_StopC        
0000043f  BSP_RGB_D_Init                
000004fd  BSP_RGB_D_Set                 
00000561  BSP_RGB_D_Toggle              
000002ab  BSP_RGB_Init                  
000003d5  BSP_RGB_Set                   
0000246d  BSP_TempSensor_End            
00002377  BSP_TempSensor_Init           
00002419  BSP_TempSensor_Input          
00002457  BSP_TempSensor_Start          
00001e8b  BSP_Time_Get                  
00001e75  BSP_Time_Init                 
000045d7  C$$EXIT                       
0000446d  COMP_E0_IRQHandler            
0000446f  COMP_E1_IRQHandler            
200008dc  CPMwait                       
00004463  CS_IRQHandler                 
200008e8  Crystalstable                 
0000449d  DMA_ERR_IRQHandler            
000044a5  DMA_INT0_IRQHandler           
000044a3  DMA_INT1_IRQHandler           
000044a1  DMA_INT2_IRQHandler           
0000449f  DMA_INT3_IRQHandler           
0000445b  DebugMon_Handler              
00004595  DisableInterrupts             
00004481  EUSCIA0_IRQHandler            
00004483  EUSCIA1_IRQHandler            
00004485  EUSCIA2_IRQHandler            
00004487  EUSCIA3_IRQHandler            
00004489  EUSCIB0_IRQHandler            
0000448b  EUSCIB1_IRQHandler            
0000448d  EUSCIB2_IRQHandler            
0000448f  EUSCIB3_IRQHandler            
200007f4  EWMA                          
0000459b  EnableInterrupts              
200007d0  EncriptedMagicCode            
000045ab  EndCritical                   
0000446b  FLCTL_IRQHandler              
00004469  FPU_IRQHandler                
00002501  Grader                        
200008e4  IFlags                        
200007f8  Id                            
200007fc  Index0                        
20000800  Index1                        
20000804  Index2                        
20000808  Index3                        
2000080c  Index4                        
20000810  Index5                        
20000814  Last0                         
20000818  Last1                         
2000081c  Last2                         
20000820  Last3                         
20000824  Last4                         
20000828  Last5                         
200008ec  LightBusy                     
2000082c  LightData                     
20000904  LocalCount                    
20000900  LocalMax                      
200008fc  LocalMin                      
000024ed  LogicAnalyzer                 
200008be  LogicData                     
20000830  Magnitude                     
20000834  Max0                          
20000838  Max1                          
2000083c  Max2                          
20000840  Max3                          
20000844  Max4                          
20000848  Max5                          
200007dc  Message                       
200007e8  Messageb                      
2000084c  Messageindex                  
20000850  Messageindexb                 
20000854  Min0                          
20000858  Min1                          
2000085c  Min2                          
20000860  Min3                          
20000864  Min4                          
20000868  Min5                          
00004465  PCM_IRQHandler                
000044a7  PORT1_IRQHandler              
000044a9  PORT2_IRQHandler              
000044ab  PORT3_IRQHandler              
000044ad  PORT4_IRQHandler              
000044af  PORT5_IRQHandler              
000044b1  PORT6_IRQHandler              
00004461  PSS_IRQHandler                
0000445d  PendSV_Handler                
2000086c  PeriodicTask                  
20000870  PeriodicTask2                 
00002a49  PeriodicTask2_Init            
00002af9  PeriodicTask2_Stop            
20000874  PeriodicTaskB                 
20000878  PeriodicTaskC                 
200008ba  PlotBGColor                   
200008f8  PlotState                     
200008e0  Postwait                      
200008d8  Prewait                       
0000426d  Profile_Get                   
00004171  Profile_Init                  
0000449b  RTC_C_IRQHandler              
200008f4  ReDrawAxes                    
00004459  SVC_Handler                   
20000000  SoundArray                    
200008bc  SoundData                     
2000087c  SoundRMS                      
200008d0  StTextColor                   
200008c8  StX                           
200008cc  StY                           
000045a1  StartCritical                 
20000880  Steps                         
20000884  Sum0                          
20000888  Sum1                          
2000088c  Sum2                          
20000890  Sum3                          
20000894  Sum4                          
20000898  Sum5                          
0000445f  SysTick_Handler               
20000918  SystemCoreClock               
00003e49  SystemCoreClockUpdate         
000040bd  SystemInit                    
00001ced  T32_INT1_IRQHandler           
00004495  T32_INT2_IRQHandler           
00004497  T32_INTC_IRQHandler           
00004471  TA0_0_IRQHandler              
00004473  TA0_N_IRQHandler              
00001dad  TA1_0_IRQHandler              
00004477  TA1_N_IRQHandler              
00001e61  TA2_0_IRQHandler              
0000447b  TA2_N_IRQHandler              
00002ae5  TA3_0_IRQHandler              
0000447f  TA3_N_IRQHandler              
00002b35  TExaS_Init                    
00002bfd  TExaS_Stop                    
0000333d  TExaS_Task0                   
000033bd  TExaS_Task1                   
0000341b  TExaS_Task2                   
00003479  TExaS_Task3                   
000034d7  TExaS_Task4                   
00003535  TExaS_Task5                   
0000362b  Task0                         
0000361d  Task0_Init                    
0000372f  Task1                         
000036e5  Task1_Init                    
000038d1  Task2                         
2000089c  Task2Failures                 
000038b3  Task2_Init                    
0000394d  Task3                         
00003905  Task3_Init                    
00003bc5  Task4                         
00003b9b  Task4_Init                    
00003c7d  Task5                         
00003c41  Task5_Init                    
200008f0  TempBusy                      
200008a0  Time                          
200008a4  TimeIndex                     
00002c6d  UART_InChar                   
000032b9  UART_InString                 
00002d05  UART_InUDec                   
000031a9  UART_InUHex                   
00002c0d  UART_Init                     
00002c85  UART_OutChar                  
00002cb5  UART_OutString                
00002da1  UART_OutUDec                  
000030d5  UART_OutUDec4                 
00003109  UART_OutUDec5                 
0000313b  UART_OutUDec7                 
00003175  UART_OutUFix1                 
0000327d  UART_OutUHex                  
4000480c  WDTCTL_SYM                    
00004467  WDT_A_IRQHandler              
000045b3  WaitForInterrupt              
200008a8  Ymax                          
200008ac  Ymin                          
200008b0  Yrange                        
20010000  __STACK_END                   
00000200  __STACK_SIZE                  
00004b90  __TI_CINIT_Base               
00004ba0  __TI_CINIT_Limit              
00004b7c  __TI_Handler_Table_Base       
00004b88  __TI_Handler_Table_Limit      
0000451d  __TI_auto_init_nobinit_nopinit
000044b3  __TI_decompress_lzss          
000045b9  __TI_decompress_none          
ffffffff  __TI_pprof_out_hndl           
ffffffff  __TI_prof_data_size           
ffffffff  __TI_prof_data_start          
00000000  __TI_static_base__            
000045c7  __TI_zero_init                
000043bd  __aeabi_memclr                
000043bd  __aeabi_memclr4               
000043bd  __aeabi_memclr8               
00004321  __aeabi_memcpy                
00004321  __aeabi_memcpy4               
00004321  __aeabi_memcpy8               
000043bf  __aeabi_memset                
000043bf  __aeabi_memset4               
000043bf  __aeabi_memset8               
ffffffff  __binit__                     
ffffffff  __c_args__                    
UNDEFED   __mpu_init                    
2000fe00  __stack                       
20000000  __start___llvm_prf_cnts       
20000000  __stop___llvm_prf_cnts        
00004561  _c_int00_noargs               
UNDEFED   _system_post_cinit            
000045d3  _system_pre_init              
000045d7  abort                         
ffffffff  binit                         
00003a79  drawaxes                      
00000000  interruptVectors              
00003ced  main                          
00004321  memcpy                        
000043c5  memset                        
00003b25  numlength                     
0000086f  parrotdelay                   
00003da1  sqrt32                        


GLOBAL SYMBOLS: SORTED BY Symbol Address 

address   name                          
-------   ----                          
00000000  __TI_static_base__            
00000000  interruptVectors              
00000145  BSP_Button1_Init              
0000016f  BSP_Button1_Input             
00000175  BSP_Button2_Init              
0000019f  BSP_Button2_Input             
000001d1  BSP_Joystick_Init             
00000200  __STACK_SIZE                  
0000023f  BSP_Joystick_Input            
000002ab  BSP_RGB_Init                  
000003d5  BSP_RGB_Set                   
0000043f  BSP_RGB_D_Init                
000004fd  BSP_RGB_D_Set                 
00000561  BSP_RGB_D_Toggle              
000005b1  BSP_Buzzer_Init               
00000651  BSP_Buzzer_Set                
00000695  BSP_Accelerometer_Init        
000006f1  BSP_Accelerometer_Input       
00000763  BSP_Microphone_Init           
0000079d  BSP_Microphone_Input          
0000086f  parrotdelay                   
00000a6d  BSP_LCD_Init                  
00000b41  BSP_LCD_DrawPixel             
00000b9b  BSP_LCD_DrawFastVLine         
00000c6d  BSP_LCD_DrawFastHLine         
00000d29  BSP_LCD_FillScreen            
00000d61  BSP_LCD_FillRect              
00000e6d  BSP_LCD_Color565              
00000ea1  BSP_LCD_SwapColor             
00000ed1  BSP_LCD_DrawBitmap            
000010cf  BSP_LCD_DrawCharS             
00001245  BSP_LCD_DrawChar              
000013b7  BSP_LCD_DrawString            
0000168d  BSP_LCD_SetCursor             
000016b3  BSP_LCD_OutUDec               
0000174d  BSP_LCD_OutUDec4              
000017cd  BSP_LCD_OutUDec5              
0000184d  BSP_LCD_OutUFix2_1            
000018b9  BSP_LCD_OutUHex2              
00001939  BSP_LCD_Drawaxes              
00001aa9  BSP_LCD_PlotPoint             
00001b1d  BSP_LCD_PlotIncrement         
00001b61  BSP_Clock_InitFastest         
00001c7f  BSP_Clock_GetFreq             
00001c85  BSP_PeriodicTask_Init         
00001ced  T32_INT1_IRQHandler           
00001cfd  BSP_PeriodicTask_Stop         
00001d0d  BSP_PeriodicTask_InitB        
00001d99  BSP_PeriodicTask_StopB        
00001dad  TA1_0_IRQHandler              
00001dc1  BSP_PeriodicTask_InitC        
00001e4d  BSP_PeriodicTask_StopC        
00001e61  TA2_0_IRQHandler              
00001e75  BSP_Time_Init                 
00001e8b  BSP_Time_Get                  
00001ea9  BSP_Delay1ms                  
000021d5  BSP_LightSensor_Init          
000022ed  BSP_LightSensor_Input         
00002319  BSP_LightSensor_Start         
00002339  BSP_LightSensor_End           
00002377  BSP_TempSensor_Init           
00002419  BSP_TempSensor_Input          
00002457  BSP_TempSensor_Start          
0000246d  BSP_TempSensor_End            
000024ed  LogicAnalyzer                 
00002501  Grader                        
00002a49  PeriodicTask2_Init            
00002ae5  TA3_0_IRQHandler              
00002af9  PeriodicTask2_Stop            
00002b35  TExaS_Init                    
00002bfd  TExaS_Stop                    
00002c0d  UART_Init                     
00002c6d  UART_InChar                   
00002c85  UART_OutChar                  
00002cb5  UART_OutString                
00002d05  UART_InUDec                   
00002da1  UART_OutUDec                  
000030d5  UART_OutUDec4                 
00003109  UART_OutUDec5                 
0000313b  UART_OutUDec7                 
00003175  UART_OutUFix1                 
000031a9  UART_InUHex                   
0000327d  UART_OutUHex                  
000032b9  UART_InString                 
0000333d  TExaS_Task0                   
000033bd  TExaS_Task1                   
0000341b  TExaS_Task2                   
00003479  TExaS_Task3                   
000034d7  TExaS_Task4                   
00003535  TExaS_Task5                   
0000361d  Task0_Init                    
0000362b  Task0                         
000036e5  Task1_Init                    
0000372f  Task1                         
000038b3  Task2_Init                    
000038d1  Task2                         
00003905  Task3_Init                    
0000394d  Task3                         
00003a79  drawaxes                      
00003b25  numlength                     
00003b9b  Task4_Init                    
00003bc5  Task4                         
00003c41  Task5_Init                    
00003c7d  Task5                         
00003ced  main                          
00003da1  sqrt32                        
00003e49  SystemCoreClockUpdate         
000040bd  SystemInit                    
00004171  Profile_Init                  
0000426d  Profile_Get                   
00004321  __aeabi_memcpy                
00004321  __aeabi_memcpy4               
00004321  __aeabi_memcpy8               
00004321  memcpy                        
000043bd  __aeabi_memclr                
000043bd  __aeabi_memclr4               
000043bd  __aeabi_memclr8               
000043bf  __aeabi_memset                
000043bf  __aeabi_memset4               
000043bf  __aeabi_memset8               
000043c5  memset                        
00004459  SVC_Handler                   
0000445b  DebugMon_Handler              
0000445d  PendSV_Handler                
0000445f  SysTick_Handler               
00004461  PSS_IRQHandler                
00004463  CS_IRQHandler                 
00004465  PCM_IRQHandler                
00004467  WDT_A_IRQHandler              
00004469  FPU_IRQHandler                
0000446b  FLCTL_IRQHandler              
0000446d  COMP_E0_IRQHandler            
0000446f  COMP_E1_IRQHandler            
00004471  TA0_0_IRQHandler              
00004473  TA0_N_IRQHandler              
00004477  TA1_N_IRQHandler              
0000447b  TA2_N_IRQHandler              
0000447f  TA3_N_IRQHandler              
00004481  EUSCIA0_IRQHandler            
00004483  EUSCIA1_IRQHandler            
00004485  EUSCIA2_IRQHandler            
00004487  EUSCIA3_IRQHandler            
00004489  EUSCIB0_IRQHandler            
0000448b  EUSCIB1_IRQHandler            
0000448d  EUSCIB2_IRQHandler            
0000448f  EUSCIB3_IRQHandler            
00004491  ADC14_IRQHandler              
00004495  T32_INT2_IRQHandler           
00004497  T32_INTC_IRQHandler           
00004499  AES256_IRQHandler             
0000449b  RTC_C_IRQHandler              
0000449d  DMA_ERR_IRQHandler            
0000449f  DMA_INT3_IRQHandler           
000044a1  DMA_INT2_IRQHandler           
000044a3  DMA_INT1_IRQHandler           
000044a5  DMA_INT0_IRQHandler           
000044a7  PORT1_IRQHandler              
000044a9  PORT2_IRQHandler              
000044ab  PORT3_IRQHandler              
000044ad  PORT4_IRQHandler              
000044af  PORT5_IRQHandler              
000044b1  PORT6_IRQHandler              
000044b3  __TI_decompress_lzss          
0000451d  __TI_auto_init_nobinit_nopinit
00004561  _c_int00_noargs               
00004595  DisableInterrupts             
0000459b  EnableInterrupts              
000045a1  StartCritical                 
000045ab  EndCritical                   
000045b3  WaitForInterrupt              
000045b9  __TI_decompress_none          
000045c7  __TI_zero_init                
000045d3  _system_pre_init              
000045d7  C$$EXIT                       
000045d7  abort                         
00004b7c  __TI_Handler_Table_Base       
00004b88  __TI_Handler_Table_Limit      
00004b90  __TI_CINIT_Base               
00004ba0  __TI_CINIT_Limit              
20000000  SoundArray                    
20000000  __start___llvm_prf_cnts       
20000000  __stop___llvm_prf_cnts        
200007d0  EncriptedMagicCode            
200007dc  Message                       
200007e8  Messageb                      
200007f4  EWMA                          
200007f8  Id                            
200007fc  Index0                        
20000800  Index1                        
20000804  Index2                        
20000808  Index3                        
2000080c  Index4                        
20000810  Index5                        
20000814  Last0                         
20000818  Last1                         
2000081c  Last2                         
20000820  Last3                         
20000824  Last4                         
20000828  Last5                         
2000082c  LightData                     
20000830  Magnitude                     
20000834  Max0                          
20000838  Max1                          
2000083c  Max2                          
20000840  Max3                          
20000844  Max4                          
20000848  Max5                          
2000084c  Messageindex                  
20000850  Messageindexb                 
20000854  Min0                          
20000858  Min1                          
2000085c  Min2                          
20000860  Min3                          
20000864  Min4                          
20000868  Min5                          
2000086c  PeriodicTask                  
20000870  PeriodicTask2                 
20000874  PeriodicTaskB                 
20000878  PeriodicTaskC                 
2000087c  SoundRMS                      
20000880  Steps                         
20000884  Sum0                          
20000888  Sum1                          
2000088c  Sum2                          
20000890  Sum3                          
20000894  Sum4                          
20000898  Sum5                          
2000089c  Task2Failures                 
200008a0  Time                          
200008a4  TimeIndex                     
200008a8  Ymax                          
200008ac  Ymin                          
200008b0  Yrange                        
200008b4  AccX                          
200008b6  AccY                          
200008b8  AccZ                          
200008ba  PlotBGColor                   
200008bc  SoundData                     
200008be  LogicData                     
200008c8  StX                           
200008cc  StY                           
200008d0  StTextColor                   
200008d8  Prewait                       
200008dc  CPMwait                       
200008e0  Postwait                      
200008e4  IFlags                        
200008e8  Crystalstable                 
200008ec  LightBusy                     
200008f0  TempBusy                      
200008f4  ReDrawAxes                    
200008f8  PlotState                     
200008f9  AlgorithmState                
200008fc  LocalMin                      
20000900  LocalMax                      
20000904  LocalCount                    
20000918  SystemCoreClock               
2000fe00  __stack                       
20010000  __STACK_END                   
4000480c  WDTCTL_SYM                    
ffffffff  __TI_pprof_out_hndl           
ffffffff  __TI_prof_data_size           
ffffffff  __TI_prof_data_start          
ffffffff  __binit__                     
ffffffff  __c_args__                    
ffffffff  binit                         
UNDEFED   __mpu_init                    
UNDEFED   _system_post_cinit            

[267 symbols]
