******************************************************************************
                  TI ARM Linker PC v20.2.6                     
******************************************************************************
>> Linked Thu Aug 25 18:44:28 2022

OUTPUT FILE NAME:   <Ultrasound.out>
ENTRY POINT SYMBOL: "_c_int00_noargs"  address: 00001719


MEMORY CONFIGURATION

         name            origin    length      used     unused   attr    fill
----------------------  --------  ---------  --------  --------  ----  --------
  MAIN                  00000000   00040000  000019d0  0003e630  R  X
  INFO                  00200000   00004000  00000000  00004000  R  X
  SRAM_CODE             01000000   00010000  00000458  0000fba8  RW X
  SRAM_DATA             20000000   00010000  00000458  0000fba8  RW  


SEGMENT ALLOCATION MAP

run origin  load origin   length   init length attrs members
----------  ----------- ---------- ----------- ----- -------
00000000    00000000    000019d0   000019d0    r-x
  00000000    00000000    000000e4   000000e4    r-- .intvecs
  000000e4    000000e4    000016cc   000016cc    r-x .text
  000017b0    000017b0    000001e8   000001e8    r-- .const
  00001998    00001998    00000038   00000038    r-- .cinit
20000000    20000000    00000258   00000000    rw-
  20000000    20000000    0000022c   00000000    rw- .bss
  2000022c    2000022c    0000002c   00000000    rw- .data
2000fe00    2000fe00    00000200   00000000    rw-
  2000fe00    2000fe00    00000200   00000000    rw- .stack


SECTION ALLOCATION MAP

 output                                  attributes/
section   page    origin      length       input sections
--------  ----  ----------  ----------   ----------------
.intvecs   0    00000000    000000e4     
                  00000000    000000e4     startup_msp432p401r_ccs.obj (.intvecs:retain)

.text      0    000000e4    000016cc     
                  000000e4    00000b7c     Nokia5110.obj (.text)
                  00000c60    0000032c     system_msp432p401r.obj (.text)
                  00000f8c    0000026c     UltrasoundLCDmain.obj (.text)
                  000011f8    000001e0     Clock.obj (.text)
                  000013d8    00000128     Ultrasound.obj (.text)
                  00001500    000000d0     TA2InputCapture.obj (.text)
                  000015d0    0000009c     rtsv7M4_T_le_v4SPD16_eabi.lib : memcpy_t2.asm.obj (.text)
                  0000166c    00000068                                   : copy_decompress_lzss.c.obj (.text:decompress:lzss:__TI_decompress_lzss)
                  000016d4    00000044                                   : autoinit.c.obj (.text:__TI_auto_init_nobinit_nopinit:__TI_auto_init_nobinit_nopinit)
                  00001718    00000034                                   : boot_cortex_m.c.obj (.text:_c_int00_noargs:_c_int00_noargs)
                  0000174c    00000024     CortexM.obj (.text)
                  00001770    0000001c     rtsv7M4_T_le_v4SPD16_eabi.lib : copy_zero_init.c.obj (.text:decompress:ZI:__TI_zero_init_nomemset:__TI_zero_init_nomemset)
                  0000178c    0000000e                                   : copy_decompress_none.c.obj (.text:decompress:none:__TI_decompress_none)
                  0000179a    0000000e     startup_msp432p401r_ccs.obj (.text)
                  000017a8    00000004     rtsv7M4_T_le_v4SPD16_eabi.lib : pre_init.c.obj (.text:_system_pre_init)
                  000017ac    00000004                                   : exit.c.obj (.text:abort:abort)

.const     0    000017b0    000001e8     
                  000017b0    000001e0     Nokia5110.obj (.const:ASCII)
                  00001990    00000008     Nokia5110.obj (.const:.string:Masks)

.cinit     0    00001998    00000038     
                  00001998    00000012     (.cinit..data.load) [load image, compression = lzss]
                  000019aa    00000002     --HOLE-- [fill = 0]
                  000019ac    0000000c     (__TI_handler_table)
                  000019b8    00000008     (.cinit..bss.load) [load image, compression = zero_init]
                  000019c0    00000010     (__TI_cinit_table)

.init_array 
*          0    00000000    00000000     UNINITIALIZED

.binit     0    00000000    00000000     

.bss       0    20000000    0000022c     UNINITIALIZED
                  20000000    000001f8     (.common:Screen)
                  200001f8    00000014     (.common:CmBuff)
                  2000020c    00000014     (.common:InBuff)
                  20000220    00000002     (.common:Average)
                  20000222    00000002     (.common:Current)
                  20000224    00000002     (.common:Maximum)
                  20000226    00000002     (.common:Minimum)
                  20000228    00000002     (.common:Ultrasound_FirstTime)
                  2000022a    00000002     (.common:Ultrasound_SecondTime)

.data      0    2000022c    0000002c     UNINITIALIZED
                  2000022c    00000018     Clock.obj (.data)
                  20000244    0000000c     Ultrasound.obj (.data)
                  20000250    00000004     TA2InputCapture.obj (.data)
                  20000254    00000004     system_msp432p401r.obj (.data)

.stack     0    2000fe00    00000200     UNINITIALIZED
                  2000fe00    00000004     rtsv7M4_T_le_v4SPD16_eabi.lib : boot_cortex_m.c.obj (.stack)
                  2000fe04    000001fc     --HOLE--

__llvm_prf_cnts 
*          0    20000000    00000000     UNINITIALIZED

MODULE SUMMARY

       Module                        code   ro data   rw data
       ------                        ----   -------   -------
    .\
       Nokia5110.obj                 2940   488       1008   
       system_msp432p401r.obj        812    0         8      
       UltrasoundLCDmain.obj         620    0         96     
       Clock.obj                     480    0         48     
       Ultrasound.obj                296    0         32     
       startup_msp432p401r_ccs.obj   14     228       0      
       TA2InputCapture.obj           208    0         8      
       CortexM.obj                   36     0         0      
    +--+-----------------------------+------+---------+---------+
       Total:                        5406   716       1200   
                                                             
    C:\ti\ccs1200\ccs\tools\compiler\ti-cgt-arm_20.2.6.LTS\lib\rtsv7M4_T_le_v4SPD16_eabi.lib
       memcpy_t2.asm.obj             156    0         0      
       copy_decompress_lzss.c.obj    104    0         0      
       autoinit.c.obj                68     0         0      
       boot_cortex_m.c.obj           52     0         0      
       copy_zero_init.c.obj          28     0         0      
       copy_decompress_none.c.obj    14     0         0      
       exit.c.obj                    4      0         0      
       pre_init.c.obj                4      0         0      
    +--+-----------------------------+------+---------+---------+
       Total:                        430    0         0      
                                                             
       Stack:                        0      0         1024   
       Linker Generated:             0      54        0      
    +--+-----------------------------+------+---------+---------+
       Grand Total:                  5836   770       2224   


LINKER GENERATED COPY TABLES

__TI_cinit_table @ 000019c0 records: 2, size/record: 8, table size: 16
	.data: load addr=00001998, load size=00000012 bytes, run addr=2000022c, run size=0000002c bytes, compression=lzss
	.bss: load addr=000019b8, load size=00000008 bytes, run addr=20000000, run size=0000022c bytes, compression=zero_init


LINKER GENERATED HANDLER TABLE

__TI_handler_table @ 000019ac records: 3, size/record: 4, table size: 12
	index: 0, handler: __TI_decompress_lzss
	index: 1, handler: __TI_decompress_none
	index: 2, handler: __TI_zero_init


GLOBAL SYMBOLS: SORTED ALPHABETICALLY BY Name 

address   name                          
-------   ----                          
000017a7  ADC14_IRQHandler              
000017a7  AES256_IRQHandler             
20000220  Average                       
000017a7  BusFault_Handler              
000017ad  C$$EXIT                       
000017a7  COMP_E0_IRQHandler            
000017a7  COMP_E1_IRQHandler            
20000234  CPMwait                       
000017a7  CS_IRQHandler                 
20000250  CaptureTask2                  
2000022c  ClockFrequency                
0000134d  Clock_Delay1ms                
00001323  Clock_Delay1us                
0000130f  Clock_GetFreq                 
000011f9  Clock_Init48MHz               
200001f8  CmBuff                        
20000240  Crystalstable                 
20000222  Current                       
000017a7  DMA_ERR_IRQHandler            
000017a7  DMA_INT0_IRQHandler           
000017a7  DMA_INT1_IRQHandler           
000017a7  DMA_INT2_IRQHandler           
000017a7  DMA_INT3_IRQHandler           
000017a7  DebugMon_Handler              
000017a7  Default_Handler               
0000174d  DisableInterrupts             
000017a7  EUSCIA0_IRQHandler            
000017a7  EUSCIA1_IRQHandler            
000017a7  EUSCIA2_IRQHandler            
000017a7  EUSCIA3_IRQHandler            
000017a7  EUSCIB0_IRQHandler            
000017a7  EUSCIB1_IRQHandler            
000017a7  EUSCIB2_IRQHandler            
000017a7  EUSCIB3_IRQHandler            
00001753  EnableInterrupts              
00001763  EndCritical                   
000017a7  FLCTL_IRQHandler              
000017a7  FPU_IRQHandler                
000017a7  HardFault_Handler             
2000023c  IFlags                        
2000020c  InBuff                        
00001990  Masks                         
20000224  Maximum                       
000017a7  MemManage_Handler             
20000226  Minimum                       
000017a7  NMI_Handler                   
0000098f  Nokia5110_Clear               
00000bd9  Nokia5110_ClearBuffer         
00000c0d  Nokia5110_ClrPxl              
00000c03  Nokia5110_DisplayBuffer       
000009bb  Nokia5110_DrawFullImage       
0000013b  Nokia5110_Init                
000001e5  Nokia5110_OutChar             
00000807  Nokia5110_OutHex7             
00000455  Nokia5110_OutSDec             
00000719  Nokia5110_OutSFix1            
00000225  Nokia5110_OutString           
00000243  Nokia5110_OutUDec             
00000865  Nokia5110_OutUDec16           
000008fd  Nokia5110_OutUDec2            
0000068b  Nokia5110_OutUFix1            
0000083d  Nokia5110_OutUHex7            
000009f5  Nokia5110_PrintBMP            
00000953  Nokia5110_SetCursor           
00000c33  Nokia5110_SetPxl              
000017a7  PCM_IRQHandler                
000017a7  PORT1_IRQHandler              
000017a7  PORT2_IRQHandler              
000017a7  PORT3_IRQHandler              
000017a7  PORT4_IRQHandler              
000017a7  PORT5_IRQHandler              
000017a7  PORT6_IRQHandler              
000017a7  PSS_IRQHandler                
000017a7  PendSV_Handler                
20000238  Postwait                      
20000230  Prewait                       
000017a7  RTC_C_IRQHandler              
0000179b  Reset_Handler                 
000017a7  SVC_Handler                   
20000000  Screen                        
00001759  StartCritical                 
000017a7  SysTick_Handler               
20000254  SystemCoreClock               
00000c61  SystemCoreClockUpdate         
00000ed5  SystemInit                    
000017a7  T32_INT1_IRQHandler           
000017a7  T32_INT2_IRQHandler           
000017a7  T32_INTC_IRQHandler           
000017a7  TA0_0_IRQHandler              
000017a7  TA0_N_IRQHandler              
000017a7  TA1_0_IRQHandler              
000017a7  TA1_N_IRQHandler              
000017a7  TA2_0_IRQHandler              
00001589  TA2_N_IRQHandler              
00001589  TA2_N_IRQHandler              
000017a7  TA3_0_IRQHandler              
000017a7  TA3_N_IRQHandler              
0000010f  Testcommandwrite              
0000150d  TimerA2Capture_Init           
2000024c  Ultrasound_Busy               
20000244  Ultrasound_Count              
0000147f  Ultrasound_End                
20000228  Ultrasound_FirstTime          
00001423  Ultrasound_Init               
2000022a  Ultrasound_SecondTime         
00001455  Ultrasound_Start              
20000248  Ultrasound_Valid              
000017a7  UsageFault_Handler            
4000480c  WDTCTL_SYM                    
000017a7  WDT_A_IRQHandler              
0000176b  WaitForInterrupt              
20010000  __STACK_END                   
00000200  __STACK_SIZE                  
000019c0  __TI_CINIT_Base               
000019d0  __TI_CINIT_Limit              
000019ac  __TI_Handler_Table_Base       
000019b8  __TI_Handler_Table_Limit      
000016d5  __TI_auto_init_nobinit_nopinit
0000166d  __TI_decompress_lzss          
0000178d  __TI_decompress_none          
ffffffff  __TI_pprof_out_hndl           
ffffffff  __TI_prof_data_size           
ffffffff  __TI_prof_data_start          
00000000  __TI_static_base__            
00001771  __TI_zero_init_nomemset       
000015d1  __aeabi_memcpy                
000015d1  __aeabi_memcpy4               
000015d1  __aeabi_memcpy8               
ffffffff  __binit__                     
ffffffff  __c_args__                    
UNDEFED   __mpu_init                    
2000fe00  __stack                       
20000000  __start___llvm_prf_cnts       
20000000  __stop___llvm_prf_cnts        
00001719  _c_int00_noargs               
UNDEFED   _system_post_cinit            
000017a9  _system_pre_init              
000017ad  abort                         
00001027  avg                           
ffffffff  binit                         
00001315  delay                         
00000000  interruptVectors              
00001069  main                          
00000fdb  max                           
000015d1  memcpy                        
00000f8d  min                           
00001501  ta2dummy                      
000013d9  ultrasoundint                 


GLOBAL SYMBOLS: SORTED BY Symbol Address 

address   name                          
-------   ----                          
00000000  __TI_static_base__            
00000000  interruptVectors              
0000010f  Testcommandwrite              
0000013b  Nokia5110_Init                
000001e5  Nokia5110_OutChar             
00000200  __STACK_SIZE                  
00000225  Nokia5110_OutString           
00000243  Nokia5110_OutUDec             
00000455  Nokia5110_OutSDec             
0000068b  Nokia5110_OutUFix1            
00000719  Nokia5110_OutSFix1            
00000807  Nokia5110_OutHex7             
0000083d  Nokia5110_OutUHex7            
00000865  Nokia5110_OutUDec16           
000008fd  Nokia5110_OutUDec2            
00000953  Nokia5110_SetCursor           
0000098f  Nokia5110_Clear               
000009bb  Nokia5110_DrawFullImage       
000009f5  Nokia5110_PrintBMP            
00000bd9  Nokia5110_ClearBuffer         
00000c03  Nokia5110_DisplayBuffer       
00000c0d  Nokia5110_ClrPxl              
00000c33  Nokia5110_SetPxl              
00000c61  SystemCoreClockUpdate         
00000ed5  SystemInit                    
00000f8d  min                           
00000fdb  max                           
00001027  avg                           
00001069  main                          
000011f9  Clock_Init48MHz               
0000130f  Clock_GetFreq                 
00001315  delay                         
00001323  Clock_Delay1us                
0000134d  Clock_Delay1ms                
000013d9  ultrasoundint                 
00001423  Ultrasound_Init               
00001455  Ultrasound_Start              
0000147f  Ultrasound_End                
00001501  ta2dummy                      
0000150d  TimerA2Capture_Init           
00001589  TA2_N_IRQHandler              
00001589  TA2_N_IRQHandler              
000015d1  __aeabi_memcpy                
000015d1  __aeabi_memcpy4               
000015d1  __aeabi_memcpy8               
000015d1  memcpy                        
0000166d  __TI_decompress_lzss          
000016d5  __TI_auto_init_nobinit_nopinit
00001719  _c_int00_noargs               
0000174d  DisableInterrupts             
00001753  EnableInterrupts              
00001759  StartCritical                 
00001763  EndCritical                   
0000176b  WaitForInterrupt              
00001771  __TI_zero_init_nomemset       
0000178d  __TI_decompress_none          
0000179b  Reset_Handler                 
000017a7  ADC14_IRQHandler              
000017a7  AES256_IRQHandler             
000017a7  BusFault_Handler              
000017a7  COMP_E0_IRQHandler            
000017a7  COMP_E1_IRQHandler            
000017a7  CS_IRQHandler                 
000017a7  DMA_ERR_IRQHandler            
000017a7  DMA_INT0_IRQHandler           
000017a7  DMA_INT1_IRQHandler           
000017a7  DMA_INT2_IRQHandler           
000017a7  DMA_INT3_IRQHandler           
000017a7  DebugMon_Handler              
000017a7  Default_Handler               
000017a7  EUSCIA0_IRQHandler            
000017a7  EUSCIA1_IRQHandler            
000017a7  EUSCIA2_IRQHandler            
000017a7  EUSCIA3_IRQHandler            
000017a7  EUSCIB0_IRQHandler            
000017a7  EUSCIB1_IRQHandler            
000017a7  EUSCIB2_IRQHandler            
000017a7  EUSCIB3_IRQHandler            
000017a7  FLCTL_IRQHandler              
000017a7  FPU_IRQHandler                
000017a7  HardFault_Handler             
000017a7  MemManage_Handler             
000017a7  NMI_Handler                   
000017a7  PCM_IRQHandler                
000017a7  PORT1_IRQHandler              
000017a7  PORT2_IRQHandler              
000017a7  PORT3_IRQHandler              
000017a7  PORT4_IRQHandler              
000017a7  PORT5_IRQHandler              
000017a7  PORT6_IRQHandler              
000017a7  PSS_IRQHandler                
000017a7  PendSV_Handler                
000017a7  RTC_C_IRQHandler              
000017a7  SVC_Handler                   
000017a7  SysTick_Handler               
000017a7  T32_INT1_IRQHandler           
000017a7  T32_INT2_IRQHandler           
000017a7  T32_INTC_IRQHandler           
000017a7  TA0_0_IRQHandler              
000017a7  TA0_N_IRQHandler              
000017a7  TA1_0_IRQHandler              
000017a7  TA1_N_IRQHandler              
000017a7  TA2_0_IRQHandler              
000017a7  TA3_0_IRQHandler              
000017a7  TA3_N_IRQHandler              
000017a7  UsageFault_Handler            
000017a7  WDT_A_IRQHandler              
000017a9  _system_pre_init              
000017ad  C$$EXIT                       
000017ad  abort                         
00001990  Masks                         
000019ac  __TI_Handler_Table_Base       
000019b8  __TI_Handler_Table_Limit      
000019c0  __TI_CINIT_Base               
000019d0  __TI_CINIT_Limit              
20000000  Screen                        
20000000  __start___llvm_prf_cnts       
20000000  __stop___llvm_prf_cnts        
200001f8  CmBuff                        
2000020c  InBuff                        
20000220  Average                       
20000222  Current                       
20000224  Maximum                       
20000226  Minimum                       
20000228  Ultrasound_FirstTime          
2000022a  Ultrasound_SecondTime         
2000022c  ClockFrequency                
20000230  Prewait                       
20000234  CPMwait                       
20000238  Postwait                      
2000023c  IFlags                        
20000240  Crystalstable                 
20000244  Ultrasound_Count              
20000248  Ultrasound_Valid              
2000024c  Ultrasound_Busy               
20000250  CaptureTask2                  
20000254  SystemCoreClock               
2000fe00  __stack                       
20010000  __STACK_END                   
4000480c  WDTCTL_SYM                    
ffffffff  __TI_pprof_out_hndl           
ffffffff  __TI_prof_data_size           
ffffffff  __TI_prof_data_start          
ffffffff  __binit__                     
ffffffff  __c_args__                    
ffffffff  binit                         
UNDEFED   __mpu_init                    
UNDEFED   _system_post_cinit            

[148 symbols]
