******************************************************************************
                  TI ARM Linker PC v20.2.6                     
******************************************************************************
>> Linked Thu Aug 25 18:44:02 2022

OUTPUT FILE NAME:   <Odometry.out>
ENTRY POINT SYMBOL: "_c_int00_noargs"  address: 00004b0d


MEMORY CONFIGURATION

         name            origin    length      used     unused   attr    fill
----------------------  --------  ---------  --------  --------  ----  --------
  MAIN                  00000000   00040000  00007bfe  00038402  R  X
  INFO                  00200000   00004000  00000000  00004000  R  X
  SRAM_CODE             01000000   00010000  00000e8c  0000f174  RW X
  SRAM_DATA             20000000   00010000  00000e8c  0000f174  RW  


SEGMENT ALLOCATION MAP

run origin  load origin   length   init length attrs members
----------  ----------- ---------- ----------- ----- -------
00000000    00000000    00007c00   00007c00    r-x
  00000000    00000000    000000e4   000000e4    r-- .intvecs
  000000e4    000000e4    00004c0a   00004c0a    r-x .text
  00004cee    00004cee    00002e68   00002e68    r-- .const
  00007b58    00007b58    000000a8   000000a8    r-- .cinit
20000000    20000000    00000c90   00000000    rw-
  20000000    20000000    0000065c   00000000    rw- .bss
  20000660    20000660    00000400   00000000    rw- .sysmem
  20000a60    20000a60    00000230   00000000    rw- .data
2000fe00    2000fe00    00000200   00000000    rw-
  2000fe00    2000fe00    00000200   00000000    rw- .stack


SECTION ALLOCATION MAP

 output                                  attributes/
section   page    origin      length       input sections
--------  ----  ----------  ----------   ----------------
.intvecs   0    00000000    000000e4     
                  00000000    000000e4     startup_msp432p401r_ccs.obj (.intvecs:retain)

.text      0    000000e4    00004c0a     
                  000000e4    000017a0     SSD1306.obj (.text)
                  00001884    00000ad0     odometry.obj (.text)
                  00002354    000006e0     UART0.obj (.text)
                  00002a34    00000420     PWM.obj (.text)
                  00002e54    0000032c     system_msp432p401r.obj (.text)
                  00003180    00000230     fixed.obj (.text)
                  000033b0    000001e0     Clock.obj (.text)
                  00003590    000001d4     TA3InputCapture.obj (.text)
                  00003764    0000018c     Motor.obj (.text)
                  000038f0    00000170     OdometryTestMain.obj (.text)
                  00003a60    0000013c     Tachometer.obj (.text)
                  00003b9c    00000110     rtsv7M4_T_le_v4SPD16_eabi.lib : fopen.c.obj (.text:_openfile)
                  00003cac    00000100                                   : memory.c.obj (.text:aligned_alloc)
                  00003dac    000000f8     LaunchPad.obj (.text)
                  00003ea4    000000e4     rtsv7M4_T_le_v4SPD16_eabi.lib : memory.c.obj (.text:free)
                  00003f88    000000dc                                   : setvbuf.c.obj (.text:setvbuf)
                  00004064    000000bc                                   : open.c.obj (.text:open)
                  00004120    000000b8                                   : add_device.c.obj (.text:add_device)
                  000041d8    000000a8     TimerA1.obj (.text)
                  00004280    0000009c     rtsv7M4_T_le_v4SPD16_eabi.lib : fopen.c.obj (.text:fopen)
                  0000431c    0000009c                                   : memcpy_t2.asm.obj (.text)
                  000043b8    0000007a                                   : memset_t2.asm.obj (.text)
                  00004432    00000002                                   : _lock.c.obj (.text:_nop)
                  00004434    00000078     Bump.obj (.text)
                  000044ac    00000074     rtsv7M4_T_le_v4SPD16_eabi.lib : fclose.c.obj (.text:__TI_closefile)
                  00004520    00000070                                   : memory.c.obj (.text:split)
                  00004590    0000006c                                   : hostrename.c.obj (.text:HOSTrename)
                  000045fc    00000068                                   : hostlseek.c.obj (.text:HOSTlseek)
                  00004664    00000068                                   : copy_decompress_lzss.c.obj (.text:decompress:lzss:__TI_decompress_lzss)
                  000046cc    00000060                                   : hostopen.c.obj (.text:HOSTopen)
                  0000472c    0000005c                                   : close.c.obj (.text:close)
                  00004788    00000058                                   : hostread.c.obj (.text:HOSTread)
                  000047e0    00000058                                   : hostwrite.c.obj (.text:HOSTwrite)
                  00004838    00000058     blinker.obj (.text)
                  00004890    0000004c     rtsv7M4_T_le_v4SPD16_eabi.lib : fflush.c.obj (.text:__TI_doflush)
                  000048dc    00000048                                   : exit.c.obj (.text:exit)
                  00004924    00000044                                   : hostclose.c.obj (.text:HOSTclose)
                  00004968    00000044                                   : hostunlink.c.obj (.text:HOSTunlink)
                  000049ac    00000044                                   : autoinit.c.obj (.text:__TI_auto_init_nobinit_nopinit:__TI_auto_init_nobinit_nopinit)
                  000049f0    00000044                                   : getdevice.c.obj (.text:getdevice)
                  00004a34    00000038                                   : trgmsg.c.obj (.text:__TI_writemsg)
                  00004a6c    00000036                                   : strncpy.c.obj (.text:strncpy)
                  00004aa2    00000002     --HOLE-- [fill = 0]
                  00004aa4    00000034                                   : fopen.c.obj (.text:__TI_cleanup)
                  00004ad8    00000034                                   : trgmsg.c.obj (.text:__TI_readmsg)
                  00004b0c    00000034                                   : boot_cortex_m.c.obj (.text:_c_int00_noargs:_c_int00_noargs)
                  00004b40    00000034                                   : fopen.c.obj (.text:freopen)
                  00004b74    00000030                                   : getdevice.c.obj (.text:finddevice)
                  00004ba4    0000002c                                   : unlink.c.obj (.text:unlink)
                  00004bd0    00000028                                   : memory.c.obj (.text:free_list_insert)
                  00004bf8    00000028                                   : write.c.obj (.text:write)
                  00004c20    00000024     CortexM.obj (.text)
                  00004c44    0000001c     rtsv7M4_T_le_v4SPD16_eabi.lib : memory.c.obj (.text:free_list_remove)
                  00004c60    00000018                                   : strcmp.c.obj (.text:strcmp)
                  00004c78    00000016                                   : strchr.c.obj (.text:strchr)
                  00004c8e    00000014                                   : strcpy.c.obj (.text:strcpy)
                  00004ca2    00000014                                   : strlen.c.obj (.text:strlen)
                  00004cb6    0000000e                                   : copy_decompress_none.c.obj (.text:decompress:none:__TI_decompress_none)
                  00004cc4    0000000e     startup_msp432p401r_ccs.obj (.text)
                  00004cd2    0000000c     rtsv7M4_T_le_v4SPD16_eabi.lib : copy_zero_init.c.obj (.text:decompress:ZI:__TI_zero_init)
                  00004cde    00000008                                   : memory.c.obj (.text:malloc)
                  00004ce6    00000004                                   : pre_init.c.obj (.text:_system_pre_init)
                  00004cea    00000004                                   : exit.c.obj (.text:abort:abort)

.const     0    00004cee    00002e68     
                  00004cee    00002000     fixed.obj (.const:SinTab2)
                  00006cee    00000c48     fixed.obj (.const:SinTab)
                  00007936    000001e0     SSD1306.obj (.const:ASCII)
                  00007b16    00000008     SSD1306.obj (.const:.string:postmask)
                  00007b1e    00000008     SSD1306.obj (.const:.string:premask)
                  00007b26    00000006     SSD1306.obj (.const:.string:init5)
                  00007b2c    00000005     SSD1306.obj (.const:.string:dlist1)
                  00007b31    00000004     SSD1306.obj (.const:.string:init1)
                  00007b35    00000004     SSD1306.obj (.const:.string:init2)
                  00007b39    00000004     SSD1306.obj (.const:.string:init3)
                  00007b3d    00000003     SSD1306.obj (.const:.string:init4b)
                  00007b40    00000003     SSD1306.obj (.const:.string:scrollList1b)
                  00007b43    00000003     SSD1306.obj (.const:.string:scrollList2b)
                  00007b46    00000002     SSD1306.obj (.const:.string:scrollList1a)
                  00007b48    00000002     SSD1306.obj (.const:.string:scrollList2a)
                  00007b4a    00000002     SSD1306.obj (.const:.string:scrollList3a)
                  00007b4c    00000002     SSD1306.obj (.const:.string:scrollList3b)
                  00007b4e    00000002     SSD1306.obj (.const:.string:scrollList3c)
                  00007b50    00000002     SSD1306.obj (.const:.string:scrollList4a)
                  00007b52    00000002     SSD1306.obj (.const:.string:scrollList4b)
                  00007b54    00000002     SSD1306.obj (.const:.string:scrollList4c)

.cinit     0    00007b58    000000a8     
                  00007b58    00000083     (.cinit..data.load) [load image, compression = lzss]
                  00007bdb    00000001     --HOLE-- [fill = 0]
                  00007bdc    0000000c     (__TI_handler_table)
                  00007be8    00000008     (.cinit..bss.load) [load image, compression = zero_init]
                  00007bf0    00000010     (__TI_cinit_table)

.init_array 
*          0    00000000    00000000     UNINITIALIZED

.binit     0    00000000    00000000     

.bss       0    20000000    0000065c     UNINITIALIZED
                  20000000    00000400     (.common:buffer)
                  20000400    00000120     rtsv7M4_T_le_v4SPD16_eabi.lib : trgmsg.c.obj (.bss:_CIOBUF_)
                  20000520    000000a0     (.common:__TI_tmpnams)
                  200005c0    00000008     (.common:Messageb)
                  200005c8    00000008     (.common:parmbuf)
                  200005d0    00000004     (.common:Error)
                  200005d4    00000004     (.common:L)
                  200005d8    00000004     (.common:LastLeftSteps)
                  200005dc    00000004     (.common:LastRightSteps)
                  200005e0    00000004     (.common:LeftSteps)
                  200005e4    00000004     (.common:Lr)
                  200005e8    00000004     (.common:Messageindexb)
                  200005ec    00000004     (.common:MyTheta)
                  200005f0    00000004     (.common:MyX)
                  200005f4    00000004     (.common:MyY)
                  200005f8    00000004     (.common:R)
                  200005fc    00000004     (.common:RightSteps)
                  20000600    00000004     (.common:Robottheta)
                  20000604    00000004     (.common:Robotx)
                  20000608    00000004     (.common:Roboty)
                  2000060c    00000004     (.common:Rr)
                  20000610    00000004     (.common:TimerA1Task)
                  20000614    00000004     (.common:TotalLeftSteps)
                  20000618    00000004     (.common:TotalRightSteps)
                  2000061c    00000004     (.common:badCount)
                  20000620    00000004     (.common:desiredTh)
                  20000624    00000004     (.common:desiredX)
                  20000628    00000004     (.common:desiredY)
                  2000062c    00000004     (.common:dtheta)
                  20000630    00000004     (.common:dz)
                  20000634    00000004     (.common:goal)
                  20000638    00000004     (.common:lastgoal)
                  2000063c    00000004     (.common:result)
                  20000640    00000004     (.common:rotation)
                  20000644    00000004     (.common:vccstate)
                  20000648    00000002     (.common:LeftTach)
                  2000064a    00000002     (.common:RightTach)
                  2000064c    00000002     (.common:StartX)
                  2000064e    00000002     (.common:StartY)
                  20000650    00000002     (.common:Tachometer_FirstLeftTime)
                  20000652    00000002     (.common:Tachometer_FirstRightTime)
                  20000654    00000002     (.common:Tachometer_SecondLeftTime)
                  20000656    00000002     (.common:Tachometer_SecondRightTime)
                  20000658    00000001     (.common:Action)
                  20000659    00000001     (.common:Goal)
                  2000065a    00000001     (.common:LeftDir)
                  2000065b    00000001     (.common:RightDir)

.sysmem    0    20000660    00000400     UNINITIALIZED
                  20000660    00000010     rtsv7M4_T_le_v4SPD16_eabi.lib : memory.c.obj (.sysmem)
                  20000670    000003f0     --HOLE--

.data      0    20000a60    00000230     UNINITIALIZED
                  20000a60    000000f0     rtsv7M4_T_le_v4SPD16_eabi.lib : defs.c.obj (.data:_ftable)
                  20000b50    00000078                                   : host_device.c.obj (.data:_device)
                  20000bc8    00000050                                   : host_device.c.obj (.data:_stream)
                  20000c18    00000018     Clock.obj (.data)
                  20000c30    00000010     rtsv7M4_T_le_v4SPD16_eabi.lib : defs.c.obj (.data)
                  20000c40    0000000c                                   : exit.c.obj (.data:$O1$$)
                  20000c4c    0000000c     TA3InputCapture.obj (.data)
                  20000c58    0000000a     Tachometer.obj (.data)
                  20000c62    00000002     --HOLE--
                  20000c64    00000008     rtsv7M4_T_le_v4SPD16_eabi.lib : _lock.c.obj (.data:$O1$$)
                  20000c6c    00000008                                   : memory.c.obj (.data:$O1$$)
                  20000c74    00000008     odometry.obj (.data)
                  20000c7c    00000004     SSD1306.obj (.data)
                  20000c80    00000004     rtsv7M4_T_le_v4SPD16_eabi.lib : add_device.c.obj (.data)
                  20000c84    00000004                                   : fopen.c.obj (.data)
                  20000c88    00000004                                   : open.c.obj (.data)
                  20000c8c    00000004     system_msp432p401r.obj (.data)

.stack     0    2000fe00    00000200     UNINITIALIZED
                  2000fe00    00000004     rtsv7M4_T_le_v4SPD16_eabi.lib : boot_cortex_m.c.obj (.stack)
                  2000fe04    000001fc     --HOLE--

__llvm_prf_cnts 
*          0    20000000    00000000     UNINITIALIZED

MODULE SUMMARY

       Module                        code    ro data   rw data
       ------                        ----    -------   -------
    ..\
       SSD1306.obj                   6048    544       2080   
       UART0.obj                     1760    0         24     
       PWM.obj                       1056    0         0      
       TA3InputCapture.obj           468     0         24     
       Motor.obj                     396     0         0      
       Tachometer.obj                316     0         36     
       TimerA1.obj                   168     0         8      
       Bump.obj                      120     0         0      
    +--+-----------------------------+-------+---------+---------+
       Total:                        10332   544       2172   
                                                              
    .\
       fixed.obj                     560     11336     0      
       odometry.obj                  2768    0         232    
       system_msp432p401r.obj        812     0         8      
       Clock.obj                     480     0         48     
       OdometryTestMain.obj          368     0         8      
       LaunchPad.obj                 248     0         0      
       startup_msp432p401r_ccs.obj   14      228       0      
       blinker.obj                   88      0         0      
       CortexM.obj                   36      0         0      
    +--+-----------------------------+-------+---------+---------+
       Total:                        5374    11564     296    
                                                              
    C:\ti\ccs1200\ccs\tools\compiler\ti-cgt-arm_20.2.6.LTS\lib\rtsv7M4_T_le_v4SPD16_eabi.lib
       defs.c.obj                    0       0         832    
       memory.c.obj                  672     0         16     
       trgmsg.c.obj                  108     0         576    
       fopen.c.obj                   532     0         8      
       host_device.c.obj             0       0         400    
       setvbuf.c.obj                 220     0         0      
       open.c.obj                    188     0         8      
       add_device.c.obj              184     0         8      
       memcpy_t2.asm.obj             156     0         0      
       memset_t2.asm.obj             122     0         0      
       fclose.c.obj                  116     0         0      
       getdevice.c.obj               116     0         0      
       hostopen.c.obj                96      0         16     
       hostrename.c.obj              108     0         0      
       copy_decompress_lzss.c.obj    104     0         0      
       hostlseek.c.obj               104     0         0      
       exit.c.obj                    76      0         24     
       close.c.obj                   92      0         0      
       hostread.c.obj                88      0         0      
       hostwrite.c.obj               88      0         0      
       fflush.c.obj                  76      0         0      
       autoinit.c.obj                68      0         0      
       hostclose.c.obj               68      0         0      
       hostunlink.c.obj              68      0         0      
       strncpy.c.obj                 54      0         0      
       boot_cortex_m.c.obj           52      0         0      
       unlink.c.obj                  44      0         0      
       write.c.obj                   40      0         0      
       strcmp.c.obj                  24      0         0      
       strchr.c.obj                  22      0         0      
       strcpy.c.obj                  20      0         0      
       strlen.c.obj                  20      0         0      
       _lock.c.obj                   2       0         16     
       copy_decompress_none.c.obj    14      0         0      
       copy_zero_init.c.obj          12      0         0      
       pre_init.c.obj                4       0         0      
    +--+-----------------------------+-------+---------+---------+
       Total:                        3758    0         1904   
                                                              
       Heap:                         0       0         2048   
       Stack:                        0       0         1024   
       Linker Generated:             0       167       0      
    +--+-----------------------------+-------+---------+---------+
       Grand Total:                  19464   12275     7444   


LINKER GENERATED COPY TABLES

__TI_cinit_table @ 00007bf0 records: 2, size/record: 8, table size: 16
	.data: load addr=00007b58, load size=00000083 bytes, run addr=20000a60, run size=00000230 bytes, compression=lzss
	.bss: load addr=00007be8, load size=00000008 bytes, run addr=20000000, run size=0000065c bytes, compression=zero_init


LINKER GENERATED HANDLER TABLE

__TI_handler_table @ 00007bdc records: 3, size/record: 4, table size: 12
	index: 0, handler: __TI_decompress_lzss
	index: 1, handler: __TI_decompress_none
	index: 2, handler: __TI_zero_init


GLOBAL SYMBOLS: SORTED ALPHABETICALLY BY Name 

address   name                           
-------   ----                           
00004cd1  ADC14_IRQHandler               
00004cd1  AES256_IRQHandler              
20000658  Action                         
00004839  Blinker_Init                   
00004863  Blinker_Output                 
00004435  Bump_Init                      
00004469  Bump_Read                      
00004cd1  BusFault_Handler               
00004ceb  C$$EXIT                        
00004a63  C$$IO$$                        
00004cd1  COMP_E0_IRQHandler             
00004cd1  COMP_E1_IRQHandler             
20000c20  CPMwait                        
00004cd1  CS_IRQHandler                  
20000c4c  CaptureTask0                   
20000c50  CaptureTask1                   
20000c54  CaptureTask2                   
000022f5  CheckGoal                      
20000c18  ClockFrequency                 
00003505  Clock_Delay1ms                 
000034db  Clock_Delay1us                 
000034c7  Clock_GetFreq                  
000033b1  Clock_Init48MHz                
20000c2c  Crystalstable                  
20000c7c  CurrentX                       
20000c7e  CurrentY                       
00004cd1  DMA_ERR_IRQHandler             
00004cd1  DMA_INT0_IRQHandler            
00004cd1  DMA_INT1_IRQHandler            
00004cd1  DMA_INT2_IRQHandler            
00004cd1  DMA_INT3_IRQHandler            
00004cd1  DebugMon_Handler               
00004cd1  Default_Handler                
00004c21  DisableInterrupts              
00001c45  Display                        
00004cd1  EUSCIA0_IRQHandler             
00004cd1  EUSCIA1_IRQHandler             
00004cd1  EUSCIA2_IRQHandler             
00004cd1  EUSCIA3_IRQHandler             
00004cd1  EUSCIB0_IRQHandler             
00004cd1  EUSCIB1_IRQHandler             
00004cd1  EUSCIB2_IRQHandler             
00004cd1  EUSCIB3_IRQHandler             
00004c27  EnableInterrupts               
00004c37  EndCritical                    
200005d0  Error                          
00004cd1  FLCTL_IRQHandler               
00004cd1  FPU_IRQHandler                 
00001dd5  Forward                        
00001e8d  ForwardUntilCrash              
0000224d  ForwardUntilThStatus           
00001ecd  ForwardUntilX                  
00001f6f  ForwardUntilXStart             
00001fd5  ForwardUntilXStatus            
00002045  ForwardUntilY                  
000020c9  ForwardUntilYStart             
000020f7  ForwardUntilYStatus            
20000659  Goal                           
00004925  HOSTclose                      
000045fd  HOSTlseek                      
000046cd  HOSTopen                       
00004789  HOSTread                       
00004591  HOSTrename                     
00004969  HOSTunlink                     
000047e1  HOSTwrite                      
00004cd1  HardFault_Handler              
00001df5  HardLeft                       
00001e15  HardRight                      
20000c28  IFlags                         
200005d4  L                              
200005d8  LastLeftSteps                  
200005dc  LastRightSteps                 
00003dad  LaunchPad_Init                 
00003e1d  LaunchPad_Input                
00003e3b  LaunchPad_LED                  
00003e59  LaunchPad_Output               
2000065a  LeftDir                        
200005e0  LeftSteps                      
20000648  LeftTach                       
200005e4  Lr                             
00004cd1  MemManage_Handler              
200005c0  Messageb                       
200005e8  Messageindexb                  
20000c74  MotorFast                      
20000c78  MotorSlow                      
00003893  Motor_Backward                 
000037cb  Motor_Forward                  
00003765  Motor_Init                     
0000384d  Motor_Left                     
00003807  Motor_Right                    
000037b7  Motor_Stop                     
200005ec  MyTheta                        
200005f0  MyX                            
200005f4  MyY                            
00004cd1  NMI_Handler                    
00001b71  Odometry_Get                   
00001b61  Odometry_GetAngle              
00001b55  Odometry_GetX                  
00001b5b  Odometry_GetY                  
0000189d  Odometry_Init                  
00001885  Odometry_SetPower              
000018bd  Odometry_Update                
00004cd1  PCM_IRQHandler                 
00004cd1  PORT1_IRQHandler               
00004cd1  PORT2_IRQHandler               
00004cd1  PORT3_IRQHandler               
00004cd1  PORT4_IRQHandler               
00004cd1  PORT5_IRQHandler               
00004cd1  PORT6_IRQHandler               
00004cd1  PSS_IRQHandler                 
00002b1f  PWM_Duty1                      
00002b3f  PWM_Duty2                      
00002be3  PWM_Duty3                      
00002c03  PWM_Duty4                      
00002a35  PWM_Init1                      
00002a9b  PWM_Init12                     
00002b5f  PWM_Init34                     
00002d4b  PWM_RobotArmDuty0              
00002d71  PWM_RobotArmDuty1              
00002d97  PWM_RobotArmDuty2              
00002d6b  PWM_RobotArmGetDuty0           
00002d91  PWM_RobotArmGetDuty1           
00002db7  PWM_RobotArmGetDuty2           
00002c23  PWM_RobotArmInit               
00004cd1  PendSV_Handler                 
20000c24  Postwait                       
20000c1c  Prewait                        
200005f8  R                              
00004cd1  RTC_C_IRQHandler               
00004cc5  Reset_Handler                  
2000065b  RightDir                       
200005fc  RightSteps                     
2000064a  RightTach                      
20000600  Robottheta                     
20000604  Robotx                         
20000608  Roboty                         
2000060c  Rr                             
00000551  SSD1306_Clear                  
00000511  SSD1306_ClearBuffer            
00000f6d  SSD1306_Dim                    
00000e27  SSD1306_DisplayBuffer          
00000411  SSD1306_DrawChar               
000007e9  SSD1306_DrawFastHLine          
00000a0d  SSD1306_DrawFastVLine          
000005a5  SSD1306_DrawFullImage          
00000291  SSD1306_DrawPixel              
000004c5  SSD1306_DrawString             
00000e23  SSD1306_GetBuffer              
00000d25  SSD1306_GetPixel               
00000183  SSD1306_Init                   
00000f57  SSD1306_InvertDisplay          
00001019  SSD1306_OutChar                
0000172f  SSD1306_OutHex7                
0000137d  SSD1306_OutSDec                
00001641  SSD1306_OutSFix1               
0000113f  SSD1306_OutString              
00001199  SSD1306_OutUDec                
0000178d  SSD1306_OutUDec16              
00001825  SSD1306_OutUDec2               
000015b3  SSD1306_OutUFix1               
00001765  SSD1306_OutUHex7               
00000609  SSD1306_PrintBMP               
00000f9f  SSD1306_SetCursor              
000008fb  SSD1306_drawFastHLineInternal  
00000b25  SSD1306_drawFastVLineInternal  
00000f0d  SSD1306_startscrolldiagleft    
00000ec9  SSD1306_startscrolldiagright   
00000e93  SSD1306_startscrollleft        
00000e61  SSD1306_startscrollright       
00000f4d  SSD1306_stopscroll             
00004cd1  SVC_Handler                    
00006cee  SinTab                         
00004cee  SinTab2                        
00001e35  SoftLeft                       
00002167  SoftLeftUntilTh                
00002211  SoftLeftUntilThStart           
00001e59  SoftRight                      
00004c2d  StartCritical                  
2000064c  StartX                         
2000064e  StartY                         
00001dbf  StopUntilBumperTouched         
00004cd1  SysTick_Handler                
20000c8c  SystemCoreClock                
00002e55  SystemCoreClockUpdate          
000030c9  SystemInit                     
00004cd1  T32_INT1_IRQHandler            
00004cd1  T32_INT2_IRQHandler            
00004cd1  T32_INTC_IRQHandler            
00004cd1  TA0_0_IRQHandler               
00004cd1  TA0_N_IRQHandler               
0000424b  TA1_0_IRQHandler               
0000424b  TA1_0_IRQHandler               
00004cd1  TA1_N_IRQHandler               
00004cd1  TA2_0_IRQHandler               
00004cd1  TA2_N_IRQHandler               
0000361d  TA3_0_IRQHandler               
0000361d  TA3_0_IRQHandler               
00003637  TA3_N_IRQHandler               
00003637  TA3_N_IRQHandler               
20000650  Tachometer_FirstLeftTime       
20000652  Tachometer_FirstRightTime      
00003b17  Tachometer_Get                 
00003aed  Tachometer_Init                
20000c61  Tachometer_LeftDir             
20000c5c  Tachometer_LeftSteps           
20000c60  Tachometer_RightDir            
20000c58  Tachometer_RightSteps          
20000654  Tachometer_SecondLeftTime      
20000656  Tachometer_SecondRightTime     
20000610  TimerA1Task                    
000041d9  TimerA1_Init                   
00004237  TimerA1_Stop                   
0000359d  TimerA3Capture_Init01          
00003677  TimerA3Capture_Init02          
20000614  TotalLeftSteps                 
20000618  TotalRightSteps                
0000239b  UART0_InChar                   
00002845  UART0_InString                 
000023e5  UART0_InUDec                   
000026f9  UART0_InUHex                   
00002355  UART0_Init                     
000029a7  UART0_Initprintf               
000023ab  UART0_OutChar                  
00002499  UART0_OutSDec                  
000023c7  UART0_OutString                
00002469  UART0_OutUDec                  
0000260d  UART0_OutUDec4                 
00002655  UART0_OutUDec5                 
00002687  UART0_OutUFix1                 
000026af  UART0_OutUFix2                 
000027bd  UART0_OutUHex                  
00002829  UART0_OutUHex2                 
00001bd1  UpdatePosition                 
00004cd1  UsageFault_Handler             
4000480c  WDTCTL_SYM                     
00004cd1  WDT_A_IRQHandler               
00004c3f  WaitForInterrupt               
00001d4b  WaitUntilBumperTouched         
20000400  __CIOBUF_                      
20010000  __STACK_END                    
00000200  __STACK_SIZE                   
00000400  __SYSMEM_SIZE                  
00007bf0  __TI_CINIT_Base                
00007c00  __TI_CINIT_Limit               
00007bdc  __TI_Handler_Table_Base        
00007be8  __TI_Handler_Table_Limit       
000049ad  __TI_auto_init_nobinit_nopinit 
00004aa5  __TI_cleanup                   
20000c40  __TI_cleanup_ptr               
000044ad  __TI_closefile                 
00004665  __TI_decompress_lzss           
00004cb7  __TI_decompress_none           
00004891  __TI_doflush                   
20000c44  __TI_dtors_ptr                 
20000c48  __TI_enable_exit_profile_output
20000c30  __TI_ft_end                    
ffffffff  __TI_pprof_out_hndl            
ffffffff  __TI_prof_data_size            
ffffffff  __TI_prof_data_start           
00004ad9  __TI_readmsg                   
00000000  __TI_static_base__             
20000520  __TI_tmpnams                   
00004a35  __TI_writemsg                  
00004cd3  __TI_zero_init                 
000043b9  __aeabi_memclr                 
000043b9  __aeabi_memclr4                
000043b9  __aeabi_memclr8                
0000431d  __aeabi_memcpy                 
0000431d  __aeabi_memcpy4                
0000431d  __aeabi_memcpy8                
000043bb  __aeabi_memset                 
000043bb  __aeabi_memset4                
000043bb  __aeabi_memset8                
20000c3c  __aeabi_stderr                 
20000c34  __aeabi_stdin                  
20000c38  __aeabi_stdout                 
ffffffff  __binit__                      
ffffffff  __c_args__                     
UNDEFED   __mpu_init                     
2000fe00  __stack                        
20000000  __start___llvm_prf_cnts        
20000000  __stop___llvm_prf_cnts         
00004b0d  _c_int00_noargs                
20000b50  _device                        
20000a60  _ftable                        
20000c64  _lock                          
00004433  _nop                           
20000bc8  _stream                        
20000660  _sys_memory                    
UNDEFED   _system_post_cinit             
00004ce7  _system_pre_init               
20000c68  _unlock                        
00004ceb  abort                          
00001bad  abs                            
00004121  add_device                     
00003cad  aligned_alloc                  
2000061c  badCount                       
ffffffff  binit                          
20000000  buffer                         
0000472d  close                          
000034cd  delay                          
20000620  desiredTh                      
20000624  desiredX                       
20000628  desiredY                       
2000062c  dtheta                         
20000630  dz                             
000048dd  exit                           
000028d9  ferror                         
000028bf  fgetc                          
00004b75  finddevice                     
000031f9  fixed_cos                      
00003303  fixed_cos2                     
00003181  fixed_sin                      
00003275  fixed_sin2                     
00004281  fopen                          
00003ea5  free                           
00004b41  freopen                        
000049f1  getdevice                      
20000634  goal                           
00000000  interruptVectors               
20000638  lastgoal                       
000038f1  main                           
00004cdf  malloc                         
00003cad  memalign                       
0000431d  memcpy                         
000043c1  memset                         
00004065  open                           
00002801  outnibble                      
200005c8  parmbuf                        
00004ba5  remove                         
2000063c  result                         
20000640  rotation                       
00003f89  setvbuf                        
0000010f  ssd1306_Testcommandwrite       
0000013b  ssd1306_command                
0000014b  ssd1306_command1               
0000015b  ssd1306_commandList            
00004c79  strchr                         
00004c61  strcmp                         
00004c8f  strcpy                         
00004ca3  strlen                         
00004a6d  strncpy                        
00003591  ta3dummy                       
00003aa7  tachometerLeftInt              
00003a61  tachometerRightInt             
000028ff  uart_close                     
0000297d  uart_lseek                     
000028ef  uart_open                      
0000290b  uart_read                      
00002999  uart_rename                    
0000298d  uart_unlink                    
0000293b  uart_write                     
00004ba5  unlink                         
20000644  vccstate                       
00004bf9  write                          


GLOBAL SYMBOLS: SORTED BY Symbol Address 

address   name                           
-------   ----                           
00000000  __TI_static_base__             
00000000  interruptVectors               
0000010f  ssd1306_Testcommandwrite       
0000013b  ssd1306_command                
0000014b  ssd1306_command1               
0000015b  ssd1306_commandList            
00000183  SSD1306_Init                   
00000200  __STACK_SIZE                   
00000291  SSD1306_DrawPixel              
00000400  __SYSMEM_SIZE                  
00000411  SSD1306_DrawChar               
000004c5  SSD1306_DrawString             
00000511  SSD1306_ClearBuffer            
00000551  SSD1306_Clear                  
000005a5  SSD1306_DrawFullImage          
00000609  SSD1306_PrintBMP               
000007e9  SSD1306_DrawFastHLine          
000008fb  SSD1306_drawFastHLineInternal  
00000a0d  SSD1306_DrawFastVLine          
00000b25  SSD1306_drawFastVLineInternal  
00000d25  SSD1306_GetPixel               
00000e23  SSD1306_GetBuffer              
00000e27  SSD1306_DisplayBuffer          
00000e61  SSD1306_startscrollright       
00000e93  SSD1306_startscrollleft        
00000ec9  SSD1306_startscrolldiagright   
00000f0d  SSD1306_startscrolldiagleft    
00000f4d  SSD1306_stopscroll             
00000f57  SSD1306_InvertDisplay          
00000f6d  SSD1306_Dim                    
00000f9f  SSD1306_SetCursor              
00001019  SSD1306_OutChar                
0000113f  SSD1306_OutString              
00001199  SSD1306_OutUDec                
0000137d  SSD1306_OutSDec                
000015b3  SSD1306_OutUFix1               
00001641  SSD1306_OutSFix1               
0000172f  SSD1306_OutHex7                
00001765  SSD1306_OutUHex7               
0000178d  SSD1306_OutUDec16              
00001825  SSD1306_OutUDec2               
00001885  Odometry_SetPower              
0000189d  Odometry_Init                  
000018bd  Odometry_Update                
00001b55  Odometry_GetX                  
00001b5b  Odometry_GetY                  
00001b61  Odometry_GetAngle              
00001b71  Odometry_Get                   
00001bad  abs                            
00001bd1  UpdatePosition                 
00001c45  Display                        
00001d4b  WaitUntilBumperTouched         
00001dbf  StopUntilBumperTouched         
00001dd5  Forward                        
00001df5  HardLeft                       
00001e15  HardRight                      
00001e35  SoftLeft                       
00001e59  SoftRight                      
00001e8d  ForwardUntilCrash              
00001ecd  ForwardUntilX                  
00001f6f  ForwardUntilXStart             
00001fd5  ForwardUntilXStatus            
00002045  ForwardUntilY                  
000020c9  ForwardUntilYStart             
000020f7  ForwardUntilYStatus            
00002167  SoftLeftUntilTh                
00002211  SoftLeftUntilThStart           
0000224d  ForwardUntilThStatus           
000022f5  CheckGoal                      
00002355  UART0_Init                     
0000239b  UART0_InChar                   
000023ab  UART0_OutChar                  
000023c7  UART0_OutString                
000023e5  UART0_InUDec                   
00002469  UART0_OutUDec                  
00002499  UART0_OutSDec                  
0000260d  UART0_OutUDec4                 
00002655  UART0_OutUDec5                 
00002687  UART0_OutUFix1                 
000026af  UART0_OutUFix2                 
000026f9  UART0_InUHex                   
000027bd  UART0_OutUHex                  
00002801  outnibble                      
00002829  UART0_OutUHex2                 
00002845  UART0_InString                 
000028bf  fgetc                          
000028d9  ferror                         
000028ef  uart_open                      
000028ff  uart_close                     
0000290b  uart_read                      
0000293b  uart_write                     
0000297d  uart_lseek                     
0000298d  uart_unlink                    
00002999  uart_rename                    
000029a7  UART0_Initprintf               
00002a35  PWM_Init1                      
00002a9b  PWM_Init12                     
00002b1f  PWM_Duty1                      
00002b3f  PWM_Duty2                      
00002b5f  PWM_Init34                     
00002be3  PWM_Duty3                      
00002c03  PWM_Duty4                      
00002c23  PWM_RobotArmInit               
00002d4b  PWM_RobotArmDuty0              
00002d6b  PWM_RobotArmGetDuty0           
00002d71  PWM_RobotArmDuty1              
00002d91  PWM_RobotArmGetDuty1           
00002d97  PWM_RobotArmDuty2              
00002db7  PWM_RobotArmGetDuty2           
00002e55  SystemCoreClockUpdate          
000030c9  SystemInit                     
00003181  fixed_sin                      
000031f9  fixed_cos                      
00003275  fixed_sin2                     
00003303  fixed_cos2                     
000033b1  Clock_Init48MHz                
000034c7  Clock_GetFreq                  
000034cd  delay                          
000034db  Clock_Delay1us                 
00003505  Clock_Delay1ms                 
00003591  ta3dummy                       
0000359d  TimerA3Capture_Init01          
0000361d  TA3_0_IRQHandler               
0000361d  TA3_0_IRQHandler               
00003637  TA3_N_IRQHandler               
00003637  TA3_N_IRQHandler               
00003677  TimerA3Capture_Init02          
00003765  Motor_Init                     
000037b7  Motor_Stop                     
000037cb  Motor_Forward                  
00003807  Motor_Right                    
0000384d  Motor_Left                     
00003893  Motor_Backward                 
000038f1  main                           
00003a61  tachometerRightInt             
00003aa7  tachometerLeftInt              
00003aed  Tachometer_Init                
00003b17  Tachometer_Get                 
00003cad  aligned_alloc                  
00003cad  memalign                       
00003dad  LaunchPad_Init                 
00003e1d  LaunchPad_Input                
00003e3b  LaunchPad_LED                  
00003e59  LaunchPad_Output               
00003ea5  free                           
00003f89  setvbuf                        
00004065  open                           
00004121  add_device                     
000041d9  TimerA1_Init                   
00004237  TimerA1_Stop                   
0000424b  TA1_0_IRQHandler               
0000424b  TA1_0_IRQHandler               
00004281  fopen                          
0000431d  __aeabi_memcpy                 
0000431d  __aeabi_memcpy4                
0000431d  __aeabi_memcpy8                
0000431d  memcpy                         
000043b9  __aeabi_memclr                 
000043b9  __aeabi_memclr4                
000043b9  __aeabi_memclr8                
000043bb  __aeabi_memset                 
000043bb  __aeabi_memset4                
000043bb  __aeabi_memset8                
000043c1  memset                         
00004433  _nop                           
00004435  Bump_Init                      
00004469  Bump_Read                      
000044ad  __TI_closefile                 
00004591  HOSTrename                     
000045fd  HOSTlseek                      
00004665  __TI_decompress_lzss           
000046cd  HOSTopen                       
0000472d  close                          
00004789  HOSTread                       
000047e1  HOSTwrite                      
00004839  Blinker_Init                   
00004863  Blinker_Output                 
00004891  __TI_doflush                   
000048dd  exit                           
00004925  HOSTclose                      
00004969  HOSTunlink                     
000049ad  __TI_auto_init_nobinit_nopinit 
000049f1  getdevice                      
00004a35  __TI_writemsg                  
00004a63  C$$IO$$                        
00004a6d  strncpy                        
00004aa5  __TI_cleanup                   
00004ad9  __TI_readmsg                   
00004b0d  _c_int00_noargs                
00004b41  freopen                        
00004b75  finddevice                     
00004ba5  remove                         
00004ba5  unlink                         
00004bf9  write                          
00004c21  DisableInterrupts              
00004c27  EnableInterrupts               
00004c2d  StartCritical                  
00004c37  EndCritical                    
00004c3f  WaitForInterrupt               
00004c61  strcmp                         
00004c79  strchr                         
00004c8f  strcpy                         
00004ca3  strlen                         
00004cb7  __TI_decompress_none           
00004cc5  Reset_Handler                  
00004cd1  ADC14_IRQHandler               
00004cd1  AES256_IRQHandler              
00004cd1  BusFault_Handler               
00004cd1  COMP_E0_IRQHandler             
00004cd1  COMP_E1_IRQHandler             
00004cd1  CS_IRQHandler                  
00004cd1  DMA_ERR_IRQHandler             
00004cd1  DMA_INT0_IRQHandler            
00004cd1  DMA_INT1_IRQHandler            
00004cd1  DMA_INT2_IRQHandler            
00004cd1  DMA_INT3_IRQHandler            
00004cd1  DebugMon_Handler               
00004cd1  Default_Handler                
00004cd1  EUSCIA0_IRQHandler             
00004cd1  EUSCIA1_IRQHandler             
00004cd1  EUSCIA2_IRQHandler             
00004cd1  EUSCIA3_IRQHandler             
00004cd1  EUSCIB0_IRQHandler             
00004cd1  EUSCIB1_IRQHandler             
00004cd1  EUSCIB2_IRQHandler             
00004cd1  EUSCIB3_IRQHandler             
00004cd1  FLCTL_IRQHandler               
00004cd1  FPU_IRQHandler                 
00004cd1  HardFault_Handler              
00004cd1  MemManage_Handler              
00004cd1  NMI_Handler                    
00004cd1  PCM_IRQHandler                 
00004cd1  PORT1_IRQHandler               
00004cd1  PORT2_IRQHandler               
00004cd1  PORT3_IRQHandler               
00004cd1  PORT4_IRQHandler               
00004cd1  PORT5_IRQHandler               
00004cd1  PORT6_IRQHandler               
00004cd1  PSS_IRQHandler                 
00004cd1  PendSV_Handler                 
00004cd1  RTC_C_IRQHandler               
00004cd1  SVC_Handler                    
00004cd1  SysTick_Handler                
00004cd1  T32_INT1_IRQHandler            
00004cd1  T32_INT2_IRQHandler            
00004cd1  T32_INTC_IRQHandler            
00004cd1  TA0_0_IRQHandler               
00004cd1  TA0_N_IRQHandler               
00004cd1  TA1_N_IRQHandler               
00004cd1  TA2_0_IRQHandler               
00004cd1  TA2_N_IRQHandler               
00004cd1  UsageFault_Handler             
00004cd1  WDT_A_IRQHandler               
00004cd3  __TI_zero_init                 
00004cdf  malloc                         
00004ce7  _system_pre_init               
00004ceb  C$$EXIT                        
00004ceb  abort                          
00004cee  SinTab2                        
00006cee  SinTab                         
00007bdc  __TI_Handler_Table_Base        
00007be8  __TI_Handler_Table_Limit       
00007bf0  __TI_CINIT_Base                
00007c00  __TI_CINIT_Limit               
20000000  __start___llvm_prf_cnts        
20000000  __stop___llvm_prf_cnts         
20000000  buffer                         
20000400  __CIOBUF_                      
20000520  __TI_tmpnams                   
200005c0  Messageb                       
200005c8  parmbuf                        
200005d0  Error                          
200005d4  L                              
200005d8  LastLeftSteps                  
200005dc  LastRightSteps                 
200005e0  LeftSteps                      
200005e4  Lr                             
200005e8  Messageindexb                  
200005ec  MyTheta                        
200005f0  MyX                            
200005f4  MyY                            
200005f8  R                              
200005fc  RightSteps                     
20000600  Robottheta                     
20000604  Robotx                         
20000608  Roboty                         
2000060c  Rr                             
20000610  TimerA1Task                    
20000614  TotalLeftSteps                 
20000618  TotalRightSteps                
2000061c  badCount                       
20000620  desiredTh                      
20000624  desiredX                       
20000628  desiredY                       
2000062c  dtheta                         
20000630  dz                             
20000634  goal                           
20000638  lastgoal                       
2000063c  result                         
20000640  rotation                       
20000644  vccstate                       
20000648  LeftTach                       
2000064a  RightTach                      
2000064c  StartX                         
2000064e  StartY                         
20000650  Tachometer_FirstLeftTime       
20000652  Tachometer_FirstRightTime      
20000654  Tachometer_SecondLeftTime      
20000656  Tachometer_SecondRightTime     
20000658  Action                         
20000659  Goal                           
2000065a  LeftDir                        
2000065b  RightDir                       
20000660  _sys_memory                    
20000a60  _ftable                        
20000b50  _device                        
20000bc8  _stream                        
20000c18  ClockFrequency                 
20000c1c  Prewait                        
20000c20  CPMwait                        
20000c24  Postwait                       
20000c28  IFlags                         
20000c2c  Crystalstable                  
20000c30  __TI_ft_end                    
20000c34  __aeabi_stdin                  
20000c38  __aeabi_stdout                 
20000c3c  __aeabi_stderr                 
20000c40  __TI_cleanup_ptr               
20000c44  __TI_dtors_ptr                 
20000c48  __TI_enable_exit_profile_output
20000c4c  CaptureTask0                   
20000c50  CaptureTask1                   
20000c54  CaptureTask2                   
20000c58  Tachometer_RightSteps          
20000c5c  Tachometer_LeftSteps           
20000c60  Tachometer_RightDir            
20000c61  Tachometer_LeftDir             
20000c64  _lock                          
20000c68  _unlock                        
20000c74  MotorFast                      
20000c78  MotorSlow                      
20000c7c  CurrentX                       
20000c7e  CurrentY                       
20000c8c  SystemCoreClock                
2000fe00  __stack                        
20010000  __STACK_END                    
4000480c  WDTCTL_SYM                     
ffffffff  __TI_pprof_out_hndl            
ffffffff  __TI_prof_data_size            
ffffffff  __TI_prof_data_start           
ffffffff  __binit__                      
ffffffff  __c_args__                     
ffffffff  binit                          
UNDEFED   __mpu_init                     
UNDEFED   _system_post_cinit             

[355 symbols]
